 AdvBacklight

 Timestamp is 4f86751f (Thu Apr 12 14:24:31 2012)

 Preferred load address is 10000000

 Start         Length     Name                   Class
 0001:00000000 000000ccH .rdata                  CODE
 0001:000000cc 00000029H .rdata$debug            CODE
 0001:000000f8 00000770H .text                   CODE
 0001:00000868 00000028H .idata$2                CODE
 0001:00000890 00000014H .idata$3                CODE
 0001:000008a4 00000040H .idata$4                CODE
 0001:000008e4 0000001aH .idata$6                CODE
 0001:00000900 00000056H .edata                  CODE
 0002:00000000 00000040H .idata$5                DATA
 0002:00000040 00000038H .bss                    DATA
 0003:00000000 00000040H .pdata                  DATA
 0004:00000000 000000a0H .rsrc$01                DATA
 0004:000000a0 00000220H .rsrc$02                DATA

  Address         Publics by Value              Rva+Base       Lib:Object

 0000:00000000       ___safe_se_handler_table   00000000     <absolute>
 0000:00000000       ___safe_se_handler_count   00000000     <absolute>
 0001:00000098       ??_C@_1DE@PFEDGFDL@?$AAB?$AAa?$AAc?$AAk?$AAL?$AAi?$AAg?$AAh?$AAt?$AAL?$AAe?$AAv?$AAe?$AAl?$AAC?$AAh?$AAa?$AAn?$AAg?$AAe?$AAE?$AAv?$AAe?$AAn?$AAt?$AA?$AA@ 10001098     AdvBacklight_common_fsl_v2_pdk1_9:advbacklight.obj
 0001:000000f8       DllEntry                   100010f8 f   AdvBacklight_common_fsl_v2_pdk1_9:advbacklight.obj
 0001:00000130       ?GetFromRegistry@@YAXPAK0PBG11@Z 10001130 f   AdvBacklight_common_fsl_v2_pdk1_9:advbacklight.obj
 0001:000001c8       ?SetToRegistry@@YAXPAK0PBG11@Z 100011c8 f   AdvBacklight_common_fsl_v2_pdk1_9:advbacklight.obj
 0001:00000254       ?InitSliders@@YAXPAUHWND__@@KK@Z 10001254 f   AdvBacklight_common_fsl_v2_pdk1_9:advbacklight.obj
 0001:00000340       ?UpdateBklSettings@@YAXPAUHWND__@@@Z 10001340 f   AdvBacklight_common_fsl_v2_pdk1_9:advbacklight.obj
 0001:00000428       ?RestoreBklSettings@@YAXKK@Z 10001428 f   AdvBacklight_common_fsl_v2_pdk1_9:advbacklight.obj
 0001:00000498       ?AdvancedDlgProc@@YAHPAUHWND__@@IIJ@Z 10001498 f   AdvBacklight_common_fsl_v2_pdk1_9:advbacklight.obj
 0001:0000066c       BacklightAdvApplet         1000166c f   AdvBacklight_common_fsl_v2_pdk1_9:advbacklight.obj
 0001:00000788       EventModify                10001788 f   coredll:COREDLL.dll
 0001:00000798       RegCloseKey                10001798 f   coredll:COREDLL.dll
 0001:000007a8       RegQueryValueExW           100017a8 f   coredll:COREDLL.dll
 0001:000007b8       RegOpenKeyExW              100017b8 f   coredll:COREDLL.dll
 0001:000007c8       RegSetValueExW             100017c8 f   coredll:COREDLL.dll
 0001:000007d8       SendMessageW               100017d8 f   coredll:COREDLL.dll
 0001:000007e8       GetDlgItem                 100017e8 f   coredll:COREDLL.dll
 0001:000007f8       CloseHandle                100017f8 f   coredll:COREDLL.dll
 0001:00000808       CreateEventW               10001808 f   coredll:COREDLL.dll
 0001:00000818       GetWindowLongW             10001818 f   coredll:COREDLL.dll
 0001:00000828       SetWindowLongW             10001828 f   coredll:COREDLL.dll
 0001:00000838       LocalFree                  10001838 f   coredll:COREDLL.dll
 0001:00000848       LocalAlloc                 10001848 f   coredll:COREDLL.dll
 0001:00000858       PropertySheetW             10001858 f   commctrl:commctrl.dll
 0001:00000868       __IMPORT_DESCRIPTOR_COREDLL 10001868     coredll:COREDLL.dll
 0001:0000087c       __IMPORT_DESCRIPTOR_commctrl 1000187c     commctrl:commctrl.dll
 0001:00000890       __NULL_IMPORT_DESCRIPTOR   10001890     coredll:COREDLL.dll
 0002:00000000       __imp_EventModify          10002000     coredll:COREDLL.dll
 0002:00000004       __imp_RegCloseKey          10002004     coredll:COREDLL.dll
 0002:00000008       __imp_RegQueryValueExW     10002008     coredll:COREDLL.dll
 0002:0000000c       __imp_RegOpenKeyExW        1000200c     coredll:COREDLL.dll
 0002:00000010       __imp_RegSetValueExW       10002010     coredll:COREDLL.dll
 0002:00000014       __imp_SendMessageW         10002014     coredll:COREDLL.dll
 0002:00000018       __imp_GetDlgItem           10002018     coredll:COREDLL.dll
 0002:0000001c       __imp_CloseHandle          1000201c     coredll:COREDLL.dll
 0002:00000020       __imp_CreateEventW         10002020     coredll:COREDLL.dll
 0002:00000024       __imp_GetWindowLongW       10002024     coredll:COREDLL.dll
 0002:00000028       __imp_SetWindowLongW       10002028     coredll:COREDLL.dll
 0002:0000002c       __imp_LocalFree            1000202c     coredll:COREDLL.dll
 0002:00000030       __imp_LocalAlloc           10002030     coredll:COREDLL.dll
 0002:00000034       \177COREDLL_NULL_THUNK_DATA 10002034     coredll:COREDLL.dll
 0002:00000038       __imp_PropertySheetW       10002038     commctrl:commctrl.dll
 0002:0000003c       \177commctrl_NULL_THUNK_DATA 1000203c     commctrl:commctrl.dll
 0002:00000040       ?rgPropPages@@3PAU_PROPSHEETPAGEW@@A 10002040     AdvBacklight_common_fsl_v2_pdk1_9:advbacklight.obj
 0002:00000044       ?PropHdr@@3U_PROPSHEETHEADERW@@A 10002044     AdvBacklight_common_fsl_v2_pdk1_9:advbacklight.obj
 0002:0000006c       ?g_hInst@@3PAUHINSTANCE__@@A 1000206c     AdvBacklight_common_fsl_v2_pdk1_9:advbacklight.obj

 entry point at        0001:000000f8

 Static symbols

