 eboot

 Timestamp is 4f86a0d6 (Thu Apr 12 17:31:02 2012)

 Preferred load address is 00010000

 Start         Length     Name                   Class
 0001:00000000 0000023cH .astart                 CODE
 0001:00000240 0000dd17H .rdata                  CODE
 0001:0000df58 00000022H .rdata$debug            CODE
 0001:0000df7c 00024e58H .text                   CODE
 0001:00032dd4 000000ccH .xdata                  CODE
 0001:00032ea0 00000000H .edata                  CODE
 0002:00000000 00005f9cH .data                   DATA
 0002:00005fa0 00033cb8H .bss                    DATA
 0003:00000000 00001120H .pdata                  DATA

  Address         Publics by Value              Rva+Base       Lib:Object

 0000:00000000       ___safe_se_handler_count   00000000     <absolute>
 0000:00000000       ___safe_se_handler_table   00000000     <absolute>
 0001:00000000       StartUp                    00011000 f   bootcmn:startup.obj
 0001:00000078       g_oalAddressTable          00011078     bootcmn:startup.obj
 0001:000000b4       KernelStart                000110b4 f   bootcmn:startup.obj
 0001:000001a0       Launch                     000111a0 f   bootcmn:startup.obj
 0001:000002f0       ??_C@_08OHKIKBAI@16?328?352?$AA@ 000112f0     eboot.obj
 0001:000002fc       ??_C@_0M@KEDIHMOM@Apr?510?52012?$AA@ 000112fc     eboot.obj
 0001:00000308       ??_C@_0EC@DHIPCCIL@Microsoft?5Windows?5CE?5Ethernet?5Bo@ 00011308     eboot.obj
 0001:0000034c       ??_C@_04KHHHDOFC@MX28?$AA@ 0001134c     eboot.obj
 0001:00000354       ??_C@_0DO@GKLPKMK@ERROR?3?5Failed?5to?5detect?5and?5init@ 00011354     eboot.obj
 0001:00000394       ??_C@_0CJ@HMMHCENL@ERROR?3?5EbootWaitForHostConnect?5f@ 00011394     eboot.obj
 0001:000003c0       ??_C@_0FA@OIIAKJBG@INFO?3?5EbootWaitForHostConnect?5?$CII@ 000113c0     eboot.obj
 0001:00000410       ??_C@_0EG@GKGGEOCH@ERROR?3?5ResetDefaultBootCFG?3?5fail@ 00011410     eboot.obj
 0001:00000458       ??_C@_0CP@LKBEOLND@?$AN?6Resetting?5factory?5default?5conf@ 00011458     eboot.obj
 0001:00000488       ??_C@_0BA@NANIJHFL@192?4168?4201?4162?$AA@ 00011488     eboot.obj
 0001:00000498       ??_C@_0O@HGNGLBEC@255?4255?4255?40?$AA@ 00011498     eboot.obj
 0001:000004a8       ??_C@_0CM@PEMGPOKC@INFO?3?5OEMEthSendFrame?3?5retrying?5@ 000114a8     eboot.obj
 0001:000004d4       ??_C@_19GCKPLDOJ@?$AAU?$AAU?$AAI?$AAD?$AA?$AA@ 000114d4     menu.obj
 0001:000004e0       ??_C@_1BC@DAHMFCPP@?$AAS?$AAe?$AAt?$AA?5?$AAU?$AAU?$AAI?$AAD?$AA?$AA@ 000114e0     menu.obj
 0001:000004f4       ??_C@_1CM@LMLILBOA@?$AAN?$AAA?$AAN?$AAD?$AA?5?$AAL?$AAo?$AAw?$AA?5?$AAL?$AAe?$AAv?$AAe?$AAl?$AA?5?$AAF?$AAo?$AAr?$AAm?$AAa?$AAt?$AA?$AA@ 000114f4     menu.obj
 0001:00000520       ??_C@_1CK@DKDIBGID@?$AAM?$AAM?$AAC?$AA?5?$AAa?$AAn?$AAd?$AA?5?$AAS?$AAD?$AA?5?$AAU?$AAt?$AAi?$AAl?$AAi?$AAt?$AAi?$AAe?$AAs?$AA?$AA@ 00011520     menu.obj
 0001:0000054c       ??_C@_1CI@MLMJOJI@?$AAS?$AAe?$AAl?$AAe?$AAc?$AAt?$AA?5?$AAE?$AAt?$AAh?$AAe?$AAr?$AA?5?$AAD?$AAe?$AAv?$AAi?$AAc?$AAe?$AA?$AA@ 0001154c     menu.obj
 0001:00000578       ??_C@_1FC@NIGCHAIH@?$AAL?$AAa?$AAu?$AAn?$AAc?$AAh?$AA?5?$AAE?$AAx?$AAi?$AAs?$AAt?$AAi?$AAn?$AAg?$AA?5?$AAF?$AAl?$AAa?$AAs?$AAh?$AA?5?$AAR?$AAe?$AAs?$AAi?$AAd?$AAe?$AAn?$AAt?$AA?5?$AAI@ 00011578     menu.obj
 0001:000005cc       ??_C@_1CG@PPAMDBLA@?$AAD?$AAo?$AAw?$AAn?$AAl?$AAo?$AAa?$AAd?$AA?5?$AAI?$AAm?$AAa?$AAg?$AAe?$AA?5?$AAN?$AAo?$AAw?$AA?$AA@ 000115cc     menu.obj
 0001:000005f4       ??_C@_1BM@MOEMNNDE@?$AAS?$AAa?$AAv?$AAe?$AA?5?$AAS?$AAe?$AAt?$AAt?$AAi?$AAn?$AAg?$AAs?$AA?$AA@ 000115f4     menu.obj
 0001:00000610       ??_C@_1CE@PKBKOLCO@?$AAK?$AAI?$AAT?$AAL?$AA?5?$AAP?$AAa?$AAs?$AAs?$AAi?$AAv?$AAe?$AA?5?$AAM?$AAo?$AAd?$AAe?$AA?$AA@ 00011610     menu.obj
 0001:00000634       ??_C@_1CC@DBLKBKOG@?$AAK?$AAI?$AAT?$AAL?$AA?5?$AAE?$AAn?$AAa?$AAb?$AAl?$AAe?$AA?5?$AAM?$AAo?$AAd?$AAe?$AA?$AA@ 00011634     menu.obj
 0001:00000658       ??_C@_1BO@PABCHCBJ@?$AAK?$AAI?$AAT?$AAL?$AA?5?$AAW?$AAo?$AAr?$AAk?$AA?5?$AAM?$AAo?$AAd?$AAe?$AA?$AA@ 00011658     menu.obj
 0001:00000678       ??_C@_1CC@PFDHOAOM@?$AAB?$AAo?$AAo?$AAt?$AAl?$AAo?$AAa?$AAd?$AAe?$AAr?$AA?5?$AAS?$AAh?$AAe?$AAl?$AAl?$AA?$AA@ 00011678     menu.obj
 0001:0000069c       ??_C@_1DA@JJAMJFOD@?$AAF?$AAo?$AAr?$AAm?$AAa?$AAt?$AA?5?$AAA?$AAl?$AAl?$AA?5?$AAN?$AAA?$AAN?$AAD?$AA?5?$AAR?$AAe?$AAg?$AAi?$AAo?$AAn?$AAs?$AA?$AA@ 0001169c     menu.obj
 0001:000006cc       ??_C@_1CM@MOIDFHOM@?$AAF?$AAo?$AAr?$AAm?$AAa?$AAt?$AA?5?$AAO?$AAS?$AA?5?$AAN?$AAA?$AAN?$AAD?$AA?5?$AAR?$AAe?$AAg?$AAi?$AAo?$AAn?$AA?$AA@ 000116cc     menu.obj
 0001:000006f8       ??_C@_1BI@PKAFKBAO@?$AAM?$AAA?$AAC?$AA?5?$AAA?$AAd?$AAd?$AAr?$AAe?$AAs?$AAs?$AA?$AA@ 000116f8     menu.obj
 0001:00000710       ??_C@_1CA@BMIKHDOB@?$AAS?$AAe?$AAt?$AA?5?$AAM?$AAA?$AAC?$AA?5?$AAA?$AAd?$AAd?$AAr?$AAe?$AAs?$AAs?$AA?$AA@ 00011710     menu.obj
 0001:00000730       ??_C@_1CG@BBALNGAE@?$AAS?$AAe?$AAl?$AAe?$AAc?$AAt?$AA?5?$AAB?$AAo?$AAo?$AAt?$AA?5?$AAD?$AAe?$AAv?$AAi?$AAc?$AAe?$AA?$AA@ 00011730     menu.obj
 0001:00000758       ??_C@_1EO@JEPFIEIH@?$AAR?$AAe?$AAs?$AAe?$AAt?$AA?5?$AAt?$AAo?$AA?5?$AAF?$AAa?$AAc?$AAt?$AAo?$AAr?$AAy?$AA?5?$AAD?$AAe?$AAf?$AAa?$AAu?$AAl?$AAt?$AA?5?$AAC?$AAo?$AAn?$AAf?$AAi?$AAg?$AAu@ 00011758     menu.obj
 0001:000007a8       ??_C@_19DDJNJOGL@?$AAD?$AAH?$AAC?$AAP?$AA?$AA@ 000117a8     menu.obj
 0001:000007b4       ??_C@_1BG@GBKEAKLM@?$AAB?$AAo?$AAo?$AAt?$AA?5?$AAD?$AAe?$AAl?$AAa?$AAy?$AA?$AA@ 000117b4     menu.obj
 0001:000007cc       ??_C@_1BA@MJOPHPLD@?$AAI?$AAP?$AA?5?$AAM?$AAa?$AAs?$AAk?$AA?$AA@ 000117cc     menu.obj
 0001:000007dc       ??_C@_1BI@FCANJMPD@?$AAS?$AAe?$AAt?$AA?5?$AAI?$AAP?$AA?5?$AAM?$AAa?$AAs?$AAk?$AA?$AA@ 000117dc     menu.obj
 0001:000007f4       ??_C@_1BG@BLDDCHFC@?$AAI?$AAP?$AA?5?$AAA?$AAd?$AAd?$AAr?$AAe?$AAs?$AAs?$AA?$AA@ 000117f4     menu.obj
 0001:000008a0       ??_C@_0BC@IHBBJPDE@?5?3?5NK?5from?5NAND?$AN?6?$AA@ 000118a0     menu.obj
 0001:000008b4       ??_C@_0BE@IIODHDMP@?5?3?5NK?5from?5SD?1MMC?$AN?6?$AA@ 000118b4     menu.obj
 0001:000008c8       ??_C@_0O@CMIFMFKO@?5?3?5Disabled?$AN?6?$AA@ 000118c8     menu.obj
 0001:000008d8       ??_C@_0L@FKIOLFAI@?5?3?5ENET?5?$AN?6?$AA@ 000118d8     menu.obj
 0001:000008e4       ??_C@_0P@NONOIHBD@?5?3?5USB?5RNDIS?$AN?6?$AA@ 000118e4     menu.obj
 0001:000008f4       ??_C@_0BA@FMMDOFML@?5?3?5USB?5Serial?$AN?6?$AA@ 000118f4     menu.obj
 0001:00000904       ??_C@_0BD@LLAAHKDE@?5?3?5SDMMC?5Storage?$AN?6?$AA@ 00011904     menu.obj
 0001:00000918       ??_C@_0BE@PKINMFFD@?5?3?5Invalid?5Device?$AN?6?$AA@ 00011918     menu.obj
 0001:0000092c       ??_C@_0DF@ELBOLEBB@?5?3?5?$CFx?9?$CFx?9?$CFx?9?$CFx?9?$CFx?9?$CFx?9?$CFx?9?$CFx?9?$CFx?9?$CFx@ 0001192c     menu.obj
 0001:00000964       ??_C@_02PCIJFNDE@?$AN?6?$AA@ 00011964     menu.obj
 0001:00000968       ??_C@_1DE@NDLBANBH@?$AA?5?$AAU?$AAU?$AAI?$AAD?$AA?5?$AAp?$AAa?$AAr?$AAt?$AA?5?$AA?$CF?$AAd?$AA?5?$AAs?$AAe?$AAt?$AA?5?$AAt?$AAo?$AA?5?$AA?$CF?$AAs?$AA?$AN?$AA?6?$AA?$AA@ 00011968     menu.obj
 0001:000009a0       ??_C@_1HG@IGMNGCGD@?$AA?5?$AAI?$AAn?$AAv?$AAa?$AAl?$AAi?$AAd?$AA?5?$AAU?$AAU?$AAI?$AAD?$AA?5?$AAn?$AAu?$AAm?$AAb?$AAe?$AAr?$AA?0?$AAp?$AAl?$AAe?$AAa?$AAs?$AAe?$AA?5?$AAi?$AAn?$AAp?$AAu@ 000119a0     menu.obj
 0001:00000a18       ??_C@_1DM@OKKECGOF@?$AA?5?$AAE?$AAn?$AAt?$AAe?$AAr?$AA?5?$AAU?$AAU?$AAI?$AAD?$AA?$CI?$AAM?$AAA?$AAX?$AA?5?$AA3?$AA2?$AA?5?$AAn?$AAu?$AAm?$AAb?$AAe?$AAr?$AAs?$AA?$CJ?$AA?3?$AA?5?$AA?$AA@ 00011a18     menu.obj
 0001:00000a54       ??_C@_0M@EMLNMJBD@?9BLMenu?5?4?$AN?6?$AA@ 00011a54     menu.obj
 0001:00000a60       ??_C@_0CH@HJFHFGIJ@INFO?3?5MAC?5address?3?5?$CFx?9?$CFx?9?$CFx?9?$CFx?9?$CF@ 00011a60     menu.obj
 0001:00000a88       ??_C@_0EA@OMKEPEHK@ERROR?3?5Invalid?5Ethernet?5address?5@ 00011a88     menu.obj
 0001:00000ac8       ??_C@_06BEGMBEEC@?$CFc?$AN?6?$AN?6?$AA@ 00011ac8     menu.obj
 0001:00000ad0       ??_C@_0DE@JIGBAEHL@?$AN?6Image?5Type?5Selection?5?3?51?4?5XLDR@ 00011ad0     menu.obj
 0001:00000b04       ??_C@_0CM@JADGJOMA@Please?5select?5from?5the?5above?5thr@ 00011b04     menu.obj
 0001:00000b30       ??_C@_0CA@OPBDBDDP@?$AN?6Starting?5auto?5download?5?4?4?4?5?$AN?6?$AA@ 00011b30     menu.obj
 0001:00000b50       ??_C@_0CA@CLDGGJMD@?$AN?6Launching?5flash?5image?5?5?4?4?4?5?$AN?6?$AA@ 00011b50     menu.obj
 0001:00000b70       ??_C@_0N@FLJDAHIC@?$CFd?5seconds?4?5?$AA@ 00011b70     menu.obj
 0001:00000b80       ??_C@_0EN@KBHLEBPN@?$AN?6Press?5?$FLENTER?$FN?5to?5launch?5image?5@ 00011b80     menu.obj
 0001:00000bd0       ??_C@_0EJ@LBCIGPCN@?$AN?6Press?5?$FLENTER?$FN?5to?5launch?5image?5@ 00011bd0     menu.obj
 0001:00000c1c       ??_C@_0CK@PCOCDPAP@?$AN?6Initiating?5image?5launch?5in?5?$CFd?5@ 00011c1c     menu.obj
 0001:00000c48       ??_C@_0DI@JNGDCJGH@?$AN?6Press?5?$FLENTER?$FN?5to?5download?5now?5@ 00011c48     menu.obj
 0001:00000c80       ??_C@_0CM@MPOIFBJA@?$AN?6Initiating?5image?5download?5in?5?$CF@ 00011c80     menu.obj
 0001:00000cb0       ??_C@_0EJ@NPNOADG@WARNING?3?5?5Uninitialized?5MAC?5addr@ 00011cb0     menu.obj
 0001:00000cfc       ??_C@_0CK@DFCBKMCC@INFO?3?5?5Initial?5Eboot?5Screen?5Disp@ 00011cfc     menu.obj
 0001:00000db8       ??_C@_1DI@OOABDBIG@?$AAA?$AAl?$AAl?$AAo?$AAc?$AAa?$AAt?$AAe?$AA?5?$AAN?$AAA?$AAN?$AAD?$AA?5?$AAb?$AAu?$AAf?$AAf?$AAe?$AAr?$AA?5?$AAf?$AAa?$AAi?$AAl?$AA?$AN?$AA?6?$AA?$AA@ 00011db8     nandboot.obj
 0001:00000df0       ??_C@_1KG@NICGHJAN@?$AAD?$AA?3?$AA?2?$AAW?$AAI?$AAN?$AAC?$AAE?$AA6?$AA0?$AA0?$AA?2?$AAp?$AAl?$AAa?$AAt?$AAf?$AAo?$AAr?$AAm?$AA?2?$AAc?$AAo?$AAm?$AAm?$AAo?$AAn?$AA?2?$AAs?$AAr?$AAc?$AA?2@ 00011df0     nandboot.obj
 0001:00000e98       ??_C@_1CI@OHCJFJPM@?$AAE?$AAR?$AAR?$AAO?$AAR?$AA?3?$AA?5?$AA?$CF?$AAs?$AA?5?$AAl?$AAi?$AAn?$AAe?$AA?5?$AA?$CF?$AAd?$AA?3?$AA?5?$AA?$AA@ 00011e98     nandboot.obj
 0001:00000ec0       ??_C@_1GA@FMKOJBGA@?$AAD?$AAM?$AAA?$AA_?$AAM?$AAe?$AAm?$AAA?$AAl?$AAl?$AAo?$AAc?$AA?4?$AA?4?$AA?5?$AAN?$AAo?$AA?5?$AAm?$AAo?$AAr?$AAe?$AA?5?$AAr?$AAo?$AAo?$AAm?$AA?5?$AAi?$AAn?$AA?5?$AAm@ 00011ec0     nandboot.obj
 0001:00000f20       ??_C@_1KC@BPHBPBNE@?$AAD?$AA?3?$AA?2?$AAW?$AAI?$AAN?$AAC?$AAE?$AA6?$AA0?$AA0?$AA?2?$AAp?$AAl?$AAa?$AAt?$AAf?$AAo?$AAr?$AAm?$AA?2?$AAc?$AAo?$AAm?$AAm?$AAo?$AAn?$AA?2?$AAs?$AAr?$AAc?$AA?2@ 00011f20     nandboot.obj
 0001:00000fc4       ??_C@_1CG@HGOIDJME@?$AAG?$AAe?$AAt?$AAS?$AAt?$AAa?$AAt?$AAu?$AAs?$AA?3?$AA?5?$AAF?$AAA?$AAL?$AAS?$AAE?$AA?$AN?$AA?6?$AA?$AA@ 00011fc4     nandboot.obj
 0001:00000fec       ??_C@_1BM@GDFLLBPA@?$AAS?$AAt?$AAa?$AAt?$AAu?$AAs?$AAE?$AAr?$AAr?$AAo?$AAr?$AA?$AN?$AA?6?$AA?$AA@ 00011fec     nandboot.obj
 0001:00001008       ??_C@_1BK@GMDNGAAA@?$AAS?$AAt?$AAa?$AAt?$AAu?$AAs?$AAB?$AAu?$AAs?$AAy?$AA?$AN?$AA?6?$AA?$AA@ 00012008     nandboot.obj
 0001:00001024       ??_C@_1DE@DGEGBAJN@?$AAG?$AAe?$AAt?$AAS?$AAt?$AAa?$AAt?$AAu?$AAs?$AA?5?$AAr?$AAe?$AAt?$AAu?$AAr?$AAn?$AAs?$AA?5?$AAf?$AAa?$AAl?$AAs?$AAe?$AA?$AN?$AA?6?$AA?$AA@ 00012024     nandboot.obj
 0001:00001058       ??_C@_1EC@EJIDLNHM@?$AAF?$AAa?$AAi?$AAl?$AAe?$AAd?$AA?5?$AAR?$AAe?$AAa?$AAd?$AA?5?$AAc?$AAs?$AA?$DN?$AA?$CF?$AAd?$AA?0?$AA?5?$AAs?$AAe?$AAc?$AAt?$AAo?$AAr?$AA?$DN?$AA0?$AAx?$AA?$CF?$AAx?$AA?$AN?$AA?6@ 00012058     nandboot.obj
 0001:000010a0       ??_C@_1EM@KNPFGNCN@?$AAF?$AAM?$AAD?$AA_?$AAR?$AAe?$AAa?$AAd?$AAS?$AAe?$AAc?$AAt?$AAo?$AAr?$AA?3?$AA?5?$AAI?$AAn?$AAv?$AAa?$AAl?$AAi?$AAd?$AA?5?$AAp?$AAa?$AAr?$AAa?$AAm?$AAe?$AAt?$AAe@ 000120a0     nandboot.obj
 0001:000010f0       ??_C@_1EO@MGNCMOHK@?$AAF?$AAM?$AAD?$AA_?$AAW?$AAr?$AAi?$AAt?$AAe?$AAS?$AAe?$AAc?$AAt?$AAo?$AAr?$AA?3?$AA?5?$AAI?$AAn?$AAv?$AAa?$AAl?$AAi?$AAd?$AA?5?$AAp?$AAa?$AAr?$AAa?$AAm?$AAe?$AAt@ 000120f0     nandboot.obj
 0001:00001140       ??_C@_1IG@KCDPGGHF@?$AAM?$AAa?$AAp?$AAR?$AAe?$AAg?$AAi?$AAs?$AAt?$AAe?$AAr?$AA?3?$AA?5?$AA?5?$AAB?$AAS?$AAP?$AAN?$AAA?$AAN?$AAD?$AA_?$AAR?$AAe?$AAm?$AAa?$AAp?$AAR?$AAe?$AAg?$AAi?$AAs@ 00012140     nandboot.obj
 0001:000011c8       ??_C@_1IC@FNLGBIHK@?$AAM?$AAa?$AAp?$AAR?$AAe?$AAg?$AAi?$AAs?$AAt?$AAe?$AAr?$AA?3?$AA?5?$AA?5?$AAB?$AAS?$AAP?$AAN?$AAA?$AAN?$AAD?$AA_?$AAR?$AAe?$AAm?$AAa?$AAp?$AAR?$AAe?$AAg?$AAi?$AAs@ 000121c8     nandboot.obj
 0001:00001250       ??_C@_1IA@CDENIFAM@?$AAM?$AAa?$AAp?$AAR?$AAe?$AAg?$AAi?$AAs?$AAt?$AAe?$AAr?$AA?3?$AA?5?$AA?5?$AAB?$AAS?$AAP?$AAN?$AAA?$AAN?$AAD?$AA_?$AAR?$AAe?$AAm?$AAa?$AAp?$AAR?$AAe?$AAg?$AAi?$AAs@ 00012250     nandboot.obj
 0001:000013f0       ??_C@_1O@INIEDEDF@?$AA?$CI?$AAN?$AAU?$AAL?$AAL?$AA?$CJ?$AA?$AA@ 000123f0     oal_blnk:format.obj
 0001:00001400       ??_C@_06LHGEHABH@?$CINULL?$CJ?$AA@ 00012400     oal_blnk:format.obj
 0001:00001408       ??_C@_0M@CDHNGIPM@?$CFu?4?$CFu?4?$CFu?4?$CFu?$AA@ 00012408     oal_blcommon:format.obj
 0001:000014a8       ??_C@_1BI@FCMLLAGN@?$AA?$CF?$AAd?$AA?4?$AA?$CF?$AAd?$AA?4?$AA?$CF?$AAd?$AA?4?$AA?$CF?$AAd?$AA?$AA@ 000124a8     oal_kitl:format.obj
 0001:000014c0       ??_C@_1DM@BKFFFBIH@?$AA?$CF?$AA0?$AA2?$AAx?$AA?3?$AA?$CF?$AA0?$AA2?$AAx?$AA?3?$AA?$CF?$AA0?$AA2?$AAx?$AA?3?$AA?$CF?$AA0?$AA2?$AAx?$AA?3?$AA?$CF?$AA0?$AA2?$AAx?$AA?3?$AA?$CF?$AA0?$AA2?$AAx?$AA?$AA@ 000124c0     oal_kitl:format.obj
 0001:000014fc       ??_C@_1DE@DAHNLBLJ@?$AA?9?$AAO?$AAA?$AAL?$AAP?$AAA?$AAt?$AAo?$AAV?$AAA?$AA?$CI?$AAv?$AAa?$AA?5?$AA?$DN?$AA?5?$AA0?$AAx?$AA?$CF?$AA0?$AA8?$AAx?$AA?$CJ?$AA?$AN?$AA?6?$AA?$AA@ 000124fc     oal_blmemory_arm:memory.obj
 0001:00001530       ??_C@_1CO@JEIJEAKF@?$AA?$CL?$AAO?$AAA?$AAL?$AAP?$AAA?$AAt?$AAo?$AAV?$AAA?$AA?$CI?$AA0?$AAx?$AA?$CF?$AAx?$AA?0?$AA?5?$AA?$CF?$AAd?$AA?$CJ?$AA?$AN?$AA?6?$AA?$AA@ 00012530     oal_blmemory_arm:memory.obj
 0001:00001560       ??_C@_1DA@BBOHBBNH@?$AA?9?$AAO?$AAA?$AAL?$AAV?$AAA?$AAt?$AAo?$AAP?$AAA?$AA?$CI?$AAp?$AAa?$AA?5?$AA?$DN?$AA?5?$AA0?$AAx?$AA?$CF?$AAx?$AA?$CJ?$AA?$AN?$AA?6?$AA?$AA@ 00012560     oal_blmemory_arm:memory.obj
 0001:00001590       ??_C@_1GE@IPLNFFII@?$AAE?$AAR?$AAR?$AAO?$AAR?$AA?3?$AAO?$AAA?$AAL?$AAV?$AAA?$AAt?$AAo?$AAP?$AAA?$AA?3?$AA?5?$AAi?$AAn?$AAv?$AAa?$AAl?$AAi?$AAd?$AA?5?$AAv?$AAi?$AAr?$AAt?$AAu?$AAa?$AAl@ 00012590     oal_blmemory_arm:memory.obj
 0001:000015f4       ??_C@_1CK@LKNIEAFP@?$AA?$CL?$AAO?$AAA?$AAL?$AAV?$AAA?$AAt?$AAo?$AAP?$AAA?$AA?$CI?$AA0?$AAx?$AA?$CF?$AA0?$AA8?$AAx?$AA?$CJ?$AA?$AN?$AA?6?$AA?$AA@ 000125f4     oal_blmemory_arm:memory.obj
 0001:00001620       ??_C@_1FA@HDOOBAE@?$AA?9?$AAD?$AAM?$AAA?$AA_?$AAW?$AAa?$AAi?$AAt?$AA?$CI?$AAE?$AAR?$AAR?$AAO?$AAR?$AA_?$AAD?$AAD?$AAI?$AA_?$AAN?$AAA?$AAN?$AAD?$AA_?$AAD?$AAM?$AAA?$AA_?$AAT?$AAI?$AAM@ 00012620     hal_nand_mx28_fsl_v2_pdk1_9:dma_util.obj
 0001:00001670       zFailsafeTimings           00012670     hal_nand_mx28_fsl_v2_pdk1_9:gpmi.obj
 0001:00001674       ??_C@_1DI@PDOAMAEJ@?$AAW?$AAa?$AAi?$AAt?$AA?5?$AAf?$AAo?$AAr?$AA?5?$AAC?$AAL?$AAK?$AAG?$AAA?$AAT?$AAE?$AA?5?$AAl?$AAo?$AAw?$AA?5?$AAf?$AAa?$AAi?$AAl?$AA?$AN?$AA?6?$AA?$AA@ 00012674     hal_nand_mx28_fsl_v2_pdk1_9:gpmi.obj
 0001:000016ac       ??_C@_1DK@HKMMIMBH@?$AAW?$AAa?$AAi?$AAt?$AA?5?$AAf?$AAo?$AAr?$AA?5?$AAC?$AAL?$AAK?$AAG?$AAA?$AAT?$AAE?$AA?5?$AAh?$AAi?$AAg?$AAh?$AA?5?$AAf?$AAa?$AAi?$AAl?$AA?$AN?$AA?6?$AA?$AA@ 000126ac     hal_nand_mx28_fsl_v2_pdk1_9:gpmi.obj
 0001:000016e8       ??_C@_1KA@JIOKGAJD@?$AAD?$AA?3?$AA?2?$AAW?$AAI?$AAN?$AAC?$AAE?$AA6?$AA0?$AA0?$AA?2?$AAP?$AAL?$AAA?$AAT?$AAF?$AAO?$AAR?$AAM?$AA?2?$AAC?$AAO?$AAM?$AAM?$AAO?$AAN?$AA?2?$AAS?$AAR?$AAC?$AA?2@ 000126e8     hal_nand_mx28_fsl_v2_pdk1_9:gpmi.obj
 0001:00001788       ??_C@_1DG@DIMDILHO@?$AAW?$AAa?$AAi?$AAt?$AA?5?$AAf?$AAo?$AAr?$AA?5?$AAS?$AAF?$AAT?$AAR?$AAS?$AAT?$AA?5?$AAl?$AAo?$AAw?$AA?5?$AAf?$AAa?$AAi?$AAl?$AA?$AN?$AA?6?$AA?$AA@ 00012788     hal_nand_mx28_fsl_v2_pdk1_9:gpmi.obj
 0001:000017c0       ??_C@_1CI@IEJKJELN@?$AAr?$AAe?$AAs?$AAe?$AAt?$AA?5?$AAG?$AAP?$AAM?$AAI?$AA?5?$AAm?$AAo?$AAd?$AAu?$AAl?$AAe?$AA?$AN?$AA?6?$AA?$AA@ 000127c0     hal_nand_mx28_fsl_v2_pdk1_9:gpmi.obj
 0001:000017e8       ??_C@_1FO@KFDEOHPK@?$AAN?$AAA?$AAN?$AAD?$AA_?$AAE?$AAC?$AAC?$AAC?$AAo?$AAn?$AAf?$AAL?$AAa?$AAy?$AAo?$AAu?$AAt?$AA?0?$AA?5?$AAp?$AAa?$AAg?$AAe?$AAs?$AAi?$AAz?$AAe?$AA?$DN?$AA?$CF?$AAd?$AA?0@ 000127e8     hal_nand_mx28_fsl_v2_pdk1_9:ecc.obj
 0001:00001848       ??_C@_1FK@DJPJCFKA@?$AAB?$AAM?$AA_?$AAE?$AAC?$AAC?$AA8?$AA_?$AAS?$AAT?$AAA?$AAT?$AAU?$AAS?$AA0?$AA_?$AAU?$AAN?$AAC?$AAO?$AAR?$AAR?$AAE?$AAC?$AAT?$AAA?$AAB?$AAL?$AAE?$AA?0?$AAu?$AA3@ 00012848     hal_nand_mx28_fsl_v2_pdk1_9:ecc.obj
 0001:000018a4       ??_C@_1BM@NILDECIC@?$AAE?$AAC?$AAC?$AA?5?$AAT?$AAi?$AAm?$AAe?$AAo?$AAu?$AAt?$AA?$AN?$AA?6?$AA?$AA@ 000128a4     hal_nand_mx28_fsl_v2_pdk1_9:ecc.obj
 0001:000018c0       ??_C@_1CM@DKFAKBIE@?$AAH?$AAW?$AA_?$AAB?$AAC?$AAH?$AA_?$AAC?$AAT?$AAR?$AAL?$AA_?$AAR?$AAD?$AA?$DN?$AA0?$AAx?$AA?$CF?$AAx?$AA?$AN?$AA?6?$AA?$AA@ 000128c0     hal_nand_mx28_fsl_v2_pdk1_9:ecc.obj
 0001:000018ec       ??_C@_1DC@NPBOAEOK@?$AAH?$AAW?$AA_?$AAB?$AAC?$AAH?$AA_?$AAS?$AAT?$AAA?$AAT?$AAU?$AAS?$AA0?$AA_?$AAR?$AAD?$AA?$DN?$AA0?$AAx?$AA?$CF?$AAx?$AA?$AN?$AA?6?$AA?$AA@ 000128ec     hal_nand_mx28_fsl_v2_pdk1_9:ecc.obj
 0001:00001920       ??_C@_1DO@BNCFKMIJ@?$AAH?$AAW?$AA_?$AAB?$AAC?$AAH?$AA_?$AAF?$AAL?$AAA?$AAS?$AAH?$AA0?$AAL?$AAA?$AAY?$AAO?$AAU?$AAT?$AA0?$AA_?$AAR?$AAD?$AA?$DN?$AA0?$AAx?$AA?$CF?$AAx?$AA?$AN?$AA?6?$AA?$AA@ 00012920     hal_nand_mx28_fsl_v2_pdk1_9:ecc.obj
 0001:00001960       ??_C@_1DO@JMAAMJKO@?$AAH?$AAW?$AA_?$AAB?$AAC?$AAH?$AA_?$AAF?$AAL?$AAA?$AAS?$AAH?$AA0?$AAL?$AAA?$AAY?$AAO?$AAU?$AAT?$AA1?$AA_?$AAR?$AAD?$AA?$DN?$AA0?$AAx?$AA?$CF?$AAx?$AA?$AN?$AA?6?$AA?$AA@ 00012960     hal_nand_mx28_fsl_v2_pdk1_9:ecc.obj
 0001:000019a0       ??_C@_1KC@HEHBMOCI@?$AAD?$AA?3?$AA?2?$AAW?$AAI?$AAN?$AAC?$AAE?$AA6?$AA0?$AA0?$AA?2?$AAP?$AAL?$AAA?$AAT?$AAF?$AAO?$AAR?$AAM?$AA?2?$AAC?$AAO?$AAM?$AAM?$AAO?$AAN?$AA?2?$AAS?$AAR?$AAC?$AA?2@ 000129a0     hal_nand_mx28_fsl_v2_pdk1_9:ecc.obj
 0001:00001a44       ??_C@_1DM@BEDFOCAB@?$AAH?$AAW?$AA_?$AAB?$AAC?$AAH?$AA_?$AAL?$AAA?$AAY?$AAO?$AAU?$AAT?$AAS?$AAE?$AAL?$AAE?$AAC?$AAT?$AA_?$AAR?$AAD?$AA?$DN?$AA0?$AAx?$AA?$CF?$AAx?$AA?$AN?$AA?6?$AA?$AA@ 00012a44     hal_nand_mx28_fsl_v2_pdk1_9:ecc.obj
 0001:00001a80       ??_C@_1CI@NIKNPGAO@?$AAe?$AAn?$AAa?$AAb?$AAl?$AAe?$AA?5?$AAb?$AAc?$AAh?$AA?5?$AAm?$AAo?$AAd?$AAu?$AAl?$AAe?$AA?$AN?$AA?6?$AA?$AA@ 00012a80     hal_nand_mx28_fsl_v2_pdk1_9:ecc.obj
 0001:00001b38       ??_C@_0CJ@GPAJLILP@ERROR?3?5the?5address?5is?5NOT?5block?5@ 00012b38     nand_boot_common_fsl_v2_pdk1_9:nandboot.obj
 0001:00001b64       ??_C@_0CP@MEMGALMB@ERROR?3?5Unable?5to?5get?5NAND?5flash?5@ 00012b64     nand_boot_common_fsl_v2_pdk1_9:nandboot.obj
 0001:00001b94       ??_C@_0BN@PPPNLHLF@WARNING?3?5NANDBootInit?5fail?$AN?6?$AA@ 00012b94     nand_boot_common_fsl_v2_pdk1_9:nandboot.obj
 0001:00001bb4       ??_C@_0DN@FOBINPEN@WARNING?3?5NAND?5device?5doesn?8t?5exi@ 00012bb4     nand_boot_common_fsl_v2_pdk1_9:nandboot.obj
 0001:00001bf8       ??_C@_0EF@NHFLGBEE@ERROR?3?5Unable?5to?5set?5flag?5to?5NAN@ 00012bf8     nand_boot_common_fsl_v2_pdk1_9:nandboot.obj
 0001:00001c40       ??_C@_0DC@FINGMGAN@ERROR?3?5Unable?5to?5erase?5NAND?5flas@ 00012c40     nand_boot_common_fsl_v2_pdk1_9:nandboot.obj
 0001:00001c74       ??_C@_0CL@JNFABMJO@INFO?3?5Found?5bad?5NAND?5flash?5block@ 00012c74     nand_boot_common_fsl_v2_pdk1_9:nandboot.obj
 0001:00001ca0       ??_C@_0EF@PADNJNEM@NANDBootReserved?3?3set?5block?$FL0x?$CFx@ 00012ca0     nand_boot_common_fsl_v2_pdk1_9:nandboot.obj
 0001:00001ce8       ??_C@_0BF@EJEIEIDF@?9?$DONANDBootReserved?$AN?6?$AA@ 00012ce8     nand_boot_common_fsl_v2_pdk1_9:nandboot.obj
 0001:00001d00       ??_C@_1EA@CJAGMAGH@?$AAE?$AAR?$AAR?$AAO?$AAR?$AA?3?$AA?5?$AAF?$AAa?$AAi?$AAl?$AAe?$AAd?$AA?5?$AAt?$AAo?$AA?5?$AAv?$AAe?$AAr?$AAi?$AAf?$AAy?$AA?5?$AAX?$AAL?$AAD?$AAR?$AA?4?$AA?$AN?$AA?6?$AA?$AA@ 00012d00     nand_boot_common_fsl_v2_pdk1_9:nandboot.obj
 0001:00001d40       ??_C@_1GE@OGEIFLNE@?$AAW?$AAA?$AAR?$AAN?$AAI?$AAN?$AAG?$AA?3?$AA?5?$AAF?$AAa?$AAi?$AAl?$AAe?$AAd?$AA?5?$AAt?$AAo?$AA?5?$AAw?$AAr?$AAi?$AAt?$AAe?$AA?5?$AAX?$AAL?$AAD?$AAR?$AA?5?$AAi?$AAn@ 00012d40     nand_boot_common_fsl_v2_pdk1_9:nandboot.obj
 0001:00001da4       ??_C@_0DC@BGNPKHBI@INFO?3?5Updating?5of?5image?5complete@ 00012da4     nand_boot_common_fsl_v2_pdk1_9:nandboot.obj
 0001:00001dd8       ??_C@_1FG@JHKFFAHB@?$AAE?$AAr?$AAr?$AAo?$AAr?$AA?3?$AA?5?$AAW?$AAr?$AAi?$AAt?$AAi?$AAn?$AAg?$AA?5?$AAi?$AAm?$AAa?$AAg?$AAe?$AA?5?$AAl?$AAe?$AAn?$AAg?$AAt?$AAh?$AA?5?$AAm?$AAa?$AAr?$AAk@ 00012dd8     nand_boot_common_fsl_v2_pdk1_9:nandboot.obj
 0001:00001e30       ??_C@_08LENIGANE@06732754?$AA@ 00012e30     nand_boot_common_fsl_v2_pdk1_9:nandboot.obj
 0001:00001e3c       ??_C@_0DG@BACIOMAB@Error?3?5No?5good?5block?5found?5?9?5una@ 00012e3c     nand_boot_common_fsl_v2_pdk1_9:nandboot.obj
 0001:00001e74       ??_C@_1DO@LLONGFIN@?$AAE?$AAr?$AAr?$AAo?$AAr?$AA?3?$AA?5?$AAW?$AAr?$AAi?$AAt?$AAi?$AAn?$AAg?$AA?5?$AAi?$AAm?$AAa?$AAg?$AAe?$AA?5?$AAf?$AAa?$AAi?$AAl?$AAe?$AAd?$AA?$CB?$AA?$AN?$AA?6?$AA?$AA@ 00012e74     nand_boot_common_fsl_v2_pdk1_9:nandboot.obj
 0001:00001eb4       ??_C@_0DK@BNDNAAAI@INFO?3?5Programming?5and?5Verifying?5@ 00012eb4     nand_boot_common_fsl_v2_pdk1_9:nandboot.obj
 0001:00001ef0       ??_C@_1DO@EFPCGICC@?$AAG?$AAe?$AAt?$AAG?$AAo?$AAo?$AAd?$AAP?$AAh?$AAy?$AAB?$AAl?$AAo?$AAc?$AAk?$AA?5?$AAf?$AAa?$AAi?$AAl?$AAe?$AAd?$AA?3?$AA?5?$AA0?$AAx?$AA?$CF?$AAx?$AA?$AN?$AA?6?$AA?$AA@ 00012ef0     nand_boot_common_fsl_v2_pdk1_9:nandboot.obj
 0001:00001f30       ??_C@_1GK@LFFCCLHP@?$AAI?$AAN?$AAF?$AAO?$AA?3?$AA?5?$AAP?$AAr?$AAo?$AAg?$AAr?$AAa?$AAm?$AAm?$AAi?$AAn?$AAg?$AA?5?$AAN?$AAA?$AAN?$AAD?$AA?5?$AAf?$AAl?$AAa?$AAs?$AAh?$AA?5?$AAb?$AAl?$AAo@ 00012f30     nand_boot_common_fsl_v2_pdk1_9:nandboot.obj
 0001:00001fa0       ??_C@_1KI@OAILKLM@?$AAD?$AA?3?$AA?2?$AAW?$AAI?$AAN?$AAC?$AAE?$AA6?$AA0?$AA0?$AA?2?$AAP?$AAL?$AAA?$AAT?$AAF?$AAO?$AAR?$AAM?$AA?2?$AAC?$AAO?$AAM?$AAM?$AAO?$AAN?$AA?2?$AAS?$AAR?$AAC?$AA?2@ 00012fa0     nand_boot_common_fsl_v2_pdk1_9:nandboot.obj
 0001:00002048       ??_C@_1GK@FHIAAJDB@?$AAl?$AAe?$AAn?$AAg?$AAt?$AAh?$AA?5?$AAs?$AAi?$AAz?$AAe?$AA?$CI?$AA0?$AAx?$AA?$CF?$AAx?$AA?$CJ?$AA?5?$AAi?$AAs?$AA?5?$AAd?$AAi?$AAf?$AAf?$AAe?$AAr?$AAe?$AAn?$AA?5?$AAw?$AAi@ 00013048     nand_boot_common_fsl_v2_pdk1_9:nandboot.obj
 0001:000020b8       ??_C@_1GI@BGDFEDNG@?$AAI?$AAN?$AAF?$AAO?$AA?3?$AA?5?$AAW?$AAr?$AAi?$AAt?$AAi?$AAn?$AAg?$AA?5?$AAX?$AAL?$AAD?$AAR?$AA?5?$AAi?$AAm?$AAa?$AAg?$AAe?$AA?5?$AAt?$AAo?$AA?5?$AAN?$AAA?$AAN?$AAD@ 000130b8     nand_boot_common_fsl_v2_pdk1_9:nandboot.obj
 0001:00002120       ??_C@_1GK@JDDKADCM@?$AAI?$AAN?$AAF?$AAO?$AA?3?$AA?5?$AAW?$AAr?$AAi?$AAt?$AAi?$AAn?$AAg?$AA?5?$AAE?$AAB?$AAO?$AAO?$AAT?$AA?5?$AAi?$AAm?$AAa?$AAg?$AAe?$AA?5?$AAt?$AAo?$AA?5?$AAN?$AAA?$AAN@ 00013120     nand_boot_common_fsl_v2_pdk1_9:nandboot.obj
 0001:00002190       ??_C@_1GE@NMJCNGGP@?$AAI?$AAN?$AAF?$AAO?$AA?3?$AA?5?$AAW?$AAr?$AAi?$AAt?$AAi?$AAn?$AAg?$AA?5?$AAN?$AAK?$AA?5?$AAi?$AAm?$AAa?$AAg?$AAe?$AA?5?$AAt?$AAo?$AA?5?$AAN?$AAA?$AAN?$AAD?$AA?5?$AA?$CI@ 00013190     nand_boot_common_fsl_v2_pdk1_9:nandboot.obj
 0001:000021f4       ??_C@_0DO@NAFJLJJO@WARNING?3?5NAND?5device?5doesn?8t?5exi@ 000131f4     nand_boot_common_fsl_v2_pdk1_9:nandboot.obj
 0001:00002234       ??_C@_0DA@CFIHFKOJ@?$AN?6INFO?3?5Loading?5of?5NK?5completed?5@ 00013234     nand_boot_common_fsl_v2_pdk1_9:nandboot.obj
 0001:00002264       ??_C@_01IPJKGB@?$CD?$AA@   00013264     nand_boot_common_fsl_v2_pdk1_9:nandboot.obj
 0001:00002268       ??_C@_0CE@OMJKMIPB@Copy?5NK?5from?5NAND?5flash?5to?5RAM?4?4@ 00013268     nand_boot_common_fsl_v2_pdk1_9:nandboot.obj
 0001:0000228c       ??_C@_0DF@FBGILFJD@Error?3?5No?5good?5block?5found?5?9?5una@ 0001328c     nand_boot_common_fsl_v2_pdk1_9:nandboot.obj
 0001:000022c4       ??_C@_0DF@ECPPIOKN@INFO?3?5NK?5is?5allocated?5at?5logical@ 000132c4     nand_boot_common_fsl_v2_pdk1_9:nandboot.obj
 0001:000022fc       ??_C@_0CJ@FANNDOBE@INFO?3?5NK?5will?5be?5loaded?5into?5RAM@ 000132fc     nand_boot_common_fsl_v2_pdk1_9:nandboot.obj
 0001:00002328       ??_C@_1EK@FMBOFCOB@?$AAI?$AAN?$AAF?$AAO?$AA?3?$AA?5?$AAV?$AAa?$AAl?$AAi?$AAd?$AA?5?$AAi?$AAm?$AAa?$AAg?$AAe?$AA?5?$AAl?$AAe?$AAn?$AAg?$AAt?$AAh?$AA?5?$AAi?$AAs?$AA?5?$AA?$FL?$AA0?$AAx?$AA?$CF@ 00013328     nand_boot_common_fsl_v2_pdk1_9:nandboot.obj
 0001:00002374       ??_C@_0DN@LNGPPFEL@MBR?5is?5not?5found?0?5ID?5?$DN?$DO?50x?$CF02x?50@ 00013374     nand_boot_common_fsl_v2_pdk1_9:nandboot.obj
 0001:000023b4       ??_C@_0DN@CNGMPAFO@INFO?3?5MBR?5is?5NOT?5found?0?5use?5defa@ 000133b4     nand_boot_common_fsl_v2_pdk1_9:nandboot.obj
 0001:000023f8       ??_C@_0EN@HCCHMHPO@INFO?3?5Partition?5?$CFd?0?5File?5system?5@ 000133f8     nand_boot_common_fsl_v2_pdk1_9:nandboot.obj
 0001:00002448       ??_C@_0CF@PLBLFIAH@ERROR?3?5Read?5sector?3?5?$FL0x?$CFx?$FN?5faile@ 00013448     nand_boot_common_fsl_v2_pdk1_9:nandboot.obj
 0001:00002470       ??_C@_0DD@PPBBOME@Error?3?5No?5good?5block?5found?5?9?5una@ 00013470     nand_boot_common_fsl_v2_pdk1_9:nandboot.obj
 0001:000024a4       ??_C@_0BG@FDBLCEMO@INFO?3?5search?5MBR?4?4?4?$AN?6?$AA@ 000134a4     nand_boot_common_fsl_v2_pdk1_9:nandboot.obj
 0001:000024bc       ??_C@_0CO@PLGDPPCG@INFO?3?5use?5RAM?5buffer?5at?50x?$CFx?5as?5@ 000134bc     nand_boot_common_fsl_v2_pdk1_9:nandboot.obj
 0001:000024ec       ??_C@_0DH@CAIIMNCL@INFO?3?5Search?5MBR?5start?5from?5NAND@ 000134ec     nand_boot_common_fsl_v2_pdk1_9:nandboot.obj
 0001:00002524       ??_C@_0DE@CEDOCGCJ@INFO?3?5Reading?5NK?5image?5from?5NAND@ 00013524     nand_boot_common_fsl_v2_pdk1_9:nandboot.obj
 0001:00002558       ??_C@_0CG@GFHKJGOB@ERROR?3?5Write?5sector?3?5?$FL0x?$CFx?$FN?5fail@ 00013558     nand_boot_common_fsl_v2_pdk1_9:nandboot.obj
 0001:00002580       ??_C@_0CO@PHMDIFPG@INFO?3?5Update?5of?5MBR?5completed?5su@ 00013580     nand_boot_common_fsl_v2_pdk1_9:nandboot.obj
 0001:000025b0       ??_C@_0DM@EJPFJHKC@INFO?3?5MBR?5will?5be?5writen?5into?5NA@ 000135b0     nand_boot_common_fsl_v2_pdk1_9:nandboot.obj
 0001:000025ec       ??_C@_0DF@DBCHBLDJ@ERROR?3?5Unable?5to?5erase?5NAND?5phys@ 000135ec     nand_boot_common_fsl_v2_pdk1_9:nandboot.obj
 0001:00002624       ??_C@_0DK@DBADOLGF@INFO?3?5Write?5MBR?5?9?$DO?5find?5a?5good?5b@ 00013624     nand_boot_common_fsl_v2_pdk1_9:nandboot.obj
 0001:00002660       ??_C@_0BM@EJGCKPHL@INFO?3?5Created?5partition?3?5?$AN?6?$AA@ 00013660     nand_boot_common_fsl_v2_pdk1_9:nandboot.obj
 0001:0000267c       ??_C@_0BN@DIHPGKFK@INFO?3?5Part_BootInd?5?$DN?50x?$CFx?4?$AN?6?$AA@ 0001367c     nand_boot_common_fsl_v2_pdk1_9:nandboot.obj
 0001:0000269c       ??_C@_0CA@BEGEGIGL@INFO?3?5Part_FileSystem?5?$DN?50x?$CFx?4?$AN?6?$AA@ 0001369c     nand_boot_common_fsl_v2_pdk1_9:nandboot.obj
 0001:000026bc       ??_C@_0CB@FMGNDACH@INFO?3?5Part_StartSector?5?$DN?50x?$CFx?4?$AN?6@ 000136bc     nand_boot_common_fsl_v2_pdk1_9:nandboot.obj
 0001:000026e0       ??_C@_0CC@MLGBBDPG@INFO?3?5Part_TotalSectors?5?$DN?50x?$CFx?4?$AN@ 000136e0     nand_boot_common_fsl_v2_pdk1_9:nandboot.obj
 0001:00002704       ??_C@_0CL@BBAPOIOO@INFO?3?5use?5RAM?5buffer?5at?50x?$CFx?5to?5@ 00013704     nand_boot_common_fsl_v2_pdk1_9:nandboot.obj
 0001:00002730       ??_C@_0DD@GGDEAJLE@INFO?3?5Writing?5MBR?5image?5to?5NAND?5@ 00013730     nand_boot_common_fsl_v2_pdk1_9:nandboot.obj
 0001:00002764       ??_C@_0CO@BJGFJAIH@WARNING?3?5Failed?5to?5Load?5configur@ 00013764     nand_boot_common_fsl_v2_pdk1_9:nandboot.obj
 0001:00002794       ??_C@_0BO@PCFMGLDF@Error?3?5No?5good?5block?5found?$CB?$AN?6?$AA@ 00013794     nand_boot_common_fsl_v2_pdk1_9:nandboot.obj
 0001:000027b4       ??_C@_0CN@NHADDNNL@INFO?3?5Loading?5boot?5configuration@ 000137b4     nand_boot_common_fsl_v2_pdk1_9:nandboot.obj
 0001:000027e4       ??_C@_0DH@CGFNLCGF@INFO?3?5Successfully?5store?5boot?5co@ 000137e4     nand_boot_common_fsl_v2_pdk1_9:nandboot.obj
 0001:0000281c       ??_C@_0DE@LLENDJKK@WARNING?3?5Failed?5to?5write?5boot?5co@ 0001381c     nand_boot_common_fsl_v2_pdk1_9:nandboot.obj
 0001:00002850       ??_C@_0DJ@HCHCAAAK@INFO?3?5Storing?5boot?5configuration@ 00013850     nand_boot_common_fsl_v2_pdk1_9:nandboot.obj
 0001:00002890       ??_C@_0ED@HDAKJGJP@Error?3?5No?5good?5block?5found?5?9?5una@ 00013890     nand_boot_common_fsl_v2_pdk1_9:nandboot.obj
 0001:000028d4       ??_C@_0DL@JLHJEAKF@?$AN?6INFO?3?5Format?5of?5NAND?5NK?5region@ 000138d4     nand_boot_common_fsl_v2_pdk1_9:nandboot.obj
 0001:00002910       ??_C@_0CL@OKPLEKII@INFO?3?5Starting?5format?5of?5NAND?5NK@ 00013910     nand_boot_common_fsl_v2_pdk1_9:nandboot.obj
 0001:0000293c       ??_C@_0CO@FFMLABON@INFO?3?5Update?5of?5IPL?5completed?5su@ 0001393c     nand_boot_common_fsl_v2_pdk1_9:nandboot.obj
 0001:0000296c       ??_C@_0BP@DCNJBMKK@ERROR?3?5Failed?5to?5verify?5IPL?4?$AN?6?$AA@ 0001396c     nand_boot_common_fsl_v2_pdk1_9:nandboot.obj
 0001:0000298c       ??_C@_0BJ@DHAKPJOJ@INFO?3?5Verifying?5image?4?$AN?6?$AA@ 0001398c     nand_boot_common_fsl_v2_pdk1_9:nandboot.obj
 0001:000029a8       ??_C@_0CB@COMIICDO@ERROR?3?5Failed?5to?5verify?5image?4?$AN?6@ 000139a8     nand_boot_common_fsl_v2_pdk1_9:nandboot.obj
 0001:000029cc       ??_C@_0CB@PAFJJGNA@ERROR?3?5Failed?5to?5update?5image?4?$AN?6@ 000139cc     nand_boot_common_fsl_v2_pdk1_9:nandboot.obj
 0001:000029f0       ??_C@_0EH@DDGBHFHG@INFO?3?5Programming?5IPL?5image?5from@ 000139f0     nand_boot_common_fsl_v2_pdk1_9:nandboot.obj
 0001:00002a38       ??_C@_0DN@MHDNDODE@ERROR?3?5IPL?5size?5exceeds?5reserved@ 00013a38     nand_boot_common_fsl_v2_pdk1_9:nandboot.obj
 0001:00002a78       ??_C@_0DD@FBNOANAB@INFO?3?5Writing?5IPL?5image?5to?5NAND?5@ 00013a78     nand_boot_common_fsl_v2_pdk1_9:nandboot.obj
 0001:00002aac       ??_C@_0CI@KOKADIKC@?$AN?6INFO?3?5Ready?5to?5write?5DIO?5image@ 00013aac     nand_boot_common_fsl_v2_pdk1_9:nandboot.obj
 0001:00002ad4       ??_C@_0BO@IMFCJLLN@INFO?3?5Erase?5is?5?$CFd?$CF?$CF?5complete?4?$AA@ 00013ad4     nand_boot_common_fsl_v2_pdk1_9:nandboot.obj
 0001:00002af4       ??_C@_0DB@NKJDIEPK@INFO?3?5Erasing?5NAND?5flash?5blocks?5@ 00013af4     nand_boot_common_fsl_v2_pdk1_9:nandboot.obj
 0001:00002b28       ??_C@_0ED@JNNBGIKF@ERROR?3?5DIO?5image?5size?5exceeds?5re@ 00013b28     nand_boot_common_fsl_v2_pdk1_9:nandboot.obj
 0001:00002b70       ??_C@_0ED@MCLEPO@ERROR?3?5Incorrect?5or?5corrupted?5DI@ 00013b70     nand_boot_common_fsl_v2_pdk1_9:nandboot.obj
 0001:00002bb8       ??_C@_0EG@LILMDEGK@WARN?3?5Block?5?$FL0x?$CFx?$FN?5?1?5sector?5?$FL0x?$CF@ 00013bb8     nand_boot_common_fsl_v2_pdk1_9:nandboot.obj
 0001:00002c00       ??_C@_0CH@DAJMGFOB@ERROR?3?5Writing?5sector?5?$FL0x?$CFx?$FN?5fai@ 00013c00     nand_boot_common_fsl_v2_pdk1_9:nandboot.obj
 0001:00002c28       ??_C@_0DG@POHOAOBL@?$AN?6INFO?3?5Update?5of?5DIO?5image?5comp@ 00013c28     nand_boot_common_fsl_v2_pdk1_9:nandboot.obj
 0001:00002c60       ??_C@_0BL@KGENHFNE@?$AN?6INFO?3?5No?5NAND?5present?$CB?$AN?6?$AA@ 00013c60     nand_boot_common_fsl_v2_pdk1_9:nandboot.obj
 0001:00002c7c       ??_C@_0CM@MAKCJGJN@INFO?3?5Copy?5of?5IPL?5completed?5succ@ 00013c7c     nand_boot_common_fsl_v2_pdk1_9:nandboot.obj
 0001:00002ca8       ??_C@_0CO@DIGEHKBF@INFO?3?5Copying?5IPL?5image?5to?5RAM?5a@ 00013ca8     nand_boot_common_fsl_v2_pdk1_9:nandboot.obj
 0001:00002cd8       ??_C@_0DF@OLHDGLNN@INFO?3?5Reading?5IPL?5image?5from?5NAN@ 00013cd8     nand_boot_common_fsl_v2_pdk1_9:nandboot.obj
 0001:00002d10       ??_C@_0DN@CCBKKGDF@?$AN?6INFO?3?5Format?5of?5all?5NAND?5regio@ 00013d10     nand_boot_common_fsl_v2_pdk1_9:nandboot.obj
 0001:00002d50       ??_C@_0DA@GHJFJAN@ERROR?3?5Unable?5to?5erase?5NAND?5flas@ 00013d50     nand_boot_common_fsl_v2_pdk1_9:nandboot.obj
 0001:00002d80       ??_C@_0CN@CCDNFIGE@INFO?3?5Starting?5format?5of?5all?5NAN@ 00013d80     nand_boot_common_fsl_v2_pdk1_9:nandboot.obj
 0001:00002db0       ??_C@_1HG@PPDOGLHF@?$AA?$AN?$AA?6?$AAI?$AAN?$AAF?$AAO?$AA?3?$AA?5?$AAE?$AAr?$AAa?$AAs?$AAi?$AAn?$AAg?$AA?5?$AAw?$AAh?$AAo?$AAl?$AAe?$AA?5?$AAN?$AAA?$AAN?$AAD?$AA?5?$AAs?$AAp?$AAa?$AAc?$AAe@ 00013db0     nand_boot_common_fsl_v2_pdk1_9:nandboot.obj
 0001:00002e28       ??_C@_1EI@INBPIGBM@?$AAI?$AAN?$AAF?$AAO?$AA?3?$AA?5?$AAP?$AAl?$AAe?$AAa?$AAs?$AAe?$AA?5?$AAp?$AAo?$AAw?$AAe?$AAr?$AA?5?$AAo?$AAf?$AAf?$AA?5?$AAt?$AAh?$AAe?$AA?5?$AAb?$AAo?$AAa?$AAr?$AAd@ 00013e28     nand_boot_common_fsl_v2_pdk1_9:nandboot.obj
 0001:00002e70       ??_C@_1DA@MGMEMEAA@?$AAI?$AAN?$AAF?$AAO?$AA?3?$AA?5?$AAS?$AAp?$AAi?$AAn?$AA?5?$AAF?$AAo?$AAr?$AAe?$AAv?$AAe?$AAr?$AA?4?$AA?4?$AA?4?$AA?$AN?$AA?6?$AA?$AA@ 00013e70     nand_boot_common_fsl_v2_pdk1_9:nandboot.obj
 0001:00002ea0       ??_C@_13GMDMCADD@?$AA?$CD?$AA?$AA@ 00013ea0     nand_boot_common_fsl_v2_pdk1_9:nandboot.obj
 0001:00002ea8       ??_C@_1GA@LJIPLLAK@?$AAE?$AAR?$AAR?$AAO?$AAR?$AA?3?$AA?5?$AAU?$AAn?$AAa?$AAb?$AAl?$AAe?$AA?5?$AAt?$AAo?$AA?5?$AAe?$AAr?$AAa?$AAs?$AAe?$AA?5?$AAN?$AAA?$AAN?$AAD?$AA?5?$AAf?$AAl?$AAa?$AAs@ 00013ea8     nand_boot_common_fsl_v2_pdk1_9:nandboot.obj
 0001:00002f08       ??_C@_1FA@CPBOGFEL@?$AAI?$AAN?$AAF?$AAO?$AA?3?$AA?5?$AAS?$AAt?$AAa?$AAr?$AAt?$AA?5?$AAe?$AAr?$AAa?$AAs?$AAi?$AAn?$AAg?$AA?5?$AAw?$AAh?$AAo?$AAl?$AAe?$AA?5?$AAN?$AAA?$AAN?$AAD?$AA?5?$AAs@ 00013f08     nand_boot_common_fsl_v2_pdk1_9:nandboot.obj
 0001:00002f58       ??_C@_1FO@MCCFPMKN@?$AAE?$AAR?$AAR?$AAO?$AAR?$AA?3?$AA?5?$AAU?$AAn?$AAa?$AAb?$AAl?$AAe?$AA?5?$AAt?$AAo?$AA?5?$AAg?$AAe?$AAt?$AA?5?$AAN?$AAA?$AAN?$AAD?$AA?5?$AAf?$AAl?$AAa?$AAs?$AAh?$AA?5@ 00013f58     nand_boot_common_fsl_v2_pdk1_9:nandboot.obj
 0001:00002fb8       ??_C@_0DB@CLKLFDCC@NANDReadImage?3?5reading?5completed@ 00013fb8     nand_boot_common_fsl_v2_pdk1_9:nandboot.obj
 0001:00002fec       ??_C@_0CG@CFIIICOF@NANDReadImage?3?3No?5good?5block?5fou@ 00013fec     nand_boot_common_fsl_v2_pdk1_9:nandboot.obj
 0001:00003014       ??_C@_0CM@LCBBNFBE@NANDReadImage?3?3Read?5sector?5?$FL0x?$CFx@ 00014014     nand_boot_common_fsl_v2_pdk1_9:nandboot.obj
 0001:00003040       ??_C@_0DH@NGACFNFH@NANDReadImage?3?3can?5not?5get?5good?5@ 00014040     nand_boot_common_fsl_v2_pdk1_9:nandboot.obj
 0001:00003078       ??_C@_0EC@JLCEJPIJ@NANDReadImage?3?3Reading?5?$CFd?5bytes?5@ 00014078     nand_boot_common_fsl_v2_pdk1_9:nandboot.obj
 0001:000030bc       ??_C@_0DC@GGMMKFAN@ERROR?3?5the?5reading?5region?5is?5bey@ 000140bc     nand_boot_common_fsl_v2_pdk1_9:nandboot.obj
 0001:000030f0       ??_C@_1CE@MJJBGKG@?$AA?$DM?$AA?9?$AAF?$AAM?$AAD?$AA_?$AAI?$AAn?$AAi?$AAt?$AA?5?$AA0?$AAx?$AA?$CF?$AAx?$AA?$AN?$AA?6?$AA?$AA@ 000140f0     nand_common_fsl_v2_pdk1_9:fmd.obj
 0001:00003114       ??_C@_1CK@OLHBCELJ@?$AAI?$AAn?$AAi?$AAt?$AAi?$AAa?$AAl?$AAi?$AAz?$AAe?$AAB?$AAB?$AAT?$AA?5?$AAF?$AAa?$AAi?$AAl?$AA?$AN?$AA?6?$AA?$AA@ 00014114     nand_common_fsl_v2_pdk1_9:fmd.obj
 0001:00003140       ??_C@_1EK@DEKMLOCB@?$AAF?$AAM?$AAD?$AA_?$AAI?$AAn?$AAi?$AAt?$AA?3?$AA?3?$AAg?$AA_?$AAb?$AAI?$AAn?$AAt?$AAe?$AAr?$AAL?$AAe?$AAa?$AAv?$AAe?$AAM?$AAo?$AAd?$AAe?$AA?5?$AA?$DN?$AA?5?$AAT?$AAR@ 00014140     nand_common_fsl_v2_pdk1_9:fmd.obj
 0001:0000318c       ??_C@_1DI@PMEEIMFK@?$AAF?$AAM?$AAD?$AA_?$AAI?$AAn?$AAi?$AAt?$AA?3?$AA?3?$AAN?$AAu?$AAm?$AAb?$AAe?$AAr?$AAO?$AAf?$AAC?$AAh?$AAi?$AAp?$AA?$DN?$AA?$CF?$AAd?$AA?$AN?$AA?6?$AA?$AA@ 0001418c     nand_common_fsl_v2_pdk1_9:fmd.obj
 0001:000031c8       ??_C@_1NA@EKFMFINI@?$AAD?$AA?3?$AA?2?$AAW?$AAI?$AAN?$AAC?$AAE?$AA6?$AA0?$AA0?$AA?2?$AAP?$AAL?$AAA?$AAT?$AAF?$AAO?$AAR?$AAM?$AA?2?$AAC?$AAO?$AAM?$AAM?$AAO?$AAN?$AA?2?$AAS?$AAR?$AAC?$AA?2@ 000141c8     nand_common_fsl_v2_pdk1_9:fmd.obj
 0001:00003298       ??_C@_1GE@MCKPOLJB@?$AAF?$AAM?$AAD?$AA_?$AAI?$AAn?$AAi?$AAt?$AA?3?$AA?3?$AAn?$AAo?$AA?5?$AAN?$AAA?$AAN?$AAD?$AA?5?$AAt?$AAy?$AAp?$AAe?$AA?5?$AAm?$AAa?$AAt?$AAc?$AAh?$AAe?$AAd?$AA?$CB?$AA?5@ 00014298     nand_common_fsl_v2_pdk1_9:fmd.obj
 0001:000032fc       ??_C@_1BK@JACMCACJ@?$AA?9?$AA?$DO?$AAF?$AAM?$AAD?$AA_?$AAI?$AAn?$AAi?$AAt?$AA?$AN?$AA?6?$AA?$AA@ 000142fc     nand_common_fsl_v2_pdk1_9:fmd.obj
 0001:00003318       ??_C@_1DO@KBODJKMM@?$AAS?$AAe?$AAc?$AAt?$AAo?$AAr?$AA?1?$AAI?$AAn?$AAf?$AAo?$AA?5?$AAb?$AAu?$AAf?$AAf?$AAe?$AAr?$AAs?$AA?5?$AAa?$AAr?$AAe?$AA?5?$AAN?$AAU?$AAL?$AAL?$AA?$AN?$AA?6?$AA?$AA@ 00014318     nand_common_fsl_v2_pdk1_9:fmd.obj
 0001:00003358       ??_C@_1EA@HNEFLDAM@?$AAF?$AAM?$AAD?$AA_?$AAG?$AAe?$AAt?$AAI?$AAn?$AAf?$AAo?$AA?3?$AA?3?$AAd?$AAw?$AAN?$AAu?$AAm?$AAB?$AAl?$AAo?$AAc?$AAk?$AAs?$AA?5?$AA?$DN?$AA?5?$AA?$CF?$AAd?$AA?$AN?$AA?6?$AA?$AA@ 00014358     nand_common_fsl_v2_pdk1_9:fmd.obj
 0001:00003398       ??_C@_1EK@CMOGPPLJ@?$AAF?$AAM?$AAD?$AA_?$AAG?$AAe?$AAt?$AAI?$AAn?$AAf?$AAo?$AA?3?$AA?3?$AAw?$AAS?$AAe?$AAc?$AAt?$AAo?$AAr?$AAs?$AAP?$AAe?$AAr?$AAB?$AAl?$AAo?$AAc?$AAk?$AA?5?$AA?$DN?$AA?5@ 00014398     nand_common_fsl_v2_pdk1_9:fmd.obj
 0001:000033e8       ??_C@_1FA@LJBIPGAJ@?$AAF?$AAM?$AAD?$AA_?$AAG?$AAe?$AAt?$AAI?$AAn?$AAf?$AAo?$AA?3?$AA?3?$AAw?$AAD?$AAa?$AAt?$AAa?$AAB?$AAy?$AAt?$AAe?$AAs?$AAP?$AAe?$AAr?$AAS?$AAe?$AAc?$AAt?$AAo?$AAr@ 000143e8     nand_common_fsl_v2_pdk1_9:fmd.obj
 0001:00003438       ??_C@_1EI@PJOKFNIP@?$AAF?$AAM?$AAD?$AA_?$AAG?$AAe?$AAt?$AAI?$AAn?$AAf?$AAo?$AA?3?$AA?3?$AAd?$AAw?$AAB?$AAy?$AAt?$AAe?$AAs?$AAP?$AAe?$AAr?$AAB?$AAl?$AAo?$AAc?$AAk?$AA?5?$AA?$DN?$AA?5?$AA?$CF@ 00014438     nand_common_fsl_v2_pdk1_9:fmd.obj
 0001:00003480       ??_C@_1CA@HHMKMKFP@?$AA?$DM?$AA?9?$AAF?$AAM?$AAD?$AA_?$AAG?$AAe?$AAt?$AAI?$AAn?$AAf?$AAo?$AA?$AN?$AA?6?$AA?$AA@ 00014480     nand_common_fsl_v2_pdk1_9:fmd.obj
 0001:000034a0       ??_C@_1EE@EHHMCAFA@?$AAF?$AAM?$AAD?$AA_?$AAG?$AAe?$AAt?$AAI?$AAn?$AAf?$AAo?$AA?3?$AA?3?$AAp?$AAF?$AAl?$AAa?$AAs?$AAh?$AAI?$AAn?$AAf?$AAo?$AA?5?$AA?$DN?$AA?5?$AAN?$AAU?$AAL?$AAL?$AA?$CB?$AA?$AN@ 000144a0     nand_common_fsl_v2_pdk1_9:fmd.obj
 0001:000034e4       ??_C@_1CA@KPAELIAG@?$AA?9?$AA?$DO?$AAF?$AAM?$AAD?$AA_?$AAG?$AAe?$AAt?$AAI?$AAn?$AAf?$AAo?$AA?$AN?$AA?6?$AA?$AA@ 000144e4     nand_common_fsl_v2_pdk1_9:fmd.obj
 0001:00003508       ??_C@_1IA@EECHOBPE@?$AAF?$AAM?$AAD?$AA_?$AAG?$AAe?$AAt?$AAB?$AAl?$AAo?$AAc?$AAk?$AAS?$AAt?$AAa?$AAt?$AAu?$AAs?$AA?5?$AA?3?$AA?5?$AAC?$AAS?$AAP?$AAN?$AAA?$AAN?$AAD?$AA_?$AAR?$AAe?$AAa@ 00014508     nand_common_fsl_v2_pdk1_9:fmd.obj
 0001:00003618       ??_C@_1LA@OCDBKKO@?$AAD?$AA?3?$AA?2?$AAW?$AAI?$AAN?$AAC?$AAE?$AA6?$AA0?$AA0?$AA?2?$AAp?$AAl?$AAa?$AAt?$AAf?$AAo?$AAr?$AAm?$AA?2?$AAc?$AAo?$AAm?$AAm?$AAo?$AAn?$AA?2?$AAs?$AAr?$AAc?$AA?2@ 00014618     i_ddk_apbhdma_mx28_fsl_v2_pdk1_9:i_ddk_apbhdma.obj
 0001:000036c8       ??_C@_1FG@FFKBFMHG@?$AAA?$AAp?$AAb?$AAh?$AAD?$AAm?$AAa?$AAV?$AAa?$AAl?$AAi?$AAd?$AAC?$AAh?$AAa?$AAn?$AA?4?$AA?4?$AA?$CF?$AAd?$AA?5?$AAi?$AAs?$AA?5?$AAI?$AAn?$AAv?$AAa?$AAl?$AAi?$AAd?$AA?5@ 000146c8     i_ddk_apbhdma_mx28_fsl_v2_pdk1_9:i_ddk_apbhdma.obj
 0001:00003720       ??_C@_1DK@FOEAIIIE@?$AAC?$AAh?$AAa?$AAn?$AAn?$AAe?$AAl?$AA?5?$AAv?$AAa?$AAl?$AAi?$AAd?$AAa?$AAt?$AAi?$AAo?$AAn?$AA?5?$AAf?$AAa?$AAi?$AAl?$AAe?$AAd?$AA?$CB?$AA?$AN?$AA?6?$AA?$AA@ 00014720     i_ddk_apbhdma_mx28_fsl_v2_pdk1_9:i_ddk_apbhdma.obj
 0001:00003760       ??_C@_1EK@GOOMGDOE@?$AAA?$AAp?$AAb?$AAh?$AAD?$AAm?$AAa?$AAA?$AAl?$AAl?$AAo?$AAc?$AA?3?$AA?3?$AAM?$AAm?$AAM?$AAa?$AAp?$AAI?$AAo?$AAS?$AAp?$AAa?$AAc?$AAe?$AA?5?$AAf?$AAa?$AAi?$AAl?$AAe@ 00014760     i_ddk_apbhdma_mx28_fsl_v2_pdk1_9:i_ddk_apbhdma.obj
 0001:000037ac       ??_C@_1DE@OLOKJACC@?$AAD?$AAD?$AAK?$AAA?$AAp?$AAb?$AAh?$AAS?$AAt?$AAa?$AAr?$AAt?$AAD?$AAm?$AAa?$AA?5?$AAf?$AAa?$AAi?$AAl?$AAe?$AAd?$AA?$CB?$AA?$AN?$AA?6?$AA?$AA@ 000147ac     i_ddk_apbhdma_mx28_fsl_v2_pdk1_9:i_ddk_apbhdma.obj
 0001:000037e0       ??_C@_1HE@FCLEGJJP@?$AAD?$AAD?$AAK?$AAA?$AAp?$AAb?$AAh?$AAD?$AAm?$AAa?$AAI?$AAn?$AAi?$AAt?$AAC?$AAh?$AAa?$AAn?$AA?4?$AA?4?$AA?5?$AAf?$AAa?$AAi?$AAl?$AAe?$AAd?$AA?5?$AAt?$AAo?$AA?5?$AAs@ 000147e0     i_ddk_apbhdma_mx28_fsl_v2_pdk1_9:i_ddk_apbhdma.obj
 0001:000038e8       ??_C@_1LK@NNCIPOCB@?$AAD?$AA?3?$AA?2?$AAW?$AAI?$AAN?$AAC?$AAE?$AA6?$AA0?$AA0?$AA?2?$AAp?$AAl?$AAa?$AAt?$AAf?$AAo?$AAr?$AAm?$AA?2?$AAc?$AAo?$AAm?$AAm?$AAo?$AAn?$AA?2?$AAs?$AAr?$AAc?$AA?2@ 000148e8     i_ddk_iomux_mx28_fsl_v2_pdk1_9:i_soc_ddk_iomux.obj
 0001:000039a8       ??_C@_1EO@FDEPDNPK@?$AAI?$AAo?$AAm?$AAu?$AAx?$AAA?$AAl?$AAl?$AAo?$AAc?$AA?3?$AA?5?$AA?5?$AAV?$AAi?$AAr?$AAt?$AAu?$AAa?$AAl?$AA?5?$AAm?$AAa?$AAp?$AAp?$AAi?$AAn?$AAg?$AA?5?$AAf?$AAa?$AAi@ 000149a8     i_ddk_iomux_mx28_fsl_v2_pdk1_9:i_soc_ddk_iomux.obj
 0001:00003a88       ??_C@_1KI@NLCPHMIG@?$AAD?$AA?3?$AA?2?$AAW?$AAI?$AAN?$AAC?$AAE?$AA6?$AA0?$AA0?$AA?2?$AAp?$AAl?$AAa?$AAt?$AAf?$AAo?$AAr?$AAm?$AA?2?$AAc?$AAo?$AAm?$AAm?$AAo?$AAn?$AA?2?$AAs?$AAr?$AAc?$AA?2@ 00014a88     i_ddk_clk_mx28_fsl_v2_pdk1_9:i_ddk_clk.obj
 0001:00003b30       ??_C@_1HI@CPEECLDJ@?$AAC?$AAl?$AAo?$AAc?$AAk?$AAU?$AAp?$AAd?$AAa?$AAt?$AAe?$AAR?$AAo?$AAo?$AAt?$AA?3?$AA?5?$AA?5?$AAN?$AAo?$AAd?$AAe?$AA?5?$AAr?$AAe?$AAf?$AAe?$AAr?$AAe?$AAn?$AAc?$AAe@ 00014b30     i_ddk_clk_mx28_fsl_v2_pdk1_9:i_ddk_clk.obj
 0001:00003ba8       ??_C@_1IC@BAEADKIC@?$AAD?$AA?3?$AA?2?$AAW?$AAI?$AAN?$AAC?$AAE?$AA6?$AA0?$AA0?$AA?2?$AAp?$AAl?$AAa?$AAt?$AAf?$AAo?$AAr?$AAm?$AA?2?$AAE?$AAM?$AA9?$AA2?$AA8?$AA0?$AA?2?$AAs?$AAr?$AAc?$AA?2@ 00014ba8     i_ddk_clk_mx28_fsl_v2_pdk1_9:i_ddk_clk.obj
 0001:00003c30       ??_C@_1EO@BABGMAOC@?$AAB?$AAS?$AAP?$AAC?$AAl?$AAo?$AAc?$AAk?$AAA?$AAl?$AAl?$AAo?$AAc?$AA?3?$AA?5?$AA?5?$AAM?$AAm?$AAM?$AAa?$AAp?$AAI?$AAo?$AAS?$AAp?$AAa?$AAc?$AAe?$AA?5?$AAf?$AAa?$AAi@ 00014c30     i_ddk_clk_mx28_fsl_v2_pdk1_9:i_ddk_clk.obj
 0001:00003c80       ??_C@_1GI@LFPNOONN@?$AA?5?$AAD?$AAD?$AAK?$AAC?$AAl?$AAo?$AAc?$AAk?$AAC?$AAo?$AAn?$AAf?$AAi?$AAg?$AAB?$AAa?$AAu?$AAd?$AA?5?$AAE?$AAR?$AAR?$AAO?$AAR?$AA?0?$AA?5?$AAc?$AAl?$AAo?$AAc?$AAk@ 00014c80     i_ddk_clk_mx28_fsl_v2_pdk1_9:i_ddk_clk.obj
 0001:00003ce8       ??_C@_1EK@EKBAIMEK@?$AA?5?$AAD?$AAD?$AAK?$AA_?$AAC?$AAL?$AAO?$AAC?$AAK?$AA_?$AAS?$AAI?$AAG?$AAN?$AAA?$AAL?$AA_?$AAS?$AAS?$AAP?$AA3?$AA_?$AAC?$AAL?$AAK?$AA?5?$AAE?$AAR?$AAR?$AAO?$AAR@ 00014ce8     i_ddk_clk_mx28_fsl_v2_pdk1_9:i_ddk_clk.obj
 0001:00003d38       ??_C@_1EK@KBCHDHEJ@?$AA?5?$AAD?$AAD?$AAK?$AA_?$AAC?$AAL?$AAO?$AAC?$AAK?$AA_?$AAS?$AAI?$AAG?$AAN?$AAA?$AAL?$AA_?$AAS?$AAS?$AAP?$AA3?$AA_?$AAC?$AAL?$AAK?$AA?5?$AAE?$AAR?$AAR?$AAO?$AAR@ 00014d38     i_ddk_clk_mx28_fsl_v2_pdk1_9:i_ddk_clk.obj
 0001:00003d88       ??_C@_1EK@LLMKIJOA@?$AA?5?$AAD?$AAD?$AAK?$AA_?$AAC?$AAL?$AAO?$AAC?$AAK?$AA_?$AAS?$AAI?$AAG?$AAN?$AAA?$AAL?$AA_?$AAS?$AAS?$AAP?$AA2?$AA_?$AAC?$AAL?$AAK?$AA?5?$AAE?$AAR?$AAR?$AAO?$AAR@ 00014d88     i_ddk_clk_mx28_fsl_v2_pdk1_9:i_ddk_clk.obj
 0001:00003dd8       ??_C@_1EK@FAPNDCOD@?$AA?5?$AAD?$AAD?$AAK?$AA_?$AAC?$AAL?$AAO?$AAC?$AAK?$AA_?$AAS?$AAI?$AAG?$AAN?$AAA?$AAL?$AA_?$AAS?$AAS?$AAP?$AA2?$AA_?$AAC?$AAL?$AAK?$AA?5?$AAE?$AAR?$AAR?$AAO?$AAR@ 00014dd8     i_ddk_clk_mx28_fsl_v2_pdk1_9:i_ddk_clk.obj
 0001:00003e28       ??_C@_1EK@JJOCDKFM@?$AA?5?$AAD?$AAD?$AAK?$AA_?$AAC?$AAL?$AAO?$AAC?$AAK?$AA_?$AAS?$AAI?$AAG?$AAN?$AAA?$AAL?$AA_?$AAS?$AAS?$AAP?$AA1?$AA_?$AAC?$AAL?$AAK?$AA?5?$AAE?$AAR?$AAR?$AAO?$AAR@ 00014e28     i_ddk_clk_mx28_fsl_v2_pdk1_9:i_ddk_clk.obj
 0001:00003e78       ??_C@_1EK@IDAPIEPF@?$AA?5?$AAD?$AAD?$AAK?$AA_?$AAC?$AAL?$AAO?$AAC?$AAK?$AA_?$AAS?$AAI?$AAG?$AAN?$AAA?$AAL?$AA_?$AAS?$AAS?$AAP?$AA0?$AA_?$AAC?$AAL?$AAK?$AA?5?$AAE?$AAR?$AAR?$AAO?$AAR@ 00014e78     i_ddk_clk_mx28_fsl_v2_pdk1_9:i_ddk_clk.obj
 0001:00003ec8       ??_C@_1EK@GIDIDPPG@?$AA?5?$AAD?$AAD?$AAK?$AA_?$AAC?$AAL?$AAO?$AAC?$AAK?$AA_?$AAS?$AAI?$AAG?$AAN?$AAA?$AAL?$AA_?$AAS?$AAS?$AAP?$AA0?$AA_?$AAC?$AAL?$AAK?$AA?5?$AAE?$AAR?$AAR?$AAO?$AAR@ 00014ec8     i_ddk_clk_mx28_fsl_v2_pdk1_9:i_ddk_clk.obj
 0001:00003f18       ??_C@_1EK@OIOENCCF@?$AAD?$AAD?$AAK?$AAC?$AAl?$AAo?$AAc?$AAk?$AAC?$AAo?$AAn?$AAf?$AAi?$AAg?$AAB?$AAa?$AAu?$AAd?$AA?3?$AA?5?$AAD?$AAi?$AAv?$AAi?$AAd?$AAe?$AA?5?$AAb?$AAy?$AA?5?$AAz?$AAe@ 00014f18     i_ddk_clk_mx28_fsl_v2_pdk1_9:i_ddk_clk.obj
 0001:00003f68       ??_C@_1EG@FCNOKBMG@?$AAC?$AAl?$AAo?$AAc?$AAk?$AAA?$AAl?$AAl?$AAo?$AAc?$AA?3?$AA?3?$AAM?$AAm?$AAM?$AAa?$AAp?$AAI?$AAo?$AAS?$AAp?$AAa?$AAc?$AAe?$AA?5?$AAf?$AAa?$AAi?$AAl?$AAe?$AAd?$AA?$CB@ 00014f68     i_ddk_clk_mx28_fsl_v2_pdk1_9:i_ddk_clk.obj
 0001:00004160       PfdPllFreqs                00015160     bspcmn:bspargs.obj
 0001:000041a8       ??_C@_1DI@DFNBDHJA@?$AA?5?$AA?5?$AA?5?$AA?5?$AAT?$AAI?$AAM?$AAR?$AAO?$AAT?$AA3?$AA2?$AAK?$AA?5?$AA?5?$AA?5?$AA?$DN?$AA?5?$AA?$CF?$AA1?$AA0?$AAd?$AA?5?$AAH?$AAz?$AA?$AN?$AA?6?$AA?$AA@ 000151a8     bspcmn:bspargs.obj
 0001:000041e0       ??_C@_1DI@EPDIHHPH@?$AA?5?$AA?5?$AA?5?$AA?5?$AAP?$AAW?$AAM?$AA2?$AA4?$AAM?$AAH?$AAZ?$AA?5?$AA?5?$AA?5?$AA?5?$AA?$DN?$AA?5?$AA?$CF?$AA1?$AA0?$AAd?$AA?5?$AAH?$AAz?$AA?$AN?$AA?6?$AA?$AA@ 000151e0     bspcmn:bspargs.obj
 0001:00004218       ??_C@_1DI@NOEOOCKM@?$AA?5?$AA?5?$AA?5?$AA?5?$AAU?$AAA?$AAR?$AAT?$AA2?$AA4?$AAM?$AAH?$AAZ?$AA?5?$AA?5?$AA?5?$AA?$DN?$AA?5?$AA?$CF?$AA1?$AA0?$AAd?$AA?5?$AAH?$AAz?$AA?$AN?$AA?6?$AA?$AA@ 00015218     bspcmn:bspargs.obj
 0001:00004250       ??_C@_1DI@ENDGLOLK@?$AA?5?$AA?5?$AA?5?$AA?5?$AAU?$AAT?$AAM?$AAI?$AA1?$AA?5?$AA?5?$AA?5?$AA?5?$AA?5?$AA?5?$AA?5?$AA?$DN?$AA?5?$AA?$CF?$AA1?$AA0?$AAd?$AA?5?$AAH?$AAz?$AA?$AN?$AA?6?$AA?$AA@ 00015250     bspcmn:bspargs.obj
 0001:00004288       ??_C@_1DI@OCHCCMPN@?$AA?5?$AA?5?$AA?5?$AA?5?$AAU?$AAT?$AAM?$AAI?$AA0?$AA?5?$AA?5?$AA?5?$AA?5?$AA?5?$AA?5?$AA?5?$AA?$DN?$AA?5?$AA?$CF?$AA1?$AA0?$AAd?$AA?5?$AAH?$AAz?$AA?$AN?$AA?6?$AA?$AA@ 00015288     bspcmn:bspargs.obj
 0001:000042c0       ??_C@_1DI@BNMGLDCC@?$AA?5?$AA?5?$AA?5?$AA?5?$AAS?$AAP?$AAD?$AAI?$AAF?$AA?5?$AA?5?$AA?5?$AA?5?$AA?5?$AA?5?$AA?5?$AA?$DN?$AA?5?$AA?$CF?$AA1?$AA0?$AAd?$AA?5?$AAH?$AAz?$AA?$AN?$AA?6?$AA?$AA@ 000152c0     bspcmn:bspargs.obj
 0001:000042f8       ??_C@_1DI@OHNGJIFE@?$AA?5?$AA?5?$AA?5?$AA?5?$AAL?$AAC?$AAD?$AAI?$AAF?$AA?5?$AA?5?$AA?5?$AA?5?$AA?5?$AA?5?$AA?5?$AA?$DN?$AA?5?$AA?$CF?$AA1?$AA0?$AAd?$AA?5?$AAH?$AAz?$AA?$AN?$AA?6?$AA?$AA@ 000152f8     bspcmn:bspargs.obj
 0001:00004330       ??_C@_1DI@DMNGCKEA@?$AA?5?$AA?5?$AA?5?$AA?5?$AAH?$AAS?$AAA?$AAD?$AAC?$AA?5?$AA?5?$AA?5?$AA?5?$AA?5?$AA?5?$AA?5?$AA?$DN?$AA?5?$AA?$CF?$AA1?$AA0?$AAd?$AA?5?$AAH?$AAz?$AA?$AN?$AA?6?$AA?$AA@ 00015330     bspcmn:bspargs.obj
 0001:00004368       ??_C@_1DI@CEFNFPPE@?$AA?5?$AA?5?$AA?5?$AA?5?$AAG?$AAP?$AAM?$AAI?$AA?5?$AA?5?$AA?5?$AA?5?$AA?5?$AA?5?$AA?5?$AA?5?$AA?$DN?$AA?5?$AA?$CF?$AA1?$AA0?$AAd?$AA?5?$AAH?$AAz?$AA?$AN?$AA?6?$AA?$AA@ 00015368     bspcmn:bspargs.obj
 0001:000043a0       ??_C@_1DI@BBIODEAL@?$AA?5?$AA?5?$AA?5?$AA?5?$AAS?$AAS?$AAP?$AA3?$AA?5?$AA?5?$AA?5?$AA?5?$AA?5?$AA?5?$AA?5?$AA?5?$AA?$DN?$AA?5?$AA?$CF?$AA1?$AA0?$AAd?$AA?5?$AAH?$AAz?$AA?$AN?$AA?6?$AA?$AA@ 000153a0     bspcmn:bspargs.obj
 0001:000043d8       ??_C@_1DI@LALHLAOF@?$AA?5?$AA?5?$AA?5?$AA?5?$AAS?$AAS?$AAP?$AA2?$AA?5?$AA?5?$AA?5?$AA?5?$AA?5?$AA?5?$AA?5?$AA?5?$AA?$DN?$AA?5?$AA?$CF?$AA1?$AA0?$AAd?$AA?5?$AAH?$AAz?$AA?$AN?$AA?6?$AA?$AA@ 000153d8     bspcmn:bspargs.obj
 0001:00004410       ??_C@_1DI@IIIMDLJG@?$AA?5?$AA?5?$AA?5?$AA?5?$AAS?$AAS?$AAP?$AA1?$AA?5?$AA?5?$AA?5?$AA?5?$AA?5?$AA?5?$AA?5?$AA?5?$AA?$DN?$AA?5?$AA?$CF?$AA1?$AA0?$AAd?$AA?5?$AAH?$AAz?$AA?$AN?$AA?6?$AA?$AA@ 00015410     bspcmn:bspargs.obj
 0001:00004448       ??_C@_1DI@CJLFLPHI@?$AA?5?$AA?5?$AA?5?$AA?5?$AAS?$AAS?$AAP?$AA0?$AA?5?$AA?5?$AA?5?$AA?5?$AA?5?$AA?5?$AA?5?$AA?5?$AA?$DN?$AA?5?$AA?$CF?$AA1?$AA0?$AAd?$AA?5?$AAH?$AAz?$AA?$AN?$AA?6?$AA?$AA@ 00015448     bspcmn:bspargs.obj
 0001:00004480       ??_C@_1DI@LHOECDEJ@?$AA?5?$AA?5?$AA?5?$AA?5?$AAE?$AAM?$AAI?$AA?5?$AA?5?$AA?5?$AA?5?$AA?5?$AA?5?$AA?5?$AA?5?$AA?5?$AA?$DN?$AA?5?$AA?$CF?$AA1?$AA0?$AAd?$AA?5?$AAH?$AAz?$AA?$AN?$AA?6?$AA?$AA@ 00015480     bspcmn:bspargs.obj
 0001:000044b8       ??_C@_1DI@LJHOCJHM@?$AA?5?$AA?5?$AA?5?$AA?5?$AAE?$AAT?$AAM?$AA?5?$AA?5?$AA?5?$AA?5?$AA?5?$AA?5?$AA?5?$AA?5?$AA?5?$AA?$DN?$AA?5?$AA?$CF?$AA1?$AA0?$AAd?$AA?5?$AAH?$AAz?$AA?$AN?$AA?6?$AA?$AA@ 000154b8     bspcmn:bspargs.obj
 0001:000044f0       ??_C@_1DI@CINEJHCE@?$AA?5?$AA?5?$AA?5?$AA?5?$AAX?$AA_?$AAC?$AAL?$AAk?$AA?5?$AA?5?$AA?5?$AA?5?$AA?5?$AA?5?$AA?5?$AA?$DN?$AA?5?$AA?$CF?$AA1?$AA0?$AAd?$AA?5?$AAH?$AAz?$AA?$AN?$AA?6?$AA?$AA@ 000154f0     bspcmn:bspargs.obj
 0001:00004528       ??_C@_1DI@HHJHFHNL@?$AA?5?$AA?5?$AA?5?$AA?5?$AAH?$AA_?$AAC?$AAL?$AAK?$AA?5?$AA?5?$AA?5?$AA?5?$AA?5?$AA?5?$AA?5?$AA?$DN?$AA?5?$AA?$CF?$AA1?$AA0?$AAd?$AA?5?$AAH?$AAz?$AA?$AN?$AA?6?$AA?$AA@ 00015528     bspcmn:bspargs.obj
 0001:00004560       ??_C@_1DI@CMJFPGDI@?$AA?5?$AA?5?$AA?5?$AA?5?$AAP?$AA_?$AAC?$AAL?$AAK?$AA?5?$AA?5?$AA?5?$AA?5?$AA?5?$AA?5?$AA?5?$AA?$DN?$AA?5?$AA?$CF?$AA1?$AA0?$AAd?$AA?5?$AAH?$AAz?$AA?$AN?$AA?6?$AA?$AA@ 00015560     bspcmn:bspargs.obj
 0001:00004598       ??_C@_1DI@NJCLKFAB@?$AA?5?$AA?5?$AA?5?$AA?5?$AAR?$AAE?$AAF?$AA_?$AAE?$AAN?$AAE?$AAT?$AA_?$AAP?$AAL?$AAL?$AA?$DN?$AA?5?$AA?$CF?$AA1?$AA0?$AAd?$AA?5?$AAH?$AAz?$AA?$AN?$AA?6?$AA?$AA@ 00015598     bspcmn:bspargs.obj
 0001:000045d0       ??_C@_1DI@OMLMMELO@?$AA?5?$AA?5?$AA?5?$AA?5?$AAR?$AAE?$AAF?$AA_?$AAX?$AAT?$AAA?$AAL?$AA?5?$AA?5?$AA?5?$AA?5?$AA?$DN?$AA?5?$AA?$CF?$AA1?$AA0?$AAd?$AA?5?$AAH?$AAz?$AA?$AN?$AA?6?$AA?$AA@ 000155d0     bspcmn:bspargs.obj
 0001:00004608       ??_C@_1DI@PJECOPHF@?$AA?5?$AA?5?$AA?5?$AA?5?$AAR?$AAE?$AAF?$AA_?$AAP?$AAL?$AAL?$AA?5?$AA?5?$AA?5?$AA?5?$AA?5?$AA?$DN?$AA?5?$AA?$CF?$AA1?$AA0?$AAd?$AA?5?$AAH?$AAz?$AA?$AN?$AA?6?$AA?$AA@ 00015608     bspcmn:bspargs.obj
 0001:00004640       ??_C@_1DI@DNNOLEPE@?$AA?5?$AA?5?$AA?5?$AA?5?$AAR?$AAE?$AAF?$AA_?$AAG?$AAP?$AAM?$AAI?$AA?5?$AA?5?$AA?5?$AA?5?$AA?$DN?$AA?5?$AA?$CF?$AA1?$AA0?$AAd?$AA?5?$AAH?$AAz?$AA?$AN?$AA?6?$AA?$AA@ 00015640     bspcmn:bspargs.obj
 0001:00004678       ??_C@_1DI@HHKINLFE@?$AA?5?$AA?5?$AA?5?$AA?5?$AAR?$AAE?$AAF?$AA_?$AAH?$AAS?$AAA?$AAD?$AAC?$AA?5?$AA?5?$AA?5?$AA?$DN?$AA?5?$AA?$CF?$AA1?$AA0?$AAd?$AA?5?$AAH?$AAz?$AA?$AN?$AA?6?$AA?$AA@ 00015678     bspcmn:bspargs.obj
 0001:000046b0       ??_C@_1DI@PGGLNFBH@?$AA?5?$AA?5?$AA?5?$AA?5?$AAR?$AAE?$AAF?$AA_?$AAP?$AAI?$AAX?$AA?5?$AA?5?$AA?5?$AA?5?$AA?5?$AA?$DN?$AA?5?$AA?$CF?$AA1?$AA0?$AAd?$AA?5?$AAH?$AAz?$AA?$AN?$AA?6?$AA?$AA@ 000156b0     bspcmn:bspargs.obj
 0001:000046e8       ??_C@_1DI@IDKPOHCP@?$AA?5?$AA?5?$AA?5?$AA?5?$AAR?$AAE?$AAF?$AA_?$AAI?$AAO?$AA1?$AA?5?$AA?5?$AA?5?$AA?5?$AA?5?$AA?$DN?$AA?5?$AA?$CF?$AA1?$AA0?$AAd?$AA?5?$AAH?$AAz?$AA?$AN?$AA?6?$AA?$AA@ 000156e8     bspcmn:bspargs.obj
 0001:00004720       ??_C@_1DI@BGNPDDLK@?$AA?5?$AA?5?$AA?5?$AA?5?$AAR?$AAE?$AAF?$AA_?$AAI?$AAO?$AA0?$AA?5?$AA?5?$AA?5?$AA?5?$AA?5?$AA?$DN?$AA?5?$AA?$CF?$AA1?$AA0?$AAd?$AA?5?$AAH?$AAz?$AA?$AN?$AA?6?$AA?$AA@ 00015720     bspcmn:bspargs.obj
 0001:00004758       ??_C@_1DI@FCMIEMPD@?$AA?5?$AA?5?$AA?5?$AA?5?$AAR?$AAE?$AAF?$AA_?$AAE?$AAM?$AAI?$AA?5?$AA?5?$AA?5?$AA?5?$AA?5?$AA?$DN?$AA?5?$AA?$CF?$AA1?$AA0?$AAd?$AA?5?$AAH?$AAz?$AA?$AN?$AA?6?$AA?$AA@ 00015758     bspcmn:bspargs.obj
 0001:00004790       ??_C@_1DI@HKOLKPFE@?$AA?5?$AA?5?$AA?5?$AA?5?$AAR?$AAE?$AAF?$AA_?$AAC?$AAP?$AAU?$AA?5?$AA?5?$AA?5?$AA?5?$AA?5?$AA?$DN?$AA?5?$AA?$CF?$AA1?$AA0?$AAd?$AA?5?$AAH?$AAz?$AA?$AN?$AA?6?$AA?$AA@ 00015790     bspcmn:bspargs.obj
 0001:000047c8       ??_C@_1DI@GGBLJJCN@?$AA?5?$AA?5?$AA?5?$AA?5?$AAP?$AAL?$AAL?$AA2?$AA?5?$AA?5?$AA?5?$AA?5?$AA?5?$AA?5?$AA?5?$AA?5?$AA?$DN?$AA?5?$AA?$CF?$AA1?$AA0?$AAd?$AA?5?$AAH?$AAz?$AA?$AN?$AA?6?$AA?$AA@ 000157c8     bspcmn:bspargs.obj
 0001:00004800       ??_C@_1DI@FOCABCFO@?$AA?5?$AA?5?$AA?5?$AA?5?$AAP?$AAL?$AAL?$AA1?$AA?5?$AA?5?$AA?5?$AA?5?$AA?5?$AA?5?$AA?5?$AA?5?$AA?$DN?$AA?5?$AA?$CF?$AA1?$AA0?$AAd?$AA?5?$AAH?$AAz?$AA?$AN?$AA?6?$AA?$AA@ 00015800     bspcmn:bspargs.obj
 0001:00004838       ??_C@_1DI@PPBJJGLA@?$AA?5?$AA?5?$AA?5?$AA?5?$AAP?$AAL?$AAL?$AA0?$AA?5?$AA?5?$AA?5?$AA?5?$AA?5?$AA?5?$AA?5?$AA?5?$AA?$DN?$AA?5?$AA?$CF?$AA1?$AA0?$AAd?$AA?5?$AAH?$AAz?$AA?$AN?$AA?6?$AA?$AA@ 00015838     bspcmn:bspargs.obj
 0001:00004870       ??_C@_1DG@IJHKIPGD@?$AAB?$AAS?$AAP?$AA?5?$AAC?$AAl?$AAo?$AAc?$AAk?$AA?5?$AAC?$AAo?$AAn?$AAf?$AAi?$AAg?$AAu?$AAr?$AAa?$AAt?$AAi?$AAo?$AAn?$AA?3?$AA?$AN?$AA?6?$AA?$AA@ 00015870     bspcmn:bspargs.obj
 0001:00004938       ??_C@_0CM@HCKAPHGI@ERROR?3?5Failed?5to?5load?5OS?5image?5f@ 00015938     bootcmn:main.obj
 0001:00004964       ??_C@_0CN@MKBLLODK@ERROR?3?5Failed?5to?5load?5IPL?5image?5@ 00015964     bootcmn:main.obj
 0001:00004994       ??_C@_0CO@CLCHIGDN@ERROR?3?5Failed?5to?5load?5OS?5image?5f@ 00015994     bootcmn:main.obj
 0001:000049c4       ??_C@_06IIIPPAML@nk?4bin?$AA@ 000159c4     bootcmn:main.obj
 0001:000049cc       ??_C@_0BJ@FLANOMJL@SDMMCDownload?5?3?5nk?4bin?$AN?6?$AA@ 000159cc     bootcmn:main.obj
 0001:000049e8       ??_C@_09OOAOCIDI@eboot?4bin?$AA@ 000159e8     bootcmn:main.obj
 0001:000049f4       ??_C@_0BM@FKJPJMCN@SDMMCDownload?5?3?5eboot?4bin?$AN?6?$AA@ 000159f4     bootcmn:main.obj
 0001:00004a10       ??_C@_08LPHMODDP@xldr?4bin?$AA@ 00015a10     bootcmn:main.obj
 0001:00004a1c       ??_C@_0BL@HEDOEKEA@SDMMCDownload?5?3?5xldr?4bin?$AN?6?$AA@ 00015a1c     bootcmn:main.obj
 0001:00004a38       ??_C@_0DB@OPLKFPCH@Received?5boot?5request?5ack?4?4?4?5sta@ 00015a38     bootcmn:main.obj
 0001:00004a6c       ??_C@_0DA@MDAAKDGO@Received?5boot?5request?5ack?4?4?4?5jum@ 00015a6c     bootcmn:main.obj
 0001:00004a9c       ??_C@_0BO@GOCJJNNJ@Failed?5to?5send?5boot?5request?$AN?6?$AA@ 00015a9c     bootcmn:main.obj
 0001:00004abc       ??_C@_0BK@KJKLPNKO@Sending?5boot?5request?4?4?4?$AN?6?$AA@ 00015abc     bootcmn:main.obj
 0001:00004ad8       ??_C@_05PPGMDGHO@iMX28?$AA@ 00015ad8     bootcmn:main.obj
 0001:00004ae0       ??_C@_0BP@KFHIKLKI@INFO?3?5Using?5device?5name?3?5?8?$CFs?8?6?$AA@ 00015ae0     bootcmn:main.obj
 0001:00004b00       ??_C@_0DM@OFHKNIAN@Specify?5EBOOT?5destination?5?$FL1?5?$DN?5N@ 00015b00     bootcmn:main.obj
 0001:00004b3c       ??_C@_0DN@EFKGNOEL@?$AN?6WARNING?3?5Unsupported?5binary?5fo@ 00015b3c     bootcmn:main.obj
 0001:00004b7c       ??_C@_0CD@BDBOCALK@?$AN?6INFO?3?5NK?5NB0?5remapped?5to?50x?$CFx?4@ 00015b7c     bootcmn:main.obj
 0001:00004ba0       ??_C@_0EB@MAAMKOCF@Specify?5destination?5for?5NK?5NB0?5?$FL@ 00015ba0     bootcmn:main.obj
 0001:00004be4       ??_C@_06OKDENAEI@nk?4nb0?$AA@ 00015be4     bootcmn:main.obj
 0001:00004bec       ??_C@_0O@OFFIECGK@eboot_ivt?4msb?$AA@ 00015bec     bootcmn:main.obj
 0001:00004bfc       ??_C@_09LGJFBME@eboot?4msb?$AA@ 00015bfc     bootcmn:main.obj
 0001:00004c08       ??_C@_0EF@MBMCDLHM@INFO?3?5OEMMultiBINNotify?5?$CIdwNumRe@ 00015c08     bootcmn:main.obj
 0001:00004c50       ??_C@_0CD@ELMGDNGD@INFO?3?5OEMReportError?5Reason?50x?$CFx@ 00015c50     bootcmn:main.obj
 0001:00004c74       ??_C@_0CP@GAKENIGB@ERROR?3?5Image?5not?5aligned?5in?5NAND@ 00015c74     bootcmn:main.obj
 0001:00004ca4       ??_C@_0CA@OFFHNLCK@ERROR?3?5Invalid?5address?5range?4?$AN?6?$AA@ 00015ca4     bootcmn:main.obj
 0001:00004cc4       ??_C@_0CF@HCMGOJNF@INFO?3?5Downloading?5NK?5SD?1MMC?5imag@ 00015cc4     bootcmn:main.obj
 0001:00004cec       ??_C@_0CF@KOKMFKAN@INFO?3?5Downloading?5SB?5SD?1MMC?5imag@ 00015cec     bootcmn:main.obj
 0001:00004d14       ??_C@_0CC@JCIKJLGP@INFO?3?5Downloading?5NK?5RAM?5image?4?$AN@ 00015d14     bootcmn:main.obj
 0001:00004d38       ??_C@_0CL@FPFPCCPD@INFO?3?5Downloading?5EBOOT?1SBOOT?5NO@ 00015d38     bootcmn:main.obj
 0001:00004d64       ??_C@_0CD@CCLLAHMG@INFO?3?5Downloading?5NK?5NAND?5image?4@ 00015d64     bootcmn:main.obj
 0001:00004d88       ??_C@_0CD@PKCPDDHH@INFO?3?5Downloading?5SB?5NAND?5image?4@ 00015d88     bootcmn:main.obj
 0001:00004dac       ??_C@_0DO@IAHEPFAH@INFO?3?5OEMVerifyMemory?5?$CICA?5?$DN?50x?$CFx@ 00015dac     bootcmn:main.obj
 0001:00004dec       ??_C@_0CE@PDFEDJGG@INFO?3?5Downloading?5DIO?5NAND?5image@ 00015dec     bootcmn:main.obj
 0001:00004e10       ??_C@_0DG@PBAIANGJ@ERROR?3?5StoreBootCFG?3?5failed?5to?5w@ 00015e10     bootcmn:main.obj
 0001:00004e48       ??_C@_0FG@GFJDGOLO@ERROR?3?5LoadBootCFG?3?5ConfigMagicN@ 00015e48     bootcmn:main.obj
 0001:00004ea0       ??_C@_0DE@GGGDJLON@ERROR?3?5LoadBootCFG?3?5failed?5to?5lo@ 00015ea0     bootcmn:main.obj
 0001:00004ed8       ??_C@_0EG@ONBBNGDF@ERROR?3?5flash?5initialization?5fail@ 00015ed8     bootcmn:main.obj
 0001:00004f20       ??_C@_1DM@BAGPABKI@?$AAI?$AAN?$AAF?$AAO?$AA?3?$AA?5?$AAB?$AAo?$AAo?$AAt?$AAe?$AAd?$AA?5?$AAf?$AAr?$AAo?$AAm?$AA?5?$AAS?$AAP?$AAI?$AA?5?$AAF?$AAl?$AAa?$AAs?$AAh?$AA?$AN?$AA?6?$AA?$AA@ 00015f20     bootcmn:main.obj
 0001:00004f5c       ??_C@_1DG@ENMNLHGO@?$AAI?$AAN?$AAF?$AAO?$AA?3?$AA?5?$AAB?$AAo?$AAo?$AAt?$AAe?$AAd?$AA?5?$AAf?$AAr?$AAo?$AAm?$AA?5?$AAS?$AAD?$AA?1?$AAM?$AAM?$AAC?$AA?$AN?$AA?6?$AA?$AA@ 00015f5c     bootcmn:main.obj
 0001:00004f94       ??_C@_0DJ@GFMMKLL@OEMPlatformInit?3?5SWITCH?5SDHC?5dev@ 00015f94     bootcmn:main.obj
 0001:00004fd0       ??_C@_0DO@IBPAEPAI@WARNING?3?5OEMPlatformInit?3?5Failed@ 00015fd0     bootcmn:main.obj
 0001:00005010       ??_C@_0DI@FJCDBJCA@INFO?3?5OEMPlatformInit?3?5Initializ@ 00016010     bootcmn:main.obj
 0001:00005048       ??_C@_0EE@KIMOANOM@WARNING?3?5OEMPlatformInit?3?5Failed@ 00016048     bootcmn:main.obj
 0001:0000508c       ??_C@_1CI@CDFHJMJB@?$AAA?$AAp?$AAb?$AAh?$AAD?$AAm?$AAa?$AAI?$AAn?$AAi?$AAt?$AA?5?$AAf?$AAa?$AAi?$AAl?$AAe?$AAd?$AA?$CB?$AA?$AA@ 0001608c     bootcmn:main.obj
 0001:000050b4       ??_C@_1CG@HJKJMKDE@?$AAI?$AAo?$AAm?$AAu?$AAx?$AAA?$AAl?$AAl?$AAo?$AAc?$AA?5?$AAf?$AAa?$AAi?$AAl?$AAe?$AAd?$AA?$CB?$AA?$AA@ 000160b4     bootcmn:main.obj
 0001:000050dc       ??_C@_1CK@EHOOBGCH@?$AAA?$AAp?$AAb?$AAh?$AAD?$AAm?$AAa?$AAA?$AAl?$AAl?$AAo?$AAc?$AA?5?$AAf?$AAa?$AAi?$AAl?$AAe?$AAd?$AA?$CB?$AA?$AA@ 000160dc     bootcmn:main.obj
 0001:00005108       ??_C@_1HG@KNIEFDBA@?$AAD?$AA?3?$AA?2?$AAW?$AAI?$AAN?$AAC?$AAE?$AA6?$AA0?$AA0?$AA?2?$AAp?$AAl?$AAa?$AAt?$AAf?$AAo?$AAr?$AAm?$AA?2?$AAE?$AAM?$AA9?$AA2?$AA8?$AA0?$AA?2?$AAs?$AAr?$AAc?$AA?2@ 00016108     bootcmn:main.obj
 0001:00005180       ??_C@_1CI@INOGGKEB@?$AAC?$AAl?$AAo?$AAc?$AAk?$AAI?$AAn?$AAi?$AAt?$AA?$CI?$AA?$CJ?$AA?5?$AAf?$AAa?$AAi?$AAl?$AAe?$AAd?$AA?$CB?$AA?$AA@ 00016180     bootcmn:main.obj
 0001:000051a8       ??_C@_06MHMFDNCL@?$AN?6?$AN?6?$AN?6?$AA@ 000161a8     bootcmn:main.obj
 0001:000051b0       ??_C@_0EE@NJJIECID@Download?5successful?$CB?5?5Jumping?5to@ 000161b0     bootcmn:main.obj
 0001:000051f4       ??_C@_0CF@MOBEJGCC@OEMLaunch?5called?5PhysAddress?50x?$CF@ 000161f4     bootcmn:main.obj
 0001:000052b0       ??_C@_0DM@IJMJADOL@ERROR?3?5Failed?5to?5initialize?5Rndi@ 000162b0     bootcmn:ether.obj
 0001:000052ec       ??_C@_0CK@CODIHID@INFO?3?5Trying?5to?5initialize?5USB?5R@ 000162ec     bootcmn:ether.obj
 0001:00005318       ??_C@_0CO@KHBNOFPK@ERROR?3?5Failed?5to?5initialize?5ENET@ 00016318     bootcmn:ether.obj
 0001:00005348       ??_C@_0CF@NBGPOILO@INFO?3?5ENET?5controller?5initialize@ 00016348     bootcmn:ether.obj
 0001:00005370       ??_C@_0CP@JJDMIFDB@ERROR?3?5Failed?5to?5initialize?5ENET@ 00016370     bootcmn:ether.obj
 0001:000053a0       ??_C@_0DM@EJPJMAEJ@ERROR?3?5Failed?5to?5initialize?5USB?5@ 000163a0     bootcmn:ether.obj
 0001:000053e0       ??_C@_0EC@PJLCGLI@ERROR?3?5Failed?5to?5detect?5and?5init@ 000163e0     bootcmn:ether.obj
 0001:00005428       ??_C@_0EJ@OHBNOOGC@ERROR?3?5Failed?5to?5initialize?5unkn@ 00016428     bootcmn:ether.obj
 0001:00005474       ??_C@_0BL@PPCNCPOO@?$CLInitSpecifiedEthDevice?5?$AN?6?$AA@ 00016474     bootcmn:ether.obj
 0001:00005520       ??_C@_0BB@MEBHIIAP@SpinForever?4?4?4?$AN?6?$AA@ 00016520     bootcmn:utils.obj
 0001:00005534       ??_C@_0BO@LOAGLJOJ@Do?5you?5want?5to?5reset?5?$FLY?2N?$FN?5?$AN?6?$AA@ 00016534     bootcmn:utils.obj
 0001:00005558       ??_C@_1FI@FDCAIHJP@?$AAE?$AAR?$AAR?$AAO?$AAR?$AA?3?$AA?5?$AAI?$AAn?$AAi?$AAt?$AAR?$AAT?$AAC?$AA?3?$AA?5?$AAp?$AAv?$AA_?$AAH?$AAW?$AAr?$AAe?$AAg?$AAR?$AAT?$AAC?$AA?5?$AAn?$AAu?$AAl?$AAl@ 00016558     bootcmn:utils.obj
 0001:000055b0       ??_C@_0DF@JLKFBNBO@?$AN?6Enter?5maximum?5number?5of?5second@ 000165b0     bootcmn:utils.obj
 0001:00005678       ??_C@_0CA@PFBHAHMM@Reboot?5the?5device?5manually?4?4?4?$AN?6?$AA@ 00016678     bootcmn:flash.obj
 0001:00005698       ??_C@_0CC@GOAJDIEC@Flash?5update?5has?5been?5canceled?4?$AN@ 00016698     bootcmn:flash.obj
 0001:000056bc       ??_C@_0CF@LCADLHGN@?$AN?6WARNING?3?5Flash?5update?5requeste@ 000166bc     bootcmn:flash.obj
 0001:000056e4       ??_C@_0CA@IKNJPMAI@Do?5you?5want?5to?5continue?5?$CIy?1n?$CJ?$DP?5?$AA@ 000166e4     bootcmn:flash.obj
 0001:00005798       ??_C@_0DC@OJJELBIH@EBOOT?3?5EBOOT_SetupPIXClock?5pv_HW@ 00016798     bootcmn:display.obj
 0001:000057cc       ??_C@_0BK@DNPGIHGB@EBOOT?3?5pv_HWRegPWM?5NULL?5?6?$AA@ 000167cc     bootcmn:display.obj
 0001:000057e8       ??_C@_1GA@MMDMEPAD@?$AAE?$AAR?$AAR?$AAO?$AAR?$AA?5?$AAp?$AAB?$AAm?$AAI?$AAH?$AA?9?$AA?$DO?$AAb?$AAi?$AAB?$AAi?$AAt?$AAC?$AAo?$AAu?$AAn?$AAt?$AA?$DN?$AA0?$AAx?$AA?$CF?$AAx?$AA?5?$AAE?$AAx?$AAp@ 000167e8     bootcmn:display.obj
 0001:00005848       ??_C@_0BK@NMJNMHGA@ERROR?3?5Not?5a?5bmp?5file?4?5?$AN?6?$AA@ 00016848     bootcmn:display.obj
 0001:00005864       ??_C@_1CC@KOJFMIFD@?$AAp?$AAB?$AAm?$AAp?$AAF?$AAi?$AAl?$AAe?$AA?5?$AA0?$AAx?$AA?$CF?$AAx?$AA?5?$AA?$AN?$AA?6?$AA?$AA@ 00016864     bootcmn:display.obj
 0001:00005888       ??_C@_1GE@NIECBCBO@?$AA?9?$AA?$DO?$AAF?$AAi?$AAn?$AAd?$AAB?$AAM?$AAP?$AA?3?$AA?3?$AAo?$AAn?$AAl?$AAy?$AA?5?$AA8?$AAb?$AAp?$AAp?$AA?0?$AA?5?$AAW?$AAi?$AAd?$AAt?$AAh?$AA?5?$AA?$DM?$AA?5?$AA8?$AA0@ 00016888     bootcmn:display.obj
 0001:000058f0       ??_C@_1FI@NIPIDFPE@?$AA?9?$AA?$DO?$AAF?$AAi?$AAn?$AAd?$AAB?$AAM?$AAP?$AA?3?$AA?3?$AA?$CF?$AAd?$AAx?$AA?$CF?$AAd?$AA?0?$AA?5?$AAb?$AAf?$AAO?$AAf?$AAf?$AAB?$AAi?$AAt?$AAs?$AA?$DN?$AA?$CF?$AAd?$AA?0?$AA?5@ 000168f0     bootcmn:display.obj
 0001:00005948       ??_C@_1DI@CNKBPHAI@?$AAF?$AAi?$AAn?$AAd?$AAB?$AAM?$AAP?$AA?3?$AA?3?$AAn?$AAo?$AA?5?$AAB?$AAM?$AAP?$AA?5?$AAf?$AAi?$AAl?$AAe?$AA?5?$AA0?$AAx?$AA?$CF?$AAx?$AA?$AN?$AA?6?$AA?$AA@ 00016948     bootcmn:display.obj
 0001:00005980       ??_C@_1BI@GBKEJLAC@?$AA?9?$AA?$DO?$AAF?$AAi?$AAn?$AAd?$AAB?$AAM?$AAP?$AA?$AN?$AA?6?$AA?$AA@ 00016980     bootcmn:display.obj
 0001:00005998       ??_C@_1FK@GOBGOLGG@?$AAF?$AAi?$AAn?$AAd?$AAB?$AAM?$AAP?$AA?3?$AA?3?$AAN?$AAa?$AAn?$AAd?$AAL?$AAo?$AAg?$AAB?$AAl?$AAo?$AAc?$AAk?$AA?$DN?$AA0?$AAx?$AA?$CF?$AAx?$AA?0?$AA?5?$AAB?$AAM?$AAP?$AAB@ 00016998     bootcmn:display.obj
 0001:000059f4       ??_C@_0CO@EEFGKJDA@EBOOT?3?5DisplayInit?$CL?$CL?5?3BSP_DISPLA@ 000169f4     bootcmn:display.obj
 0001:00005a24       ??_C@_0CK@PFALKPNK@EBOOT?3?5the?5BMP?5format?5is?5not?5sup@ 00016a24     bootcmn:display.obj
 0001:00005a50       ??_C@_0CL@LAMGPFGK@INFO?3eboot?5display?0?5pv_HWregPOWE@ 00016a50     bootcmn:display.obj
 0001:00005b10       ??_C@_0DE@HMGDPIPD@ERROR?3?5LogBlockAddr?5exceed?5flash@ 00016b10     bootcmn:nand.obj
 0001:00005b44       ??_C@_1BO@FIBBIMKG@?$AAF?$AAa?$AAt?$AAa?$AAl?$AA?5?$AAE?$AAr?$AAr?$AAo?$AAr?$AA?$CB?$AA?$AN?$AA?6?$AA?$AA@ 00016b44     bootcmn:nand.obj
 0001:00005b64       ??_C@_1DC@EFNGNFDP@?$AA?5?$AAg?$AAe?$AAt?$AA?5?$AAg?$AAo?$AAo?$AAd?$AA?5?$AAb?$AAl?$AAo?$AAc?$AAk?$AA?5?$AAf?$AAa?$AAi?$AAl?$AAe?$AAd?$AA?$AN?$AA?6?$AA?$AA@ 00016b64     bootcmn:nand.obj
 0001:00005b98       ??_C@_1DG@HLBMPHBJ@?$AAf?$AAa?$AAi?$AAl?$AAe?$AAd?$AA?5?$AAw?$AAr?$AAi?$AAt?$AAe?$AA?5?$AAs?$AAe?$AAc?$AAt?$AAo?$AAr?$AA?5?$AA0?$AAx?$AA?$CF?$AAx?$AA?$AN?$AA?6?$AA?$AA@ 00016b98     bootcmn:nand.obj
 0001:00005bd0       ??_C@_1HG@KCPJHBHK@?$AAD?$AA?3?$AA?2?$AAW?$AAI?$AAN?$AAC?$AAE?$AA6?$AA0?$AA0?$AA?2?$AAp?$AAl?$AAa?$AAt?$AAf?$AAo?$AAr?$AAm?$AA?2?$AAE?$AAM?$AA9?$AA2?$AA8?$AA0?$AA?2?$AAs?$AAr?$AAc?$AA?2@ 00016bd0     bootcmn:nand.obj
 0001:00005c48       ??_C@_1EI@GGKJIGAB@?$AAe?$AAr?$AAa?$AAs?$AAe?$AA?5?$AAb?$AAl?$AAo?$AAc?$AAk?$AA?5?$AA?$CF?$AAd?$AA?5?$AAf?$AAa?$AAi?$AAl?$AAe?$AAd?$AA?0?$AA?5?$AAs?$AAe?$AAt?$AA?5?$AAt?$AAo?$AA?5?$AAb?$AAa@ 00016c48     bootcmn:nand.obj
 0001:00005c90       ??_C@_1DA@MBJEAJHA@?$AAw?$AAr?$AAi?$AAt?$AAe?$AA?5?$AAN?$AAC?$AAB?$AA?$CG?$AAL?$AAD?$AAL?$AAB?$AA?5?$AAf?$AAa?$AAi?$AAl?$AAe?$AAd?$AA?$AN?$AA?6?$AA?$AA@ 00016c90     bootcmn:nand.obj
 0001:00005cc0       ??_C@_0CB@PJJBOHIF@INFO?3?5Verifying?5image?5succeed?4?$AN?6@ 00016cc0     bootcmn:nand.obj
 0001:00005ce4       ??_C@_0DF@GLCFHIFE@INFO?3?5Updating?5of?5SB?5image?5compl@ 00016ce4     bootcmn:nand.obj
 0001:00005d1c       ??_C@_0BA@NCPBHDJI@?$DM?9NANDWriteSB?$AN?6?$AA@ 00016d1c     bootcmn:nand.obj
 0001:00005d2c       ??_C@_0BM@CHIKNEBM@INFO?3?5Write?5NCB?5and?5DBBT?4?$AN?6?$AA@ 00016d2c     bootcmn:nand.obj
 0001:00005d48       ??_C@_0CH@DLBGIHNI@ERROR?3?5Failed?5to?5update?5EBOOT?1SB@ 00016d48     bootcmn:nand.obj
 0001:00005d70       ??_C@_0CL@HLKKIBHF@NAND?5flash?5block?5?$FL0x?$CFx?$FN?5isn?8t?5re@ 00016d70     bootcmn:nand.obj
 0001:00005da0       ??_C@_0EO@BAEDCIAJ@INFO?3?5Programming?5NAND?5flash?5blo@ 00016da0     bootcmn:nand.obj
 0001:00005df0       ??_C@_1GG@LKHJIGD@?$AAN?$AAA?$AAN?$AAD?$AAW?$AAr?$AAi?$AAt?$AAe?$AAS?$AAB?$AA?3?$AA?3?$AAG?$AAe?$AAt?$AAG?$AAo?$AAo?$AAd?$AAP?$AAh?$AAy?$AAB?$AAl?$AAo?$AAc?$AAk?$AA?5?$AAf?$AAa?$AAi@ 00016df0     bootcmn:nand.obj
 0001:00005e58       ??_C@_0EP@LDPGGPIN@INFO?3?5Programming?5Firmware?4sb?5im@ 00016e58     bootcmn:nand.obj
 0001:00005ea8       ??_C@_0DO@LHIODLEE@ERROR?3?5Boot?5size?5exceeds?5reserve@ 00016ea8     bootcmn:nand.obj
 0001:00005ee8       ??_C@_0DE@DFOAOGPK@INFO?3?5Writing?5Boot?5image?5to?5NAND@ 00016ee8     bootcmn:nand.obj
 0001:00005f1c       ??_C@_0BA@MPKBCJKB@?9?$DONANDWriteSB?$AN?6?$AA@ 00016f1c     bootcmn:nand.obj
 0001:00005fc0       ??_C@_1GE@GAMNDEOF@?$AAI?$AAN?$AAF?$AAO?$AA?3?$AA?5?$AAU?$AAp?$AAd?$AAa?$AAt?$AAe?$AA?5?$AAo?$AAf?$AA?5?$AAE?$AAB?$AAO?$AAO?$AAT?$AA?5?$AAc?$AAo?$AAm?$AAp?$AAl?$AAe?$AAt?$AAe?$AAd?$AA?5@ 00016fc0     bootcmn:sdmmc.obj
 0001:00006028       ??_C@_1EA@JDKCMKCO@?$AAE?$AAR?$AAR?$AAO?$AAR?$AA?3?$AA?5?$AAF?$AAa?$AAi?$AAl?$AAe?$AAd?$AA?5?$AAt?$AAo?$AA?5?$AAv?$AAe?$AAr?$AAi?$AAf?$AAy?$AA?5?$AAE?$AAB?$AAO?$AAO?$AAT?$AA?$AN?$AA?6?$AA?$AA@ 00017028     bootcmn:sdmmc.obj
 0001:00006068       ??_C@_1DM@BPIFMCLA@?$AAE?$AAR?$AAR?$AAO?$AAR?$AA?3?$AA?5?$AAF?$AAa?$AAi?$AAl?$AAe?$AAd?$AA?5?$AAt?$AAo?$AA?5?$AAr?$AAe?$AAa?$AAd?$AA?5?$AAE?$AAB?$AAO?$AAO?$AAT?$AA?$AN?$AA?6?$AA?$AA@ 00017068     bootcmn:sdmmc.obj
 0001:000060a4       ??_C@_1DE@CPANDEFA@?$AA?$AN?$AA?6?$AAI?$AAN?$AAF?$AAO?$AA?3?$AA?5?$AAV?$AAe?$AAr?$AAi?$AAf?$AAy?$AAi?$AAn?$AAg?$AA?5?$AAi?$AAm?$AAa?$AAg?$AAe?$AA?$AN?$AA?6?$AA?$AA@ 000170a4     bootcmn:sdmmc.obj
 0001:000060d8       ??_C@_1EA@DIOIJIPH@?$AAE?$AAR?$AAR?$AAO?$AAR?$AA?3?$AA?5?$AAF?$AAa?$AAi?$AAl?$AAe?$AAd?$AA?5?$AAt?$AAo?$AA?5?$AAu?$AAp?$AAd?$AAa?$AAt?$AAe?$AA?5?$AAE?$AAB?$AAO?$AAO?$AAT?$AA?$AN?$AA?6?$AA?$AA@ 000170d8     bootcmn:sdmmc.obj
 0001:00006118       ??_C@_1CC@CIDEDMCD@?$AAS?$AAD?$AAH?$AAC?$AAW?$AAr?$AAi?$AAt?$AAe?$AAS?$AAB?$AA2?$AAB?$AAP?$AA?$AN?$AA?6?$AA?$AA@ 00017118     bootcmn:sdmmc.obj
 0001:00006140       ??_C@_1FO@NFJLBPCM@?$AAE?$AAR?$AAR?$AAO?$AAR?$AA?3?$AA?5?$AAU?$AAn?$AAa?$AAb?$AAl?$AAe?$AA?5?$AAt?$AAo?$AA?5?$AAg?$AAe?$AAt?$AA?5?$AAS?$AAD?$AAH?$AAC?$AA?5?$AAf?$AAl?$AAa?$AAs?$AAh?$AA?5@ 00017140     bootcmn:sdmmc.obj
 0001:000061a0       ??_C@_1HK@PMKICAA@?$AAW?$AAA?$AAR?$AAN?$AAI?$AAN?$AAG?$AA?3?$AA?5?$AAS?$AAD?$AAH?$AAC?$AA?5?$AAd?$AAe?$AAv?$AAi?$AAc?$AAe?$AA?5?$AAd?$AAo?$AAe?$AAs?$AAn?$AA?8?$AAt?$AA?5?$AAe?$AAx?$AAi@ 000171a0     bootcmn:sdmmc.obj
 0001:0000621c       ??_C@_1DO@HNBNKAOE@?$AAE?$AAR?$AAR?$AAO?$AAR?$AA?3?$AA?5?$AAF?$AAa?$AAi?$AAl?$AAe?$AAd?$AA?5?$AAt?$AAo?$AA?5?$AAe?$AAr?$AAa?$AAs?$AAe?$AA?5?$AAb?$AAl?$AAo?$AAc?$AAk?$AA?$AN?$AA?6?$AA?$AA@ 0001721c     bootcmn:sdmmc.obj
 0001:00006260       ??_C@_1JO@FOINDKLK@?$AAI?$AAN?$AAF?$AAO?$AA?3?$AA?5?$AAP?$AAr?$AAo?$AAg?$AAr?$AAa?$AAm?$AAm?$AAi?$AAn?$AAg?$AA?5?$AAE?$AAB?$AAO?$AAO?$AAT?$AA?1?$AAS?$AAB?$AAO?$AAO?$AAT?$AA?5?$AAi?$AAm@ 00017260     bootcmn:sdmmc.obj
 0001:00006300       ??_C@_1HM@DCFPNGII@?$AAE?$AAR?$AAR?$AAO?$AAR?$AA?3?$AA?5?$AAB?$AAo?$AAo?$AAt?$AA?5?$AAs?$AAi?$AAz?$AAe?$AA?5?$AAe?$AAx?$AAc?$AAe?$AAe?$AAd?$AAs?$AA?5?$AAr?$AAe?$AAs?$AAe?$AAr?$AAv?$AAe@ 00017300     bootcmn:sdmmc.obj
 0001:00006380       ??_C@_1GI@NJJHBKOL@?$AAI?$AAN?$AAF?$AAO?$AA?3?$AA?5?$AAW?$AAr?$AAi?$AAt?$AAi?$AAn?$AAg?$AA?5?$AAB?$AAo?$AAo?$AAt?$AA?5?$AAi?$AAm?$AAa?$AAg?$AAe?$AA?5?$AAt?$AAo?$AA?5?$AAS?$AAD?$AAH?$AAC@ 00017380     bootcmn:sdmmc.obj
 0001:000063e8       ??_C@_1DC@LMDMDEDP@?$AAe?$AAx?$AAt?$AAC?$AAS?$AAD?$AAB?$AAu?$AAf?$AAf?$AAe?$AAr?$AA?$FL?$AA1?$AA7?$AA7?$AA?$FN?$AA?$DN?$AA0?$AAx?$AA?$CF?$AAx?$AA?$AN?$AA?6?$AA?$AA@ 000173e8     bootcmn:sdmmc.obj
 0001:00006420       ??_C@_1IA@IMOHLACL@?$AAb?$AAo?$AAo?$AAt?$AA?5?$AAp?$AAa?$AAr?$AAt?$AAi?$AAt?$AAi?$AAo?$AAn?$AA?5?$AAs?$AAi?$AAz?$AAe?$AA?$CI?$AA0?$AAx?$AA?$CF?$AAx?$AA?$CJ?$AA?5?$AAt?$AAo?$AAo?$AA?5?$AAs?$AAm@ 00017420     bootcmn:sdmmc.obj
 0001:000064a0       ??_C@_1FC@KHKKENCD@?$AAb?$AAo?$AAo?$AAt?$AA?5?$AAp?$AAa?$AAr?$AAt?$AAi?$AAt?$AAi?$AAo?$AAn?$AA?5?$AAs?$AAi?$AAz?$AAe?$AA?$CI?$AA0?$AAx?$AA?$CF?$AAx?$AA?$CJ?$AA?5?$AAl?$AAa?$AAr?$AAg?$AAe?$AA?5@ 000174a0     bootcmn:sdmmc.obj
 0001:000064f4       ??_C@_1CM@NNNFPDLJ@?$AA?$AN?$AA?6?$AAe?$AAM?$AAM?$AAC?$AA?5?$AAn?$AAo?$AAt?$AA?5?$AAp?$AAr?$AAe?$AAs?$AAe?$AAn?$AAt?$AA?$CB?$AA?$AN?$AA?6?$AA?$AA@ 000174f4     bootcmn:sdmmc.obj
 0001:00006520       ??_C@_1EK@KKAKNCDK@?$AAE?$AAR?$AAR?$AAO?$AAR?$AA?3?$AA?5?$AAF?$AAa?$AAi?$AAl?$AAe?$AAd?$AA?5?$AAt?$AAo?$AA?5?$AAW?$AAr?$AAi?$AAt?$AAe?$AA?5?$AAB?$AAC?$AAB?$AA?5?$AAt?$AAo?$AA?5?$AAS?$AAD@ 00017520     bootcmn:sdmmc.obj
 0001:00006570       ??_C@_1EK@DLNKBACL@?$AAE?$AAR?$AAR?$AAO?$AAR?$AA?3?$AA?5?$AAF?$AAa?$AAi?$AAl?$AAe?$AAd?$AA?5?$AAt?$AAo?$AA?5?$AAW?$AAr?$AAi?$AAt?$AAe?$AA?5?$AAM?$AAB?$AAR?$AA?5?$AAt?$AAo?$AA?5?$AAS?$AAD@ 00017570     bootcmn:sdmmc.obj
 0001:000065c0       ??_C@_1HA@ODGECKDC@?$AAc?$AAa?$AAr?$AAd?$AA?5?$AAc?$AAa?$AAp?$AAa?$AAc?$AAi?$AAt?$AAy?$AA?5?$AAn?$AAo?$AAt?$AA?5?$AAe?$AAn?$AAo?$AAu?$AAg?$AAh?$AA?0?$AA?5?$AAp?$AAl?$AAe?$AAa?$AAs?$AAe@ 000175c0     bootcmn:sdmmc.obj
 0001:00006630       ??_C@_0FC@BDCJAKBK@We?5must?5format?5storage?5before?5wr@ 00017630     bootcmn:sdmmc.obj
 0001:00006688       ??_C@_1EM@NIGDAEIN@?$AAE?$AAR?$AAR?$AAO?$AAR?$AA?3?$AA?5?$AAF?$AAa?$AAi?$AAl?$AAe?$AAd?$AA?5?$AAt?$AAo?$AA?5?$AAr?$AAe?$AAa?$AAd?$AA?5?$AAM?$AAB?$AAR?$AA?5?$AAf?$AAr?$AAo?$AAm?$AA?5?$AAS@ 00017688     bootcmn:sdmmc.obj
 0001:00006768       ??_C@_1GK@DCBNFKAL@?$AAS?$AAP?$AAI?$AA_?$AAI?$AAn?$AAi?$AAt?$AA?3?$AA?3?$AAO?$AAA?$AAL?$AAP?$AAA?$AAt?$AAo?$AAV?$AAA?$AA?5?$AAm?$AAa?$AAp?$AA?5?$AAf?$AAa?$AAi?$AAl?$AAe?$AAd?$AA?5?$AAf@ 00017768     bootcmn:nor.obj
 0001:000067d8       ??_C@_1GM@PJKJLKP@?$AAS?$AAP?$AAI?$AA_?$AAI?$AAn?$AAi?$AAt?$AA?3?$AA?3?$AAO?$AAA?$AAL?$AAP?$AAA?$AAt?$AAo?$AAV?$AAA?$AA?5?$AAm?$AAa?$AAp?$AA?5?$AAf?$AAa?$AAi?$AAl?$AAe?$AAd?$AA?5?$AAf@ 000177d8     bootcmn:nor.obj
 0001:00006848       ??_C@_1GC@FLMGGHIP@?$AAC?$AAs?$AAp?$AAi?$AAM?$AAa?$AAs?$AAt?$AAe?$AAr?$AAD?$AAa?$AAt?$AAa?$AAE?$AAx?$AAc?$AAh?$AAa?$AAn?$AAg?$AAe?$AA?3?$AA?5?$AA?5?$AAu?$AAn?$AAs?$AAu?$AAp?$AAp?$AAo@ 00017848     bootcmn:nor.obj
 0001:000068ac       ??_C@_1CO@JPFDFKIH@?$AAS?$AAP?$AAI?$AAE?$AAx?$AAc?$AAh?$AAa?$AAn?$AAg?$AAe?$AA?5?$AAf?$AAa?$AAi?$AAl?$AAu?$AAr?$AAe?$AA?4?$AA?$AN?$AA?6?$AA?$AA@ 000178ac     bootcmn:nor.obj
 0001:00006970       ??_C@_1CG@FHICHPLL@?$AAS?$AAD?$AAC?$AAo?$AAn?$AAf?$AAi?$AAg?$AAP?$AAi?$AAn?$AAs?$AA?5?$AAE?$AAn?$AAd?$AA?$AN?$AA?6?$AA?$AA@ 00017970     bootcmn:esdhc.obj
 0001:00006998       ??_C@_1CK@PDLFDAPB@?$AAS?$AAD?$AAC?$AAo?$AAn?$AAf?$AAi?$AAg?$AAP?$AAi?$AAn?$AAs?$AA?5?$AAB?$AAe?$AAg?$AAi?$AAn?$AA?$AN?$AA?6?$AA?$AA@ 00017998     bootcmn:esdhc.obj
 0001:000069c4       ??_C@_1DE@FCOHIAHJ@?$AAS?$AAD?$AA?1?$AAM?$AAM?$AAC?$AA?5?$AAc?$AAa?$AAr?$AAd?$AA?5?$AAi?$AAs?$AA?5?$AAp?$AAr?$AAe?$AAs?$AAe?$AAn?$AAt?$AA?4?$AA?$AN?$AA?6?$AA?$AA@ 000179c4     bootcmn:esdhc.obj
 0001:000069f8       ??_C@_1DI@EIJPHAEK@?$AAS?$AAD?$AA?1?$AAM?$AAM?$AAC?$AA?5?$AAc?$AAa?$AAr?$AAd?$AA?5?$AAi?$AAs?$AA?5?$AAn?$AAo?$AAt?$AA?5?$AAf?$AAo?$AAu?$AAn?$AAd?$AA?4?$AA?$AN?$AA?6?$AA?$AA@ 000179f8     bootcmn:esdhc.obj
 0001:00006a30       ??_C@_1HE@HDFIBGBI@?$AA?9?$AAS?$AAe?$AAt?$AAC?$AAl?$AAo?$AAc?$AAk?$AAR?$AAa?$AAt?$AAe?$AA?5?$AA?3?$AA?5?$AAr?$AAe?$AAg?$AAT?$AAe?$AAm?$AAp?$AA?5?$AA?$DN?$AA?5?$AA0?$AAx?$AA?$CF?$AAX?$AA?0?$AA?5@ 00017a30     bootcmn:esdhc.obj
 0001:00006aa8       ??_C@_1IE@BDNPAKCF@?$AAS?$AAe?$AAt?$AAC?$AAl?$AAo?$AAc?$AAk?$AAR?$AAa?$AAt?$AAe?$AA?5?$AA?9?$AA?5?$AAR?$AAe?$AAq?$AAu?$AAe?$AAs?$AAt?$AAe?$AAd?$AA?5?$AAR?$AAa?$AAt?$AAe?$AA?3?$AA?5?$AA?$CF@ 00017aa8     bootcmn:esdhc.obj
 0001:00006b30       ??_C@_1NC@KPNJJMJL@?$AAH?$AAW?$AA_?$AAS?$AAS?$AAP?$AA_?$AAS?$AAT?$AAA?$AAT?$AAU?$AAS?$AA?5?$AA?$DN?$AA?5?$AA0?$AAx?$AA?$CF?$AAX?$AA?$AN?$AA?6?$AAH?$AAW?$AA_?$AAS?$AAS?$AAP?$AA_?$AAC?$AAM?$AAD@ 00017b30     bootcmn:esdhc.obj
 0001:00006c08       ??_C@_1FK@MCCDMPJA@?$AAS?$AAD?$AAH?$AAC?$AAC?$AAm?$AAd?$AAC?$AAo?$AAn?$AAf?$AAi?$AAg?$AA?5?$AA?9?$AA?5?$AAC?$AAM?$AAD?$AAA?$AAT?$AA?5?$AAR?$AAe?$AAg?$AA?3?$AA?5?$AA0?$AAx?$AA?$CF?$AA0?$AA8@ 00017c08     bootcmn:esdhc.obj
 0001:00006c68       ??_C@_1IG@HPNGDPNM@?$AAS?$AAD?$AAH?$AAC?$AAC?$AAm?$AAd?$AAC?$AAo?$AAn?$AAf?$AAi?$AAg?$AA?5?$AA?3?$AA?5?$AAp?$AAR?$AAe?$AAq?$AAu?$AAe?$AAs?$AAt?$AA?9?$AA?$DO?$AAB?$AAl?$AAo?$AAc?$AAk?$AAS@ 00017c68     bootcmn:esdhc.obj
 0001:00006cf0       ??_C@_1DK@GOAPKPNE@?$AAS?$AAD?$AAH?$AAC?$AAC?$AAm?$AAd?$AAC?$AAo?$AAn?$AAf?$AAi?$AAg?$AA?5?$AA?3?$AA?5?$AAS?$AAD?$AA_?$AAC?$AAO?$AAM?$AAM?$AAA?$AAN?$AAD?$AA?$AN?$AA?6?$AA?$AA@ 00017cf0     bootcmn:esdhc.obj
 0001:00006d30       ??_C@_1EM@KMINLKBO@?$AA?$CL?$AAS?$AAD?$AAH?$AAC?$AAC?$AAm?$AAd?$AAC?$AAo?$AAn?$AAf?$AAi?$AAg?$AA?5?$AA?9?$AA?5?$AAR?$AAe?$AAs?$AAp?$AAo?$AAn?$AAs?$AAe?$AAT?$AAy?$AAp?$AAe?$AA?3?$AA?5?$AA0@ 00017d30     bootcmn:esdhc.obj
 0001:00006d7c       ??_C@_1CM@JCOBCJAB@?$AAH?$AAW?$AA_?$AAS?$AAS?$AAP?$AA_?$AAC?$AAT?$AAR?$AAL?$AA1?$AA?5?$AA?$DN?$AA?5?$AA0?$AAx?$AA?$CF?$AAX?$AA?$AN?$AA?6?$AA?$AA@ 00017d7c     bootcmn:esdhc.obj
 0001:00006da8       ??_C@_1DM@EHBAMHJG@?$AAS?$AAD?$AAH?$AAC?$AAW?$AAa?$AAi?$AAt?$AAE?$AAn?$AAd?$AAC?$AAm?$AAd?$AAR?$AAe?$AAs?$AAp?$AAI?$AAn?$AAt?$AAr?$AA?5?$AAP?$AAa?$AAs?$AAs?$AA?$AN?$AA?6?$AA?$AA@ 00017da8     bootcmn:esdhc.obj
 0001:00006de4       ??_C@_1DE@NJPHLILJ@?$AAS?$AAD?$AAH?$AAC?$AAS?$AAe?$AAn?$AAd?$AAC?$AAm?$AAd?$AAW?$AAa?$AAi?$AAt?$AAR?$AAe?$AAs?$AAp?$AA?5?$AAE?$AAn?$AAd?$AA?$AN?$AA?6?$AA?$AA@ 00017de4     bootcmn:esdhc.obj
 0001:00006e18       ??_C@_1DI@JFBEFLCL@?$AAS?$AAD?$AAH?$AAC?$AAS?$AAe?$AAn?$AAd?$AAC?$AAm?$AAd?$AAW?$AAa?$AAi?$AAt?$AAR?$AAe?$AAs?$AAp?$AA?5?$AAB?$AAe?$AAg?$AAi?$AAn?$AA?$AN?$AA?6?$AA?$AA@ 00017e18     bootcmn:esdhc.obj
 0001:00006e50       ??_C@_1DA@MIAAJKGN@?$AAS?$AAS?$AAD?$AAH?$AAC?$AAR?$AAe?$AAa?$AAd?$AAR?$AAe?$AAs?$AAp?$AAo?$AAn?$AAs?$AAe?$AA?5?$AAE?$AAn?$AAd?$AA?$AN?$AA?6?$AA?$AA@ 00017e50     bootcmn:esdhc.obj
 0001:00006e80       ??_C@_1FC@FOGJLJHE@?$AA?$CL?$AAS?$AAD?$AAH?$AAC?$AAR?$AAe?$AAa?$AAd?$AAR?$AAe?$AAs?$AAp?$AAo?$AAn?$AAs?$AAe?$AA?5?$AA?9?$AA?5?$AAH?$AAW?$AA_?$AAS?$AAS?$AAP?$AA_?$AAC?$AAT?$AAR?$AAL?$AA1@ 00017e80     bootcmn:esdhc.obj
 0001:00006ed8       ??_C@_1EM@NOLGLIKF@?$AAS?$AAD?$AAH?$AAC?$AAR?$AAe?$AAa?$AAd?$AAR?$AAe?$AAs?$AAp?$AAo?$AAn?$AAs?$AAe?$AA?5?$AA?9?$AA?5?$AAR?$AAe?$AAs?$AAp?$AAo?$AAn?$AAs?$AAe?$AAT?$AAy?$AAp?$AAe?$AA?3@ 00017ed8     bootcmn:esdhc.obj
 0001:00006f24       ??_C@_1DC@NMMOGGJL@?$AAS?$AAD?$AAH?$AAC?$AAR?$AAe?$AAa?$AAd?$AAR?$AAe?$AAs?$AAp?$AAo?$AAn?$AAs?$AAe?$AA?5?$AAB?$AAe?$AAg?$AAi?$AAn?$AA?$AN?$AA?6?$AA?$AA@ 00017f24     bootcmn:esdhc.obj
 0001:00006f58       ??_C@_1CG@FKCFCBMP@?$AAS?$AAD?$AAH?$AAC?$AAD?$AAa?$AAt?$AAa?$AAR?$AAe?$AAa?$AAd?$AA?5?$AAE?$AAn?$AAd?$AA?$AN?$AA?6?$AA?$AA@ 00017f58     bootcmn:esdhc.obj
 0001:00006f80       ??_C@_1CO@BCBNKIBF@?$AAH?$AAW?$AA_?$AAS?$AAS?$AAP?$AA_?$AAS?$AAT?$AAA?$AAT?$AAU?$AAS?$AA?5?$AA?$DN?$AA?5?$AA0?$AAx?$AA?$CF?$AAX?$AA?$AN?$AA?6?$AA?$AA@ 00017f80     bootcmn:esdhc.obj
 0001:00006fb0       ??_C@_1EG@DEBIIJGF@?$AAS?$AAD?$AAH?$AAC?$AAD?$AAa?$AAt?$AAa?$AAR?$AAe?$AAa?$AAd?$AA?5?$AA?3?$AA?5?$AAt?$AAr?$AAa?$AAn?$AAs?$AAf?$AAe?$AAr?$AAS?$AAi?$AAz?$AAe?$AA?5?$AA?$DN?$AA?5?$AA?$CF?$AAd@ 00017fb0     bootcmn:esdhc.obj
 0001:00006ff8       ??_C@_1DI@BOJAPJP@?$AAS?$AAD?$AAH?$AAC?$AAD?$AAa?$AAt?$AAa?$AAW?$AAr?$AAi?$AAt?$AAe?$AA?5?$AA?3?$AA?5?$AAs?$AAi?$AAz?$AAe?$AA?5?$AA?$DN?$AA?5?$AA?$CF?$AAd?$AA?$AN?$AA?6?$AA?$AA@ 00017ff8     bootcmn:esdhc.obj
 0001:000070c0       ??_C@_0BK@BFELHAIB@EthDown?3?3TFTPD_OPEN?3?3?$CFs?$AN?6?$AA@ 000180c0     eboot:ebsimp.obj
 0001:000070dc       ??_C@_0CF@NJGKJDPK@EthDown?3?3Illegal?5Operation?5Code?5@ 000180dc     eboot:ebsimp.obj
 0001:00007104       ??_C@_0BN@HCIGGCJK@Server?5Registration?5Failed?$AN?6?$AA@ 00018104     eboot:ebsimp.obj
 0001:00007124       ??_C@_0CC@OIEKENJI@EbootSimpleTFTP?5not?5initialized?$AN@ 00018124     eboot:ebsimp.obj
 0001:00007148       ??_C@_0BM@GELEBJHM@EbootGratuitousARP?5failed?$AN?6?$AA@ 00018148     eboot:ebsimp.obj
 0001:00007164       ??_C@_0DG@LCJHGIIG@Some?5other?5station?5has?5IP?5Addres@ 00018164     eboot:ebsimp.obj
 0001:0000719c       ??_C@_0DK@ECECEHHP@No?5ARP?5response?5in?5?$CFd?5seconds?0?5a@ 0001819c     eboot:ebsimp.obj
 0001:000071d8       ??_C@_0CO@EJPPGFNA@DHCP?5server?5is?5not?5responding?5?$CB?$CB@ 000181d8     eboot:ebsimp.obj
 0001:00007208       ??_C@_0BL@PFCEMBID@Error?5On?5InitDHCP?$CI?$CJ?5Call?$AN?6?$AA@ 00018208     eboot:ebsimp.obj
 0001:00007224       ??_C@_0DG@KEGBCNMH@Some?5other?5station?5has?5IP?5Addres@ 00018224     eboot:ebsimp.obj
 0001:0000725c       ??_C@_0DA@PMFFKPM@Got?5Response?5from?5DHCP?5server?0?5I@ 0001825c     eboot:ebsimp.obj
 0001:0000728c       ??_C@_0CB@PCBFMPDH@?9EbootSendBootmeAndWaitForTftp?$AN?6@ 0001828c     eboot:ebsimp.obj
 0001:000072b0       ??_C@_0CB@EEDKKNBN@?$CLEbootSendBootmeAndWaitForTftp?$AN?6@ 000182b0     eboot:ebsimp.obj
 0001:000072d4       ??_C@_08NMEDJLNE@boot?4bin?$AA@ 000182d4     eboot:ebsimp.obj
 0001:00007370       ??_C@_0CO@ILGKAEEB@An?5OACK?5packet?5is?5the?5proper?5ack@ 00018370     eboot:tftpd.obj
 0001:000073a0       ??_C@_07JPIGAOKK@blksize?$AA@ 000183a0     eboot:tftpd.obj
 0001:000073a8       ??_C@_0FD@OCECBKGJ@There?5must?5be?5an?5even?5number?0?5an@ 000183a8     eboot:tftpd.obj
 0001:000073fc       ??_C@_0DB@LKOCKFPL@Illegal?5TFTP?5Operation?5?9?5Read?1Wr@ 000183fc     eboot:tftpd.obj
 0001:00007430       ??_C@_0CM@OBFBLHOG@There?5were?5no?5options?5detected?5i@ 00018430     eboot:tftpd.obj
 0001:00007460       ??_C@_0FJ@NDFKPFHG@Illegal?5TFTP?5Option?5?9?5An?5option?5@ 00018460     eboot:tftpd.obj
 0001:000074bc       ??_C@_05DMMIBICK@?5?$CFd?4?6?$AA@ 000184bc     eboot:tftpd.obj
 0001:000074c4       ??_C@_0DO@FNNPCMEI@with?5a?5value?5that?5is?5out?5of?5rang@ 000184c4     eboot:tftpd.obj
 0001:00007504       ??_C@_0DL@CJPGPHL@with?5a?5value?5that?5is?5in?5range?4?6B@ 00018504     eboot:tftpd.obj
 0001:00007540       ??_C@_0BK@PFHMOFCD@The?5option?8s?5value?5is?5?$CFs?6?$AA@ 00018540     eboot:tftpd.obj
 0001:0000755c       ??_C@_0CH@HOPLKCLP@This?5TFTP?5packet?5contains?5?$CFd?5opt@ 0001855c     eboot:tftpd.obj
 0001:00007588       ??_C@_0EC@OALIGNGC@We?5currently?5only?5look?5at?5the?5fi@ 00018588     eboot:tftpd.obj
 0001:000075cc       ??_C@_0CB@FLKGPIDN@The?5packet?8s?5option?5name?5is?5?$CFs?4?6@ 000185cc     eboot:tftpd.obj
 0001:000075f0       ??_C@_0CG@JBBJIFDI@You?5must?5access?5files?5in?5binary?5@ 000185f0     eboot:tftpd.obj
 0001:00007618       ??_C@_05IIBPGMLM@octet?$AA@ 00018618     eboot:tftpd.obj
 0001:00007620       ??_C@_0BG@GIKNIKEH@Locked?5Down?5Link?5?$CFd?$AN?6?$AA@ 00018620     eboot:tftpd.obj
 0001:00007638       ??_C@_0BF@JDGNCBEC@Src?5IP?5?$CFs?5Port?5?$CFH?5?5?5?$AA@ 00018638     eboot:tftpd.obj
 0001:00007650       ??_C@_0BF@MOPBEBEN@Dest?5IP?5?$CFs?5Port?5?$CFH?$AN?6?$AA@ 00018650     eboot:tftpd.obj
 0001:00007668       ??_C@_0CL@HCAEOMAE@Default?5TFTP?5block?5size?5set?5to?3?5@ 00018668     eboot:tftpd.obj
 0001:00007694       ??_C@_0DB@OCKCBBAL@No?5Server?5Process?5Associated?5Wit@ 00018694     eboot:tftpd.obj
 0001:000076c8       ??_C@_0CM@GLFMKKGH@TFTP?5packet?5could?5have?5?$CFd?5name?1v@ 000186c8     eboot:tftpd.obj
 0001:000076f4       ??_C@_01EEMJAFIK@?6?$AA@   000186f4     eboot:tftpd.obj
 0001:000076f8       ??_C@_06CBLHAGFD@?$FLNULL?$FN?$AA@ 000186f8     eboot:tftpd.obj
 0001:00007700       ??_C@_02HAOIJKIC@?$CFc?$AA@ 00018700     eboot:tftpd.obj
 0001:00007704       ??_C@_0CC@GNCPKJCA@Packet?5has?5the?5following?5data?3?6?5@ 00018704     eboot:tftpd.obj
 0001:000077b8       ??_C@_0DJ@MEFFBBAC@TFTP?3?5Desktop?5losing?5ACK?0?5block?5@ 000187b8     eboot:tftp.obj
 0001:000077f4       ??_C@_0DC@MHCCPLAO@TFtpStateMachine?3?3TFTP_STATE_CLO@ 000187f4     eboot:tftp.obj
 0001:00007828       ??_C@_0CH@DEDJGHKF@TFTP?5Error?5Received?5From?5Host?5?$CFX@ 00018828     eboot:tftp.obj
[...]
 0002:00000610       RNdisMddSupportedOids      00044610     fsl_rne_mdd_common_fsl_v2_pdk1_9:hostmini.obj
 0002:000006a0       g_InterruptData            000446a0     fsl_rne_pdd_common_fsl_v2_pdk1_9:rndis_pdd.obj
 0002:00001000       g_serial_rev_buf           00045000     fsl_rne_pdd_common_fsl_v2_pdk1_9:buffer.obj
 0002:00001000       g_rndis_ep2_buf            00045000     fsl_rne_pdd_common_fsl_v2_pdk1_9:buffer.obj
 0002:00003000       g_rndis_ep3_buf            00047000     fsl_rne_pdd_common_fsl_v2_pdk1_9:buffer.obj
 0002:00003000       g_serial_send_buf          00047000     fsl_rne_pdd_common_fsl_v2_pdk1_9:buffer.obj
 0002:00005000       g_rndis_ep0_buf            00049000     fsl_rne_pdd_common_fsl_v2_pdk1_9:buffer.obj
 0002:000054d8       Am79c874Info               000494d8     oal_ethdrv_enet_common_fsl_v2_pdk1_9:enet.obj
 0002:000056e0       LAN87xxInfo                000496e0     oal_ethdrv_enet_common_fsl_v2_pdk1_9:enet.obj
 0002:000058e8       Dp83640Info                000498e8     oal_ethdrv_enet_common_fsl_v2_pdk1_9:enet.obj
 0002:00005aec       PhyInfo                    00049aec     oal_ethdrv_enet_common_fsl_v2_pdk1_9:enet.obj
 0002:00005b3c       g_dwSDHC_RW_NUM            00049b3c     sdmmc_boot_common_fsl_v2_pdk1_9:sdboot.obj
 0002:00005b50       initialOALLogZones         00049b50     oal_log:debug.obj
 0002:00005b58       dpCurSettings              00049b58     oal_log:debug.obj
 0002:00005fa8       NandMemMapSize             00049fa8     nandboot.obj
 0002:00005fb0       pv_HWregGPMI               00049fb0     nandboot.obj
 0002:00005fb4       pv_HWregDIGCTL             00049fb4     nandboot.obj
 0002:00005fb8       pv_HWregBCH                00049fb8     nandboot.obj
 0002:00006318       ?g_SectorBuf@@3PAEA        0004a318     nandfmd_lib:nandbsp.obj
 0002:00006b18       ?g_BBTSecondBuf@@3PAEA     0004ab18     nandfmd_lib:nandbsp.obj
 0002:00007318       ?g_BBTFirstBuf@@3PAEA      0004b318     nandfmd_lib:nandbsp.obj
 0002:00007ba8       ?g_FlashInfoExt@@3U_FlashInfoExt@@A 0004bba8     nand_common_fsl_v2_pdk1_9:fmd.obj
 0002:00007be0       ?g_bInterLeaveMode@@3HA    0004bbe0     nand_common_fsl_v2_pdk1_9:fmd.obj
 0002:00007c08       pv_HWregAPBH               0004bc08     i_ddk_apbhdma_mx28_fsl_v2_pdk1_9:i_ddk_apbhdma.obj
 0002:00007c0c       pv_HWregPINCTRL            0004bc0c     i_ddk_iomux_mx28_fsl_v2_pdk1_9:i_soc_ddk_iomux.obj
 0002:00007c10       pv_HWregCLKCTRL            0004bc10     i_ddk_clk_mx28_fsl_v2_pdk1_9:i_ddk_clk.obj
 0002:00007c20       g_DownloadbyUSB            0004bc20     bootcmn:main.obj
 0002:00007c24       pv_HWregRTC                0004bc24     bootcmn:main.obj
 0002:00007c28       g_SerialUSBDownload        0004bc28     bootcmn:main.obj
 0002:00007c29       g_StorageSDDownload        0004bc29     bootcmn:main.obj
 0002:00007c4c       pv_HWregSSP0               0004bc4c     bootcmn:esdhc.obj
 0002:00007c50       pv_HWregSSP1               0004bc50     bootcmn:esdhc.obj
 0002:00007c54       pv_HWregSSP2               0004bc54     bootcmn:esdhc.obj
 0002:00007c58       pv_HWregSSP3               0004bc58     bootcmn:esdhc.obj
 0002:00007c5c       dwSSPIndex                 0004bc5c     bootcmn:esdhc.obj
 0002:00008270       bDoLaunch                  0004c270     eboot:tftpd.obj
 0002:00008274       TftpPeerAddr               0004c274     eboot:tftpd.obj
 0002:00012400       g_pEP3DataWrapper          00056400     fsl_rne_pdd_common_fsl_v2_pdk1_9:rndis_pdd.obj
 0002:00012404       g_devState                 00056404     fsl_rne_pdd_common_fsl_v2_pdk1_9:rndis_pdd.obj
 0002:00012408       g_EP0TransferState         00056408     fsl_rne_pdd_common_fsl_v2_pdk1_9:rndis_pdd.obj
 0002:0001240c       g_EP2TransferState         0005640c     fsl_rne_pdd_common_fsl_v2_pdk1_9:rndis_pdd.obj
 0002:00012410       bCFGChanged                00056410     blmenu_common_fsl_v2_pdk1_9:menu.obj
 0002:00012414       PrintSoc                   00056414     blmenu_common_fsl_v2_pdk1_9:menu.obj
 0002:000130f0       ?g_buffer@@3PAEA           000570f0     oal_blserial:serfuncs.obj
 0002:00013d08       ?g_mddInterface@@3U_UFN_MDD_INTERFACE_INFO@@A 00057d08     fsl_serial_pdd_common_fsl_v2_pdk1_9:serial_dl.obj
 0002:00013d10       ?g_EP1Transfer@@3U_STransfer@@A 00057d10     fsl_serial_pdd_common_fsl_v2_pdk1_9:serial_dl.obj
 0002:00013d30       ?g_RecvBuffer@@3PAEA       00057d30     fsl_serial_pdd_common_fsl_v2_pdk1_9:serial_dl.obj
 0002:00013d50       ?g_pddInterface@@3U_UFN_PDD_INTERFACE_INFO@@A 00057d50     fsl_serial_pdd_common_fsl_v2_pdk1_9:serial_dl.obj
 0002:00013db0       ?g_EP2Transfer@@3U_STransfer@@A 00057db0     fsl_serial_pdd_common_fsl_v2_pdk1_9:serial_dl.obj
 0002:00013dd0       ?g_EP0Transfer@@3U_STransfer@@A 00057dd0     fsl_serial_pdd_common_fsl_v2_pdk1_9:serial_dl.obj
 0002:00013e34       ?g_DeviceState@@3W4DEVICE_STATE@@A 00057e34     fsl_serial_pdd_common_fsl_v2_pdk1_9:serial_dl.obj
 0002:00013e38       ?g_EP0State@@3W4TRANSFER_STATE@@A 00057e38     fsl_serial_pdd_common_fsl_v2_pdk1_9:serial_dl.obj
 0002:00013e3c       ?g_EP1State@@3W4TRANSFER_STATE@@A 00057e3c     fsl_serial_pdd_common_fsl_v2_pdk1_9:serial_dl.obj
 0002:00013e40       ?g_EP2State@@3W4TRANSFER_STATE@@A 00057e40     fsl_serial_pdd_common_fsl_v2_pdk1_9:serial_dl.obj
 0002:00013e44       ?g_RecvBufferHead@@3GA     00057e44     fsl_serial_pdd_common_fsl_v2_pdk1_9:serial_dl.obj
 0002:00013e48       ?g_RecvBufferTail@@3GA     00057e48     fsl_serial_pdd_common_fsl_v2_pdk1_9:serial_dl.obj
 0002:00013e50       eSDBPEnabled               00057e50     sdmmc_boot_common_fsl_v2_pdk1_9:sdboot.obj
 0002:00013e58       bCacheBuffer               00057e58     sdmmc_boot_common_fsl_v2_pdk1_9:sdboot.obj
 0002:00023e58       Card_rca                   00067e58     sdmmc_boot_common_fsl_v2_pdk1_9:sdfmd.obj
 0002:00023e5c       bHighDensityCard           00067e5c     sdmmc_boot_common_fsl_v2_pdk1_9:sdfmd.obj
 0002:00023e60       mmcSpecVersion             00067e60     sdmmc_boot_common_fsl_v2_pdk1_9:sdfmd.obj
 0002:00023e64       eSDBootPartitionSize       00067e64     sdmmc_boot_common_fsl_v2_pdk1_9:sd.obj
 0002:0002f9a0       NandMemMap                 000739a0     <common>
 0002:0002fb20       DmaEraseBlockDescriptor    00073b20     <common>
 0002:0002fb24       DmaProgramDescriptor       00073b24     <common>
 0002:0002fb28       DmaReadDescriptor          00073b28     <common>
 0002:0002fb2c       DmaGenericDescriptor       00073b2c     <common>
 0002:0002fb40       g_CSPfi                    00073b40     <common>
 0002:0002fb78       pReadIDDecode              00073b78     <common>
 0002:0002fb7c       ImageTypeBIN               00073b7c     <common>
 0002:0002fb80       g_DeviceAddr               00073b80     <common>
 0002:0002fba0       g_oalCacheInfo             00073ba0     <common>
 0002:0002fbe8       g_pOEMVerifyMemory         00073be8     <common>
 0002:0002fbec       g_dwROMOffset              00073bec     <common>
 0002:0002fbf0       g_pOEMReportError          00073bf0     <common>
 0002:0002fbf4       g_pOEMMultiBINNotify       00073bf4     <common>
 0002:0002fbf8       g_pOEMCheckSignature       00073bf8     <common>
 0002:0002fbfc       szSprintf                  00073bfc     <common>
 0002:0002fc00       zNAND_Misc                 00073c00     <common>
 0002:0002fc20       g_pDdkClkConfig            00073c20     <common>
 0002:0002fc24       TxData8                    00073c24     <common>
 0002:0002fc28       RxData32                   00073c28     <common>
 0002:0002fc2c       TxData16                   00073c2c     <common>
 0002:0002fc2e       RxData16                   00073c2e     <common>
 0002:0002fc30       TxData32                   00073c30     <common>
 0002:0002fc34       RxData8                    00073c34     <common>
 0002:0002fc40       sectorBuf                  00073c40     <common>
 0002:00037c40       StdPalette                 0007bc40     <common>
 0002:00038040       pfnEDbgSetOptions          0007c040     <common>
 0002:00038044       pfnEDbgDisableInts         0007c044     <common>
 0002:00038048       pfnEDbgWriteEEPROM         0007c048     <common>
 0002:0003804c       pfnEDbgGetFrame            0007c04c     <common>
 0002:00038050       pfnEDbgEnableInts          0007c050     <common>
 0002:00038054       pfnEDbgInit                0007c054     <common>
 0002:00038058       pfnEDbgSendFrame           0007c058     <common>
 0002:0003805c       pfnEDbgGetPendingInts      0007c05c     <common>
 0002:00038060       pfnEDbgReadEEPROM          0007c060     <common>
 0002:00038064       pfnEDbgInitDMABuffer       0007c064     <common>
 0002:00038068       g_dwCurrentBinNum          0007c068     <common>
 0002:00038080       g_dwBinAddress             0007c080     <common>
 0002:000380c0       g_dwBinLength              0007c0c0     <common>
 0002:00038100       g_pBSPArgs                 0007c100     <common>
 0002:00038104       g_bNandExist               0007c104     <common>
 0002:00038108       g_bSDHCExist               0007c108     <common>
 0002:0003810c       g_ImageType                0007c10c     <common>
 0002:00038110       g_ImageMemory              0007c110     <common>
 0002:00038114       g_bNandBootloader          0007c114     <common>
 0002:00038118       g_dwBoardID                0007c118     <common>
 0002:0003811c       g_bSPIBootloader           0007c11c     <common>
 0002:00038120       g_DefaultRamAddress        0007c120     <common>
 0002:00038124       g_bSDHCBootloader          0007c124     <common>
 0002:00038128       g_dwTotalBinNum            0007c128     <common>
 0002:00038130       g_BinDIO                   0007c130     <common>
 0002:00038140       TFtpLinks                  0007c140     <common>
 0002:00038a00       wOdoWellKnownServerPort    0007ca00     <common>
 0002:00038a02       wHostWellKnownServerPort   0007ca02     <common>
 0002:00038a04       nNumTFtpLinksInUse         0007ca04     <common>
 0002:00038a20       TFTPFrameBuffer            0007ca20     <common>
 0002:00038e60       TFtpdServerRegistry        0007ce60     <common>
 0002:00038f40       RndisMdd                   0007cf40     <common>
 0002:00039010       g_EP0DataWrapper           0007d010     <common>
 0002:00039020       MDDZONE5                   0007d020     <common>
 0002:00039028       g_mddInterface             0007d028     <common>
 0002:00039040       g_EP1Transfer              0007d040     <common>
 0002:00039060       g_RndisKitlDev             0007d060     <common>
 0002:000394a8       g_udr                      0007d4a8     <common>
 0002:000394b0       MDDZONE4                   0007d4b0     <common>
 0002:000394b4       PDDZONE                    0007d4b4     <common>
 0002:000394c0       g_EP3Transfer              0007d4c0     <common>
 0002:000394e0       g_pddInterface             0007d4e0     <common>
 0002:00039540       MDDZONE3                   0007d540     <common>
 0002:00039560       g_EP2Transfer              0007d560     <common>
 0002:00039580       PDDZONE0                   0007d580     <common>
 0002:000395a0       g_EP0Transfer              0007d5a0     <common>
 0002:000395c0       MDDZONE0                   0007d5c0     <common>
 0002:000395c4       MDDZONE                    0007d5c4     <common>
 0002:000395c8       MDDZONE2                   0007d5c8     <common>
 0002:000395e0       g_BootCFG                  0007d5e0     <common>
 0002:0003966c       SetBitFlag                 0007d66c     <common>
 0002:00039670       SetRegFlag                 0007d670     <common>
 0002:00039674       ExitingShellFlag           0007d674     <common>
 0002:00039678       ShowRegFlag                0007d678     <common>
 0002:00039680       BspValueSet                0007d680     <common>
 0002:0003968a       BspBitSet                  0007d68a     <common>
 0002:000396a0       Linebuffer                 0007d6a0     <common>
 0002:000398a0       BspAddrSet                 0007d8a0     <common>
 0002:000398c0       g_csRegister               0007d8c0     <common>
 0002:000398e0       extCSDBuffer               0007d8e0     <common>
 0002:00039ae0       sdCardReg                  0007dae0     <common>
 0002:00039b20       SDImageCfg                 0007db20     <common>
 0002:00039b80       SDController               0007db80     <common>
 0002:00039c40       g_fnFileInfo               0007dc40     <common>

 entry point at        0001:00000000

 Static symbols

 0001:0000e408       SelectEtherDevice          0001f408 f   menu.obj
 0001:0000e46c       SelectBootDevice           0001f46c f   menu.obj
 0001:0000e4b4       PrintData                  0001f4b4 f   menu.obj
 0001:0000e648       BLMenuNANDLowLevelFormat   0001f648 f   menu.obj
 0001:0000e684       BLMenuSetUUID              0001f684 f   menu.obj
 0001:0000f7d4       GetFormatValue             000207d4 f   oal_blnk:format.obj
 0001:000101a0       pOutputByte                000211a0 f   oal_blcommon:format.obj
 0001:000101d0       pOutputNumHex              000211d0 f   oal_blcommon:format.obj
 0001:00010218       pOutputNumDecimal          00021218 f   oal_blcommon:format.obj
 0001:000120e0       NANDBootInit               000230e0 f   nand_boot_common_fsl_v2_pdk1_9:nandboot.obj
 0001:000141dc       ?CalcBlock@@YAKAAK@Z       000251dc f   nand_common_fsl_v2_pdk1_9:fmd.obj
 0001:000149e0       ?ReadBlockBadStatus@@YAHKK@Z 000259e0 f   nand_common_fsl_v2_pdk1_9:bbt.obj
 0001:00014b24       ?BBT_GetSectorAddr@@YAKK@Z 00025b24 f   nand_common_fsl_v2_pdk1_9:bbt.obj
 0001:00014c40       ?BBT_EraseOperation@@YAHKK@Z 00025c40 f   nand_common_fsl_v2_pdk1_9:bbt.obj
 0001:00014ca4       ?ReadBBTSignature@@YAHKK@Z 00025ca4 f   nand_common_fsl_v2_pdk1_9:bbt.obj
 0001:00014d54       ?WriteBBTSignature@@YAHKK@Z 00025d54 f   nand_common_fsl_v2_pdk1_9:bbt.obj
 0001:00014de8       ?WriteBBT@@YAHKK@Z         00025de8 f   nand_common_fsl_v2_pdk1_9:bbt.obj
 0001:0001506c       ?ReadBBT@@YAHXZ            0002606c f   nand_common_fsl_v2_pdk1_9:bbt.obj
 0001:000156c0       ?CreateBBT@@YAHXZ          000266c0 f   nand_common_fsl_v2_pdk1_9:bbt.obj
 0001:00015970       ApbhDmaValidChan           00026970 f   i_ddk_apbhdma_mx28_fsl_v2_pdk1_9:i_ddk_apbhdma.obj
 0001:00018900       InitUSBRNDISDevice         00029900 f   bootcmn:ether.obj
 0001:000192cc       ConfigurePanel             0002a2cc f   bootcmn:display.obj
 0001:0001947c       InitBacklight              0002a47c f   bootcmn:display.obj
 0001:0001953c       ShowBmp                    0002a53c f   bootcmn:display.obj
 0001:000196e8       LCDIFSetupIOMUXPin         0002a6e8 f   bootcmn:display.obj
 0001:00019cf0       InitQVGA                   0002acf0 f   bootcmn:display.obj
 0001:0001a04c       GetGoodPhyBlock            0002b04c f   bootcmn:nand.obj
 0001:0001b838       SpiBufRd8                  0002c838 f   bootcmn:nor.obj
 0001:0001b840       SpiBufWrt8                 0002c840 f   bootcmn:nor.obj
 0001:0001b84c       SpiBufRd16                 0002c84c f   bootcmn:nor.obj
 0001:0001b854       SpiBufWrt16                0002c854 f   bootcmn:nor.obj
 0001:0001b860       SpiBufRd32                 0002c860 f   bootcmn:nor.obj
 0001:0001b868       SpiBufWrt32                0002c868 f   bootcmn:nor.obj
 0001:0001b870       DataExchange               0002c870 f   bootcmn:nor.obj
 0001:0001bb34       WriteEnable                0002cb34 f   bootcmn:nor.obj
 0001:0001bb9c       BlockErase                 0002cb9c f   bootcmn:nor.obj
 0001:0001bc8c       ReadData                   0002cc8c f   bootcmn:nor.obj
 0001:0001bd0c       PageProgram                0002cd0c f   bootcmn:nor.obj
 0001:0001c2e0       SDHCCmdConfig              0002d2e0 f   bootcmn:esdhc.obj
 0001:0001cfec       SDHCWaitEndCmdRespIntr     0002dfec f   bootcmn:esdhc.obj
 0001:0001dcf8       EbootSimpleCallback        0002ecf8 f   eboot:ebsimp.obj
 0001:0001f4a4       CRC                        000304a4 f   eboot:udp.obj
 0001:0001fc60       FormatDHCPName             00030c60 f   eboot:dhcp.obj
 0001:00022294       xtoa                       00033294 f   fulllibc:xtoa.obj
 0001:00023af0       PDD_SendNotification       00034af0 f   fsl_rne_pdd_common_fsl_v2_pdk1_9:rndis_pdd.obj
 0001:00023b1c       PDD_RecvNotification       00034b1c f   fsl_rne_pdd_common_fsl_v2_pdk1_9:rndis_pdd.obj
 0001:000241ec       RegisterUSBDevice          000351ec f   fsl_rne_pdd_common_fsl_v2_pdk1_9:rndis_pdd.obj
 0001:000268b8       ParseCommand               000378b8 f   bsp_bootshell:bspbootshell.obj
 0001:00026cbc       CeLogMsg                   00037cbc f   usb_usbfn_mx28_fsl_v2_pdk1_9:i_pdd.obj
 0001:00026d94       GetSetupPacket             00037d94 f   usb_usbfn_mx28_fsl_v2_pdk1_9:i_pdd.obj
 0001:00026e5c       InitQh0                    00037e5c f   usb_usbfn_mx28_fsl_v2_pdk1_9:i_pdd.obj
 0001:0002712c       PrimeQh0ForZeroTransfer    0003812c f   usb_usbfn_mx28_fsl_v2_pdk1_9:i_pdd.obj
 0001:00027330       HandleUSBReset             00038330 f   usb_usbfn_mx28_fsl_v2_pdk1_9:i_pdd.obj
 0001:00027924       BuildTdBufferList          00038924 f   usb_usbfn_mx28_fsl_v2_pdk1_9:i_pdd.obj
 0001:0002a830       ?HandleUSBDeviceRegistration@@YAXXZ 0003b830 f   fsl_serial_pdd_common_fsl_v2_pdk1_9:serial_dl.obj
 0001:0002adc0       ?HandleSetupPkt@@YAXPAU_USB_DEVICE_REQUEST@@PAU_EP0_REQUEST@@@Z 0003bdc0 f   fsl_serial_pdd_common_fsl_v2_pdk1_9:serial_dl.obj
 0001:0002aef0       ?HandlePDDNotification@@YAHPAXKK@Z 0003bef0 f   fsl_serial_pdd_common_fsl_v2_pdk1_9:serial_dl.obj
 0001:0002da2c       MMC_VoltageValidation      0003ea2c f   sdmmc_boot_common_fsl_v2_pdk1_9:mmc.obj
 0001:0002e038       SDGetBitMode               0003f038 f   sdmmc_boot_common_fsl_v2_pdk1_9:sd.obj
 0001:0002e1c8       SDSetBusWidth              0003f1c8 f   sdmmc_boot_common_fsl_v2_pdk1_9:sd.obj
 0001:0002e3f0       IsAllocFATEntry            0003f3f0 f   sdmmc_boot_common_fsl_v2_pdk1_9:sdfat.obj
 0001:0002e44c       CompareFileName            0003f44c f   sdmmc_boot_common_fsl_v2_pdk1_9:sdfat.obj
 0001:0002e590       FillCacheFATEntries        0003f590 f   sdmmc_boot_common_fsl_v2_pdk1_9:sdfat.obj
 0001:0002e6c0       GetFATEntry                0003f6c0 f   sdmmc_boot_common_fsl_v2_pdk1_9:sdfat.obj
 0001:0002e7e4       InitFileInfo               0003f7e4 f   sdmmc_boot_common_fsl_v2_pdk1_9:sdfat.obj
 0001:0002e8bc       FindRootDirEntry           0003f8bc f   sdmmc_boot_common_fsl_v2_pdk1_9:sdfat.obj
 0001:0002ea18       InitPartition              0003fa18 f   sdmmc_boot_common_fsl_v2_pdk1_9:sdfat.obj
 0001:0002ed7c       InitMasterBootRecord       0003fd7c f   sdmmc_boot_common_fsl_v2_pdk1_9:sdfat.obj
 0001:0002f394       GetDirEntry                00040394 f   sdmmc_boot_common_fsl_v2_pdk1_9:sdfat.obj
 0001:0002f6d4       GetDirEntryEx              000406d4 f   sdmmc_boot_common_fsl_v2_pdk1_9:sdfat.obj
 0001:0002f938       GetImageType               00040938 f   oal_blcommon:blcommon.obj
 0001:0002fa78       CheckImageManifest         00040a78 f   oal_blcommon:blcommon.obj
 0001:0002fba4       DownloadNB0                00040ba4 f   oal_blcommon:blcommon.obj
 0001:0002fda4       WriteImageToFlash          00040da4 f   oal_blcommon:blcommon.obj
 0001:0002fe84       IsKernelRegion             00040e84 f   oal_blcommon:blcommon.obj
 0001:0002ff40       DownloadBin                00040f40 f   oal_blcommon:blcommon.obj
 0001:00030358       DownloadImage              00041358 f   oal_blcommon:blcommon.obj
 0001:00030c68       LCDIFReset                 00041c68 f   bl_lcdif_mx28_fsl_v2_pdk1_9:i_LCDIF.obj
 0001:00032788       InitializeTransceiver      00043788 f   fsl_usbfn_rndiskitl_mx28_fsl_v2_pdk1_9:hwinit.obj
