 fsl_usbotg

 Timestamp is 4f867520 (Thu Apr 12 14:24:32 2012)

 Preferred load address is 10000000

 Start         Length     Name                   Class
 0001:00000000 00000004H .CRT$XCA                CODE
 0001:00000004 00000004H .CRT$XCZ                CODE
 0001:00000008 00000004H .CRT$XIA                CODE
 0001:0000000c 00000004H .CRT$XIZ                CODE
 0001:00000010 00000004H .CRT$XPA                CODE
 0001:00000014 00000004H .CRT$XPZ                CODE
 0001:00000018 00000004H .CRT$XTA                CODE
 0001:0000001c 00000004H .CRT$XTZ                CODE
 0001:00000020 00000ab0H .rdata                  CODE
 0001:00000ad0 00000027H .rdata$debug            CODE
 0001:00000af8 000052b0H .text                   CODE
 0001:00005da8 00000010H .xdata                  CODE
 0001:00005db8 0000003cH .idata$2                CODE
 0001:00005df4 00000014H .idata$3                CODE
 0001:00005e08 0000014cH .idata$4                CODE
 0001:00005f54 0000007eH .idata$6                CODE
 0001:00005fe0 000000c8H .edata                  CODE
 0002:00000000 0000014cH .idata$5                DATA
 0002:0000014c 00000040H .data                   DATA
 0002:0000018c 0000001cH .bss                    DATA
 0003:00000000 00000468H .pdata                  DATA

  Address         Publics by Value              Rva+Base       Lib:Object

 0000:00000000       ___safe_se_handler_count   00000000     <absolute>
 0000:00000000       ___safe_se_handler_table   00000000     <absolute>
 0001:00000000       __xc_a                     10001000     corelib0:crt0init.obj
 0001:00000004       __xc_z                     10001004     corelib0:crt0init.obj
 0001:00000008       __xi_a                     10001008     corelib0:crt0init.obj
 0001:0000000c       __xi_z                     1000100c     corelib0:crt0init.obj
 0001:00000010       __xp_a                     10001010     corelib0:crt0init.obj
 0001:00000014       __xp_z                     10001014     corelib0:crt0init.obj
 0001:00000018       __xt_a                     10001018     corelib0:crt0init.obj
 0001:0000001c       __xt_z                     1000101c     corelib0:crt0init.obj
 0001:0000003c       ??_7CMiniThread@@6B@       1000103c     ist.obj
 0001:00000040       ??_7CIST@@6B@              10001040     ist.obj
 0001:00000058       ??_C@_1BM@HMKOMOIP@?$AAU?$AAS?$AAB?$AAO?$AAT?$AAG?$AA_?$AAb?$AA_?$AAh?$AAo?$AAs?$AAt?$AA?$AA@ 10001058     fsl_usbotg.obj
 0001:00000074       ??_C@_1CG@GIBBLIFM@?$AAU?$AAS?$AAB?$AAO?$AAT?$AAG?$AA_?$AAb?$AA_?$AAw?$AAa?$AAi?$AAt?$AA_?$AAa?$AAc?$AAo?$AAn?$AA?$AA@ 10001074     fsl_usbotg.obj
 0001:0000009c       ??_C@_1CI@KIMGJPDD@?$AAU?$AAS?$AAB?$AAO?$AAT?$AAG?$AA_?$AAb?$AA_?$AAp?$AAe?$AAr?$AAi?$AAp?$AAh?$AAe?$AAr?$AAa?$AAl?$AA?$AA@ 1000109c     fsl_usbotg.obj
 0001:000000c4       ??_C@_1CE@DODPDAG@?$AAU?$AAS?$AAB?$AAO?$AAT?$AAG?$AA_?$AAb?$AA_?$AAs?$AAr?$AAp?$AA_?$AAi?$AAn?$AAi?$AAt?$AA?$AA@ 100010c4     fsl_usbotg.obj
 0001:000000e8       ??_C@_1BM@NECDDJFD@?$AAU?$AAS?$AAB?$AAO?$AAT?$AAG?$AA_?$AAb?$AA_?$AAi?$AAd?$AAl?$AAe?$AA?$AA@ 100010e8     fsl_usbotg.obj
 0001:00000104       ??_C@_1CE@NFCDLKIG@?$AAU?$AAS?$AAB?$AAO?$AAT?$AAG?$AA_?$AAa?$AA_?$AAv?$AAb?$AAu?$AAs?$AA_?$AAe?$AAr?$AAr?$AA?$AA@ 10001104     fsl_usbotg.obj
 0001:00000128       ??_C@_1CI@JGPIJILK@?$AAU?$AAS?$AAB?$AAO?$AAT?$AAG?$AA_?$AAa?$AA_?$AAw?$AAa?$AAi?$AAt?$AA_?$AAv?$AAf?$AAa?$AAl?$AAl?$AA?$AA@ 10001128     fsl_usbotg.obj
 0001:00000150       ??_C@_1CI@FKJBHCML@?$AAU?$AAS?$AAB?$AAO?$AAT?$AAG?$AA_?$AAa?$AA_?$AAp?$AAe?$AAr?$AAi?$AAp?$AAh?$AAe?$AAr?$AAa?$AAl?$AA?$AA@ 10001150     fsl_usbotg.obj
 0001:00000178       ??_C@_1CC@PJBGLBHA@?$AAU?$AAS?$AAB?$AAO?$AAT?$AAG?$AA_?$AAa?$AA_?$AAs?$AAu?$AAs?$AAp?$AAe?$AAn?$AAd?$AA?$AA@ 10001178     fsl_usbotg.obj
 0001:0000019c       ??_C@_1BM@MPOLFE@?$AAU?$AAS?$AAB?$AAO?$AAT?$AAG?$AA_?$AAa?$AA_?$AAh?$AAo?$AAs?$AAt?$AA?$AA@ 1000119c     fsl_usbotg.obj
 0001:000001b8       ??_C@_1CG@NLDIKKHH@?$AAU?$AAS?$AAB?$AAO?$AAT?$AAG?$AA_?$AAa?$AA_?$AAw?$AAa?$AAi?$AAt?$AA_?$AAb?$AAc?$AAo?$AAn?$AA?$AA@ 100011b8     fsl_usbotg.obj
 0001:000001e0       ??_C@_1CI@OENAFNFJ@?$AAU?$AAS?$AAB?$AAO?$AAT?$AAG?$AA_?$AAa?$AA_?$AAw?$AAa?$AAi?$AAt?$AA_?$AAv?$AAr?$AAi?$AAs?$AAe?$AA?$AA@ 100011e0     fsl_usbotg.obj
 0001:00000208       ??_C@_1BM@KIECBMII@?$AAU?$AAS?$AAB?$AAO?$AAT?$AAG?$AA_?$AAa?$AA_?$AAi?$AAd?$AAl?$AAe?$AA?$AA@ 10001208     fsl_usbotg.obj
 0001:00000224       ??_C@_1CM@MEEFJFCC@?$AAU?$AAS?$AAB?$AAO?$AAT?$AAG?$AA_?$AAs?$AAt?$AAa?$AAt?$AAe?$AAs?$AA_?$AAu?$AAn?$AAk?$AAn?$AAo?$AAw?$AAn?$AA?$AA@ 10001224     fsl_usbotg.obj
 0001:00000250       ??_7CSTMPOTG@@6BUSBOTG@@@  10001250     fsl_usbotg.obj
 0001:0000031c       ??_7CSTMPOTG@@6BCIST@@@    1000131c     fsl_usbotg.obj
 0001:00000338       ??_C@_1FE@IIALGDEG@?$AAO?$AAT?$AAG?$AAP?$AAi?$AAn?$AAI?$AAn?$AAt?$AAi?$AAa?$AAl?$AAi?$AAz?$AAe?$AA?3?$AA?3?$AA?5?$AAm?$AA_?$AAp?$AAv?$AAH?$AAW?$AAr?$AAe?$AAg?$AAP?$AAI?$AAN?$AAC?$AAT@ 10001338     fsl_usbotg.obj
 0001:0000038c       ??_C@_1CE@JGNJKFCK@?$AA?7?$AAO?$AAT?$AAG?$AA?5?$AA?3?$AA?5?$AAL?$AAo?$AAa?$AAd?$AA?5?$AAH?$AAC?$AAD?$AA?$AN?$AA?6?$AA?$AA@ 1000138c     fsl_usbotg.obj
 0001:000003b0       ??_C@_1CI@JKDMMBJF@?$AA?7?$AAO?$AAT?$AAG?$AA?5?$AA?3?$AA?5?$AAU?$AAn?$AAl?$AAo?$AAa?$AAd?$AA?5?$AAU?$AAF?$AAN?$AA?$AN?$AA?6?$AA?$AA@ 100013b0     fsl_usbotg.obj
 0001:000003d8       ??_C@_1CE@HDIHJOLE@?$AA?7?$AAO?$AAT?$AAG?$AA?5?$AA?3?$AA?5?$AAL?$AAo?$AAa?$AAd?$AA?5?$AAU?$AAF?$AAN?$AA?$AN?$AA?6?$AA?$AA@ 100013d8     fsl_usbotg.obj
 0001:000003fc       ??_C@_1CI@HPGCPKAL@?$AA?7?$AAO?$AAT?$AAG?$AA?5?$AA?3?$AA?5?$AAU?$AAn?$AAl?$AAo?$AAa?$AAd?$AA?5?$AAH?$AAC?$AAD?$AA?$AN?$AA?6?$AA?$AA@ 100013fc     fsl_usbotg.obj
 0001:000004b8       ??_C@_1HI@DCBDCBBF@?$AAB?$AAS?$AAP?$AAU?$AAs?$AAb?$AAP?$AAh?$AAy?$AAS?$AAt?$AAa?$AAr?$AAt?$AAU?$AAp?$AA?3?$AA?3?$AAM?$AAm?$AAM?$AAa?$AAp?$AAI?$AAo?$AAS?$AAp?$AAa?$AAc?$AAe?$AA?5?$AAf@ 100014b8     i_usbutils.obj
 0001:00000530       ??_C@_17PLLMNKLC@?$AAO?$AAT?$AAG?$AA?$AA@ 10001530     i_usbutils.obj
 0001:000005c8       ??_C@_1IA@ECOMNKDK@?$AAI?$AAn?$AAi?$AAt?$AAi?$AAa?$AAl?$AAi?$AAz?$AAe?$AAT?$AAr?$AAa?$AAn?$AAs?$AAc?$AAe?$AAi?$AAv?$AAe?$AAr?$AA?3?$AA?3?$AAM?$AAm?$AAM?$AAa?$AAp?$AAI?$AAo?$AAS?$AAp@ 100015c8     i_usbclock.obj
 0001:00000648       ??_C@_1FC@NEMMIEIK@?$AAF?$AAa?$AAi?$AAl?$AAu?$AAr?$AAe?$AA?5?$AAt?$AAo?$AA?5?$AAC?$AAr?$AAe?$AAa?$AAt?$AAe?$AA?5?$AAF?$AAi?$AAl?$AAe?$AA?5?$AAM?$AAa?$AAp?$AAp?$AAi?$AAn?$AAg?$AA?5?$AAf@ 10001648     i_usbclock.obj
 0001:0000069c       ??_C@_1CC@BJPGGDNC@?$AAU?$AAS?$AAB?$AA_?$AAC?$AAL?$AAO?$AAC?$AAK?$AA_?$AAG?$AAA?$AAT?$AAI?$AAN?$AAG?$AA?$AA@ 1000169c     i_usbclock.obj
 0001:000006c0       ??_C@_1CE@DCPIDLMJ@?$AAH?$AA1?$AAH?$AAC?$AAl?$AAo?$AAc?$AAk?$AAO?$AAp?$AAe?$AAn?$AAS?$AAt?$AAa?$AAt?$AAe?$AA?$AA@ 100016c0     i_usbclock.obj
 0001:000006e4       ??_C@_1CE@FOPGHOEF@?$AAO?$AAT?$AAG?$AAC?$AAl?$AAo?$AAc?$AAk?$AAO?$AAp?$AAe?$AAn?$AAS?$AAt?$AAa?$AAt?$AAe?$AA?$AA@ 100016e4     i_usbclock.obj
 0001:00000708       ??_7CRefObject@@6B@        10001708     defbuslib:defbus.obj
 0001:0000070c       ??_C@_1M@OAJFFPML@?$AAF?$AAl?$AAa?$AAg?$AAs?$AA?$AA@ 1000170c     defbuslib:defbus.obj
 0001:00000718       ??_C@_1M@PJMPBMAL@?$AAO?$AAr?$AAd?$AAe?$AAr?$AA?$AA@ 10001718     defbuslib:defbus.obj
 0001:00000724       ??_C@_1BA@KDCCGFJM@?$AAB?$AAu?$AAs?$AAN?$AAa?$AAm?$AAe?$AA?$AA@ 10001724     defbuslib:defbus.obj
 0001:00000734       ??_C@_1BI@CDNKGHCP@?$AA?$CF?$AAs?$AA_?$AA?$CF?$AAd?$AA_?$AA?$CF?$AAd?$AA_?$AA?$CF?$AAd?$AA?$AA@ 10001734     defbuslib:defbus.obj
 0001:0000074c       ??_C@_1BE@PMMIAJMN@?$AAB?$AAu?$AAs?$AAP?$AAa?$AAr?$AAe?$AAn?$AAt?$AA?$AA@ 1000174c     defbuslib:defbus.obj
 0001:00000760       ??_C@_1BM@MHMIAMLB@?$AAI?$AAn?$AAt?$AAe?$AAr?$AAf?$AAa?$AAc?$AAe?$AAT?$AAy?$AAp?$AAe?$AA?$AA@ 10001760     defbuslib:defbus.obj
 0001:0000077c       ??_7DeviceFolder@@6B@      1000177c     defbuslib:defbus.obj
 0001:0000079c       ??_C@_17DJMMGLBL@?$AAD?$AAl?$AAl?$AA?$AA@ 1000179c     defbuslib:defbus.obj
 0001:000007a4       ??_C@_1M@JLADBBAF@?$AAE?$AAn?$AAt?$AAr?$AAy?$AA?$AA@ 100017a4     defbuslib:defbus.obj
 0001:000007b0       ??_7DefaultBusDriver@@6B@  100017b0     defbuslib:defbus.obj
 0001:0000080c       ??_C@_1BA@HABJOAEE@?$AAU?$AAN?$AAK?$AAN?$AAO?$AAW?$AAN?$AA?$AA@ 1000180c     defbuslib:defbus.obj
 0001:0000081c       ??_C@_1M@KCNCFNNL@?$AA$?$AAb?$AAu?$AAs?$AA?2?$AA?$AA@ 1000181c     defbuslib:defbus.obj
 0001:00000828       ??_C@_13FPGAJAPJ@?$AA?2?$AA?$AA@ 10001828     usbotgcm_common_fsl_v2_pdk1_9:usbotg.obj
 0001:00000830       ??_7USBOTG@@6B@            10001830     usbotgcm_common_fsl_v2_pdk1_9:usbotg.obj
 0001:00000900       ??_C@_1GC@HGOMIODF@?$AAU?$AAS?$AAB?$AAO?$AAT?$AAG?$AA?3?$AA?3?$AAE?$AAv?$AAe?$AAn?$AAt?$AAN?$AAo?$AAt?$AAi?$AAf?$AAi?$AAc?$AAa?$AAt?$AAi?$AAo?$AAn?$AA?3?$AA?5?$AAV?$AAB?$AAU?$AAS?$AA?5@ 10001900     usbotgcm_common_fsl_v2_pdk1_9:usbotg.obj
 0001:00000964       ??_7USBOTGWatchDog@@6B@    10001964     usbotgcm_common_fsl_v2_pdk1_9:usbotg.obj
 0001:00000974       ??_C@_1CE@EIIFOPAG@?$AAI?$AAn?$AAi?$AAt?$AAi?$AAa?$AAl?$AAR?$AAo?$AAl?$AAe?$AAM?$AAa?$AAs?$AAt?$AAe?$AAr?$AA?$AA@ 10001974     usbotgcm_common_fsl_v2_pdk1_9:usbotg.obj
 0001:00000998       ??_C@_1BK@IINLKNNB@?$AAT?$AAB?$AA_?$AAA?$AAS?$AAE?$AA0?$AA_?$AAB?$AAR?$AAS?$AAT?$AA?$AA@ 10001998     usbotgcm_common_fsl_v2_pdk1_9:usbotg.obj
 0001:000009b4       ??_C@_1BK@HFPAPHP@?$AAT?$AAA?$AA_?$AAA?$AAI?$AAD?$AAL?$AA_?$AAB?$AAD?$AAI?$AAS?$AA?$AA@ 100019b4     usbotgcm_common_fsl_v2_pdk1_9:usbotg.obj
 0001:000009d0       ??_C@_1BK@FGKFJCMG@?$AAT?$AAA?$AA_?$AAW?$AAA?$AAI?$AAT?$AA_?$AAB?$AAC?$AAO?$AAN?$AA?$AA@ 100019d0     usbotgcm_common_fsl_v2_pdk1_9:usbotg.obj
 0001:000009ec       ??_C@_1BM@JBDOFIJN@?$AAT?$AAA?$AA_?$AAW?$AAA?$AAI?$AAT?$AA_?$AAV?$AAR?$AAI?$AAS?$AAE?$AA?$AA@ 100019ec     usbotgcm_common_fsl_v2_pdk1_9:usbotg.obj
 0001:00000a08       ??_C@_1BI@PGIDKEBF@?$AAT?$AAB?$AA_?$AAS?$AAR?$AAP?$AA_?$AAF?$AAA?$AAI?$AAL?$AA?$AA@ 10001a08     usbotgcm_common_fsl_v2_pdk1_9:usbotg.obj
 0001:00000a20       ??_C@_1BE@MNDDMKMB@?$AAB?$AAu?$AAs?$AAN?$AAu?$AAm?$AAb?$AAe?$AAr?$AA?$AA@ 10001a20     usbotgcm_common_fsl_v2_pdk1_9:usbotg.obj
 0001:00000a34       ??_C@_1M@KNLKOEJA@?$AAU?$AAs?$AAb?$AAF?$AAn?$AA?$AA@ 10001a34     usbotgcm_common_fsl_v2_pdk1_9:usbotg.obj
 0001:00000a40       ??_C@_17FKIBOEGO@?$AAH?$AAc?$AAd?$AA?$AA@ 10001a40     usbotgcm_common_fsl_v2_pdk1_9:usbotg.obj
 0001:00000a48       ??_C@_1BI@BHLBGEOK@?$AAP?$AAr?$AAi?$AAo?$AAr?$AAi?$AAt?$AAy?$AA2?$AA5?$AA6?$AA?$AA@ 10001a48     usbotgcm_common_fsl_v2_pdk1_9:usbotg.obj
 0001:00000a60       ??_C@_1CG@JHANLAFA@?$AAH?$AAC?$AAD?$AAP?$AAo?$AAr?$AAt?$AAN?$AAu?$AAm?$AAb?$AAe?$AAr?$AAO?$AAn?$AAO?$AAT?$AAG?$AA?$AA@ 10001a60     usbotgcm_common_fsl_v2_pdk1_9:usbotg.obj
 0001:00000a88       ??_C@_1CE@ECIJKOLO@?$AAD?$AAi?$AAs?$AAa?$AAb?$AAl?$AAe?$AAR?$AAo?$AAl?$AAe?$AAS?$AAw?$AAi?$AAt?$AAc?$AAh?$AA?$AA@ 10001a88     usbotgcm_common_fsl_v2_pdk1_9:usbotg.obj
 0001:00000aac       ??_C@_1CE@HMLFJEGL@?$AAD?$AAy?$AAn?$AAa?$AAm?$AAi?$AAc?$AAC?$AAl?$AAi?$AAe?$AAn?$AAt?$AAL?$AAo?$AAa?$AAd?$AA?$AA@ 10001aac     usbotgcm_common_fsl_v2_pdk1_9:usbotg.obj
 0001:00000af8       ?ThreadStart@CMiniThread@@QAAHXZ 10001af8 f i ist.obj
 0001:00000b38       ?WaitThreadComplete@CMiniThread@@QAAHK@Z 10001b38 f i ist.obj
 0001:00000b98       ?ForceTerminated@CMiniThread@@QAAHXZ 10001b98 f i ist.obj
 0001:00000be8       ?ThreadProc@CMiniThread@@CAKPAX@Z 10001be8 f i ist.obj
 0001:00000c18       ?Init@CIST@@UAAHXZ         10001c18 f   ist.obj
 0001:00000c2c       ?IntChainHandlerIoControl@CIST@@QAAHKPAXK0KPAK@Z 10001c2c f   ist.obj
 0001:00000c70       ?IntializeInterrupt@CIST@@UAAHPAXK@Z 10001c70 f   ist.obj
 0001:00000cf8       ?ThreadRun@CIST@@EAAKXZ    10001cf8 f   ist.obj
 0001:00000dac       ??0CMiniThread@@QAA@KH@Z   10001dac f i ist.obj
 0001:00000e20       ??0CIST@@QAA@PBGKK@Z       10001e20 f   ist.obj
 0001:00000f98       ?ISTTimeout@CIST@@EAAHXZ   10001f98 f i ist.obj
 0001:00000fa0       ??1CIST@@UAA@XZ            10001fa0 f   ist.obj
 0001:00001084       ??_GCIST@@UAAPAXI@Z        10002084 f i ist.obj
 0001:00001084       ??_ECIST@@UAAPAXI@Z        10002084 f i ist.obj
 0001:000010ac       FslUfnIsUSBKitlEnable      100020ac f   fsl_usbotg.obj
 0001:00001118       ??0CSTMPOTG@@QAA@PBG@Z     10002118 f   fsl_usbotg.obj
 0001:000011dc       ?Close@DefaultBusDriver@@UAAHXZ 100021dc f i fsl_usbotg.obj
 0001:000011e4       ?IsChildRemoved@DefaultBusDriver@@UAAHPBG@Z 100021e4 f i fsl_usbotg.obj
 0001:000011ec       ?CreateFunctionDeviceFolder@USBOTG@@UAAPAVDeviceFolder@@PBG0KKKKPAXK0@Z 100021ec f i fsl_usbotg.obj
 0001:00001264       ?CreateHostDeviceFolder@USBOTG@@UAAPAVDeviceFolder@@PBG0KKKKPAXK0@Z 10002264 f i fsl_usbotg.obj
 0001:000012dc       ?Open@USBOTG@@UAAHKK@Z     100022dc f i fsl_usbotg.obj
 0001:000012e4       ?GetOtgAConnectEvent@USBOTG@@UAAPAXXZ 100022e4 f i fsl_usbotg.obj
 0001:000012ec       ?SetChildDevicePowerState@USBOTG@@UAAHPAU_CE_BUS_POWER_STATE@@@Z 100022ec f i fsl_usbotg.obj
 0001:000012f4       ?GetChildDevicePowerState@USBOTG@@UAAHPAU_CE_BUS_POWER_STATE@@@Z 100022f4 f i fsl_usbotg.obj
 0001:000012fc       ?UpdatePowerState@USBOTG@@UAAHXZ 100022fc f i fsl_usbotg.obj
 0001:00001304       ?GetPowerCapabilities@USBOTG@@UAA?AU_POWER_CAPABILITIES@@XZ 10002304 f i fsl_usbotg.obj
 0001:00001328       ?DischargVBus@CSTMPOTG@@UAAHXZ 10002328 f i fsl_usbotg.obj
 0001:00001330       ?UsbOtgConfigure@CSTMPOTG@@UAA?AW4USBOTG_MODE@@W42@@Z 10002330 f i fsl_usbotg.obj
 0001:00001338       ?PostInit@CSTMPOTG@@UAAHXZ 10002338 f   fsl_usbotg.obj
 0001:000013bc       ??1CSTMPOTG@@UAA@XZ        100023bc f   fsl_usbotg.obj
 0001:00001444       ?PowerUp@CSTMPOTG@@UAAHXZ  10002444 f   fsl_usbotg.obj
 0001:0000144c       ?PowerDown@CSTMPOTG@@UAAHXZ 1000244c f   fsl_usbotg.obj
 0001:00001454       ?MapHardware@CSTMPOTG@@QAAHXZ 10002454 f   fsl_usbotg.obj
 0001:000015bc       ?IOControl@CSTMPOTG@@UAAHKPAEK0KPAK@Z 100025bc f   fsl_usbotg.obj
 0001:000015ec       ?SessionRequest@CSTMPOTG@@UAAHHH@Z 100025ec f   fsl_usbotg.obj
 0001:00001670       ?NewStateAction@CSTMPOTG@@UAAHW4USBOTG_STATES@@T_USBOTG_OUTPUT@@@Z 10002670 f   fsl_usbotg.obj
 0001:000017d4       ?IsSE0@CSTMPOTG@@UAAHXZ    100027d4 f   fsl_usbotg.obj
 0001:000017dc       ?UpdateInput@CSTMPOTG@@UAAHXZ 100027dc f   fsl_usbotg.obj
 0001:000018b8       ?ISTProcess@CSTMPOTG@@EAAHXZ 100028b8 f   fsl_usbotg.obj
 0001:00001900       ?ISTTimeout@CSTMPOTG@@EAAHXZ 10002900 f   fsl_usbotg.obj
 0001:0000193c       ?CreateUSBOTGObject@@YAPAVUSBOTG@@PAG@Z 1000293c f   fsl_usbotg.obj
 0001:00001970       ?DeleteUSBOTGObject@@YAXPAVUSBOTG@@@Z 10002970 f   fsl_usbotg.obj
 0001:00001994       ??_ECSTMPOTG@@WNM@AAPAXI@Z 10002994 f i fsl_usbotg.obj
 0001:0000199c       ??_ECSTMPOTG@@UAAPAXI@Z    1000299c f i fsl_usbotg.obj
 0001:0000199c       ??_GCSTMPOTG@@UAAPAXI@Z    1000299c f i fsl_usbotg.obj
 0001:000019c4       ?Init@CSTMPOTG@@UAAHXZ     100029c4 f   fsl_usbotg.obj
 0001:00001adc       ?Init@CSTMPOTG@@WNM@AAHXZ  10002adc f i fsl_usbotg.obj
 0001:00001ae4       BSPUsbPhyExit              10002ae4 f   i_usbutils.obj
 0001:00001ae8       BSPUSBSwitchModulePower    10002ae8 f   i_usbutils.obj
 0001:00001aec       BSPGetUSBControllerType    10002aec f   i_usbutils.obj
 0001:00001af4       BSPUsbPhyStartUp           10002af4 f   i_usbutils.obj
 0001:00001da0       USBClockGatingLock         10002da0 f   i_usbclock.obj
 0001:00001ddc       BSPUSBClockCreateFileMapping 10002ddc f   i_usbclock.obj
 0001:00001ea4       BSPUSBClockSwitch          10002ea4 f   i_usbclock.obj
 0001:00001f04       USBClockInit               10002f04 f   i_usbclock.obj
 0001:00001f88       ?DeRef@CRefObject@@QAAKXZ  10002f88 f i defbuslib:defbus.obj
 0001:00001fcc       ??_GCRefObject@@UAAPAXI@Z  10002fcc f i defbuslib:defbus.obj
 0001:00001fcc       ??_ECRefObject@@UAAPAXI@Z  10002fcc f i defbuslib:defbus.obj
 0001:00001ff4       ??0CRegistryEdit@@QAA@PAUHKEY__@@PBG@Z 10002ff4 f i defbuslib:defbus.obj
 0001:00002044       ?GetRegValue@CRegistryEdit@@QAAHPBGPAEK@Z 10003044 f i defbuslib:defbus.obj
 0001:00002094       ?TranslateBusAddr@DefaultBusDriver@@QAAHW4_INTERFACE_TYPE@@KT_LARGE_INTEGER@@PAKPAT3@@Z 10003094 f i defbuslib:defbus.obj
 0001:0000210c       ?TranslateSystemAddr@DefaultBusDriver@@QAAHW4_INTERFACE_TYPE@@KT_LARGE_INTEGER@@PAT3@@Z 1000310c f i defbuslib:defbus.obj
 0001:00002174       ??0DeviceFolder@@QAA@PBG0KKKKPAXK0@Z 10003174 f   defbuslib:defbus.obj
 0001:00002410       ?Init@DeviceFolder@@UAAHXZ 10003410 f i defbuslib:defbus.obj
 0001:00002424       ?SetPowerState@DeviceFolder@@UAAHW4_CEDEVICE_POWER_STATE@@@Z 10003424 f i defbuslib:defbus.obj
 0001:00002430       ?GetPowerState@DeviceFolder@@UAA?AW4_CEDEVICE_POWER_STATE@@XZ 10003430 f i defbuslib:defbus.obj
 0001:00002440       ?LoadDevice@DeviceFolder@@UAAHXZ 10003440 f   defbuslib:defbus.obj
 0001:000025c4       ?UnloadDevice@DeviceFolder@@UAAHXZ 100035c4 f   defbuslib:defbus.obj
 0001:000025fc       ?SetConfigurationData@DeviceFolder@@UAAHPAU_CE_BUS_DEVICE_CONFIGURATION_DATA@@@Z 100035fc f   defbuslib:defbus.obj
 0001:00002668       ?GetConfigurationData@DeviceFolder@@UAAHPAU_CE_BUS_DEVICE_CONFIGURATION_DATA@@@Z 10003668 f   defbuslib:defbus.obj
 0001:000026d4       ??0DefaultBusDriver@@QAA@PBG@Z 100036d4 f   defbuslib:defbus.obj
 0001:00002730       ?PostInit@DefaultBusDriver@@UAAHXZ 10003730 f i defbuslib:defbus.obj
 0001:00002738       ?PowerUp@DefaultBusDriver@@UAAHXZ 10003738 f i defbuslib:defbus.obj
 0001:00002740       ?PowerDown@DefaultBusDriver@@UAAHXZ 10003740 f i defbuslib:defbus.obj
 0001:00002748       ?IOControl@DefaultBusDriver@@UAAHKPAEK0KPAK@Z 10003748 f i defbuslib:defbus.obj
 0001:0000278c       ?Init@DefaultBusDriver@@UAAHXZ 1000378c f   defbuslib:defbus.obj
 0001:000027a8       ??1DefaultBusDriver@@UAA@XZ 100037a8 f   defbuslib:defbus.obj
 0001:00002850       ?TranslateChildBusAddr@DefaultBusDriver@@UAAHPAU_CE_BUS_TRANSLATE_BUS_ADDR@@@Z 10003850 f   defbuslib:defbus.obj
 0001:0000289c       ?TranslateChildSystemAddr@DefaultBusDriver@@UAAHPAU_CE_BUS_TRANSLATE_SYSTEM_ADDR@@@Z 1000389c f   defbuslib:defbus.obj
 0001:000028e0       ?SetChildDeviceConfigurationData@DefaultBusDriver@@UAAHPAU_CE_BUS_DEVICE_CONFIGURATION_DATA@@PAPAVDeviceFolder@@@Z 100038e0 f   defbuslib:defbus.obj
 0001:0000293c       ?GetChildDeviceConfigurationData@DefaultBusDriver@@UAAHPAU_CE_BUS_DEVICE_CONFIGURATION_DATA@@PAPAVDeviceFolder@@@Z 1000393c f   defbuslib:defbus.obj
 0001:00002998       ?SetChildDevicePowerState@DefaultBusDriver@@UAAHPAU_CE_BUS_POWER_STATE@@PAPAVDeviceFolder@@@Z 10003998 f   defbuslib:defbus.obj
 0001:00002a0c       ?GetChildDevicePowerState@DefaultBusDriver@@UAAHPAU_CE_BUS_POWER_STATE@@PAPAVDeviceFolder@@@Z 10003a0c f   defbuslib:defbus.obj
 0001:00002a84       ?ActivateChild@DefaultBusDriver@@UAAHPBG@Z 10003a84 f   defbuslib:defbus.obj
 0001:00002ad4       ?DeactivateChild@DefaultBusDriver@@UAAHPBG@Z 10003ad4 f   defbuslib:defbus.obj
 0001:00002b24       ?GetBusNamePrefix@DefaultBusDriver@@UAAKPAGK@Z 10003b24 f   defbuslib:defbus.obj
 0001:00002b7c       ?FastIOControl@DefaultBusDriver@@UAAHKPAEK0KPAKPAPAVDeviceFolder@@@Z 10003b7c f   defbuslib:defbus.obj
 0001:00002fa4       ?GetChildByName@DefaultBusDriver@@UAAPAVDeviceFolder@@PBGPAPAV2@@Z 10003fa4 f   defbuslib:defbus.obj
 0001:000030b4       ?InsertChild@DefaultBusDriver@@UAAHPAVDeviceFolder@@@Z 100040b4 f   defbuslib:defbus.obj
 0001:0000313c       ?RemoveChildByName@DefaultBusDriver@@UAAHPBG@Z 1000413c f   defbuslib:defbus.obj
 0001:0000319c       ?RemoveChildByFolder@DefaultBusDriver@@UAAHPAVDeviceFolder@@@Z 1000419c f   defbuslib:defbus.obj
 0001:00003238       ?Open@DefaultBusDriver@@UAAHKK@Z 10004238 f   defbuslib:defbus.obj
 0001:00003248       ??1DeviceFolder@@UAA@XZ    10004248 f   defbuslib:defbus.obj
 0001:00003304       ??_GDefaultBusDriver@@UAAPAXI@Z 10004304 f i defbuslib:defbus.obj
 0001:00003304       ??_EDefaultBusDriver@@UAAPAXI@Z 10004304 f i defbuslib:defbus.obj
 0001:0000332c       ??_EDeviceFolder@@UAAPAXI@Z 1000432c f i defbuslib:defbus.obj
 0001:0000332c       ??_GDeviceFolder@@UAAPAXI@Z 1000432c f i defbuslib:defbus.obj
 0001:00003354       ?Init@USBOTGWatchDog@@UAAHXZ 10004354 f   usbotgcm_common_fsl_v2_pdk1_9:usbotg.obj
 0001:00003384       ?WatchForItem@USBOTGWatchDog@@UAAHW4USBOTG_WATCHITEM@@K@Z 10004384 f   usbotgcm_common_fsl_v2_pdk1_9:usbotg.obj
 0001:000033d0       ?ThreadRun@USBOTGWatchDog@@EAAKXZ 100043d0 f   usbotgcm_common_fsl_v2_pdk1_9:usbotg.obj
 0001:00003458       ??0USBOTG@@QAA@PBG@Z       10004458 f   usbotgcm_common_fsl_v2_pdk1_9:usbotg.obj
 0001:00003680       ?PowerUp@USBOTG@@UAAHXZ    10004680 f i usbotgcm_common_fsl_v2_pdk1_9:usbotg.obj
 0001:00003688       ?PowerDown@USBOTG@@UAAHXZ  10004688 f i usbotgcm_common_fsl_v2_pdk1_9:usbotg.obj
 0001:00003690       ?GetBusNamePrefix@USBOTG@@UAAKPAGK@Z 10004690 f   usbotgcm_common_fsl_v2_pdk1_9:usbotg.obj
 0001:000036e8       ?PostInit@USBOTG@@UAAHXZ   100046e8 f   usbotgcm_common_fsl_v2_pdk1_9:usbotg.obj
 0001:000037ac       ?ActivateAllChildDrivers@USBOTG@@UAAHXZ 100047ac f   usbotgcm_common_fsl_v2_pdk1_9:usbotg.obj
 0001:0000389c       ?GetChildByDeviceNumber@USBOTG@@QAAPAVDeviceFolder@@K@Z 1000489c f   usbotgcm_common_fsl_v2_pdk1_9:usbotg.obj
 0001:0000392c       ?LoadUnloadClientDriver@USBOTG@@AAAHHPAVDeviceFolder@@@Z 1000492c f   usbotgcm_common_fsl_v2_pdk1_9:usbotg.obj
 0001:0000399c       ?LoadUnloadHCD@USBOTG@@UAAHH@Z 1000499c f   usbotgcm_common_fsl_v2_pdk1_9:usbotg.obj
 0001:000039fc       ?LoadUnloadUSBFN@USBOTG@@UAAHH@Z 100049fc f   usbotgcm_common_fsl_v2_pdk1_9:usbotg.obj
 0001:00003a5c       ?EnterState@USBOTG@@MAAHW4USBOTG_STATES@@@Z 10004a5c f   usbotgcm_common_fsl_v2_pdk1_9:usbotg.obj
 0001:00003c1c       ?StateChange@USBOTG@@MAA?AW4USBOTG_STATES@@W42@@Z 10004c1c f   usbotgcm_common_fsl_v2_pdk1_9:usbotg.obj
 0001:0000406c       ?EventNotification@USBOTG@@UAAHXZ 1000506c f   usbotgcm_common_fsl_v2_pdk1_9:usbotg.obj
 0001:00004118       ?NewStateAction@USBOTG@@UAAHW4USBOTG_STATES@@T_USBOTG_OUTPUT@@@Z 10005118 f   usbotgcm_common_fsl_v2_pdk1_9:usbotg.obj
 0001:0000414c       ?TimeOut@USBOTG@@UAAHW4USBOTG_WATCHITEM@@@Z 1000514c f   usbotgcm_common_fsl_v2_pdk1_9:usbotg.obj
 0001:00004294       ?IOControl@USBOTG@@UAAHKPAEK0KPAK@Z 10005294 f   usbotgcm_common_fsl_v2_pdk1_9:usbotg.obj
 0001:00004894       ?GetOTGEnableBit@USBOTG@@UAAEPBG@Z 10005894 f   usbotgcm_common_fsl_v2_pdk1_9:usbotg.obj
 0001:00004924       ?OTGUSBFNNotfyActive@USBOTG@@UAAHPBGH@Z 10005924 f   usbotgcm_common_fsl_v2_pdk1_9:usbotg.obj
 0001:000049b4       ?OTGHCDNotfyAccept@USBOTG@@UAAHPBGH@Z 100059b4 f   usbotgcm_common_fsl_v2_pdk1_9:usbotg.obj
 0001:00004a44       ?OtgRequestBus@USBOTG@@UAAHH@Z 10005a44 f   usbotgcm_common_fsl_v2_pdk1_9:usbotg.obj
 0001:00004ac0       ?OtgDropBus@USBOTG@@UAAHH@Z 10005ac0 f   usbotgcm_common_fsl_v2_pdk1_9:usbotg.obj
 0001:00004ac8       ?OtgSuspendBus@USBOTG@@UAAHPBGH@Z 10005ac8 f   usbotgcm_common_fsl_v2_pdk1_9:usbotg.obj
 0001:00004bb8       ?OtgEnableHNP@USBOTG@@UAAHPBGH@Z 10005bb8 f   usbotgcm_common_fsl_v2_pdk1_9:usbotg.obj
 0001:00004ca4       ?OTGNotifyDetach@USBOTG@@UAAHPBG@Z 10005ca4 f   usbotgcm_common_fsl_v2_pdk1_9:usbotg.obj
 0001:00004d5c       DllEntry                   10005d5c f   usbotgcm_common_fsl_v2_pdk1_9:usbotg.obj
 0001:00004d74       OTG_Init                   10005d74 f   usbotgcm_common_fsl_v2_pdk1_9:usbotg.obj
 0001:00004dc8       OTG_Deinit                 10005dc8 f   usbotgcm_common_fsl_v2_pdk1_9:usbotg.obj
 0001:00004ddc       OTG_PowerUp                10005ddc f   usbotgcm_common_fsl_v2_pdk1_9:usbotg.obj
 0001:00004e00       OTG_PowerDown              10005e00 f   usbotgcm_common_fsl_v2_pdk1_9:usbotg.obj
 0001:00004e24       OTG_Open                   10005e24 f   usbotgcm_common_fsl_v2_pdk1_9:usbotg.obj
 0001:00004e5c       OTG_Close                  10005e5c f   usbotgcm_common_fsl_v2_pdk1_9:usbotg.obj
 0001:00004e8c       OTG_IOControl              10005e8c f   usbotgcm_common_fsl_v2_pdk1_9:usbotg.obj
 0001:00004ed8       ??0USBOTGWatchDog@@QAA@PAVUSBOTG@@@Z 10005ed8 f   usbotgcm_common_fsl_v2_pdk1_9:usbotg.obj
 0001:00004f44       ??1USBOTGWatchDog@@UAA@XZ  10005f44 f   usbotgcm_common_fsl_v2_pdk1_9:usbotg.obj
 0001:00004fb4       ??1USBOTG@@UAA@XZ          10005fb4 f   usbotgcm_common_fsl_v2_pdk1_9:usbotg.obj
 0001:00005094       ?Init@USBOTG@@UAAHXZ       10006094 f   usbotgcm_common_fsl_v2_pdk1_9:usbotg.obj
 0001:000055b0       ??_GUSBOTGWatchDog@@UAAPAXI@Z 100065b0 f i usbotgcm_common_fsl_v2_pdk1_9:usbotg.obj
 0001:000055b0       ??_EUSBOTGWatchDog@@UAAPAXI@Z 100065b0 f i usbotgcm_common_fsl_v2_pdk1_9:usbotg.obj
 0001:000055d8       ??_EUSBOTG@@UAAPAXI@Z      100065d8 f i usbotgcm_common_fsl_v2_pdk1_9:usbotg.obj
 0001:000055d8       ??_GUSBOTG@@UAAPAXI@Z      100065d8 f i usbotgcm_common_fsl_v2_pdk1_9:usbotg.obj
 0001:00005600       DDKIomuxSetPadConfig       10006600 f   cspddk:CSPDDK.dll
 0001:00005610       DDKIomuxSetPinMux          10006610 f   cspddk:CSPDDK.dll
 0001:00005620       DDKClockSetGatingMode      10006620 f   cspddk:CSPDDK.dll
 0001:00005630       DDKClockGetGatingMode      10006630 f   cspddk:CSPDDK.dll
 0001:00005640       EventModify                10006640 f   coredll:COREDLL.dll
 0001:00005650       ResumeThread               10006650 f   coredll:COREDLL.dll
 0001:00005660       CloseHandle                10006660 f   coredll:COREDLL.dll
 0001:00005670       WaitForSingleObject        10006670 f   coredll:COREDLL.dll
 0001:00005680       TerminateThread            10006680 f   coredll:COREDLL.dll
 0001:00005690       ExitThread                 10006690 f   coredll:COREDLL.dll
 0001:000056a0       OpenDeviceKey              100066a0 f   coredll:COREDLL.dll
 0001:000056b0       RegCloseKey                100066b0 f   coredll:COREDLL.dll
 0001:000056c0       DDKReg_GetIsrInfo          100066c0 f   coredll:COREDLL.dll
 0001:000056d0       IntChainHandlerIoControl   100066d0 f   coredll:COREDLL.dll
 0001:000056e0       InterruptInitialize        100066e0 f   coredll:COREDLL.dll
 0001:000056f0       CreateEventW               100066f0 f   coredll:COREDLL.dll
 0001:00005700       InterruptDone              10006700 f   coredll:COREDLL.dll
 0001:00005710       CreateThread               10006710 f   coredll:COREDLL.dll
 0001:00005720       LoadIntChainHandler        10006720 f   coredll:COREDLL.dll
 0001:00005730       KernelIoControl            10006730 f   coredll:COREDLL.dll
 0001:00005740       FreeIntChainHandler        10006740 f   coredll:COREDLL.dll
 0001:00005750       InterruptDisable           10006750 f   coredll:COREDLL.dll
 0001:00005760       EnterCriticalSection       10006760 f   coredll:COREDLL.dll
 0001:00005770       LeaveCriticalSection       10006770 f   coredll:COREDLL.dll
 0001:00005780       DDKReg_GetWindowInfo       10006780 f   coredll:COREDLL.dll
 0001:00005790       StringCchCopyW             10006790 f   coredll:COREDLL.dll
 0001:000057a0       NKDbgPrintfW               100067a0 f   coredll:COREDLL.dll
 0001:000057b0       Sleep                      100067b0 f   coredll:COREDLL.dll
 0001:000057c0       InterlockedCompareExchange 100067c0 f   coredll:COREDLL.dll
 0001:000057d0       MapViewOfFile              100067d0 f   coredll:COREDLL.dll
 0001:000057e0       GetLastError               100067e0 f   coredll:COREDLL.dll
 0001:000057f0       CreateFileMappingW         100067f0 f   coredll:COREDLL.dll
 0001:00005800       InitializeCriticalSection  10006800 f   coredll:COREDLL.dll
 0001:00005810       DeleteCriticalSection      10006810 f   coredll:COREDLL.dll
 0001:00005820       InterlockedIncrement       10006820 f   coredll:COREDLL.dll
 0001:00005830       InterlockedDecrement       10006830 f   coredll:COREDLL.dll
 0001:00005840       RegOpenKeyExW              10006840 f   coredll:COREDLL.dll
 0001:00005850       RegQueryValueExW           10006850 f   coredll:COREDLL.dll
 0001:00005860       StringCchPrintfW           10006860 f   coredll:COREDLL.dll
 0001:00005870       ActivateDeviceEx           10006870 f   coredll:COREDLL.dll
 0001:00005880       FreeLibrary                10006880 f   coredll:COREDLL.dll
 0001:00005890       GetProcAddressW            10006890 f   coredll:COREDLL.dll
 0001:000058a0       LoadDriver                 100068a0 f   coredll:COREDLL.dll
 0001:000058b0       LoadLibraryW               100068b0 f   coredll:COREDLL.dll
 0001:000058c0       GetTickCount               100068c0 f   coredll:COREDLL.dll
 0001:000058d0       DeactivateDevice           100068d0 f   coredll:COREDLL.dll
 0001:000058e0       GetDeviceHandleFromContext 100068e0 f   coredll:COREDLL.dll
 0001:000058f0       SetLastError               100068f0 f   coredll:COREDLL.dll
 0001:00005900       StringCchCatW              10006900 f   coredll:COREDLL.dll
 0001:00005910       GetDeviceInformationByDeviceHandle 10006910 f   coredll:COREDLL.dll
 0001:00005920       DisableThreadLibraryCalls  10006920 f   coredll:COREDLL.dll
 0001:00005930       CreateBusAccessHandle      10006930 f   ceddk:CEDDK.dll
 0001:00005940       MmUnmapIoSpace             10006940 f   ceddk:CEDDK.dll
 0001:00005950       CloseBusAccessHandle       10006950 f   ceddk:CEDDK.dll
 0001:00005960       SetDevicePowerState        10006960 f   ceddk:CEDDK.dll
 0001:00005970       MmMapIoSpace               10006970 f   ceddk:CEDDK.dll
 0001:00005980       BusTransBusAddrToStatic    10006980 f   ceddk:CEDDK.dll
 0001:00005990       BusTransBusAddrToVirtual   10006990 f   ceddk:CEDDK.dll
 0001:000059a0       HalTranslateBusAddress     100069a0 f   ceddk:CEDDK.dll
 0001:000059b0       TranslateBusAddr           100069b0 f   ceddk:CEDDK.dll
 0001:000059c0       HalTranslateSystemAddress  100069c0 f   ceddk:CEDDK.dll
 0001:000059d0       TranslateSystemAddr        100069d0 f   ceddk:CEDDK.dll
 0001:000059e0       HalSetBusDataByOffset      100069e0 f   ceddk:CEDDK.dll
 0001:000059f0       HalGetBusDataByOffset      100069f0 f   ceddk:CEDDK.dll
 0001:00005a00       _DllEntryCRTStartup        10006a00 f   corelib0:pegdentry.obj
 0001:00005a48       __GSHandlerCheckCommon     10006a48 f   corelib0:gshandler.obj
 0001:00005a84       __GSHandlerCheck           10006a84 f   corelib0:gshandler.obj
 0001:00005aa8       __security_init_cookie     10006aa8 f   corelib0:seccinit.obj
 0001:00005b04       __security_check_cookie    10006b04 f   corelib0:armsecgs.obj
 0001:00005b18       __gsfailure                10006b18 f   corelib0:armsecgs.obj
 0001:00005c24       _cexit                     10006c24 f   corelib0:cexit.obj
 0001:00005c40       _initterm                  10006c40 f   corelib0:crt0dat.obj
 0001:00005c74       _cinit                     10006c74 f   corelib0:crt0dat.obj
 0001:00005ca8       _purecall                  10006ca8 f   corelib1:COREDLL.dll
 0001:00005cb8       ??3@YAXPAX@Z               10006cb8 f   corelib1:COREDLL.dll
 0001:00005cc8       ??2@YAPAXI@Z               10006cc8 f   corelib1:COREDLL.dll
 0001:00005cd8       wcslen                     10006cd8 f   corelib1:COREDLL.dll
 0001:00005ce8       memcpy                     10006ce8 f   corelib1:COREDLL.dll
 0001:00005cf8       malloc                     10006cf8 f   corelib1:COREDLL.dll
 0001:00005d08       _wcsdup                    10006d08 f   corelib1:COREDLL.dll
 0001:00005d18       wcscpy                     10006d18 f   corelib1:COREDLL.dll
 0001:00005d28       memset                     10006d28 f   corelib1:COREDLL.dll
 0001:00005d38       wcsncpy                    10006d38 f   corelib1:COREDLL.dll
 0001:00005d48       _wcsicmp                   10006d48 f   corelib1:COREDLL.dll
 0001:00005d58       _wcsnicmp                  10006d58 f   corelib1:COREDLL.dll
 0001:00005d68       free                       10006d68 f   corelib1:COREDLL.dll
 0001:00005d78       __security_gen_cookie2     10006d78 f   corelib1:COREDLL.dll
 0001:00005d88       __report_gsfailure         10006d88 f   corelib1:COREDLL.dll
 0001:00005d98       TerminateProcess           10006d98 f   coredll:COREDLL.dll
 0001:00005db8       __IMPORT_DESCRIPTOR_CSPDDK 10006db8     cspddk:CSPDDK.dll
 0001:00005dcc       __IMPORT_DESCRIPTOR_COREDLL 10006dcc     coredll:COREDLL.dll
 0001:00005de0       __IMPORT_DESCRIPTOR_CEDDK  10006de0     ceddk:CEDDK.dll
 0001:00005df4       __NULL_IMPORT_DESCRIPTOR   10006df4     cspddk:CSPDDK.dll
 0002:00000000       __imp_HalSetBusDataByOffset 10008000     ceddk:CEDDK.dll
 0002:00000004       __imp_TranslateSystemAddr  10008004     ceddk:CEDDK.dll
 0002:00000008       __imp_HalTranslateSystemAddress 10008008     ceddk:CEDDK.dll
 0002:0000000c       __imp_TranslateBusAddr     1000800c     ceddk:CEDDK.dll
 0002:00000010       __imp_HalTranslateBusAddress 10008010     ceddk:CEDDK.dll
 0002:00000014       __imp_BusTransBusAddrToVirtual 10008014     ceddk:CEDDK.dll
 0002:00000018       __imp_BusTransBusAddrToStatic 10008018     ceddk:CEDDK.dll
 0002:0000001c       __imp_MmMapIoSpace         1000801c     ceddk:CEDDK.dll
 0002:00000020       __imp_SetDevicePowerState  10008020     ceddk:CEDDK.dll
 0002:00000024       __imp_CloseBusAccessHandle 10008024     ceddk:CEDDK.dll
 0002:00000028       __imp_MmUnmapIoSpace       10008028     ceddk:CEDDK.dll
 0002:0000002c       __imp_CreateBusAccessHandle 1000802c     ceddk:CEDDK.dll
 0002:00000030       __imp_HalGetBusDataByOffset 10008030     ceddk:CEDDK.dll
 0002:00000034       \177CEDDK_NULL_THUNK_DATA  10008034     ceddk:CEDDK.dll
 0002:00000038       __imp_IntChainHandlerIoControl 10008038     coredll:COREDLL.dll
 0002:0000003c       __imp_InterruptInitialize  1000803c     coredll:COREDLL.dll
 0002:00000040       __imp_CreateEventW         10008040     coredll:COREDLL.dll
 0002:00000044       __imp_InterruptDone        10008044     coredll:COREDLL.dll
 0002:00000048       __imp_CreateThread         10008048     coredll:COREDLL.dll
 0002:0000004c       __imp_LoadIntChainHandler  1000804c     coredll:COREDLL.dll
 0002:00000050       __imp_KernelIoControl      10008050     coredll:COREDLL.dll
 0002:00000054       __imp_FreeIntChainHandler  10008054     coredll:COREDLL.dll
 0002:00000058       __imp_InterruptDisable     10008058     coredll:COREDLL.dll
 0002:0000005c       __imp_EnterCriticalSection 1000805c     coredll:COREDLL.dll
 0002:00000060       __imp_LeaveCriticalSection 10008060     coredll:COREDLL.dll
 0002:00000064       __imp_DDKReg_GetWindowInfo 10008064     coredll:COREDLL.dll
 0002:00000068       __imp_StringCchCopyW       10008068     coredll:COREDLL.dll
 0002:0000006c       __imp_NKDbgPrintfW         1000806c     coredll:COREDLL.dll
 0002:00000070       __imp_Sleep                10008070     coredll:COREDLL.dll
 0002:00000074       __imp_InterlockedCompareExchange 10008074     coredll:COREDLL.dll
 0002:00000078       __imp_MapViewOfFile        10008078     coredll:COREDLL.dll
 0002:0000007c       __imp_GetLastError         1000807c     coredll:COREDLL.dll
 0002:00000080       __imp_CreateFileMappingW   10008080     coredll:COREDLL.dll
 0002:00000084       __imp_DDKReg_GetIsrInfo    10008084     coredll:COREDLL.dll
 0002:00000088       __imp_InitializeCriticalSection 10008088     coredll:COREDLL.dll
 0002:0000008c       __imp_DeleteCriticalSection 1000808c     coredll:COREDLL.dll
 0002:00000090       __imp_InterlockedIncrement 10008090     coredll:COREDLL.dll
 0002:00000094       __imp_InterlockedDecrement 10008094     coredll:COREDLL.dll
 0002:00000098       __imp_RegOpenKeyExW        10008098     coredll:COREDLL.dll
 0002:0000009c       __imp_RegQueryValueExW     1000809c     coredll:COREDLL.dll
 0002:000000a0       __imp_StringCchPrintfW     100080a0     coredll:COREDLL.dll
 0002:000000a4       __imp_ActivateDeviceEx     100080a4     coredll:COREDLL.dll
 0002:000000a8       __imp_FreeLibrary          100080a8     coredll:COREDLL.dll
 0002:000000ac       __imp_TerminateProcess     100080ac     coredll:COREDLL.dll
 0002:000000b0       __imp_LoadDriver           100080b0     coredll:COREDLL.dll
 0002:000000b4       __imp_LoadLibraryW         100080b4     coredll:COREDLL.dll
 0002:000000b8       __imp_GetTickCount         100080b8     coredll:COREDLL.dll
 0002:000000bc       __imp_DeactivateDevice     100080bc     coredll:COREDLL.dll
 0002:000000c0       __imp_GetDeviceHandleFromContext 100080c0     coredll:COREDLL.dll
 0002:000000c4       __imp_SetLastError         100080c4     coredll:COREDLL.dll
 0002:000000c8       __imp_StringCchCatW        100080c8     coredll:COREDLL.dll
 0002:000000cc       __imp_GetDeviceInformationByDeviceHandle 100080cc     coredll:COREDLL.dll
 0002:000000d0       __imp_DisableThreadLibraryCalls 100080d0     coredll:COREDLL.dll
 0002:000000d4       __imp_RegCloseKey          100080d4     coredll:COREDLL.dll
 0002:000000d8       __imp_OpenDeviceKey        100080d8     coredll:COREDLL.dll
 0002:000000dc       __imp_ExitThread           100080dc     coredll:COREDLL.dll
 0002:000000e0       __imp_TerminateThread      100080e0     coredll:COREDLL.dll
 0002:000000e4       __imp_WaitForSingleObject  100080e4     coredll:COREDLL.dll
 0002:000000e8       __imp_CloseHandle          100080e8     coredll:COREDLL.dll
 0002:000000ec       __imp_ResumeThread         100080ec     coredll:COREDLL.dll
 0002:000000f0       __imp_EventModify          100080f0     coredll:COREDLL.dll
 0002:000000f4       __imp___security_gen_cookie2 100080f4     corelib1:COREDLL.dll
 0002:000000f8       __imp___report_gsfailure   100080f8     corelib1:COREDLL.dll
 0002:000000fc       __imp_GetProcAddressW      100080fc     coredll:COREDLL.dll
 0002:00000100       __imp__purecall            10008100     corelib1:COREDLL.dll
 0002:00000104       __imp_??3@YAXPAX@Z         10008104     corelib1:COREDLL.dll
 0002:00000108       __imp_??2@YAPAXI@Z         10008108     corelib1:COREDLL.dll
 0002:0000010c       __imp_wcslen               1000810c     corelib1:COREDLL.dll
 0002:00000110       __imp_memcpy               10008110     corelib1:COREDLL.dll
 0002:00000114       __imp_malloc               10008114     corelib1:COREDLL.dll
 0002:00000118       __imp__wcsdup              10008118     corelib1:COREDLL.dll
 0002:0000011c       __imp_wcscpy               1000811c     corelib1:COREDLL.dll
 0002:00000120       __imp_memset               10008120     corelib1:COREDLL.dll
 0002:00000124       __imp_wcsncpy              10008124     corelib1:COREDLL.dll
 0002:00000128       __imp__wcsicmp             10008128     corelib1:COREDLL.dll
 0002:0000012c       __imp__wcsnicmp            1000812c     corelib1:COREDLL.dll
 0002:00000130       __imp_free                 10008130     corelib1:COREDLL.dll
 0002:00000134       \177COREDLL_NULL_THUNK_DATA 10008134     coredll:COREDLL.dll
 0002:00000138       __imp_DDKClockGetGatingMode 10008138     cspddk:CSPDDK.dll
 0002:0000013c       __imp_DDKClockSetGatingMode 1000813c     cspddk:CSPDDK.dll
 0002:00000140       __imp_DDKIomuxSetPinMux    10008140     cspddk:CSPDDK.dll
 0002:00000144       __imp_DDKIomuxSetPadConfig 10008144     cspddk:CSPDDK.dll
 0002:00000148       \177CSPDDK_NULL_THUNK_DATA 10008148     cspddk:CSPDDK.dll
 0002:0000014c       ?g_mycppOtgStateString@@3PAPBGA 1000814c     fsl_usbotg.obj
 0002:00000184       __security_cookie          10008184     corelib0:seccinit.obj
 0002:00000188       __security_cookie_complement 10008188     corelib0:seccinit.obj
 0002:0000018c       m_hUSBClockGatingHandle    1000818c     i_usbclock.obj
 0002:00000190       pUSBClkGating              10008190     i_usbclock.obj
 0002:0000019c       _exitflag                  1000819c     corelib0:cexit.obj
 0002:000001a0       __onexitend                100081a0     <common>
 0002:000001a4       __onexitbegin              100081a4     <common>

 entry point at        0001:00005a00

 Static symbols

 0001:00001bb0       USBClockSet                10002bb0 f   i_usbclock.obj
 0001:00005b5c       doexit                     10006b5c f   corelib0:cexit.obj
