 oal

 Timestamp is 4f867519 (Thu Apr 12 14:24:25 2012)

 Preferred load address is 00010000

 Start         Length     Name                   Class
 0001:00000000 000000b4H .astart                 CODE
 0001:000000c0 00009028H .rdata                  CODE
 0001:000090e8 00000020H .rdata$debug            CODE
 0001:00009108 000102e0H .text                   CODE
 0001:000193e8 0000007cH .xdata                  CODE
 0001:00019464 00000014H .idata$2                CODE
 0001:00019478 00000014H .idata$3                CODE
 0001:0001948c 00000010H .idata$4                CODE
 0001:0001949c 0000000cH .idata$6                CODE
 0001:000194a8 00000000H .edata                  CODE
 0002:00000000 00006000H .KDATA                  DATA
 0003:00000000 00000010H .idata$5                DATA
 0003:00000040 000007bcH .data                   DATA
 0003:00000800 0000a728H .bss                    DATA
 0004:00000000 000008d0H .pdata                  DATA

  Address         Publics by Value              Rva+Base       Lib:Object

 0000:00000000       ___safe_se_handler_count   00000000     <absolute>
 0000:00000000       ___safe_se_handler_table   00000000     <absolute>
 0001:00000000       StartUp                    00011000 f   oal:startup.obj
 0001:00000078       g_oalAddressTable          00011078     oal:startup.obj
 0001:000000dc       pTOC                       000110dc     nkldr:ldrcmn.obj
 0001:000000e0       RomExt                     000110e0     nkldr:ldrcmn.obj
 0001:0000010c       ??_C@_0L@CPPPICDM@kernel?4dll?$AA@ 0001110c     nkldr:ldrcmn.obj
 0001:000001a8       ??_C@_1BG@OFOAIMMC@?$AA?9?$AAO?$AAE?$AAM?$AAI?$AAn?$AAi?$AAt?$AA?$AN?$AA?6?$AA?$AA@ 000111a8     oal:init.obj
 0001:000001c0       ??_C@_1GI@LGFJGPEK@?$AAE?$AAR?$AAR?$AAO?$AAR?$AA?3?$AA?5?$AAO?$AAE?$AAM?$AAI?$AAn?$AAi?$AAt?$AA?3?$AA?5?$AAF?$AAa?$AAi?$AAl?$AAe?$AAd?$AA?5?$AAt?$AAo?$AA?5?$AAi?$AAn?$AAi?$AAt?$AAi?$AAa@ 000111c0     oal:init.obj
 0001:00000228       ??_C@_1GE@OIDINFAG@?$AAE?$AAR?$AAR?$AAO?$AAR?$AA?3?$AA?5?$AAO?$AAE?$AAM?$AAI?$AAn?$AAi?$AAt?$AA?3?$AA?5?$AAf?$AAa?$AAi?$AAl?$AAe?$AAd?$AA?5?$AAt?$AAo?$AA?5?$AAi?$AAn?$AAi?$AAt?$AAi?$AAa@ 00011228     oal:init.obj
 0001:0000028c       ??_C@_1CI@CDFHJMJB@?$AAA?$AAp?$AAb?$AAh?$AAD?$AAm?$AAa?$AAI?$AAn?$AAi?$AAt?$AA?5?$AAf?$AAa?$AAi?$AAl?$AAe?$AAd?$AA?$CB?$AA?$AA@ 0001128c     oal:init.obj
 0001:000002b4       ??_C@_1CG@HJKJMKDE@?$AAI?$AAo?$AAm?$AAu?$AAx?$AAA?$AAl?$AAl?$AAo?$AAc?$AA?5?$AAf?$AAa?$AAi?$AAl?$AAe?$AAd?$AA?$CB?$AA?$AA@ 000112b4     oal:init.obj
 0001:000002dc       ??_C@_1CK@EHOOBGCH@?$AAA?$AAp?$AAb?$AAh?$AAD?$AAm?$AAa?$AAA?$AAl?$AAl?$AAo?$AAc?$AA?5?$AAf?$AAa?$AAi?$AAl?$AAe?$AAd?$AA?$CB?$AA?$AA@ 000112dc     oal:init.obj
 0001:00000308       ??_C@_1CI@INOGGKEB@?$AAC?$AAl?$AAo?$AAc?$AAk?$AAI?$AAn?$AAi?$AAt?$AA?$CI?$AA?$CJ?$AA?5?$AAf?$AAa?$AAi?$AAl?$AAe?$AAd?$AA?$CB?$AA?$AA@ 00011308     oal:init.obj
 0001:00000330       ??_C@_1EI@BFFCEHAG@?$AA?5?$AA?5?$AA?5?$AA?5?$AA?5?$AA?5?$AA?5?$AAL?$AA1?$AAD?$AAS?$AAi?$AAz?$AAe?$AA?3?$AA?5?$AA?5?$AA?5?$AA?5?$AA?5?$AA?5?$AA?5?$AA0?$AAx?$AA?$CF?$AA0?$AA8?$AAx?$AA?5?$AA?$CI?$AA?$CF?$AAd@ 00011330     oal:init.obj
 0001:00000378       ??_C@_1EI@HCBBCEAB@?$AA?5?$AA?5?$AA?5?$AA?5?$AA?5?$AA?5?$AA?5?$AAL?$AA1?$AAD?$AAL?$AAi?$AAn?$AAe?$AAS?$AAi?$AAz?$AAe?$AA?3?$AA?5?$AA?5?$AA?5?$AA0?$AAx?$AA?$CF?$AA0?$AA8?$AAx?$AA?5?$AA?$CI?$AA?$CF?$AAd@ 00011378     oal:init.obj
 0001:000003c0       ??_C@_1EI@ODIOLNP@?$AA?5?$AA?5?$AA?5?$AA?5?$AA?5?$AA?5?$AA?5?$AAL?$AA1?$AAD?$AAN?$AAu?$AAm?$AAW?$AAa?$AAy?$AAs?$AA?3?$AA?5?$AA?5?$AA?5?$AA?5?$AA0?$AAx?$AA?$CF?$AA0?$AA8?$AAx?$AA?5?$AA?$CI?$AA?$CF?$AAd@ 000113c0     oal:init.obj
 0001:00000408       ??_C@_1EI@MCDKAEIJ@?$AA?5?$AA?5?$AA?5?$AA?5?$AA?5?$AA?5?$AA?5?$AAL?$AA1?$AAD?$AAS?$AAe?$AAt?$AAs?$AAP?$AAe?$AAr?$AAW?$AAa?$AAy?$AA?3?$AA?5?$AA0?$AAx?$AA?$CF?$AA0?$AA8?$AAx?$AA?5?$AA?$CI?$AA?$CF?$AAd@ 00011408     oal:init.obj
 0001:00000450       ??_C@_1EI@BPEMAFNI@?$AA?5?$AA?5?$AA?5?$AA?5?$AA?5?$AA?5?$AA?5?$AAL?$AA1?$AAI?$AAS?$AAi?$AAz?$AAe?$AA?3?$AA?5?$AA?5?$AA?5?$AA?5?$AA?5?$AA?5?$AA?5?$AA0?$AAx?$AA?$CF?$AA0?$AA8?$AAx?$AA?5?$AA?$CI?$AA?$CF?$AAd@ 00011450     oal:init.obj
 0001:00000498       ??_C@_1EI@HIAPGGNP@?$AA?5?$AA?5?$AA?5?$AA?5?$AA?5?$AA?5?$AA?5?$AAL?$AA1?$AAI?$AAL?$AAi?$AAn?$AAe?$AAS?$AAi?$AAz?$AAe?$AA?3?$AA?5?$AA?5?$AA?5?$AA0?$AAx?$AA?$CF?$AA0?$AA8?$AAx?$AA?5?$AA?$CI?$AA?$CF?$AAd@ 00011498     oal:init.obj
 0001:000004e0       ??_C@_1EI@ECGKJAB@?$AA?5?$AA?5?$AA?5?$AA?5?$AA?5?$AA?5?$AA?5?$AAL?$AA1?$AAI?$AAN?$AAu?$AAm?$AAW?$AAa?$AAy?$AAs?$AA?3?$AA?5?$AA?5?$AA?5?$AA?5?$AA0?$AAx?$AA?$CF?$AA0?$AA8?$AAx?$AA?5?$AA?$CI?$AA?$CF?$AAd@ 000114e0     oal:init.obj
 0001:00000528       ??_C@_1EI@MICEEGFH@?$AA?5?$AA?5?$AA?5?$AA?5?$AA?5?$AA?5?$AA?5?$AAL?$AA1?$AAI?$AAS?$AAe?$AAt?$AAs?$AAP?$AAe?$AAr?$AAW?$AAa?$AAy?$AA?3?$AA?5?$AA0?$AAx?$AA?$CF?$AA0?$AA8?$AAx?$AA?5?$AA?$CI?$AA?$CF?$AAd@ 00011528     oal:init.obj
 0001:00000570       ??_C@_1DO@CDJFGCON@?$AA?5?$AA?5?$AA?5?$AA?5?$AA?5?$AA?5?$AA?5?$AAL?$AA1?$AAF?$AAl?$AAa?$AAg?$AAs?$AA?3?$AA?5?$AA?5?$AA?5?$AA?5?$AA?5?$AA?5?$AA?5?$AA0?$AAx?$AA?$CF?$AA0?$AA8?$AAx?$AA?$AN?$AA?6?$AA?$AA@ 00011570     oal:init.obj
 0001:000005b0       ??_C@_1BI@NJKLHLEG@?$AA?5?$AA?5?$AA?5?$AAC?$AAa?$AAc?$AAh?$AAe?$AA?3?$AA?$AN?$AA?6?$AA?$AA@ 000115b0     oal:init.obj
 0001:000005c8       ??_C@_1BG@JHBBNGEC@?$AA?$CL?$AAO?$AAE?$AAM?$AAI?$AAn?$AAi?$AAt?$AA?$AN?$AA?6?$AA?$AA@ 000115c8     oal:init.obj
 0001:00000670       ??_C@_1EI@MHBJNECO@?$AAW?$AAd?$AAo?$AAg?$AAI?$AAn?$AAi?$AAt?$AA?3?$AA?5?$AA?5?$AAW?$AAa?$AAt?$AAc?$AAh?$AAd?$AAo?$AAg?$AA?5?$AAn?$AAu?$AAl?$AAl?$AA?5?$AAp?$AAo?$AAi?$AAn?$AAt?$AAe?$AAr@ 00011670     oal:timer.obj
 0001:000006b8       ??_C@_1FI@FDCAIHJP@?$AAE?$AAR?$AAR?$AAO?$AAR?$AA?3?$AA?5?$AAI?$AAn?$AAi?$AAt?$AAR?$AAT?$AAC?$AA?3?$AA?5?$AAp?$AAv?$AA_?$AAH?$AAW?$AAr?$AAe?$AAg?$AAR?$AAT?$AAC?$AA?5?$AAn?$AAu?$AAl?$AAl@ 000116b8     oal:timer.obj
 0001:00000710       ??_C@_1DA@GFBAMOOD@?$AA?9?$AAR?$AAe?$AAf?$AAr?$AAe?$AAs?$AAh?$AAW?$AAa?$AAt?$AAc?$AAh?$AAd?$AAo?$AAg?$AAT?$AAi?$AAm?$AAe?$AAr?$AA?$AN?$AA?6?$AA?$AA@ 00011710     oal:timer.obj
 0001:00000740       ??_C@_1KO@FBMPFAAG@?$AA?$CL?$AAR?$AAe?$AAf?$AAr?$AAe?$AAs?$AAh?$AAW?$AAa?$AAt?$AAc?$AAh?$AAd?$AAo?$AAg?$AAT?$AAi?$AAm?$AAe?$AAr?$AA?3?$AA?5?$AAS?$AAu?$AAb?$AAs?$AAe?$AAq?$AAu?$AAe?$AAn@ 00011740     oal:timer.obj
 0001:000007f0       ??_C@_1KA@JIOJGHFF@?$AA?$CL?$AAR?$AAe?$AAf?$AAr?$AAe?$AAs?$AAh?$AAW?$AAa?$AAt?$AAc?$AAh?$AAd?$AAo?$AAg?$AAT?$AAi?$AAm?$AAe?$AAr?$AA?3?$AA?5?$AAF?$AAi?$AAr?$AAs?$AAt?$AA?5?$AAc?$AAa?$AAl@ 000117f0     oal:timer.obj
 0001:00000890       ??_C@_1CK@OPIAODIP@?$AA?9?$AAI?$AAn?$AAi?$AAt?$AAW?$AAa?$AAt?$AAc?$AAh?$AAD?$AAo?$AAg?$AAT?$AAi?$AAm?$AAe?$AAr?$AA?$AN?$AA?6?$AA?$AA@ 00011890     oal:timer.obj
 0001:000008bc       ??_C@_1CK@JPPHPFGJ@?$AA?$CL?$AAI?$AAn?$AAi?$AAt?$AAW?$AAa?$AAt?$AAc?$AAh?$AAD?$AAo?$AAg?$AAT?$AAi?$AAm?$AAe?$AAr?$AA?$AN?$AA?6?$AA?$AA@ 000118bc     oal:timer.obj
 0001:00000978       ??_C@_1GE@JGJOLKFG@?$AAO?$AAA?$AAL?$AAI?$AAn?$AAi?$AAt?$AAC?$AAp?$AAu?$AAH?$AAc?$AAl?$AAk?$AAC?$AAl?$AAo?$AAc?$AAk?$AA?3?$AAU?$AAp?$AAd?$AAa?$AAt?$AAe?$AA?5?$AAC?$AAP?$AAU?$AA?5?$AAc@ 00011978     oal:oal_startup.obj
 0001:000009e0       ??_C@_1GC@PEPAIGIH@?$AAO?$AAA?$AAL?$AAI?$AAn?$AAi?$AAt?$AAC?$AAp?$AAu?$AAH?$AAc?$AAl?$AAk?$AAC?$AAl?$AAo?$AAc?$AAk?$AA?3?$AAU?$AAp?$AAd?$AAa?$AAt?$AAe?$AA?5?$AAC?$AAP?$AAU?$AA?5?$AAc@ 000119e0     oal:oal_startup.obj
 0001:00000b68       ??_C@_1DC@BNLGCJKD@?$AA?9?$AAO?$AAA?$AAL?$AAT?$AAi?$AAm?$AAe?$AAr?$AAI?$AAn?$AAi?$AAt?$AA?$CI?$AAr?$AAc?$AA?5?$AA?$DN?$AA?5?$AA?$CF?$AAd?$AA?$CJ?$AA?$AN?$AA?6?$AA?$AA@ 00011b68     oal_timer_vartick_mx28_fsl_v2_pdk1_9:soc_timer.obj
 0001:00000ba0       ??_C@_1HM@CJGLDOPJ@?$AAE?$AAR?$AAR?$AAO?$AAR?$AA?3?$AA?5?$AAO?$AAA?$AAL?$AAT?$AAi?$AAm?$AAe?$AAr?$AAI?$AAn?$AAi?$AAt?$AA?3?$AA?5?$AAI?$AAn?$AAt?$AAe?$AAr?$AAr?$AAu?$AAp?$AAt?$AA?5?$AAe@ 00011ba0     oal_timer_vartick_mx28_fsl_v2_pdk1_9:soc_timer.obj
 0001:00000c20       ??_C@_1FC@PFCHJDJG@?$AA?$CL?$AAO?$AAA?$AAL?$AAT?$AAi?$AAm?$AAe?$AAr?$AAI?$AAn?$AAi?$AAt?$AA?3?$AA?5?$AA?5?$AAI?$AAn?$AAi?$AAt?$AAO?$AAS?$AAT?$AAi?$AAc?$AAk?$AAT?$AAi?$AAm?$AAe?$AAr?$AA?5@ 00011c20     oal_timer_vartick_mx28_fsl_v2_pdk1_9:soc_timer.obj
 0001:00000c78       ??_C@_1FO@JMHLKOMB@?$AA?$CL?$AAO?$AAA?$AAL?$AAT?$AAi?$AAm?$AAe?$AAr?$AAI?$AAn?$AAi?$AAt?$AA?3?$AA?5?$AA?5?$AAp?$AAv?$AA_?$AAH?$AAW?$AAr?$AAe?$AAg?$AAT?$AAI?$AAM?$AAR?$AAO?$AAT?$AA?5?$AAn@ 00011c78     oal_timer_vartick_mx28_fsl_v2_pdk1_9:soc_timer.obj
 0001:00000cd8       ??_C@_1EI@OEMILFHD@?$AA?$CL?$AAO?$AAA?$AAL?$AAT?$AAi?$AAm?$AAe?$AAr?$AAI?$AAn?$AAi?$AAt?$AA?3?$AA?5?$AA?5?$AAS?$AAY?$AAS?$AAI?$AAN?$AAT?$AAR?$AA_?$AAU?$AAN?$AAD?$AAE?$AAF?$AAI?$AAN?$AAE@ 00011cd8     oal_timer_vartick_mx28_fsl_v2_pdk1_9:soc_timer.obj
 0001:00000d20       ??_C@_1DI@BBHLNDEO@?$AA?$CL?$AAO?$AAA?$AAL?$AAT?$AAi?$AAm?$AAe?$AAr?$AAI?$AAn?$AAi?$AAt?$AA?$CI?$AA?$CF?$AAd?$AA?0?$AA?5?$AA?$CF?$AAd?$AA?0?$AA?5?$AA?$CF?$AAd?$AA?$CJ?$AA?$AN?$AA?6?$AA?$AA@ 00011d20     oal_timer_vartick_mx28_fsl_v2_pdk1_9:soc_timer.obj
 0001:00000de8       ??_C@_1DC@HBIBIDDG@?$AAO?$AAE?$AAM?$AAI?$AAn?$AAt?$AAe?$AAr?$AAr?$AAu?$AAp?$AAt?$AAH?$AAa?$AAn?$AAd?$AAl?$AAe?$AAr?$AAF?$AAI?$AAQ?$AA?$AN?$AA?6?$AA?$AA@ 00011de8     oal_intr_mx28_fsl_v2_pdk1_9:fiq.obj
 0001:00000eb0       ??_C@_1DA@OJCJANFP@?$AA?9?$AAO?$AAA?$AAL?$AAI?$AAn?$AAt?$AAr?$AAI?$AAn?$AAi?$AAt?$AA?$CI?$AAr?$AAc?$AA?5?$AA?$DN?$AA?5?$AA?$CF?$AAd?$AA?$CJ?$AA?$AN?$AA?6?$AA?$AA@ 00011eb0     oal_intr_mx28_fsl_v2_pdk1_9:intr.obj
 0001:00000ee0       ??_C@_1EK@PHPIBMGD@?$AAO?$AAA?$AAL?$AAI?$AAn?$AAt?$AAr?$AAI?$AAn?$AAi?$AAt?$AA?3?$AA?5?$AAP?$AAI?$AAN?$AAC?$AAT?$AAR?$AAL?$AA?5?$AAn?$AAu?$AAl?$AAl?$AA?5?$AAp?$AAo?$AAi?$AAn?$AAt?$AAe@ 00011ee0     oal_intr_mx28_fsl_v2_pdk1_9:intr.obj
 0001:00000f30       ??_C@_1EG@JBMFKDIC@?$AAO?$AAA?$AAL?$AAI?$AAn?$AAt?$AAr?$AAI?$AAn?$AAi?$AAt?$AA?3?$AA?5?$AAI?$AAC?$AAO?$AAL?$AAL?$AA?5?$AAn?$AAu?$AAl?$AAl?$AA?5?$AAp?$AAo?$AAi?$AAn?$AAt?$AAe?$AAr?$AA?$CB@ 00011f30     oal_intr_mx28_fsl_v2_pdk1_9:intr.obj
 0001:00000f78       ??_C@_1BO@IIKFLMMI@?$AA?$CL?$AAO?$AAA?$AAL?$AAI?$AAn?$AAt?$AAr?$AAI?$AAn?$AAi?$AAt?$AA?$AN?$AA?6?$AA?$AA@ 00011f78     oal_intr_mx28_fsl_v2_pdk1_9:intr.obj
 0001:00000f98       ??_C@_1DO@NDIEKHNP@?$AA?9?$AAO?$AAA?$AAL?$AAI?$AAn?$AAt?$AAr?$AAR?$AAe?$AAq?$AAu?$AAe?$AAs?$AAt?$AAI?$AAr?$AAq?$AAs?$AA?$CI?$AAr?$AAc?$AA?5?$AA?$DN?$AA?5?$AA?$CF?$AAd?$AA?$CJ?$AA?$AN?$AA?6?$AA?$AA@ 00011f98     oal_intr_mx28_fsl_v2_pdk1_9:intr.obj
 0001:00000fd8       ??_C@_1BO@EAHJGMJN@?$AAd?$AAe?$AAf?$AAa?$AAu?$AAl?$AAt?$AA?5?$AA?3?$AA?5?$AA?$CF?$AAd?$AA?$AN?$AA?6?$AA?$AA@ 00011fd8     oal_intr_mx28_fsl_v2_pdk1_9:intr.obj
 0001:00000ff8       ??_C@_1HO@EBPJKEJJ@?$AA?$CL?$AAO?$AAA?$AAL?$AAI?$AAn?$AAt?$AAr?$AAR?$AAe?$AAq?$AAu?$AAe?$AAs?$AAt?$AAI?$AAr?$AAq?$AAs?$AA?$CI?$AA0?$AAx?$AA?$CF?$AA0?$AA8?$AAx?$AA?9?$AA?$DO?$AA?$CF?$AAd?$AA?1?$AA?$CF@ 00011ff8     oal_intr_mx28_fsl_v2_pdk1_9:intr.obj
 0001:00001078       ??_C@_1DM@INNHDHDJ@?$AA?9?$AAO?$AAA?$AAL?$AAI?$AAn?$AAt?$AAr?$AAE?$AAn?$AAa?$AAb?$AAl?$AAe?$AAI?$AAr?$AAq?$AAs?$AA?$CI?$AAr?$AAc?$AA?5?$AA?$DN?$AA?5?$AA?$CF?$AAd?$AA?$CJ?$AA?$AN?$AA?6?$AA?$AA@ 00012078     oal_intr_mx28_fsl_v2_pdk1_9:intr.obj
 0001:000010b8       ??_C@_1EC@MDFPIGAB@?$AA?$CL?$AAO?$AAA?$AAL?$AAI?$AAn?$AAt?$AAr?$AAE?$AAn?$AAa?$AAb?$AAl?$AAe?$AAI?$AAr?$AAq?$AAs?$AA?$CI?$AA?$CF?$AAd?$AA?0?$AA?5?$AA0?$AAx?$AA?$CF?$AA0?$AA8?$AAx?$AA?$CJ?$AA?$AN?$AA?6@ 000120b8     oal_intr_mx28_fsl_v2_pdk1_9:intr.obj
 0001:000010fc       ??_C@_1CM@GPENGBBP@?$AA?9?$AAO?$AAA?$AAL?$AAI?$AAn?$AAt?$AAr?$AAD?$AAi?$AAs?$AAa?$AAb?$AAl?$AAe?$AAI?$AAr?$AAq?$AAs?$AA?$AN?$AA?6?$AA?$AA@ 000120fc     oal_intr_mx28_fsl_v2_pdk1_9:intr.obj
 0001:00001128       ??_C@_1EE@NIPMEMC@?$AA?$CL?$AAO?$AAA?$AAL?$AAI?$AAn?$AAt?$AAr?$AAD?$AAi?$AAs?$AAa?$AAb?$AAl?$AAe?$AAI?$AAr?$AAq?$AAs?$AA?$CI?$AA?$CF?$AAd?$AA?0?$AA?5?$AA0?$AAx?$AA?$CF?$AA0?$AA8?$AAx?$AA?$CJ?$AA?$AN@ 00012128     oal_intr_mx28_fsl_v2_pdk1_9:intr.obj
 0001:0000116c       ??_C@_1CG@LBOJEJPE@?$AA?9?$AAO?$AAA?$AAL?$AAI?$AAn?$AAt?$AAr?$AAD?$AAo?$AAn?$AAe?$AAI?$AAr?$AAq?$AAs?$AA?$AN?$AA?6?$AA?$AA@ 0001216c     oal_intr_mx28_fsl_v2_pdk1_9:intr.obj
 0001:00001194       ??_C@_1DO@FCJPHKGC@?$AA?$CL?$AAO?$AAA?$AAL?$AAI?$AAn?$AAt?$AAr?$AAD?$AAo?$AAn?$AAe?$AAI?$AAr?$AAq?$AAs?$AA?$CI?$AA?$CF?$AAd?$AA?0?$AA?5?$AA0?$AAx?$AA?$CF?$AA0?$AA8?$AAx?$AA?$CJ?$AA?$AN?$AA?6?$AA?$AA@ 00012194     oal_intr_mx28_fsl_v2_pdk1_9:intr.obj
 0001:000011d8       ??_C@_1FI@JHAKENKF@?$AAO?$AAE?$AAM?$AAI?$AAn?$AAt?$AAe?$AAr?$AAr?$AAu?$AAp?$AAt?$AAH?$AAa?$AAn?$AAd?$AAl?$AAe?$AAr?$AA?3?$AA?5?$AA?5?$AAu?$AAn?$AAd?$AAe?$AAf?$AAi?$AAn?$AAe?$AAd?$AA?5@ 000121d8     oal_intr_mx28_fsl_v2_pdk1_9:intr.obj
 0001:00001230       ??_C@_1FK@NCAAMDDH@?$AAO?$AAE?$AAM?$AAI?$AAn?$AAt?$AAe?$AAr?$AAr?$AAu?$AAp?$AAH?$AAa?$AAn?$AAd?$AAl?$AAe?$AAr?$AA?3?$AA?5?$AA?5?$AAN?$AAo?$AA?5?$AAp?$AAe?$AAn?$AAd?$AAi?$AAn?$AAg?$AA?5@ 00012230     oal_intr_mx28_fsl_v2_pdk1_9:intr.obj
 0001:00001320       ??_C@_1CE@HFBIALPK@?$AA?9?$AAO?$AAA?$AAL?$AAI?$AAn?$AAt?$AAr?$AAM?$AAa?$AAp?$AAI?$AAn?$AAi?$AAt?$AA?$AN?$AA?6?$AA?$AA@ 00012320     oal_intr_mx28_fsl_v2_pdk1_9:map.obj
 0001:00001344       ??_C@_1CE@LMNIPMAG@?$AA?$CL?$AAO?$AAA?$AAL?$AAI?$AAn?$AAt?$AAr?$AAM?$AAa?$AAp?$AAI?$AAn?$AAi?$AAt?$AA?$AN?$AA?6?$AA?$AA@ 00012344     oal_intr_mx28_fsl_v2_pdk1_9:map.obj
 0001:00001368       ??_C@_1DE@CBLJKBBB@?$AA?9?$AAO?$AAA?$AAL?$AAI?$AAn?$AAt?$AAr?$AAS?$AAt?$AAa?$AAt?$AAi?$AAc?$AAT?$AAr?$AAa?$AAn?$AAs?$AAl?$AAa?$AAt?$AAe?$AA?$AN?$AA?6?$AA?$AA@ 00012368     oal_intr_mx28_fsl_v2_pdk1_9:map.obj
 0001:000013a0       ??_C@_1EE@DPKCCBO@?$AA?$CL?$AAO?$AAA?$AAL?$AAI?$AAn?$AAt?$AAr?$AAS?$AAt?$AAa?$AAt?$AAi?$AAc?$AAT?$AAr?$AAa?$AAn?$AAs?$AAl?$AAa?$AAt?$AAe?$AA?$CI?$AA?$CF?$AAd?$AA?0?$AA?5?$AA?$CF?$AAd?$AA?$CJ?$AA?$AN@ 000123a0     oal_intr_mx28_fsl_v2_pdk1_9:map.obj
 0001:000013e8       ??_C@_1EK@JOJPHPGP@?$AA?9?$AAO?$AAA?$AAL?$AAI?$AAn?$AAt?$AAr?$AAT?$AAr?$AAa?$AAn?$AAs?$AAl?$AAa?$AAt?$AAe?$AAI?$AAr?$AAq?$AA?$CI?$AAs?$AAy?$AAs?$AAI?$AAn?$AAt?$AAr?$AA?5?$AA?$DN?$AA?5?$AA?$CF@ 000123e8     oal_intr_mx28_fsl_v2_pdk1_9:map.obj
 0001:00001434       ??_C@_1DG@IAFKCJEB@?$AA?$CL?$AAO?$AAA?$AAL?$AAI?$AAn?$AAt?$AAr?$AAT?$AAr?$AAa?$AAn?$AAs?$AAl?$AAa?$AAt?$AAe?$AAI?$AAr?$AAq?$AA?$CI?$AA?$CF?$AAd?$AA?$CJ?$AA?$AN?$AA?6?$AA?$AA@ 00012434     oal_intr_mx28_fsl_v2_pdk1_9:map.obj
 0001:00001470       ??_C@_1EO@CCPDBEFN@?$AA?9?$AAO?$AAA?$AAL?$AAI?$AAn?$AAt?$AAr?$AAR?$AAe?$AAq?$AAu?$AAe?$AAs?$AAt?$AAS?$AAy?$AAs?$AAI?$AAn?$AAt?$AAr?$AA?$CI?$AAs?$AAy?$AAs?$AAI?$AAn?$AAt?$AAr?$AA?5?$AA?$DN@ 00012470     oal_intr_mx28_fsl_v2_pdk1_9:map.obj
 0001:000014c0       ??_C@_1HG@GANLJKGD@?$AAE?$AAR?$AAR?$AAO?$AAR?$AA?3?$AA?5?$AAO?$AAA?$AAL?$AAI?$AAn?$AAt?$AAr?$AAR?$AAe?$AAq?$AAu?$AAe?$AAs?$AAt?$AAS?$AAy?$AAs?$AAI?$AAn?$AAt?$AAr?$AA?3?$AA?5?$AAN?$AAo@ 000124c0     oal_intr_mx28_fsl_v2_pdk1_9:map.obj
 0001:00001538       ??_C@_1JG@CKDDKDGB@?$AAE?$AAR?$AAR?$AAO?$AAR?$AA?3?$AA?5?$AAO?$AAA?$AAL?$AAI?$AAn?$AAt?$AAr?$AAR?$AAe?$AAq?$AAu?$AAe?$AAs?$AAt?$AAS?$AAy?$AAs?$AAI?$AAn?$AAt?$AAr?$AA?3?$AA?5?$AAS?$AAt@ 00012538     oal_intr_mx28_fsl_v2_pdk1_9:map.obj
 0001:000015d0       ??_C@_1GI@NODFOAGP@?$AAE?$AAR?$AAR?$AAO?$AAR?$AA?3?$AA?5?$AAO?$AAA?$AAL?$AAI?$AAn?$AAt?$AAr?$AAR?$AAe?$AAq?$AAu?$AAe?$AAs?$AAt?$AAS?$AAy?$AAs?$AAI?$AAn?$AAt?$AAr?$AA?3?$AA?5?$AAI?$AAR@ 000125d0     oal_intr_mx28_fsl_v2_pdk1_9:map.obj
 0001:00001638       ??_C@_1IM@ENJFJBNJ@?$AAE?$AAR?$AAR?$AAO?$AAR?$AA?3?$AA?5?$AAO?$AAA?$AAL?$AAI?$AAn?$AAt?$AAr?$AAR?$AAe?$AAq?$AAu?$AAe?$AAs?$AAt?$AAS?$AAy?$AAs?$AAI?$AAn?$AAt?$AAr?$AA?3?$AA?5?$AAO?$AAn@ 00012638     oal_intr_mx28_fsl_v2_pdk1_9:map.obj
 0001:000016c8       ??_C@_1FK@JNHCPMAP@?$AA?$CL?$AAO?$AAA?$AAL?$AAI?$AAn?$AAt?$AAr?$AAR?$AAe?$AAq?$AAu?$AAe?$AAs?$AAt?$AAS?$AAy?$AAs?$AAI?$AAn?$AAt?$AAr?$AA?$CI?$AA?$CF?$AAd?$AA?0?$AA?5?$AA0?$AAx?$AA?$CF?$AA0?$AA8@ 000126c8     oal_intr_mx28_fsl_v2_pdk1_9:map.obj
 0001:00001728       ??_C@_1EE@GBADJBKJ@?$AA?9?$AAO?$AAA?$AAL?$AAI?$AAn?$AAt?$AAr?$AAR?$AAe?$AAl?$AAe?$AAa?$AAs?$AAe?$AAS?$AAy?$AAs?$AAI?$AAn?$AAt?$AAr?$AA?$CI?$AAr?$AAc?$AA?5?$AA?$DN?$AA?5?$AA?$CF?$AAd?$AA?$CJ?$AA?$AN@ 00012728     oal_intr_mx28_fsl_v2_pdk1_9:map.obj
 0001:00001770       ??_C@_1HC@BIEMDHNG@?$AAE?$AAR?$AAR?$AAO?$AAR?$AA?3?$AA?5?$AAO?$AAA?$AAL?$AAI?$AAn?$AAt?$AAr?$AAR?$AAe?$AAl?$AAe?$AAa?$AAs?$AAe?$AAS?$AAy?$AAs?$AAI?$AAn?$AAt?$AAr?$AA?3?$AA?5?$AAI?$AAn@ 00012770     oal_intr_mx28_fsl_v2_pdk1_9:map.obj
 0001:000017e4       ??_C@_1DK@GDEEGDPM@?$AA?$CL?$AAO?$AAA?$AAL?$AAI?$AAn?$AAt?$AAr?$AAR?$AAe?$AAl?$AAe?$AAa?$AAs?$AAe?$AAS?$AAy?$AAs?$AAI?$AAn?$AAt?$AAr?$AA?$CI?$AA?$CF?$AAd?$AA?$CJ?$AA?$AN?$AA?6?$AA?$AA@ 000127e4     oal_intr_mx28_fsl_v2_pdk1_9:map.obj
 0001:00001820       ??_C@_1DM@KHBFOEPK@?$AA?9?$AAO?$AAE?$AAM?$AAI?$AAn?$AAt?$AAe?$AAr?$AAr?$AAu?$AAp?$AAt?$AAE?$AAn?$AAa?$AAb?$AAl?$AAe?$AA?$CI?$AAr?$AAc?$AA?5?$AA?$DN?$AA?5?$AA1?$AA?$CJ?$AA?$AN?$AA?6?$AA?$AA@ 00012820     oal_intr_mx28_fsl_v2_pdk1_9:map.obj
 0001:00001860       ??_C@_1EI@HHGIJMMI@?$AA?$CL?$AAO?$AAE?$AAM?$AAI?$AAn?$AAt?$AAe?$AAr?$AAr?$AAu?$AAp?$AAt?$AAE?$AAn?$AAa?$AAb?$AAl?$AAe?$AA?$CI?$AA?$CF?$AAd?$AA?0?$AA?5?$AA0?$AAx?$AA?$CF?$AAx?$AA?0?$AA?5?$AA?$CF?$AAd@ 00012860     oal_intr_mx28_fsl_v2_pdk1_9:map.obj
 0001:000018a8       ??_C@_1CO@FKOPLHGO@?$AA?9?$AAO?$AAE?$AAM?$AAI?$AAn?$AAt?$AAe?$AAr?$AAr?$AAu?$AAp?$AAt?$AAD?$AAi?$AAs?$AAa?$AAb?$AAl?$AAe?$AA?$AN?$AA?6?$AA?$AA@ 000128a8     oal_intr_mx28_fsl_v2_pdk1_9:map.obj
 0001:000018d8       ??_C@_1DG@HOKLDENP@?$AA?$CL?$AAO?$AAE?$AAM?$AAI?$AAn?$AAt?$AAe?$AAr?$AAr?$AAu?$AAp?$AAt?$AAD?$AAi?$AAs?$AAa?$AAb?$AAl?$AAe?$AA?$CI?$AA?$CF?$AAd?$AA?$CJ?$AA?$AN?$AA?6?$AA?$AA@ 000128d8     oal_intr_mx28_fsl_v2_pdk1_9:map.obj
 0001:00001910       ??_C@_1CI@OPHGDEL@?$AA?9?$AAO?$AAE?$AAM?$AAI?$AAn?$AAt?$AAe?$AAr?$AAr?$AAu?$AAp?$AAt?$AAM?$AAa?$AAs?$AAk?$AA?$AN?$AA?6?$AA?$AA@ 00012910     oal_intr_mx28_fsl_v2_pdk1_9:map.obj
 0001:00001938       ??_C@_1DI@MFEEGIMP@?$AA?$CL?$AAO?$AAE?$AAM?$AAI?$AAn?$AAt?$AAe?$AAr?$AAr?$AAu?$AAp?$AAt?$AAM?$AAa?$AAs?$AAk?$AA?$CI?$AA?$CF?$AAd?$AA?0?$AA?5?$AA?$CF?$AAd?$AA?$CJ?$AA?$AN?$AA?6?$AA?$AA@ 00012938     oal_intr_mx28_fsl_v2_pdk1_9:map.obj
 0001:00001970       ??_C@_1CI@IOEKFHHP@?$AA?9?$AAO?$AAE?$AAM?$AAI?$AAn?$AAt?$AAe?$AAr?$AAr?$AAu?$AAp?$AAt?$AAD?$AAo?$AAn?$AAe?$AA?$AN?$AA?6?$AA?$AA@ 00012970     oal_intr_mx28_fsl_v2_pdk1_9:map.obj
 0001:00001998       ??_C@_1DA@HAMHGFMF@?$AA?$CL?$AAO?$AAE?$AAM?$AAI?$AAn?$AAt?$AAe?$AAr?$AAr?$AAu?$AAp?$AAt?$AAD?$AAo?$AAn?$AAe?$AA?$CI?$AA?$CF?$AAd?$AA?$CJ?$AA?$AN?$AA?6?$AA?$AA@ 00012998     oal_intr_mx28_fsl_v2_pdk1_9:map.obj
 0001:000019c8       ??_C@_1CM@BMDDLKDO@?$AA?9?$AAO?$AAE?$AAM?$AAC?$AAa?$AAc?$AAh?$AAe?$AAR?$AAa?$AAn?$AAg?$AAe?$AAF?$AAl?$AAu?$AAs?$AAh?$AA?$AN?$AA?6?$AA?$AA@ 000129c8     oal_cache_arm926:flush.obj
 0001:000019f8       ??_C@_1FE@FFFKHHBK@?$AA?$CL?$AAO?$AAE?$AAM?$AAC?$AAa?$AAc?$AAh?$AAe?$AAR?$AAa?$AAn?$AAg?$AAe?$AAF?$AAl?$AAu?$AAs?$AAh?$AA?$CI?$AA0?$AAx?$AA?$CF?$AA0?$AA8?$AAx?$AA?0?$AA?5?$AA?$CF?$AAd?$AA?0?$AA?5@ 000129f8     oal_cache_arm926:flush.obj
 0001:00001ae0       ??_C@_1DC@EGGJEANK@?$AA?9?$AAO?$AAE?$AAM?$AAI?$AAo?$AAC?$AAo?$AAn?$AAt?$AAr?$AAo?$AAl?$AA?$CI?$AAr?$AAc?$AA?5?$AA?$DN?$AA?5?$AA?$CF?$AAd?$AA?$CJ?$AA?$AN?$AA?6?$AA?$AA@ 00012ae0     oal_ioctl_mx28_fsl_v2_pdk1_9:ioctl.obj
 0001:00001b18       ??_C@_1HM@LHHDIECD@?$AAO?$AAE?$AAM?$AAI?$AAo?$AAC?$AAo?$AAn?$AAt?$AAr?$AAo?$AAl?$AA?3?$AA?5?$AAU?$AAn?$AAs?$AAu?$AAp?$AAp?$AAo?$AAr?$AAt?$AAe?$AAd?$AA?5?$AAC?$AAo?$AAd?$AAe?$AA?5?$AA0@ 00012b18     oal_ioctl_mx28_fsl_v2_pdk1_9:ioctl.obj
 0001:00001b98       ??_C@_1GA@KJDOLNLD@?$AA?$CL?$AAO?$AAE?$AAM?$AAI?$AAo?$AAC?$AAo?$AAn?$AAt?$AAr?$AAo?$AAl?$AA?$CI?$AA0?$AAx?$AA?$CF?$AAx?$AA?0?$AA?5?$AA0?$AAx?$AA?$CF?$AAx?$AA?0?$AA?5?$AA?$CF?$AAd?$AA?0?$AA?5?$AA0?$AAx@ 00012b98     oal_ioctl_mx28_fsl_v2_pdk1_9:ioctl.obj
 0001:00001c88       ??_C@_1HO@DAMDEGLO@?$AAI?$AAN?$AAF?$AAO?$AA?3?$AA?5?$AAN?$AAo?$AA?5?$AAw?$AAa?$AAk?$AAe?$AA?5?$AAs?$AAo?$AAu?$AAr?$AAc?$AAe?$AAs?$AA?5?$AAf?$AAo?$AAr?$AA?5?$AAO?$AAE?$AAM?$AAP?$AAo?$AAw@ 00012c88     oal_power_mx28_fsl_v2_pdk1_9:off.obj
 0001:00001d08       ??_C@_1FO@IFAHIIAK@?$AAI?$AAN?$AAF?$AAO?$AA?3?$AA?5?$AAO?$AAE?$AAM?$AAP?$AAo?$AAw?$AAe?$AAr?$AAO?$AAf?$AAf?$AA?5?$AAl?$AAe?$AAa?$AAv?$AAi?$AAn?$AAg?$AA?5?$AAs?$AAu?$AAs?$AAp?$AAe?$AAn@ 00012d08     oal_power_mx28_fsl_v2_pdk1_9:off.obj
 0001:00001d68       ??_C@_1EM@ONNEDEEJ@?$AAI?$AAN?$AAF?$AAO?$AA?3?$AA?5?$AAO?$AAE?$AAM?$AAP?$AAo?$AAw?$AAe?$AAr?$AAO?$AAf?$AAf?$AA?5?$AAe?$AAn?$AAt?$AAe?$AAr?$AAi?$AAn?$AAg?$AA?5?$AAs?$AAu?$AAs?$AAp?$AAe@ 00012d68     oal_power_mx28_fsl_v2_pdk1_9:off.obj
 0001:00001db4       ??_C@_1CC@INPKEEPM@?$AAO?$AAE?$AAM?$AAP?$AAo?$AAw?$AAe?$AAr?$AAO?$AAf?$AAf?$AA?$CB?$AA?$CB?$AA?$CB?$AA?$AN?$AA?6?$AA?$AA@ 00012db4     oal_power_mx28_fsl_v2_pdk1_9:off.obj
 0001:00001e68       ??_C@_1EE@EOJLKFMG@?$AA?$CL?$AAO?$AAA?$AAL?$AAI?$AAo?$AAC?$AAt?$AAl?$AAH?$AAa?$AAl?$AAE?$AAn?$AAa?$AAb?$AAl?$AAe?$AAW?$AAa?$AAk?$AAe?$AA?$CI?$AAr?$AAc?$AA?5?$AA?$DN?$AA?5?$AA?$CF?$AAd?$AA?$CJ?$AA?$AN@ 00012e68     oal_power_mx28_fsl_v2_pdk1_9:ioctl.obj
 0001:00001eac       ??_C@_1DG@KKNHDHOB@?$AAI?$AAn?$AAv?$AAa?$AAl?$AAi?$AAd?$AA?5?$AAS?$AAY?$AAS?$AAI?$AAN?$AAT?$AAR?$AA?5?$AAv?$AAa?$AAl?$AAu?$AAe?$AA?5?$AA?$CF?$AAd?$AA?$AN?$AA?6?$AA?$AA@ 00012eac     oal_power_mx28_fsl_v2_pdk1_9:ioctl.obj
 0001:00001ee4       ??_C@_1DO@BLFFHCCO@?$AAE?$AAR?$AAR?$AAO?$AAR?$AA?3?$AA?5?$AAO?$AAA?$AAL?$AAI?$AAo?$AAC?$AAt?$AAl?$AAH?$AAa?$AAl?$AAE?$AAn?$AAa?$AAb?$AAl?$AAe?$AAW?$AAa?$AAk?$AAe?$AA?3?$AA?5?$AA?$AA@ 00012ee4     oal_power_mx28_fsl_v2_pdk1_9:ioctl.obj
 0001:00001f28       ??_C@_1EO@OMKOKHHJ@?$AA?$CL?$AAO?$AAA?$AAL?$AAI?$AAo?$AAC?$AAt?$AAl?$AAH?$AAa?$AAl?$AAE?$AAn?$AAa?$AAb?$AAl?$AAe?$AAW?$AAa?$AAk?$AAe?$AA?$CI?$AAs?$AAy?$AAs?$AAI?$AAn?$AAt?$AAr?$AA?5?$AA?$DN@ 00012f28     oal_power_mx28_fsl_v2_pdk1_9:ioctl.obj
 0001:00001f78       ??_C@_1EG@KJIPIGDP@?$AA?$CL?$AAO?$AAA?$AAL?$AAI?$AAo?$AAC?$AAt?$AAl?$AAH?$AAa?$AAl?$AAD?$AAi?$AAs?$AAa?$AAb?$AAl?$AAe?$AAW?$AAa?$AAk?$AAe?$AA?$CI?$AAr?$AAc?$AA?5?$AA?$DN?$AA?5?$AA?$CF?$AAd?$AA?$CJ@ 00012f78     oal_power_mx28_fsl_v2_pdk1_9:ioctl.obj
 0001:00001fc0       ??_C@_1EA@ENICBBFD@?$AAE?$AAR?$AAR?$AAO?$AAR?$AA?3?$AA?5?$AAO?$AAA?$AAL?$AAI?$AAo?$AAC?$AAt?$AAl?$AAH?$AAa?$AAl?$AAD?$AAi?$AAs?$AAa?$AAb?$AAl?$AAe?$AAW?$AAa?$AAk?$AAe?$AA?3?$AA?5?$AA?$AA@ 00012fc0     oal_power_mx28_fsl_v2_pdk1_9:ioctl.obj
 0001:00002000       ??_C@_1FA@IFHNBJAE@?$AA?$CL?$AAO?$AAA?$AAL?$AAI?$AAo?$AAC?$AAt?$AAl?$AAH?$AAa?$AAl?$AAD?$AAi?$AAs?$AAa?$AAb?$AAl?$AAe?$AAW?$AAa?$AAk?$AAe?$AA?$CI?$AAs?$AAy?$AAs?$AAI?$AAn?$AAt?$AAr?$AA?5@ 00013000     oal_power_mx28_fsl_v2_pdk1_9:ioctl.obj
 0001:00002050       ??_C@_1GG@MBGEPMGD@?$AA?$CL?$AAO?$AAA?$AAL?$AAI?$AAo?$AAC?$AAt?$AAl?$AAH?$AAa?$AAl?$AAG?$AAe?$AAt?$AAW?$AAa?$AAk?$AAe?$AAS?$AAo?$AAu?$AAr?$AAc?$AAe?$AA?$CI?$AAr?$AAc?$AA?5?$AA?$DN?$AA?5?$AA?$CF@ 00013050     oal_power_mx28_fsl_v2_pdk1_9:ioctl.obj
 0001:000020b8       ??_C@_1DI@DFOIFPDM@?$AA?$CL?$AAO?$AAA?$AAL?$AAI?$AAo?$AAC?$AAt?$AAl?$AAH?$AAa?$AAl?$AAG?$AAe?$AAt?$AAW?$AAa?$AAk?$AAe?$AAS?$AAo?$AAu?$AAr?$AAc?$AAe?$AA?$AN?$AA?6?$AA?$AA@ 000130b8     oal_power_mx28_fsl_v2_pdk1_9:ioctl.obj
 0001:00002180       ??_C@_1EA@DJGHLELP@?$AA?9?$AAO?$AAA?$AAL?$AAA?$AAr?$AAg?$AAs?$AAQ?$AAu?$AAe?$AAr?$AAy?$AA?$CI?$AAp?$AAD?$AAa?$AAt?$AAa?$AA?5?$AA?$DN?$AA?5?$AA0?$AAx?$AA?$CF?$AA0?$AA8?$AAx?$AA?$CJ?$AA?$AN?$AA?6?$AA?$AA@ 00013180     args:args.obj
 0001:000021c0       ??_C@_1EI@BLBGLIKJ@?$AAO?$AAA?$AAL?$AAA?$AAr?$AAg?$AAs?$AAQ?$AAu?$AAe?$AAr?$AAy?$AA?3?$AA?5?$AAO?$AAA?$AAL?$AA_?$AAA?$AAR?$AAG?$AAS?$AA_?$AAQ?$AAU?$AAE?$AAR?$AAY?$AA_?$AAU?$AAU?$AAI@ 000131c0     args:args.obj
 0001:00002208       ??_C@_1CI@CLMEBIJE@?$AA?$CL?$AAO?$AAA?$AAL?$AAA?$AAr?$AAg?$AAs?$AAQ?$AAu?$AAe?$AAr?$AAy?$AA?$CI?$AA?$CF?$AAd?$AA?$CJ?$AA?$AN?$AA?6?$AA?$AA@ 00013208     args:args.obj
 0001:00002350       PfdPllFreqs                00013350     bspcmn:bspargs.obj
 0001:00002398       ??_C@_1DI@DFNBDHJA@?$AA?5?$AA?5?$AA?5?$AA?5?$AAT?$AAI?$AAM?$AAR?$AAO?$AAT?$AA3?$AA2?$AAK?$AA?5?$AA?5?$AA?5?$AA?$DN?$AA?5?$AA?$CF?$AA1?$AA0?$AAd?$AA?5?$AAH?$AAz?$AA?$AN?$AA?6?$AA?$AA@ 00013398     bspcmn:bspargs.obj
 0001:000023d0       ??_C@_1DI@EPDIHHPH@?$AA?5?$AA?5?$AA?5?$AA?5?$AAP?$AAW?$AAM?$AA2?$AA4?$AAM?$AAH?$AAZ?$AA?5?$AA?5?$AA?5?$AA?5?$AA?$DN?$AA?5?$AA?$CF?$AA1?$AA0?$AAd?$AA?5?$AAH?$AAz?$AA?$AN?$AA?6?$AA?$AA@ 000133d0     bspcmn:bspargs.obj
 0001:00002408       ??_C@_1DI@NOEOOCKM@?$AA?5?$AA?5?$AA?5?$AA?5?$AAU?$AAA?$AAR?$AAT?$AA2?$AA4?$AAM?$AAH?$AAZ?$AA?5?$AA?5?$AA?5?$AA?$DN?$AA?5?$AA?$CF?$AA1?$AA0?$AAd?$AA?5?$AAH?$AAz?$AA?$AN?$AA?6?$AA?$AA@ 00013408     bspcmn:bspargs.obj
 0001:00002440       ??_C@_1DI@ENDGLOLK@?$AA?5?$AA?5?$AA?5?$AA?5?$AAU?$AAT?$AAM?$AAI?$AA1?$AA?5?$AA?5?$AA?5?$AA?5?$AA?5?$AA?5?$AA?5?$AA?$DN?$AA?5?$AA?$CF?$AA1?$AA0?$AAd?$AA?5?$AAH?$AAz?$AA?$AN?$AA?6?$AA?$AA@ 00013440     bspcmn:bspargs.obj
 0001:00002478       ??_C@_1DI@OCHCCMPN@?$AA?5?$AA?5?$AA?5?$AA?5?$AAU?$AAT?$AAM?$AAI?$AA0?$AA?5?$AA?5?$AA?5?$AA?5?$AA?5?$AA?5?$AA?5?$AA?$DN?$AA?5?$AA?$CF?$AA1?$AA0?$AAd?$AA?5?$AAH?$AAz?$AA?$AN?$AA?6?$AA?$AA@ 00013478     bspcmn:bspargs.obj
 0001:000024b0       ??_C@_1DI@BNMGLDCC@?$AA?5?$AA?5?$AA?5?$AA?5?$AAS?$AAP?$AAD?$AAI?$AAF?$AA?5?$AA?5?$AA?5?$AA?5?$AA?5?$AA?5?$AA?5?$AA?$DN?$AA?5?$AA?$CF?$AA1?$AA0?$AAd?$AA?5?$AAH?$AAz?$AA?$AN?$AA?6?$AA?$AA@ 000134b0     bspcmn:bspargs.obj
 0001:000024e8       ??_C@_1DI@OHNGJIFE@?$AA?5?$AA?5?$AA?5?$AA?5?$AAL?$AAC?$AAD?$AAI?$AAF?$AA?5?$AA?5?$AA?5?$AA?5?$AA?5?$AA?5?$AA?5?$AA?$DN?$AA?5?$AA?$CF?$AA1?$AA0?$AAd?$AA?5?$AAH?$AAz?$AA?$AN?$AA?6?$AA?$AA@ 000134e8     bspcmn:bspargs.obj
 0001:00002520       ??_C@_1DI@DMNGCKEA@?$AA?5?$AA?5?$AA?5?$AA?5?$AAH?$AAS?$AAA?$AAD?$AAC?$AA?5?$AA?5?$AA?5?$AA?5?$AA?5?$AA?5?$AA?5?$AA?$DN?$AA?5?$AA?$CF?$AA1?$AA0?$AAd?$AA?5?$AAH?$AAz?$AA?$AN?$AA?6?$AA?$AA@ 00013520     bspcmn:bspargs.obj
 0001:00002558       ??_C@_1DI@CEFNFPPE@?$AA?5?$AA?5?$AA?5?$AA?5?$AAG?$AAP?$AAM?$AAI?$AA?5?$AA?5?$AA?5?$AA?5?$AA?5?$AA?5?$AA?5?$AA?5?$AA?$DN?$AA?5?$AA?$CF?$AA1?$AA0?$AAd?$AA?5?$AAH?$AAz?$AA?$AN?$AA?6?$AA?$AA@ 00013558     bspcmn:bspargs.obj
 0001:00002590       ??_C@_1DI@BBIODEAL@?$AA?5?$AA?5?$AA?5?$AA?5?$AAS?$AAS?$AAP?$AA3?$AA?5?$AA?5?$AA?5?$AA?5?$AA?5?$AA?5?$AA?5?$AA?5?$AA?$DN?$AA?5?$AA?$CF?$AA1?$AA0?$AAd?$AA?5?$AAH?$AAz?$AA?$AN?$AA?6?$AA?$AA@ 00013590     bspcmn:bspargs.obj
 0001:000025c8       ??_C@_1DI@LALHLAOF@?$AA?5?$AA?5?$AA?5?$AA?5?$AAS?$AAS?$AAP?$AA2?$AA?5?$AA?5?$AA?5?$AA?5?$AA?5?$AA?5?$AA?5?$AA?5?$AA?$DN?$AA?5?$AA?$CF?$AA1?$AA0?$AAd?$AA?5?$AAH?$AAz?$AA?$AN?$AA?6?$AA?$AA@ 000135c8     bspcmn:bspargs.obj
 0001:00002600       ??_C@_1DI@IIIMDLJG@?$AA?5?$AA?5?$AA?5?$AA?5?$AAS?$AAS?$AAP?$AA1?$AA?5?$AA?5?$AA?5?$AA?5?$AA?5?$AA?5?$AA?5?$AA?5?$AA?$DN?$AA?5?$AA?$CF?$AA1?$AA0?$AAd?$AA?5?$AAH?$AAz?$AA?$AN?$AA?6?$AA?$AA@ 00013600     bspcmn:bspargs.obj
 0001:00002638       ??_C@_1DI@CJLFLPHI@?$AA?5?$AA?5?$AA?5?$AA?5?$AAS?$AAS?$AAP?$AA0?$AA?5?$AA?5?$AA?5?$AA?5?$AA?5?$AA?5?$AA?5?$AA?5?$AA?$DN?$AA?5?$AA?$CF?$AA1?$AA0?$AAd?$AA?5?$AAH?$AAz?$AA?$AN?$AA?6?$AA?$AA@ 00013638     bspcmn:bspargs.obj
 0001:00002670       ??_C@_1DI@LHOECDEJ@?$AA?5?$AA?5?$AA?5?$AA?5?$AAE?$AAM?$AAI?$AA?5?$AA?5?$AA?5?$AA?5?$AA?5?$AA?5?$AA?5?$AA?5?$AA?5?$AA?$DN?$AA?5?$AA?$CF?$AA1?$AA0?$AAd?$AA?5?$AAH?$AAz?$AA?$AN?$AA?6?$AA?$AA@ 00013670     bspcmn:bspargs.obj
 0001:000026a8       ??_C@_1DI@LJHOCJHM@?$AA?5?$AA?5?$AA?5?$AA?5?$AAE?$AAT?$AAM?$AA?5?$AA?5?$AA?5?$AA?5?$AA?5?$AA?5?$AA?5?$AA?5?$AA?5?$AA?$DN?$AA?5?$AA?$CF?$AA1?$AA0?$AAd?$AA?5?$AAH?$AAz?$AA?$AN?$AA?6?$AA?$AA@ 000136a8     bspcmn:bspargs.obj
 0001:000026e0       ??_C@_1DI@CINEJHCE@?$AA?5?$AA?5?$AA?5?$AA?5?$AAX?$AA_?$AAC?$AAL?$AAk?$AA?5?$AA?5?$AA?5?$AA?5?$AA?5?$AA?5?$AA?5?$AA?$DN?$AA?5?$AA?$CF?$AA1?$AA0?$AAd?$AA?5?$AAH?$AAz?$AA?$AN?$AA?6?$AA?$AA@ 000136e0     bspcmn:bspargs.obj
 0001:00002718       ??_C@_1DI@HHJHFHNL@?$AA?5?$AA?5?$AA?5?$AA?5?$AAH?$AA_?$AAC?$AAL?$AAK?$AA?5?$AA?5?$AA?5?$AA?5?$AA?5?$AA?5?$AA?5?$AA?$DN?$AA?5?$AA?$CF?$AA1?$AA0?$AAd?$AA?5?$AAH?$AAz?$AA?$AN?$AA?6?$AA?$AA@ 00013718     bspcmn:bspargs.obj
 0001:00002750       ??_C@_1DI@CMJFPGDI@?$AA?5?$AA?5?$AA?5?$AA?5?$AAP?$AA_?$AAC?$AAL?$AAK?$AA?5?$AA?5?$AA?5?$AA?5?$AA?5?$AA?5?$AA?5?$AA?$DN?$AA?5?$AA?$CF?$AA1?$AA0?$AAd?$AA?5?$AAH?$AAz?$AA?$AN?$AA?6?$AA?$AA@ 00013750     bspcmn:bspargs.obj
 0001:00002788       ??_C@_1DI@NJCLKFAB@?$AA?5?$AA?5?$AA?5?$AA?5?$AAR?$AAE?$AAF?$AA_?$AAE?$AAN?$AAE?$AAT?$AA_?$AAP?$AAL?$AAL?$AA?$DN?$AA?5?$AA?$CF?$AA1?$AA0?$AAd?$AA?5?$AAH?$AAz?$AA?$AN?$AA?6?$AA?$AA@ 00013788     bspcmn:bspargs.obj
 0001:000027c0       ??_C@_1DI@OMLMMELO@?$AA?5?$AA?5?$AA?5?$AA?5?$AAR?$AAE?$AAF?$AA_?$AAX?$AAT?$AAA?$AAL?$AA?5?$AA?5?$AA?5?$AA?5?$AA?$DN?$AA?5?$AA?$CF?$AA1?$AA0?$AAd?$AA?5?$AAH?$AAz?$AA?$AN?$AA?6?$AA?$AA@ 000137c0     bspcmn:bspargs.obj
 0001:000027f8       ??_C@_1DI@PJECOPHF@?$AA?5?$AA?5?$AA?5?$AA?5?$AAR?$AAE?$AAF?$AA_?$AAP?$AAL?$AAL?$AA?5?$AA?5?$AA?5?$AA?5?$AA?5?$AA?$DN?$AA?5?$AA?$CF?$AA1?$AA0?$AAd?$AA?5?$AAH?$AAz?$AA?$AN?$AA?6?$AA?$AA@ 000137f8     bspcmn:bspargs.obj
 0001:00002830       ??_C@_1DI@DNNOLEPE@?$AA?5?$AA?5?$AA?5?$AA?5?$AAR?$AAE?$AAF?$AA_?$AAG?$AAP?$AAM?$AAI?$AA?5?$AA?5?$AA?5?$AA?5?$AA?$DN?$AA?5?$AA?$CF?$AA1?$AA0?$AAd?$AA?5?$AAH?$AAz?$AA?$AN?$AA?6?$AA?$AA@ 00013830     bspcmn:bspargs.obj
 0001:00002868       ??_C@_1DI@HHKINLFE@?$AA?5?$AA?5?$AA?5?$AA?5?$AAR?$AAE?$AAF?$AA_?$AAH?$AAS?$AAA?$AAD?$AAC?$AA?5?$AA?5?$AA?5?$AA?$DN?$AA?5?$AA?$CF?$AA1?$AA0?$AAd?$AA?5?$AAH?$AAz?$AA?$AN?$AA?6?$AA?$AA@ 00013868     bspcmn:bspargs.obj
 0001:000028a0       ??_C@_1DI@PGGLNFBH@?$AA?5?$AA?5?$AA?5?$AA?5?$AAR?$AAE?$AAF?$AA_?$AAP?$AAI?$AAX?$AA?5?$AA?5?$AA?5?$AA?5?$AA?5?$AA?$DN?$AA?5?$AA?$CF?$AA1?$AA0?$AAd?$AA?5?$AAH?$AAz?$AA?$AN?$AA?6?$AA?$AA@ 000138a0     bspcmn:bspargs.obj
 0001:000028d8       ??_C@_1DI@IDKPOHCP@?$AA?5?$AA?5?$AA?5?$AA?5?$AAR?$AAE?$AAF?$AA_?$AAI?$AAO?$AA1?$AA?5?$AA?5?$AA?5?$AA?5?$AA?5?$AA?$DN?$AA?5?$AA?$CF?$AA1?$AA0?$AAd?$AA?5?$AAH?$AAz?$AA?$AN?$AA?6?$AA?$AA@ 000138d8     bspcmn:bspargs.obj
 0001:00002910       ??_C@_1DI@BGNPDDLK@?$AA?5?$AA?5?$AA?5?$AA?5?$AAR?$AAE?$AAF?$AA_?$AAI?$AAO?$AA0?$AA?5?$AA?5?$AA?5?$AA?5?$AA?5?$AA?$DN?$AA?5?$AA?$CF?$AA1?$AA0?$AAd?$AA?5?$AAH?$AAz?$AA?$AN?$AA?6?$AA?$AA@ 00013910     bspcmn:bspargs.obj
 0001:00002948       ??_C@_1DI@FCMIEMPD@?$AA?5?$AA?5?$AA?5?$AA?5?$AAR?$AAE?$AAF?$AA_?$AAE?$AAM?$AAI?$AA?5?$AA?5?$AA?5?$AA?5?$AA?5?$AA?$DN?$AA?5?$AA?$CF?$AA1?$AA0?$AAd?$AA?5?$AAH?$AAz?$AA?$AN?$AA?6?$AA?$AA@ 00013948     bspcmn:bspargs.obj
 0001:00002980       ??_C@_1DI@HKOLKPFE@?$AA?5?$AA?5?$AA?5?$AA?5?$AAR?$AAE?$AAF?$AA_?$AAC?$AAP?$AAU?$AA?5?$AA?5?$AA?5?$AA?5?$AA?5?$AA?$DN?$AA?5?$AA?$CF?$AA1?$AA0?$AAd?$AA?5?$AAH?$AAz?$AA?$AN?$AA?6?$AA?$AA@ 00013980     bspcmn:bspargs.obj
 0001:000029b8       ??_C@_1DI@GGBLJJCN@?$AA?5?$AA?5?$AA?5?$AA?5?$AAP?$AAL?$AAL?$AA2?$AA?5?$AA?5?$AA?5?$AA?5?$AA?5?$AA?5?$AA?5?$AA?5?$AA?$DN?$AA?5?$AA?$CF?$AA1?$AA0?$AAd?$AA?5?$AAH?$AAz?$AA?$AN?$AA?6?$AA?$AA@ 000139b8     bspcmn:bspargs.obj
 0001:000029f0       ??_C@_1DI@FOCABCFO@?$AA?5?$AA?5?$AA?5?$AA?5?$AAP?$AAL?$AAL?$AA1?$AA?5?$AA?5?$AA?5?$AA?5?$AA?5?$AA?5?$AA?5?$AA?5?$AA?$DN?$AA?5?$AA?$CF?$AA1?$AA0?$AAd?$AA?5?$AAH?$AAz?$AA?$AN?$AA?6?$AA?$AA@ 000139f0     bspcmn:bspargs.obj
 0001:00002a28       ??_C@_1DI@PPBJJGLA@?$AA?5?$AA?5?$AA?5?$AA?5?$AAP?$AAL?$AAL?$AA0?$AA?5?$AA?5?$AA?5?$AA?5?$AA?5?$AA?5?$AA?5?$AA?5?$AA?$DN?$AA?5?$AA?$CF?$AA1?$AA0?$AAd?$AA?5?$AAH?$AAz?$AA?$AN?$AA?6?$AA?$AA@ 00013a28     bspcmn:bspargs.obj
 0001:00002a60       ??_C@_1DG@IJHKIPGD@?$AAB?$AAS?$AAP?$AA?5?$AAC?$AAl?$AAo?$AAc?$AAk?$AA?5?$AAC?$AAo?$AAn?$AAf?$AAi?$AAg?$AAu?$AAr?$AAa?$AAt?$AAi?$AAo?$AAn?$AA?3?$AA?$AN?$AA?6?$AA?$AA@ 00013a60     bspcmn:bspargs.obj
 0001:00002bb8       ??_C@_1EA@GDKCBFJP@?$AA?9?$AAO?$AAA?$AAL?$AAR?$AAT?$AAC?$AA_?$AAS?$AAe?$AAt?$AAA?$AAl?$AAa?$AAr?$AAm?$AAM?$AAo?$AAd?$AAe?$AA?$CI?$AAr?$AAc?$AA?5?$AA?$DN?$AA?5?$AA?$CF?$AAd?$AA?$CJ?$AA?$AN?$AA?6?$AA?$AA@ 00013bb8     oal_rtc_mx28_fsl_v2_pdk1_9:alarm.obj
 0001:00002bf8       ??_C@_1GC@CKGMGCLF@?$AAE?$AAR?$AAR?$AAO?$AAR?$AA?3?$AA?5?$AAO?$AAA?$AAL?$AAR?$AAT?$AAC?$AA_?$AAS?$AAe?$AAt?$AAA?$AAl?$AAa?$AAr?$AAm?$AAM?$AAo?$AAd?$AAe?$AA?3?$AA?5?$AAI?$AAn?$AAv?$AAa@ 00013bf8     oal_rtc_mx28_fsl_v2_pdk1_9:alarm.obj
 0001:00002c5c       ??_C@_1DI@MKCLCMDC@?$AA?9?$AAO?$AAE?$AAM?$AAS?$AAe?$AAt?$AAA?$AAl?$AAa?$AAr?$AAm?$AAT?$AAi?$AAm?$AAe?$AA?$CI?$AAr?$AAc?$AA?5?$AA?$DN?$AA?5?$AA?$CF?$AAd?$AA?$CJ?$AA?$AN?$AA?6?$AA?$AA@ 00013c5c     oal_rtc_mx28_fsl_v2_pdk1_9:alarm.obj
 0001:00002c98       ??_C@_1HA@JJDECKLA@?$AAO?$AAE?$AAM?$AAS?$AAe?$AAt?$AAA?$AAl?$AAa?$AAr?$AAm?$AAT?$AAi?$AAm?$AAe?$AA?5?$AA?$CK?$AA?$CK?$AA?$CK?$AAE?$AAr?$AAr?$AA?$CK?$AA?$CK?$AA?$CK?$AA?5?$AAd?$AAd?$AAi?$AA_?$AAr?$AAt@ 00013c98     oal_rtc_mx28_fsl_v2_pdk1_9:alarm.obj
 0001:00002d08       ??_C@_1HA@OCIHGKLN@?$AAO?$AAE?$AAM?$AAS?$AAe?$AAt?$AAA?$AAl?$AAa?$AAr?$AAm?$AAT?$AAi?$AAm?$AAe?$AA?5?$AA?$CK?$AA?$CK?$AA?$CK?$AAE?$AAr?$AAr?$AA?$CK?$AA?$CK?$AA?$CK?$AA?5?$AAd?$AAd?$AAi?$AA_?$AAr?$AAt@ 00013d08     oal_rtc_mx28_fsl_v2_pdk1_9:alarm.obj
 0001:00002d78       ??_C@_1HM@LHNAKJF@?$AAA?$AAl?$AAa?$AAr?$AAm?$AA?5?$AAt?$AAo?$AA?5?$AAb?$AAe?$AA?5?$AAs?$AAe?$AAt?$AA?5?$AAi?$AAs?$AA?5?$AAO?$AAK?$AA?3?$AA?5?$AA?5?$AA?$CF?$AAu?$AA?1?$AA?$CF?$AAu?$AA?1?$AA?$CF?$AAu@ 00013d78     oal_rtc_mx28_fsl_v2_pdk1_9:alarm.obj
 0001:00002df8       ??_C@_1IG@MOCFLOBL@?$AAA?$AAl?$AAa?$AAr?$AAm?$AA?5?$AAt?$AAo?$AA?5?$AAb?$AAe?$AA?5?$AAs?$AAe?$AAt?$AA?5?$AAI?$AAN?$AAV?$AAA?$AAL?$AAI?$AAD?$AA?$CB?$AA?$CB?$AA?$CB?$AA?3?$AA?5?$AA?5?$AA?$CF?$AAu?$AA?1@ 00013df8     oal_rtc_mx28_fsl_v2_pdk1_9:alarm.obj
 0001:00002e80       ??_C@_1FG@LDBAHALN@?$AA?$CL?$AAO?$AAE?$AAM?$AAS?$AAe?$AAt?$AAA?$AAl?$AAa?$AAr?$AAm?$AAT?$AAi?$AAm?$AAe?$AA?$CI?$AA?$CF?$AAd?$AA?1?$AA?$CF?$AAd?$AA?1?$AA?$CF?$AAd?$AA?5?$AA?$CF?$AAd?$AA?3?$AA?$CF?$AAd?$AA?3@ 00013e80     oal_rtc_mx28_fsl_v2_pdk1_9:alarm.obj
 0001:00002ed8       ??_C@_1FC@OLIHMAEH@?$AAO?$AAA?$AAL?$AAR?$AAT?$AAC?$AAA?$AAl?$AAa?$AAr?$AAm?$AAI?$AAn?$AAt?$AAr?$AAH?$AAa?$AAn?$AAd?$AAl?$AAe?$AAr?$AA?5?$AAA?$AAl?$AAa?$AAr?$AAm?$AA?5?$AAi?$AAn?$AAt@ 00013ed8     oal_rtc_mx28_fsl_v2_pdk1_9:alarm.obj
 0001:00002fd8       ??_C@_1EO@HCNEBICP@?$AAO?$AAE?$AAM?$AAG?$AAe?$AAt?$AAR?$AAe?$AAa?$AAl?$AAT?$AAi?$AAm?$AAe?$AA?$CI?$AA?$CF?$AAd?$AA?1?$AA?$CF?$AAd?$AA?1?$AA?$CF?$AAd?$AA?5?$AA?$CF?$AAd?$AA?3?$AA?$CF?$AAd?$AA?3?$AA?$CF?$AAd@ 00013fd8     oal_rtc_mx28_fsl_v2_pdk1_9:rtc.obj
 0001:00003028       ??_C@_1DK@PFCNPMNA@?$AA?5?$AAE?$AAR?$AAR?$AAO?$AAR?$AA?5?$AA?$FL?$AA0?$AA?4?$AA1?$AA?$FN?$AAO?$AAE?$AAM?$AAG?$AAe?$AAt?$AAR?$AAe?$AAa?$AAl?$AAT?$AAi?$AAm?$AAe?$AA?$AN?$AA?6?$AA?$AA@ 00014028     oal_rtc_mx28_fsl_v2_pdk1_9:rtc.obj
 0001:00003064       ??_C@_1CE@MMIOOJN@?$AA?$CL?$AAO?$AAE?$AAM?$AAG?$AAe?$AAt?$AAR?$AAe?$AAa?$AAl?$AAT?$AAi?$AAm?$AAe?$AA?$AN?$AA?6?$AA?$AA@ 00014064     oal_rtc_mx28_fsl_v2_pdk1_9:rtc.obj
 0001:00003088       ??_C@_1GI@DOCGJKKH@?$AA?5?$AAC?$AAo?$AAn?$AAv?$AAe?$AAr?$AAt?$AAe?$AAd?$AA?5?$AA?$DN?$AA?5?$AA?$CF?$AAd?$AA?5?$AAd?$AAa?$AAy?$AAs?$AA?0?$AA?5?$AA?$CF?$AAd?$AA?5?$AAs?$AAe?$AAc?$AAo?$AAn?$AAd?$AAs@ 00014088     oal_rtc_mx28_fsl_v2_pdk1_9:rtc.obj
 0001:000030f0       ??_C@_1JM@JKOFHNHO@?$AA?5?$AA?$CL?$AA?$CL?$AAR?$AAT?$AAC?$AA?5?$AAS?$AAe?$AAt?$AAT?$AAi?$AAm?$AAe?$AA?3?$AA?5?$AAD?$AAa?$AAt?$AAe?$AA?5?$AA?$DN?$AA?5?$AA?$CF?$AA0?$AA2?$AAd?$AA?1?$AA?$CF?$AA0?$AA2?$AAd@ 000140f0     oal_rtc_mx28_fsl_v2_pdk1_9:rtc.obj
 0001:0000318c       ??_C@_1DO@FGGICPPB@?$AA?9?$AAO?$AAA?$AAL?$AAI?$AAo?$AAC?$AAt?$AAl?$AAH?$AAa?$AAl?$AAI?$AAn?$AAi?$AAt?$AAR?$AAT?$AAC?$AA?$CI?$AAr?$AAc?$AA?5?$AA?$DN?$AA?5?$AA?$CF?$AAd?$AA?$CJ?$AA?$AN?$AA?6?$AA?$AA@ 0001418c     oal_rtc_mx28_fsl_v2_pdk1_9:rtc.obj
 0001:000031d0       ??_C@_1FO@ODJLIDFO@?$AAE?$AAR?$AAR?$AAO?$AAR?$AA?3?$AA?5?$AAO?$AAA?$AAL?$AAI?$AAo?$AAC?$AAt?$AAl?$AAH?$AAa?$AAl?$AAI?$AAn?$AAi?$AAt?$AAR?$AAT?$AAC?$AA?3?$AA?5?$AAI?$AAn?$AAv?$AAa?$AAl@ 000141d0     oal_rtc_mx28_fsl_v2_pdk1_9:rtc.obj
 0001:00003230       ??_C@_1DG@PECFOPGF@?$AA?$CL?$AAO?$AAA?$AAL?$AAI?$AAo?$AAC?$AAt?$AAl?$AAH?$AAa?$AAl?$AAI?$AAn?$AAi?$AAt?$AAR?$AAT?$AAC?$AA?$CI?$AA?4?$AA?4?$AA?4?$AA?$CJ?$AA?$AN?$AA?6?$AA?$AA@ 00014230     oal_rtc_mx28_fsl_v2_pdk1_9:rtc.obj
 0001:000032f8       ??_C@_1CA@LGDHHJAA@?$AA?9?$AAI?$AAn?$AAi?$AAt?$AAR?$AAT?$AAC?$AA?$CI?$AA?4?$AA?4?$AA?4?$AA?$CJ?$AA?$AN?$AA?6?$AA?$AA@ 000142f8     oal_rtc_mx28_fsl_v2_pdk1_9:soc_rtc.obj
 0001:00003318       ??_C@_1EI@OGMHLHFD@?$AAE?$AAR?$AAR?$AAO?$AAR?$AA?3?$AA?5?$AAI?$AAn?$AAi?$AAt?$AAR?$AAT?$AAC?$AA?3?$AA?5?$AAN?$AAO?$AA?5?$AAA?$AAL?$AAA?$AAR?$AAM?$AA?5?$AAP?$AAr?$AAe?$AAs?$AAe?$AAn?$AAt@ 00014318     oal_rtc_mx28_fsl_v2_pdk1_9:soc_rtc.obj
 0001:00003360       ??_C@_1EE@NKAOCMND@?$AAE?$AAR?$AAR?$AAO?$AAR?$AA?3?$AA?5?$AAI?$AAn?$AAi?$AAt?$AAR?$AAT?$AAC?$AA?3?$AA?5?$AAN?$AAO?$AA?5?$AAR?$AAT?$AAC?$AA?5?$AAP?$AAr?$AAe?$AAs?$AAe?$AAn?$AAt?$AA?$CB?$AA?$AN@ 00014360     oal_rtc_mx28_fsl_v2_pdk1_9:soc_rtc.obj
 0001:000033a4       ??_C@_1CA@PPHIGODP@?$AA?$CL?$AAI?$AAn?$AAi?$AAt?$AAR?$AAT?$AAC?$AA?$CI?$AA?4?$AA?4?$AA?4?$AA?$CJ?$AA?$AN?$AA?6?$AA?$AA@ 000143a4     oal_rtc_mx28_fsl_v2_pdk1_9:soc_rtc.obj
 0001:00003510       ??_C@_1FG@NBNKMJGL@?$AA?9?$AAO?$AAA?$AAL?$AAR?$AAT?$AAC?$AA_?$AAW?$AAr?$AAi?$AAt?$AAe?$AAR?$AAa?$AAw?$AAP?$AAe?$AAr?$AAs?$AAi?$AAs?$AAt?$AAe?$AAn?$AAt?$AAF?$AAi?$AAe?$AAl?$AAd?$AA?$CI@ 00014510     oal_rtc_mx28_fsl_v2_pdk1_9:rtc_persistent.obj
 0001:00003568       ??_C@_1HG@HKMCFFDB@?$AAE?$AAR?$AAR?$AAO?$AAR?$AA?3?$AA?5?$AAO?$AAA?$AAL?$AAR?$AAT?$AAC?$AA_?$AAW?$AAr?$AAi?$AAt?$AAe?$AAR?$AAa?$AAw?$AAP?$AAe?$AAr?$AAs?$AAi?$AAs?$AAt?$AAe?$AAn?$AAt@ 00014568     oal_rtc_mx28_fsl_v2_pdk1_9:rtc_persistent.obj
 0001:000035e0       ??_C@_1EE@GEFOJBAN@?$AA?$CL?$AAO?$AAA?$AAL?$AAR?$AAT?$AAC?$AA_?$AAW?$AAr?$AAi?$AAt?$AAe?$AAR?$AAa?$AAw?$AAP?$AAe?$AAr?$AAs?$AAi?$AAs?$AAt?$AAe?$AAn?$AAt?$AAF?$AAi?$AAe?$AAl?$AAd?$AA?$AN@ 000145e0     oal_rtc_mx28_fsl_v2_pdk1_9:rtc_persistent.obj
 0001:00003624       ??_C@_1DE@DAHNLBLJ@?$AA?9?$AAO?$AAA?$AAL?$AAP?$AAA?$AAt?$AAo?$AAV?$AAA?$AA?$CI?$AAv?$AAa?$AA?5?$AA?$DN?$AA?5?$AA0?$AAx?$AA?$CF?$AA0?$AA8?$AAx?$AA?$CJ?$AA?$AN?$AA?6?$AA?$AA@ 00014624     oal_memory_arm:memory.obj
 0001:00003658       ??_C@_1CO@JEIJEAKF@?$AA?$CL?$AAO?$AAA?$AAL?$AAP?$AAA?$AAt?$AAo?$AAV?$AAA?$AA?$CI?$AA0?$AAx?$AA?$CF?$AAx?$AA?0?$AA?5?$AA?$CF?$AAd?$AA?$CJ?$AA?$AN?$AA?6?$AA?$AA@ 00014658     oal_memory_arm:memory.obj
 0001:00003718       ??_C@_1DE@DGCDHBJ@?$AA?9?$AAO?$AAE?$AAM?$AAP?$AAr?$AAo?$AAf?$AAi?$AAl?$AAe?$AAT?$AAi?$AAm?$AAe?$AAr?$AAD?$AAi?$AAs?$AAa?$AAb?$AAl?$AAe?$AA?$AN?$AA?6?$AA?$AA@ 00014718     oal_profiler_gpt_mx28_fsl_v2_pdk1_9:soc_profiler.obj
 0001:0000374c       ??_C@_1DI@ICCHIFPG@?$AA?$CL?$AAO?$AAE?$AAM?$AAP?$AAr?$AAo?$AAf?$AAi?$AAl?$AAe?$AAT?$AAi?$AAm?$AAe?$AAr?$AAD?$AAi?$AAs?$AAa?$AAb?$AAl?$AAe?$AA?$CI?$AA?$CJ?$AA?$AN?$AA?6?$AA?$AA@ 0001474c     oal_profiler_gpt_mx28_fsl_v2_pdk1_9:soc_profiler.obj
 0001:00003788       ??_C@_1FG@KKJMBHIF@?$AAO?$AAE?$AAM?$AAP?$AAr?$AAo?$AAf?$AAi?$AAl?$AAe?$AAT?$AAi?$AAm?$AAe?$AAr?$AAE?$AAn?$AAa?$AAb?$AAl?$AAe?$AA?3?$AA?5?$AAc?$AAo?$AAu?$AAn?$AAt?$AAs?$AAP?$AAe?$AAr@ 00014788     oal_profiler_gpt_mx28_fsl_v2_pdk1_9:soc_profiler.obj
 0001:000037e0       ??_C@_1DC@ONFHCFK@?$AA?9?$AAO?$AAE?$AAM?$AAP?$AAr?$AAo?$AAf?$AAi?$AAl?$AAe?$AAT?$AAi?$AAm?$AAe?$AAr?$AAE?$AAn?$AAa?$AAb?$AAl?$AAe?$AA?$AN?$AA?6?$AA?$AA@ 000147e0     oal_profiler_gpt_mx28_fsl_v2_pdk1_9:soc_profiler.obj
 0001:00003814       ??_C@_1DK@OJEFEGCL@?$AA?$CL?$AAO?$AAE?$AAM?$AAP?$AAr?$AAo?$AAf?$AAi?$AAl?$AAe?$AAT?$AAi?$AAm?$AAe?$AAr?$AAE?$AAn?$AAa?$AAb?$AAl?$AAe?$AA?$CI?$AA?$CF?$AAd?$AA?$CJ?$AA?$AN?$AA?6?$AA?$AA@ 00014814     oal_profiler_gpt_mx28_fsl_v2_pdk1_9:soc_profiler.obj
 0001:00003970       ??_C@_1GM@LBPDAPNJ@?$AAI?$AAN?$AAF?$AAO?$AA?3?$AAO?$AAA?$AAL?$AAL?$AAo?$AAg?$AAS?$AAe?$AAt?$AAZ?$AAo?$AAn?$AAe?$AAs?$AA?3?$AA?5?$AAd?$AAp?$AAC?$AAu?$AAr?$AAS?$AAe?$AAt?$AAt?$AAi?$AAn@ 00014970     oal_log:debug.obj
 0001:00003a08       ??_C@_1KC@KHIEGOFB@?$AAO?$AAA?$AAL?$AAI?$AAs?$AAP?$AAr?$AAo?$AAc?$AAe?$AAs?$AAs?$AAo?$AAr?$AAF?$AAe?$AAa?$AAt?$AAu?$AAr?$AAe?$AAP?$AAr?$AAe?$AAs?$AAe?$AAn?$AAt?$AA?3?$AA?5?$AAI?$AAD@ 00014a08     oal_misc_arm:feature.obj
 0001:00003b40       ??_C@_1LA@OCDBKKO@?$AAD?$AA?3?$AA?2?$AAW?$AAI?$AAN?$AAC?$AAE?$AA6?$AA0?$AA0?$AA?2?$AAp?$AAl?$AAa?$AAt?$AAf?$AAo?$AAr?$AAm?$AA?2?$AAc?$AAo?$AAm?$AAm?$AAo?$AAn?$AA?2?$AAs?$AAr?$AAc?$AA?2@ 00014b40     i_ddk_apbhdma_mx28_fsl_v2_pdk1_9:i_ddk_apbhdma.obj
 0001:00003bf0       ??_C@_1CI@OHCJFJPM@?$AAE?$AAR?$AAR?$AAO?$AAR?$AA?3?$AA?5?$AA?$CF?$AAs?$AA?5?$AAl?$AAi?$AAn?$AAe?$AA?5?$AA?$CF?$AAd?$AA?3?$AA?5?$AA?$AA@ 00014bf0     i_ddk_apbhdma_mx28_fsl_v2_pdk1_9:i_ddk_apbhdma.obj
 0001:00003c18       ??_C@_1FG@FFKBFMHG@?$AAA?$AAp?$AAb?$AAh?$AAD?$AAm?$AAa?$AAV?$AAa?$AAl?$AAi?$AAd?$AAC?$AAh?$AAa?$AAn?$AA?4?$AA?4?$AA?$CF?$AAd?$AA?5?$AAi?$AAs?$AA?5?$AAI?$AAn?$AAv?$AAa?$AAl?$AAi?$AAd?$AA?5@ 00014c18     i_ddk_apbhdma_mx28_fsl_v2_pdk1_9:i_ddk_apbhdma.obj
 0001:00003c70       ??_C@_1DK@FOEAIIIE@?$AAC?$AAh?$AAa?$AAn?$AAn?$AAe?$AAl?$AA?5?$AAv?$AAa?$AAl?$AAi?$AAd?$AAa?$AAt?$AAi?$AAo?$AAn?$AA?5?$AAf?$AAa?$AAi?$AAl?$AAe?$AAd?$AA?$CB?$AA?$AN?$AA?6?$AA?$AA@ 00014c70     i_ddk_apbhdma_mx28_fsl_v2_pdk1_9:i_ddk_apbhdma.obj
 0001:00003cb0       ??_C@_1EK@GOOMGDOE@?$AAA?$AAp?$AAb?$AAh?$AAD?$AAm?$AAa?$AAA?$AAl?$AAl?$AAo?$AAc?$AA?3?$AA?3?$AAM?$AAm?$AAM?$AAa?$AAp?$AAI?$AAo?$AAS?$AAp?$AAa?$AAc?$AAe?$AA?5?$AAf?$AAa?$AAi?$AAl?$AAe@ 00014cb0     i_ddk_apbhdma_mx28_fsl_v2_pdk1_9:i_ddk_apbhdma.obj
 0001:00003cfc       ??_C@_1DE@OLOKJACC@?$AAD?$AAD?$AAK?$AAA?$AAp?$AAb?$AAh?$AAS?$AAt?$AAa?$AAr?$AAt?$AAD?$AAm?$AAa?$AA?5?$AAf?$AAa?$AAi?$AAl?$AAe?$AAd?$AA?$CB?$AA?$AN?$AA?6?$AA?$AA@ 00014cfc     i_ddk_apbhdma_mx28_fsl_v2_pdk1_9:i_ddk_apbhdma.obj
 0001:00003d30       ??_C@_1HE@FCLEGJJP@?$AAD?$AAD?$AAK?$AAA?$AAp?$AAb?$AAh?$AAD?$AAm?$AAa?$AAI?$AAn?$AAi?$AAt?$AAC?$AAh?$AAa?$AAn?$AA?4?$AA?4?$AA?5?$AAf?$AAa?$AAi?$AAl?$AAe?$AAd?$AA?5?$AAt?$AAo?$AA?5?$AAs@ 00014d30     i_ddk_apbhdma_mx28_fsl_v2_pdk1_9:i_ddk_apbhdma.obj
 0001:00003e38       ??_C@_1LK@NNCIPOCB@?$AAD?$AA?3?$AA?2?$AAW?$AAI?$AAN?$AAC?$AAE?$AA6?$AA0?$AA0?$AA?2?$AAp?$AAl?$AAa?$AAt?$AAf?$AAo?$AAr?$AAm?$AA?2?$AAc?$AAo?$AAm?$AAm?$AAo?$AAn?$AA?2?$AAs?$AAr?$AAc?$AA?2@ 00014e38     i_ddk_iomux_mx28_fsl_v2_pdk1_9:i_soc_ddk_iomux.obj
 0001:00003ef8       ??_C@_1EO@FDEPDNPK@?$AAI?$AAo?$AAm?$AAu?$AAx?$AAA?$AAl?$AAl?$AAo?$AAc?$AA?3?$AA?5?$AA?5?$AAV?$AAi?$AAr?$AAt?$AAu?$AAa?$AAl?$AA?5?$AAm?$AAa?$AAp?$AAp?$AAi?$AAn?$AAg?$AA?5?$AAf?$AAa?$AAi@ 00014ef8     i_ddk_iomux_mx28_fsl_v2_pdk1_9:i_soc_ddk_iomux.obj
 0001:00003fd8       ??_C@_1KI@NLCPHMIG@?$AAD?$AA?3?$AA?2?$AAW?$AAI?$AAN?$AAC?$AAE?$AA6?$AA0?$AA0?$AA?2?$AAp?$AAl?$AAa?$AAt?$AAf?$AAo?$AAr?$AAm?$AA?2?$AAc?$AAo?$AAm?$AAm?$AAo?$AAn?$AA?2?$AAs?$AAr?$AAc?$AA?2@ 00014fd8     i_ddk_clk_mx28_fsl_v2_pdk1_9:i_ddk_clk.obj
 0001:00004080       ??_C@_1HI@CPEECLDJ@?$AAC?$AAl?$AAo?$AAc?$AAk?$AAU?$AAp?$AAd?$AAa?$AAt?$AAe?$AAR?$AAo?$AAo?$AAt?$AA?3?$AA?5?$AA?5?$AAN?$AAo?$AAd?$AAe?$AA?5?$AAr?$AAe?$AAf?$AAe?$AAr?$AAe?$AAn?$AAc?$AAe@ 00015080     i_ddk_clk_mx28_fsl_v2_pdk1_9:i_ddk_clk.obj
 0001:000040f8       ??_C@_1IC@BAEADKIC@?$AAD?$AA?3?$AA?2?$AAW?$AAI?$AAN?$AAC?$AAE?$AA6?$AA0?$AA0?$AA?2?$AAp?$AAl?$AAa?$AAt?$AAf?$AAo?$AAr?$AAm?$AA?2?$AAE?$AAM?$AA9?$AA2?$AA8?$AA0?$AA?2?$AAs?$AAr?$AAc?$AA?2@ 000150f8     i_ddk_clk_mx28_fsl_v2_pdk1_9:i_ddk_clk.obj
 0001:00004180       ??_C@_1EO@BABGMAOC@?$AAB?$AAS?$AAP?$AAC?$AAl?$AAo?$AAc?$AAk?$AAA?$AAl?$AAl?$AAo?$AAc?$AA?3?$AA?5?$AA?5?$AAM?$AAm?$AAM?$AAa?$AAp?$AAI?$AAo?$AAS?$AAp?$AAa?$AAc?$AAe?$AA?5?$AAf?$AAa?$AAi@ 00015180     i_ddk_clk_mx28_fsl_v2_pdk1_9:i_ddk_clk.obj
 0001:000041d0       ??_C@_1GI@LFPNOONN@?$AA?5?$AAD?$AAD?$AAK?$AAC?$AAl?$AAo?$AAc?$AAk?$AAC?$AAo?$AAn?$AAf?$AAi?$AAg?$AAB?$AAa?$AAu?$AAd?$AA?5?$AAE?$AAR?$AAR?$AAO?$AAR?$AA?0?$AA?5?$AAc?$AAl?$AAo?$AAc?$AAk@ 000151d0     i_ddk_clk_mx28_fsl_v2_pdk1_9:i_ddk_clk.obj
 0001:00004238       ??_C@_1EK@EKBAIMEK@?$AA?5?$AAD?$AAD?$AAK?$AA_?$AAC?$AAL?$AAO?$AAC?$AAK?$AA_?$AAS?$AAI?$AAG?$AAN?$AAA?$AAL?$AA_?$AAS?$AAS?$AAP?$AA3?$AA_?$AAC?$AAL?$AAK?$AA?5?$AAE?$AAR?$AAR?$AAO?$AAR@ 00015238     i_ddk_clk_mx28_fsl_v2_pdk1_9:i_ddk_clk.obj
 0001:00004288       ??_C@_1EK@KBCHDHEJ@?$AA?5?$AAD?$AAD?$AAK?$AA_?$AAC?$AAL?$AAO?$AAC?$AAK?$AA_?$AAS?$AAI?$AAG?$AAN?$AAA?$AAL?$AA_?$AAS?$AAS?$AAP?$AA3?$AA_?$AAC?$AAL?$AAK?$AA?5?$AAE?$AAR?$AAR?$AAO?$AAR@ 00015288     i_ddk_clk_mx28_fsl_v2_pdk1_9:i_ddk_clk.obj
 0001:000042d8       ??_C@_1EK@LLMKIJOA@?$AA?5?$AAD?$AAD?$AAK?$AA_?$AAC?$AAL?$AAO?$AAC?$AAK?$AA_?$AAS?$AAI?$AAG?$AAN?$AAA?$AAL?$AA_?$AAS?$AAS?$AAP?$AA2?$AA_?$AAC?$AAL?$AAK?$AA?5?$AAE?$AAR?$AAR?$AAO?$AAR@ 000152d8     i_ddk_clk_mx28_fsl_v2_pdk1_9:i_ddk_clk.obj
 0001:00004328       ??_C@_1EK@FAPNDCOD@?$AA?5?$AAD?$AAD?$AAK?$AA_?$AAC?$AAL?$AAO?$AAC?$AAK?$AA_?$AAS?$AAI?$AAG?$AAN?$AAA?$AAL?$AA_?$AAS?$AAS?$AAP?$AA2?$AA_?$AAC?$AAL?$AAK?$AA?5?$AAE?$AAR?$AAR?$AAO?$AAR@ 00015328     i_ddk_clk_mx28_fsl_v2_pdk1_9:i_ddk_clk.obj
 0001:00004378       ??_C@_1EK@JJOCDKFM@?$AA?5?$AAD?$AAD?$AAK?$AA_?$AAC?$AAL?$AAO?$AAC?$AAK?$AA_?$AAS?$AAI?$AAG?$AAN?$AAA?$AAL?$AA_?$AAS?$AAS?$AAP?$AA1?$AA_?$AAC?$AAL?$AAK?$AA?5?$AAE?$AAR?$AAR?$AAO?$AAR@ 00015378     i_ddk_clk_mx28_fsl_v2_pdk1_9:i_ddk_clk.obj
 0001:000043c8       ??_C@_1EK@IDAPIEPF@?$AA?5?$AAD?$AAD?$AAK?$AA_?$AAC?$AAL?$AAO?$AAC?$AAK?$AA_?$AAS?$AAI?$AAG?$AAN?$AAA?$AAL?$AA_?$AAS?$AAS?$AAP?$AA0?$AA_?$AAC?$AAL?$AAK?$AA?5?$AAE?$AAR?$AAR?$AAO?$AAR@ 000153c8     i_ddk_clk_mx28_fsl_v2_pdk1_9:i_ddk_clk.obj
 0001:00004418       ??_C@_1EK@GIDIDPPG@?$AA?5?$AAD?$AAD?$AAK?$AA_?$AAC?$AAL?$AAO?$AAC?$AAK?$AA_?$AAS?$AAI?$AAG?$AAN?$AAA?$AAL?$AA_?$AAS?$AAS?$AAP?$AA0?$AA_?$AAC?$AAL?$AAK?$AA?5?$AAE?$AAR?$AAR?$AAO?$AAR@ 00015418     i_ddk_clk_mx28_fsl_v2_pdk1_9:i_ddk_clk.obj
 0001:00004468       ??_C@_1EK@OIOENCCF@?$AAD?$AAD?$AAK?$AAC?$AAl?$AAo?$AAc?$AAk?$AAC?$AAo?$AAn?$AAf?$AAi?$AAg?$AAB?$AAa?$AAu?$AAd?$AA?3?$AA?5?$AAD?$AAi?$AAv?$AAi?$AAd?$AAe?$AA?5?$AAb?$AAy?$AA?5?$AAz?$AAe@ 00015468     i_ddk_clk_mx28_fsl_v2_pdk1_9:i_ddk_clk.obj
 0001:000044b8       ??_C@_1EG@FCNOKBMG@?$AAC?$AAl?$AAo?$AAc?$AAk?$AAA?$AAl?$AAl?$AAo?$AAc?$AA?3?$AA?3?$AAM?$AAm?$AAM?$AAa?$AAp?$AAI?$AAo?$AAS?$AAp?$AAa?$AAc?$AAe?$AA?5?$AAf?$AAa?$AAi?$AAl?$AAe?$AAd?$AA?$CB@ 000154b8     i_ddk_clk_mx28_fsl_v2_pdk1_9:i_ddk_clk.obj
 0001:00004500       ??_C@_1KG@LDEFBBAE@?$AAD?$AA?3?$AA?2?$AAW?$AAI?$AAN?$AAC?$AAE?$AA6?$AA0?$AA0?$AA?2?$AAP?$AAL?$AAA?$AAT?$AAF?$AAO?$AAR?$AAM?$AA?2?$AAC?$AAO?$AAM?$AAM?$AAO?$AAN?$AA?2?$AAS?$AAR?$AAC?$AA?2@ 00015500     hal_nand_mx28_fsl_v2_pdk1_9:cspnand.obj
 0001:000045a8       ??_C@_1CG@HGOIDJME@?$AAG?$AAe?$AAt?$AAS?$AAt?$AAa?$AAt?$AAu?$AAs?$AA?3?$AA?5?$AAF?$AAA?$AAL?$AAS?$AAE?$AA?$AN?$AA?6?$AA?$AA@ 000155a8     hal_nand_mx28_fsl_v2_pdk1_9:cspnand.obj
 0001:000045d0       ??_C@_1BM@GDFLLBPA@?$AAS?$AAt?$AAa?$AAt?$AAu?$AAs?$AAE?$AAr?$AAr?$AAo?$AAr?$AA?$AN?$AA?6?$AA?$AA@ 000155d0     hal_nand_mx28_fsl_v2_pdk1_9:cspnand.obj
 0001:000045ec       ??_C@_1BK@GMDNGAAA@?$AAS?$AAt?$AAa?$AAt?$AAu?$AAs?$AAB?$AAu?$AAs?$AAy?$AA?$AN?$AA?6?$AA?$AA@ 000155ec     hal_nand_mx28_fsl_v2_pdk1_9:cspnand.obj
 0001:00004608       ??_C@_1DE@DGEGBAJN@?$AAG?$AAe?$AAt?$AAS?$AAt?$AAa?$AAt?$AAu?$AAs?$AA?5?$AAr?$AAe?$AAt?$AAu?$AAr?$AAn?$AAs?$AA?5?$AAf?$AAa?$AAl?$AAs?$AAe?$AA?$AN?$AA?6?$AA?$AA@ 00015608     hal_nand_mx28_fsl_v2_pdk1_9:cspnand.obj
 0001:00004640       ??_C@_1IG@KCDPGGHF@?$AAM?$AAa?$AAp?$AAR?$AAe?$AAg?$AAi?$AAs?$AAt?$AAe?$AAr?$AA?3?$AA?5?$AA?5?$AAB?$AAS?$AAP?$AAN?$AAA?$AAN?$AAD?$AA_?$AAR?$AAe?$AAm?$AAa?$AAp?$AAR?$AAe?$AAg?$AAi?$AAs@ 00015640     hal_nand_mx28_fsl_v2_pdk1_9:cspnand.obj
 0001:000046c8       ??_C@_1IC@FNLGBIHK@?$AAM?$AAa?$AAp?$AAR?$AAe?$AAg?$AAi?$AAs?$AAt?$AAe?$AAr?$AA?3?$AA?5?$AA?5?$AAB?$AAS?$AAP?$AAN?$AAA?$AAN?$AAD?$AA_?$AAR?$AAe?$AAm?$AAa?$AAp?$AAR?$AAe?$AAg?$AAi?$AAs@ 000156c8     hal_nand_mx28_fsl_v2_pdk1_9:cspnand.obj
 0001:00004750       ??_C@_1IA@CDENIFAM@?$AAM?$AAa?$AAp?$AAR?$AAe?$AAg?$AAi?$AAs?$AAt?$AAe?$AAr?$AA?3?$AA?5?$AA?5?$AAB?$AAS?$AAP?$AAN?$AAA?$AAN?$AAD?$AA_?$AAR?$AAe?$AAm?$AAa?$AAp?$AAR?$AAe?$AAg?$AAi?$AAs@ 00015750     hal_nand_mx28_fsl_v2_pdk1_9:cspnand.obj
 0001:000047d0       ??_C@_1EC@EJIDLNHM@?$AAF?$AAa?$AAi?$AAl?$AAe?$AAd?$AA?5?$AAR?$AAe?$AAa?$AAd?$AA?5?$AAc?$AAs?$AA?$DN?$AA?$CF?$AAd?$AA?0?$AA?5?$AAs?$AAe?$AAc?$AAt?$AAo?$AAr?$AA?$DN?$AA0?$AAx?$AA?$CF?$AAx?$AA?$AN?$AA?6@ 000157d0     hal_nand_mx28_fsl_v2_pdk1_9:cspnand.obj
 0001:00004818       ??_C@_1EM@KNPFGNCN@?$AAF?$AAM?$AAD?$AA_?$AAR?$AAe?$AAa?$AAd?$AAS?$AAe?$AAc?$AAt?$AAo?$AAr?$AA?3?$AA?5?$AAI?$AAn?$AAv?$AAa?$AAl?$AAi?$AAd?$AA?5?$AAp?$AAa?$AAr?$AAa?$AAm?$AAe?$AAt?$AAe@ 00015818     hal_nand_mx28_fsl_v2_pdk1_9:cspnand.obj
 0001:00004868       ??_C@_1EO@MGNCMOHK@?$AAF?$AAM?$AAD?$AA_?$AAW?$AAr?$AAi?$AAt?$AAe?$AAS?$AAe?$AAc?$AAt?$AAo?$AAr?$AA?3?$AA?5?$AAI?$AAn?$AAv?$AAa?$AAl?$AAi?$AAd?$AA?5?$AAp?$AAa?$AAr?$AAa?$AAm?$AAe?$AAt@ 00015868     hal_nand_mx28_fsl_v2_pdk1_9:cspnand.obj
 0001:000048b8       ??_C@_1FA@HDOOBAE@?$AA?9?$AAD?$AAM?$AAA?$AA_?$AAW?$AAa?$AAi?$AAt?$AA?$CI?$AAE?$AAR?$AAR?$AAO?$AAR?$AA_?$AAD?$AAD?$AAI?$AA_?$AAN?$AAA?$AAN?$AAD?$AA_?$AAD?$AAM?$AAA?$AA_?$AAT?$AAI?$AAM@ 000158b8     hal_nand_mx28_fsl_v2_pdk1_9:dma_util.obj
 0001:00004908       ??_C@_1KK@MFDHDHFE@?$AAD?$AA?3?$AA?2?$AAW?$AAI?$AAN?$AAC?$AAE?$AA6?$AA0?$AA0?$AA?2?$AAP?$AAL?$AAA?$AAT?$AAF?$AAO?$AAR?$AAM?$AA?2?$AAC?$AAO?$AAM?$AAM?$AAO?$AAN?$AA?2?$AAS?$AAR?$AAC?$AA?2@ 00015908     hal_nand_mx28_fsl_v2_pdk1_9:dma_memory.obj
 0001:000049b8       ??_C@_1GA@FMKOJBGA@?$AAD?$AAM?$AAA?$AA_?$AAM?$AAe?$AAm?$AAA?$AAl?$AAl?$AAo?$AAc?$AA?4?$AA?4?$AA?5?$AAN?$AAo?$AA?5?$AAm?$AAo?$AAr?$AAe?$AA?5?$AAr?$AAo?$AAo?$AAm?$AA?5?$AAi?$AAn?$AA?5?$AAm@ 000159b8     hal_nand_mx28_fsl_v2_pdk1_9:dma_memory.obj
 0001:00004a18       ??_C@_1FO@KFDEOHPK@?$AAN?$AAA?$AAN?$AAD?$AA_?$AAE?$AAC?$AAC?$AAC?$AAo?$AAn?$AAf?$AAL?$AAa?$AAy?$AAo?$AAu?$AAt?$AA?0?$AA?5?$AAp?$AAa?$AAg?$AAe?$AAs?$AAi?$AAz?$AAe?$AA?$DN?$AA?$CF?$AAd?$AA?0@ 00015a18     hal_nand_mx28_fsl_v2_pdk1_9:ecc.obj
 0001:00004a78       ??_C@_1FK@DJPJCFKA@?$AAB?$AAM?$AA_?$AAE?$AAC?$AAC?$AA8?$AA_?$AAS?$AAT?$AAA?$AAT?$AAU?$AAS?$AA0?$AA_?$AAU?$AAN?$AAC?$AAO?$AAR?$AAR?$AAE?$AAC?$AAT?$AAA?$AAB?$AAL?$AAE?$AA?0?$AAu?$AA3@ 00015a78     hal_nand_mx28_fsl_v2_pdk1_9:ecc.obj
 0001:00004ad4       ??_C@_1BM@NILDECIC@?$AAE?$AAC?$AAC?$AA?5?$AAT?$AAi?$AAm?$AAe?$AAo?$AAu?$AAt?$AA?$AN?$AA?6?$AA?$AA@ 00015ad4     hal_nand_mx28_fsl_v2_pdk1_9:ecc.obj
 0001:00004af0       ??_C@_1CM@DKFAKBIE@?$AAH?$AAW?$AA_?$AAB?$AAC?$AAH?$AA_?$AAC?$AAT?$AAR?$AAL?$AA_?$AAR?$AAD?$AA?$DN?$AA0?$AAx?$AA?$CF?$AAx?$AA?$AN?$AA?6?$AA?$AA@ 00015af0     hal_nand_mx28_fsl_v2_pdk1_9:ecc.obj
 0001:00004b1c       ??_C@_1DC@NPBOAEOK@?$AAH?$AAW?$AA_?$AAB?$AAC?$AAH?$AA_?$AAS?$AAT?$AAA?$AAT?$AAU?$AAS?$AA0?$AA_?$AAR?$AAD?$AA?$DN?$AA0?$AAx?$AA?$CF?$AAx?$AA?$AN?$AA?6?$AA?$AA@ 00015b1c     hal_nand_mx28_fsl_v2_pdk1_9:ecc.obj
 0001:00004b50       ??_C@_1DO@BNCFKMIJ@?$AAH?$AAW?$AA_?$AAB?$AAC?$AAH?$AA_?$AAF?$AAL?$AAA?$AAS?$AAH?$AA0?$AAL?$AAA?$AAY?$AAO?$AAU?$AAT?$AA0?$AA_?$AAR?$AAD?$AA?$DN?$AA0?$AAx?$AA?$CF?$AAx?$AA?$AN?$AA?6?$AA?$AA@ 00015b50     hal_nand_mx28_fsl_v2_pdk1_9:ecc.obj
 0001:00004b90       ??_C@_1DO@JMAAMJKO@?$AAH?$AAW?$AA_?$AAB?$AAC?$AAH?$AA_?$AAF?$AAL?$AAA?$AAS?$AAH?$AA0?$AAL?$AAA?$AAY?$AAO?$AAU?$AAT?$AA1?$AA_?$AAR?$AAD?$AA?$DN?$AA0?$AAx?$AA?$CF?$AAx?$AA?$AN?$AA?6?$AA?$AA@ 00015b90     hal_nand_mx28_fsl_v2_pdk1_9:ecc.obj
 0001:00004bd0       ??_C@_1KC@HEHBMOCI@?$AAD?$AA?3?$AA?2?$AAW?$AAI?$AAN?$AAC?$AAE?$AA6?$AA0?$AA0?$AA?2?$AAP?$AAL?$AAA?$AAT?$AAF?$AAO?$AAR?$AAM?$AA?2?$AAC?$AAO?$AAM?$AAM?$AAO?$AAN?$AA?2?$AAS?$AAR?$AAC?$AA?2@ 00015bd0     hal_nand_mx28_fsl_v2_pdk1_9:ecc.obj
 0001:00004c74       ??_C@_1DM@BEDFOCAB@?$AAH?$AAW?$AA_?$AAB?$AAC?$AAH?$AA_?$AAL?$AAA?$AAY?$AAO?$AAU?$AAT?$AAS?$AAE?$AAL?$AAE?$AAC?$AAT?$AA_?$AAR?$AAD?$AA?$DN?$AA0?$AAx?$AA?$CF?$AAx?$AA?$AN?$AA?6?$AA?$AA@ 00015c74     hal_nand_mx28_fsl_v2_pdk1_9:ecc.obj
 0001:00004cb0       ??_C@_1CI@NIKNPGAO@?$AAe?$AAn?$AAa?$AAb?$AAl?$AAe?$AA?5?$AAb?$AAc?$AAh?$AA?5?$AAm?$AAo?$AAd?$AAu?$AAl?$AAe?$AA?$AN?$AA?6?$AA?$AA@ 00015cb0     hal_nand_mx28_fsl_v2_pdk1_9:ecc.obj
 0001:00004cd8       zFailsafeTimings           00015cd8     hal_nand_mx28_fsl_v2_pdk1_9:gpmi.obj
 0001:00004cdc       ??_C@_1DI@PDOAMAEJ@?$AAW?$AAa?$AAi?$AAt?$AA?5?$AAf?$AAo?$AAr?$AA?5?$AAC?$AAL?$AAK?$AAG?$AAA?$AAT?$AAE?$AA?5?$AAl?$AAo?$AAw?$AA?5?$AAf?$AAa?$AAi?$AAl?$AA?$AN?$AA?6?$AA?$AA@ 00015cdc     hal_nand_mx28_fsl_v2_pdk1_9:gpmi.obj
 0001:00004d14       ??_C@_1DK@HKMMIMBH@?$AAW?$AAa?$AAi?$AAt?$AA?5?$AAf?$AAo?$AAr?$AA?5?$AAC?$AAL?$AAK?$AAG?$AAA?$AAT?$AAE?$AA?5?$AAh?$AAi?$AAg?$AAh?$AA?5?$AAf?$AAa?$AAi?$AAl?$AA?$AN?$AA?6?$AA?$AA@ 00015d14     hal_nand_mx28_fsl_v2_pdk1_9:gpmi.obj
 0001:00004d50       ??_C@_1KA@JIOKGAJD@?$AAD?$AA?3?$AA?2?$AAW?$AAI?$AAN?$AAC?$AAE?$AA6?$AA0?$AA0?$AA?2?$AAP?$AAL?$AAA?$AAT?$AAF?$AAO?$AAR?$AAM?$AA?2?$AAC?$AAO?$AAM?$AAM?$AAO?$AAN?$AA?2?$AAS?$AAR?$AAC?$AA?2@ 00015d50     hal_nand_mx28_fsl_v2_pdk1_9:gpmi.obj
 0001:00004df0       ??_C@_1DG@DIMDILHO@?$AAW?$AAa?$AAi?$AAt?$AA?5?$AAf?$AAo?$AAr?$AA?5?$AAS?$AAF?$AAT?$AAR?$AAS?$AAT?$AA?5?$AAl?$AAo?$AAw?$AA?5?$AAf?$AAa?$AAi?$AAl?$AA?$AN?$AA?6?$AA?$AA@ 00015df0     hal_nand_mx28_fsl_v2_pdk1_9:gpmi.obj
 0001:00004e28       ??_C@_1CI@IEJKJELN@?$AAr?$AAe?$AAs?$AAe?$AAt?$AA?5?$AAG?$AAP?$AAM?$AAI?$AA?5?$AAm?$AAo?$AAd?$AAu?$AAl?$AAe?$AA?$AN?$AA?6?$AA?$AA@ 00015e28     hal_nand_mx28_fsl_v2_pdk1_9:gpmi.obj
 0001:00004ee0       ??_C@_1FO@MCCFPMKN@?$AAE?$AAR?$AAR?$AAO?$AAR?$AA?3?$AA?5?$AAU?$AAn?$AAa?$AAb?$AAl?$AAe?$AA?5?$AAt?$AAo?$AA?5?$AAg?$AAe?$AAt?$AA?5?$AAN?$AAA?$AAN?$AAD?$AA?5?$AAf?$AAl?$AAa?$AAs?$AAh?$AA?5@ 00015ee0     NandBootBurner:NandBootBurner.obj
 0001:00004f40       ??_C@_1BO@FIBBIMKG@?$AAF?$AAa?$AAt?$AAa?$AAl?$AA?5?$AAE?$AAr?$AAr?$AAo?$AAr?$AA?$CB?$AA?$AN?$AA?6?$AA?$AA@ 00015f40     NandBootBurner:NandBootBurner.obj
 0001:00004f60       ??_C@_1DC@EFNGNFDP@?$AA?5?$AAg?$AAe?$AAt?$AA?5?$AAg?$AAo?$AAo?$AAd?$AA?5?$AAb?$AAl?$AAo?$AAc?$AAk?$AA?5?$AAf?$AAa?$AAi?$AAl?$AAe?$AAd?$AA?$AN?$AA?6?$AA?$AA@ 00015f60     NandBootBurner:NandBootBurner.obj
 0001:00004f94       ??_C@_1DG@HLBMPHBJ@?$AAf?$AAa?$AAi?$AAl?$AAe?$AAd?$AA?5?$AAw?$AAr?$AAi?$AAt?$AAe?$AA?5?$AAs?$AAe?$AAc?$AAt?$AAo?$AAr?$AA?5?$AA0?$AAx?$AA?$CF?$AAx?$AA?$AN?$AA?6?$AA?$AA@ 00015f94     NandBootBurner:NandBootBurner.obj
 0001:00004fd0       ??_C@_1JC@GFKPHACM@?$AAD?$AA?3?$AA?2?$AAW?$AAI?$AAN?$AAC?$AAE?$AA6?$AA0?$AA0?$AA?2?$AAP?$AAL?$AAA?$AAT?$AAF?$AAO?$AAR?$AAM?$AA?2?$AAE?$AAM?$AA9?$AA2?$AA8?$AA0?$AA?2?$AAS?$AAR?$AAC?$AA?2@ 00015fd0     NandBootBurner:NandBootBurner.obj
 0001:00005068       ??_C@_1EI@GGKJIGAB@?$AAe?$AAr?$AAa?$AAs?$AAe?$AA?5?$AAb?$AAl?$AAo?$AAc?$AAk?$AA?5?$AA?$CF?$AAd?$AA?5?$AAf?$AAa?$AAi?$AAl?$AAe?$AAd?$AA?0?$AA?5?$AAs?$AAe?$AAt?$AA?5?$AAt?$AAo?$AA?5?$AAb?$AAa@ 00016068     NandBootBurner:NandBootBurner.obj
 0001:000050b0       ??_C@_1EC@DCGOLAGM@?$AAE?$AAR?$AAR?$AAO?$AAR?$AA?3?$AA?5?$AAF?$AAa?$AAi?$AAl?$AAe?$AAd?$AA?5?$AAt?$AAo?$AA?5?$AAv?$AAe?$AAr?$AAi?$AAf?$AAy?$AA?5?$AAi?$AAm?$AAa?$AAg?$AAe?$AA?4?$AA?$AN?$AA?6@ 000160b0     NandBootBurner:NandBootBurner.obj
 0001:000050f4       ??_C@_1DO@EFPCGICC@?$AAG?$AAe?$AAt?$AAG?$AAo?$AAo?$AAd?$AAP?$AAh?$AAy?$AAB?$AAl?$AAo?$AAc?$AAk?$AA?5?$AAf?$AAa?$AAi?$AAl?$AAe?$AAd?$AA?3?$AA?5?$AA0?$AAx?$AA?$CF?$AAx?$AA?$AN?$AA?6?$AA?$AA@ 000160f4     NandBootBurner:NandBootBurner.obj
 0001:00005138       ??_C@_1FC@OPLGCOPD@?$AAd?$AAw?$AAI?$AAn?$AAd?$AAe?$AAx?$AA?5?$AA?$CI?$AA0?$AAx?$AA?$CF?$AAx?$AA?$CJ?$AA?5?$AAe?$AAx?$AAc?$AAe?$AAe?$AAd?$AAs?$AA?5?$AAe?$AAx?$AAp?$AAe?$AAc?$AAt?$AAe?$AAd?$AA?5@ 00016138     NandBootBurner:NandBootBurner.obj
 0001:00005190       ??_C@_1GI@GJFJHBEB@?$AAl?$AAe?$AAn?$AAg?$AAt?$AAh?$AA?5?$AAs?$AAi?$AAz?$AAe?$AA?$CI?$AA0?$AAx?$AA?$CF?$AAx?$AA?$CJ?$AA?5?$AAi?$AAs?$AA?5?$AAs?$AAm?$AAa?$AAl?$AAl?$AAe?$AAr?$AA?5?$AAt?$AAh?$AAa@ 00016190     NandBootBurner:NandBootBurner.obj
 0001:000051f8       ??_C@_1EK@GNGNPPJB@?$AAa?$AAl?$AAl?$AAo?$AAc?$AA?5?$AAm?$AAe?$AAm?$AAo?$AAr?$AAy?$AA?5?$AAf?$AAo?$AAr?$AA?5?$AAp?$AAS?$AAe?$AAc?$AAt?$AAo?$AAr?$AAB?$AAu?$AAf?$AA?5?$AAf?$AAa?$AAi?$AAl@ 000161f8     NandBootBurner:NandBootBurner.obj
 0001:00005248       ??_C@_1EO@FBLEHGGJ@?$AAE?$AAR?$AAR?$AAO?$AAR?$AA?3?$AA?5?$AAF?$AAa?$AAi?$AAl?$AAe?$AAd?$AA?5?$AAt?$AAo?$AA?5?$AAu?$AAp?$AAd?$AAa?$AAt?$AAe?$AA?5?$AAE?$AAB?$AAO?$AAO?$AAT?$AA?1?$AAS?$AAB@ 00016248     NandBootBurner:NandBootBurner.obj
 0001:00005298       ??_C@_1GE@INBFBMHJ@?$AAE?$AAR?$AAR?$AAO?$AAR?$AA?3?$AA?5?$AAU?$AAn?$AAa?$AAb?$AAl?$AAe?$AA?5?$AAt?$AAo?$AA?5?$AAe?$AAr?$AAa?$AAs?$AAe?$AA?5?$AAN?$AAA?$AAN?$AAD?$AA?5?$AAf?$AAl?$AAa?$AAs@ 00016298     NandBootBurner:NandBootBurner.obj
 0001:00005300       ??_C@_1FG@BIAKNIIN@?$AAI?$AAN?$AAF?$AAO?$AA?3?$AA?5?$AAP?$AAr?$AAo?$AAg?$AAr?$AAa?$AAm?$AAm?$AAi?$AAn?$AAg?$AA?5?$AAN?$AAA?$AAN?$AAD?$AA?5?$AAf?$AAl?$AAa?$AAs?$AAh?$AA?5?$AAb?$AAl?$AAo@ 00016300     NandBootBurner:NandBootBurner.obj
 0001:00005358       ??_C@_1II@FBBOFABH@?$AAF?$AAa?$AAi?$AAl?$AAe?$AAd?$AA?5?$AAt?$AAo?$AA?5?$AAa?$AAl?$AAl?$AAo?$AAc?$AA?5?$AAe?$AAn?$AAo?$AAu?$AAg?$AAh?$AA?5?$AAm?$AAe?$AAm?$AAo?$AAr?$AAy?$AA?5?$AAs?$AAp@ 00016358     NandBootBurner:NandBootBurner.obj
 0001:000053e0       ??_C@_1GG@CGMHHFEA@?$AAA?$AAl?$AAl?$AAo?$AAc?$AAa?$AAt?$AAe?$AA?5?$AAm?$AAe?$AAm?$AAo?$AAr?$AAy?$AA?5?$AAb?$AAu?$AAf?$AAf?$AAe?$AAr?$AA?5?$AAw?$AAi?$AAt?$AAh?$AA?5?$AAs?$AAi?$AAz?$AAe@ 000163e0     NandBootBurner:NandBootBurner.obj
 0001:00005448       ??_C@_1DA@MBJEAJHA@?$AAw?$AAr?$AAi?$AAt?$AAe?$AA?5?$AAN?$AAC?$AAB?$AA?$CG?$AAL?$AAD?$AAL?$AAB?$AA?5?$AAf?$AAa?$AAi?$AAl?$AAe?$AAd?$AA?$AN?$AA?6?$AA?$AA@ 00016448     NandBootBurner:NandBootBurner.obj
 0001:00005478       ??_C@_1EA@HCABBO@?$AAE?$AAR?$AAR?$AAO?$AAR?$AA?3?$AA?5?$AAF?$AAa?$AAi?$AAl?$AAe?$AAd?$AA?5?$AAt?$AAo?$AA?5?$AAw?$AAr?$AAi?$AAt?$AAe?$AA?5?$AAi?$AAm?$AAa?$AAg?$AAe?$AA?4?$AA?$AN?$AA?6?$AA?$AA@ 00016478     NandBootBurner:NandBootBurner.obj
 0001:000054b8       ??_C@_1EA@OJIFFNHE@?$AAE?$AAR?$AAR?$AAO?$AAR?$AA?3?$AA?5?$AAF?$AAa?$AAi?$AAl?$AAe?$AAd?$AA?5?$AAt?$AAo?$AA?5?$AAe?$AAr?$AAa?$AAs?$AAe?$AA?5?$AAb?$AAl?$AAo?$AAc?$AAk?$AA?4?$AA?$AN?$AA?6?$AA?$AA@ 000164b8     NandBootBurner:NandBootBurner.obj
 0001:000054f8       ??_C@_1DO@NDHHBDON@?$AAE?$AAR?$AAR?$AAO?$AAR?$AA?3?$AA?5?$AAF?$AAa?$AAi?$AAl?$AAe?$AAd?$AA?5?$AAt?$AAo?$AA?5?$AAr?$AAe?$AAa?$AAd?$AA?5?$AAi?$AAm?$AAa?$AAg?$AAe?$AA?4?$AA?$AN?$AA?6?$AA?$AA@ 000164f8     NandBootBurner:NandBootBurner.obj
 0001:00005538       ??_C@_1CK@IDFEAOKN@?$AAA?$AAl?$AAl?$AAo?$AAc?$AA?5?$AAm?$AAe?$AAm?$AAo?$AAr?$AAy?$AA?5?$AAf?$AAa?$AAi?$AAl?$AAs?$AA?$AN?$AA?6?$AA?$AA@ 00016538     NandBootBurner:NandBootBurner.obj
 0001:00005568       ??_C@_1IK@PAOJHCNE@?$AAE?$AAR?$AAR?$AAO?$AAR?$AA?3?$AA?5?$AAU?$AAn?$AAa?$AAb?$AAl?$AAe?$AA?5?$AAt?$AAo?$AA?5?$AAs?$AAe?$AAt?$AA?5?$AAf?$AAl?$AAa?$AAg?$AA?5?$AAt?$AAo?$AA?5?$AAN?$AAA?$AAN@ 00016568     NandBootBurner:NandBootBurner.obj
 0001:000055f8       ??_C@_1HO@KEKBJFCN@?$AAE?$AAR?$AAR?$AAO?$AAR?$AA?3?$AA?5?$AAU?$AAn?$AAa?$AAb?$AAl?$AAe?$AA?5?$AAt?$AAo?$AA?5?$AAe?$AAr?$AAa?$AAs?$AAe?$AA?5?$AAN?$AAA?$AAN?$AAD?$AA?5?$AAb?$AAl?$AAo?$AAc@ 000165f8     NandBootBurner:NandBootBurner.obj
 0001:00005678       ??_C@_1FG@CFPFEBKI@?$AAI?$AAN?$AAF?$AAO?$AA?3?$AA?5?$AAF?$AAo?$AAu?$AAn?$AAd?$AA?5?$AAb?$AAa?$AAd?$AA?5?$AAN?$AAA?$AAN?$AAD?$AA?5?$AAf?$AAl?$AAa?$AAs?$AAh?$AA?5?$AAb?$AAl?$AAo?$AAc?$AAk@ 00016678     NandBootBurner:NandBootBurner.obj
 0001:000056d0       ??_C@_1HC@EOHFNEGN@?$AAI?$AAN?$AAF?$AAO?$AA?3?$AA?5?$AAS?$AAe?$AAt?$AA?5?$AAN?$AAA?$AAN?$AAD?$AA?5?$AAf?$AAl?$AAa?$AAs?$AAh?$AA?5?$AAb?$AAl?$AAo?$AAc?$AAk?$AAs?$AA?5?$AA?$FL?$AA0?$AAx?$AA?$CF@ 000166d0     NandBootBurner:NandBootBurner.obj
 0001:00005748       ??_C@_1EA@GBECCHLK@?$AAW?$AAA?$AAR?$AAN?$AAI?$AAN?$AAG?$AA?3?$AA?5?$AAN?$AAA?$AAN?$AAD?$AAB?$AAo?$AAo?$AAt?$AAI?$AAn?$AAi?$AAt?$AA?5?$AAf?$AAa?$AAi?$AAl?$AAe?$AAd?$AA?4?$AA?$AN?$AA?6?$AA?$AA@ 00016748     NandBootBurner:NandBootBurner.obj
 0001:00005788       ??_C@_1FM@JLCJMPNF@?$AAI?$AAN?$AAF?$AAO?$AA?3?$AA?5?$AAN?$AAA?$AAN?$AAD?$AAB?$AAo?$AAo?$AAt?$AAR?$AAe?$AAs?$AAe?$AAr?$AAv?$AAe?$AAd?$AA?$CI?$AA?$CJ?$AA?5?$AAc?$AAa?$AAl?$AAl?$AAe?$AAd?$AA?5@ 00016788     NandBootBurner:NandBootBurner.obj
 0001:000057e8       ??_C@_1EC@OHPBFFKI@?$AAE?$AAR?$AAR?$AAO?$AAR?$AA?3?$AA?5?$AAF?$AAa?$AAi?$AAl?$AAe?$AAd?$AA?5?$AAt?$AAo?$AA?5?$AAu?$AAp?$AAd?$AAa?$AAt?$AAe?$AA?5?$AAi?$AAm?$AAa?$AAg?$AAe?$AA?4?$AA?$AN?$AA?6@ 000167e8     NandBootBurner:NandBootBurner.obj
 0001:00005830       ??_C@_1GM@HABOKLED@?$AAE?$AAr?$AAr?$AAo?$AAr?$AA?3?$AA?5?$AAN?$AAo?$AA?5?$AAg?$AAo?$AAo?$AAd?$AA?5?$AAb?$AAl?$AAo?$AAc?$AAk?$AA?5?$AAf?$AAo?$AAu?$AAn?$AAd?$AA?5?$AA?9?$AA?5?$AAu?$AAn?$AAa@ 00016830     NandBootBurner:NandBootBurner.obj
 0001:000058a0       ??_C@_1EO@MCHFLJLF@?$AAF?$AAa?$AAi?$AAl?$AAe?$AAd?$AA?5?$AAt?$AAo?$AA?5?$AAa?$AAl?$AAl?$AAo?$AAc?$AA?5?$AAe?$AAn?$AAo?$AAu?$AAg?$AAh?$AA?5?$AAm?$AAe?$AAm?$AAo?$AAr?$AAy?$AA?5?$AAs?$AAp@ 000168a0     NandBootBurner:NandBootBurner.obj
 0001:000058f0       ??_C@_1DK@BOOAGLH@?$AAW?$AAA?$AAR?$AAN?$AAI?$AAN?$AAG?$AA?3?$AA?5?$AAN?$AAA?$AAN?$AAD?$AAB?$AAo?$AAo?$AAt?$AAI?$AAn?$AAi?$AAt?$AA?5?$AAf?$AAa?$AAi?$AAl?$AA?$AN?$AA?6?$AA?$AA@ 000168f0     NandBootBurner:NandBootBurner.obj
 0001:00005930       ??_C@_1FG@JHOJALMP@?$AAE?$AAR?$AAR?$AAO?$AAR?$AA?3?$AA?5?$AAF?$AAa?$AAi?$AAl?$AAe?$AAd?$AA?5?$AAt?$AAo?$AA?5?$AAv?$AAe?$AAr?$AAi?$AAf?$AAy?$AA?5?$AAI?$AAM?$AAA?$AAG?$AAE?$AA_?$AAT?$AAY@ 00016930     NandBootBurner:NandBootBurner.obj
 0001:00005988       ??_C@_1HA@ILDAJMIG@?$AAE?$AAR?$AAR?$AAO?$AAR?$AA?3?$AA?5?$AAF?$AAa?$AAi?$AAl?$AAe?$AAd?$AA?5?$AAt?$AAo?$AA?5?$AAr?$AAe?$AAa?$AAd?$AA?5?$AA?$EA?$AA0?$AAx?$AA?$CF?$AAx?$AA?5?$AAf?$AAr?$AAo?$AAm@ 00016988     NandBootBurner:NandBootBurner.obj
 0001:000059f8       ??_C@_1HC@PALGCJAB@?$AAE?$AAR?$AAR?$AAO?$AAR?$AA?3?$AA?5?$AAF?$AAa?$AAi?$AAl?$AAe?$AAd?$AA?5?$AAt?$AAo?$AA?5?$AAw?$AAr?$AAi?$AAt?$AAe?$AA?5?$AA?$EA?$AA0?$AAx?$AA?$CF?$AAx?$AA?5?$AAi?$AAn?$AAt@ 000169f8     NandBootBurner:NandBootBurner.obj
 0001:00005a70       ??_C@_1GI@BGDFEDNG@?$AAI?$AAN?$AAF?$AAO?$AA?3?$AA?5?$AAW?$AAr?$AAi?$AAt?$AAi?$AAn?$AAg?$AA?5?$AAX?$AAL?$AAD?$AAR?$AA?5?$AAi?$AAm?$AAa?$AAg?$AAe?$AA?5?$AAt?$AAo?$AA?5?$AAN?$AAA?$AAN?$AAD@ 00016a70     NandBootBurner:NandBootBurner.obj
 0001:00005ad8       ??_C@_1HA@GDAIIANF@?$AAI?$AAN?$AAF?$AAO?$AA?3?$AA?5?$AAW?$AAr?$AAi?$AAt?$AAi?$AAn?$AAg?$AA?5?$AAM?$AAB?$AAR?$AA?5?$AAi?$AAm?$AAa?$AAg?$AAe?$AA?5?$AAt?$AAo?$AA?5?$AAN?$AAA?$AAN?$AAD?$AA?5@ 00016ad8     NandBootBurner:NandBootBurner.obj
 0001:00005b48       ??_C@_1EK@JGHLDLGC@?$AAI?$AAN?$AAF?$AAO?$AA?3?$AA?5?$AAM?$AAB?$AAR?$AA?5?$AA0?$AAx?$AA?$CF?$AAx?$AA?5?$AA0?$AAx?$AA?$CF?$AAx?$AA?5?$AA0?$AAx?$AA?$CF?$AAx?$AA?5?$AA0?$AAx?$AA?$CF?$AAx?$AA?5?$AA0?$AAx@ 00016b48     NandBootBurner:NandBootBurner.obj
 0001:00005b98       ??_C@_1IC@MEBHANFM@?$AAI?$AAN?$AAF?$AAO?$AA?3?$AA?5?$AAW?$AAr?$AAi?$AAt?$AAi?$AAn?$AAg?$AA?5?$AAS?$AAp?$AAl?$AAa?$AAs?$AAh?$AAS?$AAc?$AAr?$AAe?$AAe?$AAn?$AA?5?$AAi?$AAm?$AAa?$AAg?$AAe@ 00016b98     NandBootBurner:NandBootBurner.obj
 0001:00005c20       ??_C@_1GO@GOIJAADM@?$AAI?$AAN?$AAF?$AAO?$AA?3?$AA?5?$AAW?$AAr?$AAi?$AAt?$AAi?$AAn?$AAg?$AA?5?$AAE?$AAb?$AAo?$AAo?$AAt?$AAC?$AAF?$AAG?$AA?5?$AAt?$AAo?$AA?5?$AAN?$AAA?$AAN?$AAD?$AA?5?$AA0@ 00016c20     NandBootBurner:NandBootBurner.obj
 0001:00005c90       ??_C@_1GK@JDDKADCM@?$AAI?$AAN?$AAF?$AAO?$AA?3?$AA?5?$AAW?$AAr?$AAi?$AAt?$AAi?$AAn?$AAg?$AA?5?$AAE?$AAB?$AAO?$AAO?$AAT?$AA?5?$AAi?$AAm?$AAa?$AAg?$AAe?$AA?5?$AAt?$AAo?$AA?5?$AAN?$AAA?$AAN@ 00016c90     NandBootBurner:NandBootBurner.obj
 0001:00005d00       ??_C@_1GE@NMJCNGGP@?$AAI?$AAN?$AAF?$AAO?$AA?3?$AA?5?$AAW?$AAr?$AAi?$AAt?$AAi?$AAn?$AAg?$AA?5?$AAN?$AAK?$AA?5?$AAi?$AAm?$AAa?$AAg?$AAe?$AA?5?$AAt?$AAo?$AA?5?$AAN?$AAA?$AAN?$AAD?$AA?5?$AA?$CI@ 00016d00     NandBootBurner:NandBootBurner.obj
 0001:00005d68       ??_C@_1GK@FHIAAJDB@?$AAl?$AAe?$AAn?$AAg?$AAt?$AAh?$AA?5?$AAs?$AAi?$AAz?$AAe?$AA?$CI?$AA0?$AAx?$AA?$CF?$AAx?$AA?$CJ?$AA?5?$AAi?$AAs?$AA?5?$AAd?$AAi?$AAf?$AAf?$AAe?$AAr?$AAe?$AAn?$AA?5?$AAw?$AAi@ 00016d68     NandBootBurner:NandBootBurner.obj
 0001:00005dd4       ??_C@_1CA@MMHJADPA@?$AAn?$AAo?$AAt?$AA?5?$AAs?$AAu?$AAp?$AAp?$AAo?$AAr?$AAt?$AAe?$AAd?$AA?$AN?$AA?6?$AA?$AA@ 00016dd4     NandBootBurner:NandBootBurner.obj
 0001:00005df8       ??_C@_1GO@LPAOEIBN@?$AAI?$AAO?$AAC?$AAT?$AAL?$AA_?$AAD?$AAI?$AAS?$AAK?$AA_?$AAV?$AAE?$AAN?$AAD?$AAO?$AAR?$AA_?$AAA?$AAU?$AAT?$AAH?$AAE?$AAN?$AAT?$AAI?$AAC?$AAA?$AAT?$AAI?$AAO?$AAN@ 00016df8     NandBootBurner:NandBootBurner.obj
 0001:00005e68       ??_C@_1EG@KINAPEOD@?$AAI?$AAN?$AAF?$AAO?$AA?3?$AA?5?$AAD?$AAI?$AAS?$AAK?$AA_?$AAV?$AAE?$AAN?$AAD?$AAO?$AAR?$AA_?$AAA?$AAU?$AAT?$AAH?$AAE?$AAN?$AAT?$AAI?$AAC?$AAA?$AAT?$AAI?$AAO?$AAN@ 00016e68     NandBootBurner:NandBootBurner.obj
 0001:00005eb0       ??_C@_1EM@OLCGBOPM@?$AAp?$AAa?$AAr?$AAa?$AA?5?$AAe?$AAr?$AAr?$AAo?$AAr?$AA?5?$AAi?$AAn?$AA?5?$AAI?$AAO?$AAC?$AAT?$AAL?$AA_?$AAD?$AAI?$AAS?$AAK?$AA_?$AAC?$AAO?$AAP?$AAY?$AAB?$AAA?$AAC@ 00016eb0     NandBootBurner:NandBootBurner.obj
 0001:00005efc       ??_C@_1CK@MIIJIJPK@?$AAi?$AAn?$AAv?$AAa?$AAl?$AAi?$AAd?$AA?5?$AAp?$AAa?$AAr?$AAa?$AAm?$AAe?$AAt?$AAe?$AAr?$AAs?$AA?$AN?$AA?6?$AA?$AA@ 00016efc     NandBootBurner:NandBootBurner.obj
 0001:00005fb8       ??_C@_1FC@CNALLAFM@?$AAT?$AAh?$AAe?$AA?5?$AAv?$AAa?$AAl?$AAu?$AAe?$AA?5?$AAo?$AAf?$AA?5?$AAO?$AAt?$AAp?$AA?5?$AAa?$AAd?$AAd?$AAr?$AAe?$AAs?$AAs?$AA?5?$AA0?$AAx?$AA?$CF?$AAx?$AA?5?$AAi?$AAs@ 00016fb8     NandBootBurner:OTP.obj
 0001:000060a0       ??_C@_1BO@HAFCNKLC@?$AA?9?$AAB?$AAS?$AAP?$AAI?$AAn?$AAt?$AAr?$AAI?$AAn?$AAi?$AAt?$AA?$AN?$AA?6?$AA?$AA@ 000170a0     oal:intr.obj
 0001:000060c0       ??_C@_1BO@PJBAJAIC@?$AA?$CL?$AAB?$AAS?$AAP?$AAI?$AAn?$AAt?$AAr?$AAI?$AAn?$AAi?$AAt?$AA?$AN?$AA?6?$AA?$AA@ 000170c0     oal:intr.obj
 0001:000060e0       ??_C@_1DM@POOLLMMJ@?$AA?9?$AAB?$AAS?$AAP?$AAI?$AAn?$AAt?$AAr?$AAR?$AAe?$AAq?$AAu?$AAe?$AAs?$AAt?$AAI?$AAr?$AAq?$AA?$CI?$AAr?$AAc?$AA?5?$AA?$DN?$AA?5?$AA?$CF?$AAd?$AA?$CJ?$AA?$AN?$AA?6?$AA?$AA@ 000170e0     oal:intr.obj
 0001:0000611c       ??_C@_1CK@FHBHPABK@?$AA?$CL?$AAB?$AAS?$AAP?$AAI?$AAn?$AAt?$AAr?$AAR?$AAe?$AAq?$AAu?$AAe?$AAs?$AAt?$AAI?$AAr?$AAq?$AA?$AN?$AA?6?$AA?$AA@ 0001711c     oal:intr.obj
 0001:00006148       ??_C@_1DM@GADKKEEP@?$AA?9?$AAB?$AAS?$AAP?$AAI?$AAn?$AAt?$AAr?$AAE?$AAn?$AAa?$AAb?$AAl?$AAe?$AAI?$AAr?$AAq?$AA?$CI?$AAi?$AAr?$AAq?$AA?5?$AA?$DN?$AA?5?$AA?$CF?$AAd?$AA?$CJ?$AA?$AN?$AA?6?$AA?$AA@ 00017148     oal:intr.obj
 0001:00006184       ??_C@_1CI@CPINMFE@?$AA?$CL?$AAB?$AAS?$AAP?$AAI?$AAn?$AAt?$AAr?$AAE?$AAn?$AAa?$AAb?$AAl?$AAe?$AAI?$AAr?$AAq?$AA?$AN?$AA?6?$AA?$AA@ 00017184     oal:intr.obj
 0001:000061ac       ??_C@_1DO@FFIBACGK@?$AA?9?$AAB?$AAS?$AAP?$AAI?$AAn?$AAt?$AAr?$AAD?$AAi?$AAs?$AAa?$AAb?$AAl?$AAe?$AAI?$AAr?$AAq?$AA?$CI?$AAi?$AAr?$AAq?$AA?5?$AA?$DN?$AA?5?$AA?$CF?$AAd?$AA?$CJ?$AA?$AN?$AA?6?$AA?$AA@ 000171ac     oal:intr.obj
 0001:000061ec       ??_C@_1CK@ILLFNDBE@?$AA?$CL?$AAB?$AAS?$AAP?$AAI?$AAn?$AAt?$AAr?$AAD?$AAi?$AAs?$AAa?$AAb?$AAl?$AAe?$AAI?$AAr?$AAq?$AA?$AN?$AA?6?$AA?$AA@ 000171ec     oal:intr.obj
 0001:00006218       ??_C@_1DI@MKBFOAP@?$AA?9?$AAB?$AAS?$AAP?$AAI?$AAn?$AAt?$AAr?$AAD?$AAo?$AAn?$AAe?$AAI?$AAr?$AAq?$AA?$CI?$AAi?$AAr?$AAq?$AA?5?$AA?$DN?$AA?5?$AA?$CF?$AAd?$AA?$CJ?$AA?$AN?$AA?6?$AA?$AA@ 00017218     oal:intr.obj
 0001:00006250       ??_C@_1CE@FCBHDDHH@?$AA?$CL?$AAB?$AAS?$AAP?$AAI?$AAn?$AAt?$AAr?$AAD?$AAo?$AAn?$AAe?$AAI?$AAr?$AAq?$AA?$AN?$AA?6?$AA?$AA@ 00017250     oal:intr.obj
 0001:00006274       ??_C@_1DA@DGNPLGFC@?$AA?9?$AAB?$AAS?$AAP?$AAI?$AAn?$AAt?$AAr?$AAA?$AAc?$AAt?$AAi?$AAv?$AAe?$AAI?$AAr?$AAq?$AA?$CI?$AA?$CF?$AAd?$AA?$CJ?$AA?$AN?$AA?6?$AA?$AA@ 00017274     oal:intr.obj
 0001:000062a4       ??_C@_1CI@LNDLBPCN@?$AA?$CL?$AAB?$AAS?$AAP?$AAI?$AAn?$AAt?$AAr?$AAA?$AAc?$AAt?$AAi?$AAv?$AAe?$AAI?$AAr?$AAq?$AA?$AN?$AA?6?$AA?$AA@ 000172a4     oal:intr.obj
 0001:000062cc       ??_C@_1BG@ODONDHIJ@?$AAA?$AAR?$AAM?$AA9?$AA2?$AA6?$AAE?$AAJ?$AA?9?$AAS?$AA?$AA@ 000172cc     oal:ioctl.obj
 0001:000062e4       ??_C@_19INNPIFAC@?$AAM?$AAX?$AA2?$AA8?$AA?$AA@ 000172e4     oal:ioctl.obj
 0001:000062f0       ??_C@_1BE@MAKAJDON@?$AAF?$AAr?$AAe?$AAe?$AAs?$AAc?$AAa?$AAl?$AAe?$AA?$AA@ 000172f0     oal:ioctl.obj
 0001:00006304       ??_C@_1CK@FINAMNOG@?$AAF?$AAr?$AAe?$AAe?$AAs?$AAc?$AAa?$AAl?$AAe?$AA?5?$AAi?$AA?4?$AAM?$AAX?$AA2?$AA8?$AA?5?$AAE?$AAV?$AAK?$AA?$AA@ 00017304     oal:ioctl.obj
 0001:00006330       ??_C@_1O@GMGFOMDM@?$AAi?$AA?4?$AAM?$AAX?$AA2?$AA8?$AA?$AA@ 00017330     oal:ioctl.obj
 0001:000063d0       g_oalIoCtlTable            000173d0     oal:ioctl.obj
 0001:00006550       ??_C@_1CK@LAAGFJIK@?$AA?$CL?$AAO?$AAA?$AAL?$AAI?$AAo?$AAC?$AAt?$AAl?$AAH?$AAa?$AAl?$AAR?$AAe?$AAb?$AAo?$AAo?$AAt?$AA?$AN?$AA?6?$AA?$AA@ 00017550     oal:ioctl.obj
 0001:0000657c       ??_C@_0BD@MGHOADFO@Emtronix?5Built?5at?5?$AA@ 0001757c     oal:ioctl.obj
 0001:00006590       ??_C@_0M@KEDIHMOM@Apr?510?52012?$AA@ 00017590     oal:ioctl.obj
 0001:0000659c       ??_C@_08JPJAEDMI@16?328?327?$AA@ 0001759c     oal:ioctl.obj
 0001:000065a8       ??_C@_1IC@FAAPJAPN@?$AAO?$AAA?$AAL?$AAI?$AAo?$AAC?$AAt?$AAl?$AAH?$AAa?$AAl?$AAP?$AAo?$AAs?$AAt?$AAI?$AAn?$AAi?$AAt?$AA?3?$AA?3?$AAI?$AAn?$AAi?$AAt?$AAi?$AAa?$AAl?$AAi?$AAz?$AAe?$AAC@ 000175a8     oal:ioctl.obj
 0001:00006630       ??_C@_1FO@DIONKJJE@?$AAE?$AAr?$AAr?$AAo?$AAr?$AA?5?$AAt?$AAh?$AAe?$AA?5?$AAc?$AAo?$AAd?$AAe?$AA?5?$AAs?$AAh?$AAo?$AAu?$AAl?$AAd?$AA?5?$AAn?$AAe?$AAv?$AAe?$AAr?$AA?5?$AAb?$AAe?$AAe?$AAn@ 00017630     oal:ioctl.obj
 0001:00006690       ??_C@_1FK@NJALCGMC@?$AAO?$AAA?$AAL?$AAI?$AAo?$AAC?$AAt?$AAl?$AAH?$AAa?$AAl?$AAG?$AAe?$AAt?$AAC?$AAP?$AAU?$AAI?$AAn?$AAf?$AAo?$AA?3?$AA?3?$AAi?$AAn?$AAv?$AAa?$AAl?$AAi?$AAd?$AA?5?$AAp@ 00017690     oal:ioctl.obj
 0001:00006780       ??_C@_1GO@EDHJBABJ@?$AA?9?$AA?$DO?$AAO?$AAA?$AAL?$AAF?$AAM?$AAD?$AA_?$AAA?$AAc?$AAc?$AAe?$AAs?$AAs?$AA?9?$AA?$DO?$AAF?$AAM?$AAD?$AA_?$AAA?$AAC?$AAC?$AAE?$AAS?$AAS?$AA_?$AAC?$AAO?$AAD?$AAE@ 00017780     oal:nfc.obj
 0001:000067f0       ??_C@_1HA@CKNFODP@?$AAD?$AAI?$AAS?$AAK?$AA_?$AAV?$AAE?$AAN?$AAD?$AAO?$AAR?$AA_?$AAA?$AAU?$AAT?$AAH?$AAE?$AAN?$AAT?$AAI?$AAC?$AAA?$AAT?$AAI?$AAO?$AAN?$AA?5?$AAf?$AAa?$AAi?$AAl?$AAe@ 000177f0     oal:nfc.obj
 0001:00006860       ??_C@_1BO@JCGKDPMP@?$AAs?$AAp?$AAi?$AAn?$AA?5?$AAf?$AAo?$AAr?$AAe?$AAv?$AAe?$AAr?$AA?$AN?$AA?6?$AA?$AA@ 00017860     oal:nfc.obj
 0001:00006880       ??_C@_1EI@LLMPBJMB@?$AAD?$AAI?$AAS?$AAK?$AA_?$AAV?$AAE?$AAN?$AAD?$AAO?$AAR?$AA_?$AAA?$AAU?$AAT?$AAH?$AAE?$AAN?$AAT?$AAI?$AAC?$AAA?$AAT?$AAI?$AAO?$AAN?$AA?5?$AAp?$AAa?$AAs?$AAs?$AAe@ 00017880     oal:nfc.obj
 0001:000068c8       ??_C@_1EO@LIFNMPPI@?$AAO?$AAA?$AAL?$AAF?$AAM?$AAD?$AA_?$AAA?$AAc?$AAc?$AAe?$AAs?$AAs?$AA?3?$AA?5?$AAG?$AAe?$AAt?$AA?5?$AAF?$AAl?$AAa?$AAs?$AAh?$AA?5?$AAI?$AAn?$AAf?$AAo?$AA?5?$AAf?$AAa@ 000178c8     oal:nfc.obj
 0001:00006918       ??_C@_1DK@PMENFBCC@?$AAO?$AAA?$AAL?$AAF?$AAM?$AAD?$AA_?$AAA?$AAc?$AAc?$AAe?$AAs?$AAs?$AA?3?$AA?5?$AAI?$AAn?$AAi?$AAt?$AA?5?$AAf?$AAa?$AAi?$AAl?$AAe?$AAd?$AA?$AN?$AA?6?$AA?$AA@ 00017918     oal:nfc.obj
 0001:00006958       ??_C@_1FO@PECDOFEF@?$AAO?$AAA?$AAL?$AAF?$AAM?$AAD?$AA_?$AAA?$AAc?$AAc?$AAe?$AAs?$AAs?$AA?3?$AA?5?$AAn?$AAo?$AAt?$AA?5?$AAs?$AAu?$AAp?$AAp?$AAo?$AAr?$AAt?$AA?5?$AAa?$AAc?$AAc?$AAe?$AAs@ 00017958     oal:nfc.obj
 0001:00006a48       ??_C@_1DO@JHJONFOE@?$AA?9?$AAO?$AAA?$AAL?$AAI?$AAo?$AAC?$AAt?$AAl?$AAH?$AAa?$AAl?$AAD?$AAd?$AAk?$AAC?$AAa?$AAl?$AAl?$AA?$CI?$AAr?$AAc?$AA?5?$AA?$DN?$AA?5?$AA?$CF?$AAd?$AA?$CJ?$AA?$AN?$AA?6?$AA?$AA@ 00017a48     oal_io:ioctl.obj
 0001:00006a88       ??_C@_1FM@IFHLCDE@?$AAE?$AAR?$AAR?$AAO?$AAR?$AA?3?$AAO?$AAA?$AAL?$AAI?$AAo?$AAc?$AAt?$AAl?$AAH?$AAa?$AAl?$AAD?$AAd?$AAk?$AAC?$AAa?$AAl?$AAl?$AA?3?$AA?5?$AAI?$AAN?$AAV?$AAA?$AAL?$AAI@ 00017a88     oal_io:ioctl.obj
 0001:00006ae8       ??_C@_1HM@DONGDDHM@?$AAE?$AAR?$AAR?$AAO?$AAR?$AA?3?$AA?5?$AAO?$AAA?$AAL?$AAI?$AAo?$AAc?$AAt?$AAl?$AAH?$AAa?$AAl?$AAD?$AAd?$AAk?$AAC?$AAa?$AAl?$AAl?$AA?3?$AA?5?$AAU?$AAn?$AAs?$AAu?$AAp@ 00017ae8     oal_io:ioctl.obj
 0001:00006b68       ??_C@_1GE@BFODAIDF@?$AAE?$AAR?$AAR?$AAO?$AAR?$AA?3?$AA?5?$AAO?$AAA?$AAL?$AAI?$AAo?$AAc?$AAt?$AAl?$AAH?$AAa?$AAl?$AAD?$AAd?$AAk?$AAC?$AAa?$AAl?$AAl?$AA?3?$AA?5?$AAU?$AAn?$AAs?$AAu?$AAp@ 00017b68     oal_io:ioctl.obj
 0001:00006bcc       ??_C@_1DG@HOFDDFMH@?$AA?$CL?$AAO?$AAA?$AAL?$AAI?$AAo?$AAC?$AAt?$AAl?$AAH?$AAa?$AAl?$AAD?$AAd?$AAk?$AAC?$AAa?$AAl?$AAl?$AA?$CI?$AA?4?$AA?4?$AA?4?$AA?$CJ?$AA?$AN?$AA?6?$AA?$AA@ 00017bcc     oal_io:ioctl.obj
 0001:00006c98       ??_C@_1DK@DKAHFGMP@?$AA?9?$AAO?$AAA?$AAL?$AAI?$AAo?$AAB?$AAu?$AAs?$AAP?$AAo?$AAw?$AAe?$AAr?$AAO?$AAf?$AAf?$AA?$CI?$AAr?$AAc?$AA?5?$AA?$DN?$AA?5?$AA?$CF?$AAd?$AA?$CJ?$AA?$AN?$AA?6?$AA?$AA@ 00017c98     oal_io:power.obj
 0001:00006cd4       ??_C@_1DI@PEAMECNB@?$AA?$CL?$AAO?$AAA?$AAL?$AAI?$AAo?$AAB?$AAu?$AAs?$AAP?$AAo?$AAw?$AAe?$AAr?$AAO?$AAf?$AAf?$AA?$CI?$AA?$CF?$AAd?$AA?0?$AA?5?$AA?$CF?$AAd?$AA?$CJ?$AA?$AN?$AA?6?$AA?$AA@ 00017cd4     oal_io:power.obj
 0001:00006d0c       ??_C@_1DI@BEKMCAGI@?$AA?9?$AAO?$AAA?$AAL?$AAI?$AAo?$AAB?$AAu?$AAs?$AAP?$AAo?$AAw?$AAe?$AAr?$AAO?$AAn?$AA?$CI?$AAr?$AAc?$AA?5?$AA?$DN?$AA?5?$AA?$CF?$AAd?$AA?$CJ?$AA?$AN?$AA?6?$AA?$AA@ 00017d0c     oal_io:power.obj
 0001:00006d44       ??_C@_1DG@BNAKMMEE@?$AA?$CL?$AAO?$AAA?$AAL?$AAI?$AAo?$AAB?$AAu?$AAs?$AAP?$AAo?$AAw?$AAe?$AAr?$AAO?$AAn?$AA?$CI?$AA?$CF?$AAd?$AA?0?$AA?5?$AA?$CF?$AAd?$AA?$CJ?$AA?$AN?$AA?6?$AA?$AA@ 00017d44     oal_io:power.obj
 0001:00006e10       ??_C@_1KE@FCFGNLKM@?$AA?9?$AAO?$AAA?$AAL?$AAT?$AAr?$AAa?$AAn?$AAs?$AAl?$AAa?$AAt?$AAe?$AAB?$AAu?$AAs?$AAA?$AAd?$AAd?$AAr?$AAe?$AAs?$AAs?$AA?$CI?$AAa?$AAd?$AAd?$AAr?$AAe?$AAs?$AAs?$AAS@ 00017e10     oal_io:trans.obj
 0001:00006eb8       ??_C@_1GI@BPOGFGAB@?$AA?$CL?$AAO?$AAA?$AAL?$AAI?$AAo?$AAT?$AAr?$AAa?$AAn?$AAs?$AAl?$AAa?$AAt?$AAe?$AAB?$AAu?$AAs?$AAA?$AAd?$AAd?$AAr?$AAe?$AAs?$AAs?$AA?$CI?$AA?$CF?$AAd?$AA?0?$AA?5?$AA?$CF?$AAd@ 00017eb8     oal_io:trans.obj
 0001:00006f20       ??_C@_1HM@IKCJOCJL@?$AA?9?$AAO?$AAA?$AAL?$AAT?$AAr?$AAa?$AAn?$AAs?$AAl?$AAa?$AAt?$AAe?$AAS?$AAy?$AAs?$AAt?$AAe?$AAm?$AAA?$AAd?$AAd?$AAr?$AAe?$AAs?$AAs?$AA?$CI?$AAb?$AAu?$AAs?$AAA?$AAd@ 00017f20     oal_io:trans.obj
 0001:00006fa0       ??_C@_1GC@GKDDBMML@?$AA?$CL?$AAO?$AAA?$AAL?$AAT?$AAr?$AAa?$AAn?$AAs?$AAl?$AAa?$AAt?$AAe?$AAS?$AAy?$AAs?$AAt?$AAe?$AAm?$AAA?$AAd?$AAd?$AAr?$AAe?$AAs?$AAs?$AA?$CI?$AA?$CF?$AAd?$AA?0?$AA?5?$AA?$CF@ 00017fa0     oal_io:trans.obj
 0001:00007098       ??_C@_1EM@KGGHBFBJ@?$AA?$CL?$AAO?$AAA?$AAL?$AAI?$AAo?$AAC?$AAt?$AAl?$AAH?$AAa?$AAl?$AAR?$AAe?$AAq?$AAu?$AAe?$AAs?$AAt?$AAS?$AAy?$AAs?$AAI?$AAn?$AAt?$AAr?$AA?$CI?$AAr?$AAc?$AA?5?$AA?$DN?$AA?5@ 00018098     oal_intr_mx28_fsl_v2_pdk1_9:ioctl.obj
 0001:000070e8       ??_C@_1GK@HKEIPOOO@?$AAW?$AAA?$AAR?$AAN?$AA?3?$AA?5?$AAI?$AAO?$AAC?$AAT?$AAL?$AA_?$AAH?$AAA?$AAL?$AA_?$AAR?$AAE?$AAQ?$AAU?$AAE?$AAS?$AAT?$AA_?$AAS?$AAY?$AAS?$AAI?$AAN?$AAT?$AAR?$AA?5@ 000180e8     oal_intr_mx28_fsl_v2_pdk1_9:ioctl.obj
 0001:00007154       ??_C@_1DK@BMKLIPKJ@?$AA?$CL?$AAO?$AAA?$AAL?$AAI?$AAo?$AAC?$AAt?$AAl?$AAH?$AAa?$AAl?$AAR?$AAe?$AAq?$AAu?$AAe?$AAs?$AAt?$AAS?$AAy?$AAs?$AAI?$AAn?$AAt?$AAr?$AA?$AN?$AA?6?$AA?$AA@ 00018154     oal_intr_mx28_fsl_v2_pdk1_9:ioctl.obj
 0001:00007190       ??_C@_1GK@LIJAJEGD@?$AAW?$AAA?$AAR?$AAN?$AA?3?$AA?5?$AAI?$AAO?$AAC?$AAT?$AAL?$AA_?$AAH?$AAA?$AAL?$AA_?$AAR?$AAE?$AAL?$AAE?$AAA?$AAS?$AAE?$AA_?$AAS?$AAY?$AAS?$AAI?$AAN?$AAT?$AAR?$AA?5@ 00018190     oal_intr_mx28_fsl_v2_pdk1_9:ioctl.obj
 0001:00007200       ??_C@_1EM@DFAKLPBP@?$AA?9?$AAO?$AAA?$AAL?$AAI?$AAo?$AAC?$AAt?$AAl?$AAH?$AAa?$AAl?$AAR?$AAe?$AAq?$AAu?$AAe?$AAs?$AAt?$AAS?$AAy?$AAs?$AAI?$AAn?$AAt?$AAr?$AA?$CI?$AAr?$AAc?$AA?5?$AA?$DN?$AA?5@ 00018200     oal_intr_mx28_fsl_v2_pdk1_9:ioctl.obj
 0001:00007250       ??_C@_1GC@BACPHDPH@?$AAW?$AAA?$AAR?$AAN?$AA?3?$AA?5?$AAI?$AAO?$AAC?$AAT?$AAL?$AA_?$AAH?$AAA?$AAL?$AA_?$AAR?$AAE?$AAQ?$AAU?$AAE?$AAS?$AAT?$AA_?$AAI?$AAR?$AAQ?$AA?5?$AAi?$AAn?$AAv?$AAa@ 00018250     oal_intr_mx28_fsl_v2_pdk1_9:ioctl.obj
 0001:000072b4       ??_C@_1DC@DIKJBBIL@?$AA?$CL?$AAO?$AAA?$AAL?$AAI?$AAo?$AAC?$AAt?$AAl?$AAH?$AAa?$AAl?$AAR?$AAe?$AAq?$AAu?$AAe?$AAs?$AAt?$AAI?$AAr?$AAq?$AA?$AN?$AA?6?$AA?$AA@ 000182b4     oal_intr_mx28_fsl_v2_pdk1_9:ioctl.obj
 0001:00007378       ??_C@_1EI@PJAHKOP@?$AA?9?$AAO?$AAA?$AAL?$AAI?$AAo?$AAc?$AAt?$AAl?$AAH?$AAa?$AAl?$AAG?$AAe?$AAt?$AAC?$AAa?$AAc?$AAh?$AAe?$AAI?$AAn?$AAf?$AAo?$AA?$CI?$AAr?$AAc?$AA?5?$AA?$DN?$AA?5?$AA?$CF?$AAd@ 00018378     oal_cache_arm926:ioctl.obj
 0001:000073c0       ??_C@_1GE@MBKHJMBD@?$AAW?$AAA?$AAR?$AAN?$AA?3?$AA?5?$AAO?$AAA?$AAL?$AAI?$AAo?$AAc?$AAt?$AAl?$AAH?$AAa?$AAl?$AAG?$AAe?$AAt?$AAC?$AAa?$AAc?$AAh?$AAe?$AAI?$AAn?$AAf?$AAo?$AA?3?$AA?5?$AAB@ 000183c0     oal_cache_arm926:ioctl.obj
 0001:00007428       ??_C@_1HM@KKNPJOOC@?$AAW?$AAA?$AAR?$AAN?$AA?3?$AA?5?$AAO?$AAA?$AAL?$AAI?$AAo?$AAc?$AAt?$AAl?$AAH?$AAa?$AAl?$AAG?$AAe?$AAt?$AAC?$AAa?$AAc?$AAh?$AAe?$AAI?$AAn?$AAf?$AAo?$AA?3?$AA?5?$AAI@ 00018428     oal_cache_arm926:ioctl.obj
 0001:000074a8       ??_C@_1EA@GDPMLOAC@?$AA?$CL?$AAO?$AAA?$AAL?$AAI?$AAo?$AAc?$AAt?$AAl?$AAH?$AAa?$AAl?$AAG?$AAe?$AAt?$AAC?$AAa?$AAc?$AAh?$AAe?$AAI?$AAn?$AAf?$AAo?$AA?$CI?$AA?4?$AA?4?$AA?4?$AA?$CJ?$AA?$AN?$AA?6?$AA?$AA@ 000184a8     oal_cache_arm926:ioctl.obj
 0001:00007578       ??_C@_1EI@MCIJGMLN@?$AA?9?$AAO?$AAA?$AAL?$AAI?$AAo?$AAC?$AAt?$AAl?$AAH?$AAa?$AAl?$AAG?$AAe?$AAt?$AAH?$AAW?$AAE?$AAn?$AAt?$AAr?$AAo?$AAp?$AAy?$AA?$CI?$AAr?$AAc?$AA?5?$AA?$DN?$AA?5?$AA?$CF?$AAd@ 00018578     oal_ioctl_mx28_fsl_v2_pdk1_9:hwentropy.obj
 0001:000075c0       ??_C@_1GE@KDBGDMBH@?$AAW?$AAA?$AAR?$AAN?$AA?3?$AA?5?$AAO?$AAA?$AAL?$AAI?$AAo?$AAC?$AAt?$AAl?$AAH?$AAa?$AAl?$AAG?$AAe?$AAt?$AAH?$AAW?$AAE?$AAn?$AAt?$AAr?$AAo?$AAp?$AAy?$AA?3?$AA?5?$AAB@ 000185c0     oal_ioctl_mx28_fsl_v2_pdk1_9:hwentropy.obj
 0001:00007628       ??_C@_1EI@JAFAIJEH@?$AA?$CL?$AAO?$AAA?$AAL?$AAI?$AAo?$AAC?$AAt?$AAl?$AAH?$AAa?$AAl?$AAG?$AAe?$AAt?$AAH?$AAW?$AAE?$AAn?$AAt?$AAr?$AAo?$AAp?$AAy?$AA?$CI?$AAr?$AAc?$AA?5?$AA?$DN?$AA?5?$AA?$CF?$AAd@ 00018628     oal_ioctl_mx28_fsl_v2_pdk1_9:hwentropy.obj
 0001:00007700       ??_C@_1GK@GKDOOKDE@?$AAE?$AAR?$AAR?$AAO?$AAR?$AA?3?$AA?5?$AAO?$AAA?$AAL?$AAI?$AAo?$AAC?$AAt?$AAl?$AAH?$AAa?$AAl?$AAU?$AAp?$AAd?$AAa?$AAt?$AAe?$AAM?$AAo?$AAd?$AAe?$AA?3?$AA?5?$AAI?$AAn@ 00018700     oal_ioctl_mx28_fsl_v2_pdk1_9:imgupd.obj
 0001:00007770       ??_C@_1IG@BENIAHFO@?$AAE?$AAR?$AAR?$AAO?$AAR?$AA?3?$AA?5?$AAO?$AAA?$AAL?$AAI?$AAo?$AAC?$AAt?$AAl?$AAH?$AAa?$AAl?$AAU?$AAp?$AAd?$AAa?$AAt?$AAe?$AAM?$AAo?$AAd?$AAe?$AA?3?$AA?5?$AAD?$AAe@ 00018770     oal_ioctl_mx28_fsl_v2_pdk1_9:imgupd.obj
 0001:00007888       ??_C@_1FA@KIKMJANO@?$AA?9?$AAO?$AAA?$AAL?$AAI?$AAo?$AAC?$AAt?$AAl?$AAH?$AAa?$AAl?$AAG?$AAe?$AAt?$AAR?$AAe?$AAg?$AAS?$AAe?$AAc?$AAu?$AAr?$AAe?$AAK?$AAe?$AAy?$AAs?$AA?$CI?$AAr?$AAc?$AA?5@ 00018888     oal_ioctl_mx28_fsl_v2_pdk1_9:securekeys.obj
 0001:00007968       ??_C@_1EE@LLJFHFAM@?$AA?9?$AAO?$AAA?$AAL?$AAI?$AAo?$AAC?$AAt?$AAl?$AAP?$AAr?$AAo?$AAc?$AAe?$AAs?$AAs?$AAo?$AAr?$AAI?$AAn?$AAf?$AAo?$AA?$CI?$AAr?$AAc?$AA?5?$AA?$DN?$AA?5?$AA?$CF?$AAd?$AA?$CJ?$AA?$AN@ 00018968     oal_ioctl_mx28_fsl_v2_pdk1_9:procinfo.obj
 0001:000079b0       ??_C@_1GA@EACFLEMI@?$AAW?$AAA?$AAR?$AAN?$AA?3?$AA?5?$AAO?$AAA?$AAL?$AAI?$AAo?$AAC?$AAt?$AAl?$AAP?$AAr?$AAo?$AAc?$AAe?$AAs?$AAs?$AAo?$AAr?$AAI?$AAn?$AAf?$AAo?$AA?3?$AA?5?$AAB?$AAu?$AAf@ 000189b0     oal_ioctl_mx28_fsl_v2_pdk1_9:procinfo.obj
 0001:00007a10       ??_C@_1GI@EFCEJCLG@?$AAE?$AAR?$AAR?$AAO?$AAR?$AA?3?$AAO?$AAA?$AAL?$AAI?$AAo?$AAC?$AAt?$AAl?$AAP?$AAr?$AAo?$AAc?$AAe?$AAs?$AAs?$AAo?$AAr?$AAI?$AAn?$AAf?$AAo?$AA?3?$AA?5?$AAV?$AAe?$AAn@ 00018a10     oal_ioctl_mx28_fsl_v2_pdk1_9:procinfo.obj
 0001:00007a78       ??_C@_1GE@JPAPEENG@?$AAE?$AAR?$AAR?$AAO?$AAR?$AA?3?$AAO?$AAA?$AAL?$AAI?$AAo?$AAC?$AAt?$AAl?$AAP?$AAr?$AAo?$AAc?$AAe?$AAs?$AAs?$AAo?$AAr?$AAI?$AAn?$AAf?$AAo?$AA?3?$AA?5?$AAN?$AAa?$AAm@ 00018a78     oal_ioctl_mx28_fsl_v2_pdk1_9:procinfo.obj
 0001:00007ae0       ??_C@_1GE@OFFJPJMM@?$AAE?$AAR?$AAR?$AAO?$AAR?$AA?3?$AAO?$AAA?$AAL?$AAI?$AAo?$AAC?$AAt?$AAl?$AAP?$AAr?$AAo?$AAc?$AAe?$AAs?$AAs?$AAo?$AAr?$AAI?$AAn?$AAf?$AAo?$AA?3?$AA?5?$AAC?$AAo?$AAr@ 00018ae0     oal_ioctl_mx28_fsl_v2_pdk1_9:procinfo.obj
 0001:00007b48       ??_C@_1GK@MJNAOGCM@?$AAW?$AAA?$AAR?$AAN?$AA?3?$AA?5?$AAO?$AAA?$AAL?$AAI?$AAo?$AAC?$AAt?$AAl?$AAP?$AAr?$AAo?$AAc?$AAe?$AAs?$AAs?$AAo?$AAr?$AAI?$AAn?$AAf?$AAo?$AA?3?$AA?5?$AAI?$AAn?$AAv@ 00018b48     oal_ioctl_mx28_fsl_v2_pdk1_9:procinfo.obj
[...]
 0001:000113d8       HALDelay                   000223d8 f   hal_nand_mx28_fsl_v2_pdk1_9:cspnand.obj
 0001:00011410       GetStatus                  00022410 f   hal_nand_mx28_fsl_v2_pdk1_9:cspnand.obj
 0001:000114ac       CheckStatus                000224ac f   hal_nand_mx28_fsl_v2_pdk1_9:cspnand.obj
 0001:0001154c       WaitForProgramDone         0002254c f   hal_nand_mx28_fsl_v2_pdk1_9:cspnand.obj
 0001:00011614       WriteNand                  00022614 f   hal_nand_mx28_fsl_v2_pdk1_9:cspnand.obj
 0001:000116a0       ReadNand                   000226a0 f   hal_nand_mx28_fsl_v2_pdk1_9:cspnand.obj
 0001:00011730       UnMapRegister              00022730 f   hal_nand_mx28_fsl_v2_pdk1_9:cspnand.obj
 0001:00011774       MapRegister                00022774 f   hal_nand_mx28_fsl_v2_pdk1_9:cspnand.obj
 0001:0001180c       CSPNAND_Reset              0002280c f   hal_nand_mx28_fsl_v2_pdk1_9:cspnand.obj
 0001:00011868       CSPNAND_ReadID             00022868 f   hal_nand_mx28_fsl_v2_pdk1_9:cspnand.obj
 0001:000118ec       CSPNAND_EnableECC          000228ec f   hal_nand_mx28_fsl_v2_pdk1_9:cspnand.obj
 0001:000118f0       CSPNAND_ILSupport          000228f0 f   hal_nand_mx28_fsl_v2_pdk1_9:cspnand.obj
 0001:000118f8       CSPNAND_Init               000228f8 f   hal_nand_mx28_fsl_v2_pdk1_9:cspnand.obj
 0001:0001194c       CSPNAND_PostInit           0002294c f   hal_nand_mx28_fsl_v2_pdk1_9:cspnand.obj
 0001:000119b0       CSPNAND_ReadSector         000229b0 f   hal_nand_mx28_fsl_v2_pdk1_9:cspnand.obj
 0001:00011bc0       CSPNAND_EraseBlock         00022bc0 f   hal_nand_mx28_fsl_v2_pdk1_9:cspnand.obj
 0001:00011c4c       CSPNAND_WriteSector        00022c4c f   hal_nand_mx28_fsl_v2_pdk1_9:cspnand.obj
 0001:00011e34       CSPNAND_GetECCStatus       00022e34 f   hal_nand_mx28_fsl_v2_pdk1_9:cspnand.obj
 0001:00011e3c       SetupDMAEraseDesc          00022e3c f   hal_nand_mx28_fsl_v2_pdk1_9:dma_util.obj
 0001:00011ff8       SetupDMAReadDesc           00022ff8 f   hal_nand_mx28_fsl_v2_pdk1_9:dma_util.obj
 0001:00012228       SetupDMAWriteDesc          00023228 f   hal_nand_mx28_fsl_v2_pdk1_9:dma_util.obj
 0001:000124a0       DMA_Wait                   000234a0 f   hal_nand_mx28_fsl_v2_pdk1_9:dma_util.obj
 0001:0001251c       DMA_Start                  0002351c f   hal_nand_mx28_fsl_v2_pdk1_9:dma_util.obj
 0001:00012560       DMA_Init                   00023560 f   hal_nand_mx28_fsl_v2_pdk1_9:dma_util.obj
 0001:000126dc       DMA_ModifyWriteDesc        000236dc f   hal_nand_mx28_fsl_v2_pdk1_9:dma_descriptor.obj
 0001:0001284c       DMA_ModifyEraseDesc        0002384c f   hal_nand_mx28_fsl_v2_pdk1_9:dma_descriptor.obj
 0001:000128c0       DMA_SetupReadStatusDesc    000238c0 f   hal_nand_mx28_fsl_v2_pdk1_9:dma_descriptor.obj
 0001:00012980       DMA_SetupResetDesc         00023980 f   hal_nand_mx28_fsl_v2_pdk1_9:dma_descriptor.obj
 0001:00012a9c       DMA_ModifyReadDesc         00023a9c f   hal_nand_mx28_fsl_v2_pdk1_9:dma_descriptor.obj
 0001:00012c44       DMA_SetupReadIdDesc        00023c44 f   hal_nand_mx28_fsl_v2_pdk1_9:dma_descriptor.obj
 0001:00012d6c       DMA_MemAlloc               00023d6c f   hal_nand_mx28_fsl_v2_pdk1_9:dma_memory.obj
 0001:00012e2c       DMA_MemTransfer            00023e2c f   hal_nand_mx28_fsl_v2_pdk1_9:dma_memory.obj
 0001:00012eb4       ECC_ConfigLayout           00023eb4 f   hal_nand_mx28_fsl_v2_pdk1_9:ecc.obj
 0001:00012f6c       ECC_IsCorrectable          00023f6c f   hal_nand_mx28_fsl_v2_pdk1_9:ecc.obj
 0001:000130f0       ECC_Init                   000240f0 f   hal_nand_mx28_fsl_v2_pdk1_9:ecc.obj
 0001:0001312c       GPMI_Reset                 0002412c f   hal_nand_mx28_fsl_v2_pdk1_9:gpmi.obj
 0001:000132f4       GPMI_SetTiming             000242f4 f   hal_nand_mx28_fsl_v2_pdk1_9:gpmi.obj
 0001:000133d8       GPMI_Init                  000243d8 f   hal_nand_mx28_fsl_v2_pdk1_9:gpmi.obj
 0001:0001349c       BSPNAND_GetFlashInfo       0002449c f   nandfmd_lib:nandbsp.obj
 0001:000134c0       BSPNAND_GetBufferPointer   000244c0 f   nandfmd_lib:nandbsp.obj
 0001:0001350c       BSPNAND_ConfigIOMUX        0002450c f   nandfmd_lib:nandbsp.obj
 0001:000135f8       BSP_GetNANDImageCfg        000245f8 f   NandBootBurner:NandBootBurner.obj
 0001:00013788       GetNextGoodBlock           00024788 f   NandBootBurner:NandBootBurner.obj
 0001:000137f0       GetPhyBlkAddr              000247f0 f   NandBootBurner:NandBootBurner.obj
 0001:0001385c       CalculateParity_New        0002485c f   NandBootBurner:NandBootBurner.obj
 0001:0001392c       CalculateHammingForNCB_New 0002492c f   NandBootBurner:NandBootBurner.obj
 0001:00013978       NANDWriteNCB               00024978 f   NandBootBurner:NandBootBurner.obj
 0001:00013ce0       NANDWriteDBBT              00024ce0 f   NandBootBurner:NandBootBurner.obj
 0001:00013f0c       NANDGetImgInfo             00024f0c f   NandBootBurner:NandBootBurner.obj
 0001:00013f58       NANDReadSB                 00024f58 f   NandBootBurner:NandBootBurner.obj
 0001:0001413c       NANDWriteSB                0002513c f   NandBootBurner:NandBootBurner.obj
 0001:00014488       NANDCopyBack               00025488 f   NandBootBurner:NandBootBurner.obj
 0001:00014750       NANDBootReserved           00025750 f   NandBootBurner:NandBootBurner.obj
 0001:000148a4       NANDEndWriteSB             000258a4 f   NandBootBurner:NandBootBurner.obj
 0001:0001491c       NANDWriteNK                0002591c f   NandBootBurner:NandBootBurner.obj
 0001:00014b9c       NANDWriteImage             00025b9c f   NandBootBurner:NandBootBurner.obj
 0001:00014eac       BSP_OEMIoControl           00025eac f   NandBootBurner:NandBootBurner.obj
 0001:00015370       InitOTP                    00026370 f   NandBootBurner:OTP.obj
 0001:000153cc       CheckOtpStatus             000263cc f   NandBootBurner:OTP.obj
 0001:00015404       OTPRead                    00026404 f   NandBootBurner:OTP.obj
 0001:00015478       KITLIoctl                  00026478 f   nkstub:kitlstub.obj
 0001:000154b4       BSPIntrInit                000264b4 f   oal:intr.obj
 0001:00015504       BSPIntrRequestIrqs         00026504 f   oal:intr.obj
 0001:00015558       BSPIntrEnableIrq           00026558 f   oal:intr.obj
 0001:000155b4       BSPIntrDisableIrq          000265b4 f   oal:intr.obj
 0001:0001560c       BSPIntrDoneIrq             0002660c f   oal:intr.obj
 0001:00015668       BSPIntrActiveIrq           00026668 f   oal:intr.obj
 0001:000156c4       OALIoCtlHalReboot          000266c4 f   oal:ioctl.obj
 0001:000156f0       OALIoCtlHalPostInit        000266f0 f   oal:ioctl.obj
 0001:00015784       OALIoCtlHalPresuspend      00026784 f   oal:ioctl.obj
 0001:0001578c       OALIoCtlPowerOffEnable     0002678c f   oal:ioctl.obj
 0001:00015814       OALIoCtlQueryBoardId       00026814 f   oal:ioctl.obj
 0001:000158b4       OALIoCtlQueryBootMode      000268b4 f   oal:ioctl.obj
 0001:000159c4       OALIoCtlSetBootSource      000269c4 f   oal:ioctl.obj
 0001:00015aa8       OALIoCtlQueryUpdateSig     00026aa8 f   oal:ioctl.obj
 0001:00015b80       OALIoCtlSetUpdateSig       00026b80 f   oal:ioctl.obj
 0001:00015c50       OALIoCtlHalNandfmdAccess   00026c50 f   oal:ioctl.obj
 0001:00015c8c       OALIoCtlHalGetCPUInfo      00026c8c f   oal:ioctl.obj
 0001:00015d38       BSPNAND_SetClock           00026d38 f   oal:nfc.obj
 0001:00015dc0       BSPNAND_RemapRegister      00026dc0 f   oal:nfc.obj
 0001:00015dd4       BSPNAND_UnmapRegister      00026dd4 f   oal:nfc.obj
 0001:00015dd8       OALFMD_Access              00026dd8 f   oal:nfc.obj
 0001:000160f0       OALIoCtlHalDdkCall         000270f0 f   oal_io:ioctl.obj
 0001:0001634c       OALIoBusPowerOff           0002734c f   oal_io:power.obj
 0001:000163ac       OALIoBusPowerOn            000273ac f   oal_io:power.obj
 0001:0001640c       OALIoTransBusAddress       0002740c f   oal_io:trans.obj
 0001:000164cc       OALIoTransSystemAddress    000274cc f   oal_io:trans.obj
 0001:00016558       OALIoReadBusData           00027558 f   oal_io:data.obj
 0001:00016560       OALIoWriteBusData          00027560 f   oal_io:data.obj
 0001:00016568       OALIoCtlHalRequestSysIntr  00027568 f   oal_intr_mx28_fsl_v2_pdk1_9:ioctl.obj
 0001:000166b4       OALIoCtlHalReleaseSysIntr  000276b4 f   oal_intr_mx28_fsl_v2_pdk1_9:ioctl.obj
 0001:00016764       OALIoCtlHalRequestIrq      00027764 f   oal_intr_mx28_fsl_v2_pdk1_9:ioctl.obj
 0001:00016864       OALIoCtlHalGetCacheInfo    00027864 f   oal_cache_arm926:ioctl.obj
 0001:000169ac       OALIoCtlHalGetHWEntropy    000279ac f   oal_ioctl_mx28_fsl_v2_pdk1_9:hwentropy.obj
 0001:00016a64       OALIoCtlHalUpdateMode      00027a64 f   oal_ioctl_mx28_fsl_v2_pdk1_9:imgupd.obj
 0001:00016b08       OALIoCtlHalGetRegSecureKeys 00027b08 f   oal_ioctl_mx28_fsl_v2_pdk1_9:securekeys.obj
 0001:00016b8c       OALIoCtlProcessorInfo      00027b8c f   oal_ioctl_mx28_fsl_v2_pdk1_9:procinfo.obj
 0001:00016d74       OALIoCtlHalGetRandomSeed   00027d74 f   oal_ioctl_mx28_fsl_v2_pdk1_9:randomseed.obj
 0001:00016f38       OALIoCtlHalGetUUID         00027f38 f   oal_ioctl_mx28_fsl_v2_pdk1_9:uuid.obj
 0001:0001722c       OALIoCtlHalGetDeviceInfo   0002822c f   oal_ioctl_mx28_fsl_v2_pdk1_9:deviceinfo.obj
 0001:000175f4       OALIoCtlHalGetDeviceId     000285f4 f   oal_ioctl_mx28_fsl_v2_pdk1_9:deviceid.obj
 0001:00017800       OALIoCtlHalInitRegistry    00028800 f   oal_ioctl_mx28_fsl_v2_pdk1_9:reginit.obj
 0001:00017808       memcmp                     00028808 f   fulllibc:memcmp.obj
 0001:000178d4       __C_specific_handler       000288d4 f   fulllibc:chandler.obj
 0001:00017a20       strlen                     00028a20 f   fulllibc:mdsstrlen.obj
 0001:00017a84       __C_ExecuteTerminationHandler 00028a84 f   fulllibc:jmpuwind.obj
 0001:00017a84       __C_ExecuteExceptionFilter 00028a84 f   fulllibc:jmpuwind.obj
 0001:00017ac4       OALIoCtlKitlGetInfo        00028ac4 f   oal_oemioctrl_common_fsl_v2_pdk1_9:ioctrl.obj
 0001:00017b94       AllocPhysMem               00028b94 f   coredll:COREDLL.dll
 0001:00017ba4       LocalFree                  00028ba4 f   coredll:COREDLL.dll
 0001:00017bb4       LocalAlloc                 00028bb4 f   coredll:COREDLL.dll
 0001:00017c1c       FMD_Init                   00028c1c f   nand_common_fsl_v2_pdk1_9:fmd.obj
 0001:00017e40       FMD_ReadSector             00028e40 f   nand_common_fsl_v2_pdk1_9:fmd.obj
 0001:00017fa0       FMD_EraseBlock             00028fa0 f   nand_common_fsl_v2_pdk1_9:fmd.obj
 0001:00017fc4       FMD_WriteSector            00028fc4 f   nand_common_fsl_v2_pdk1_9:fmd.obj
 0001:00018128       FMD_OEMIoControl           00029128 f   nand_common_fsl_v2_pdk1_9:fmd.obj
 0001:00018150       FMD_GetInfo                00029150 f   nand_common_fsl_v2_pdk1_9:fmd.obj
 0001:0001827c       FMD_GetBlockStatus         0002927c f   nand_common_fsl_v2_pdk1_9:fmd.obj
 0001:00018314       FMD_SetBlockStatus         00029314 f   nand_common_fsl_v2_pdk1_9:fmd.obj
 0001:00018598       ?BBT_GetBlockBadStatus@@YAHKK@Z 00029598 f   nand_common_fsl_v2_pdk1_9:bbt.obj
 0001:000185f0       ?BBT_SetBlockBadStatus@@YAXKK@Z 000295f0 f   nand_common_fsl_v2_pdk1_9:bbt.obj
 0001:00019200       ?BBT_Init@@YAHXZ           0002a200 f   nand_common_fsl_v2_pdk1_9:bbt.obj
 0001:0001930c       __rt_sdiv                  0002a30c f   fulllibc:__div.obj
 0001:00019464       __IMPORT_DESCRIPTOR_COREDLL 0002a464     coredll:COREDLL.dll
 0001:00019478       __NULL_IMPORT_DESCRIPTOR   0002a478     coredll:COREDLL.dll
 0003:00000000       __imp_LocalFree            00031000     coredll:COREDLL.dll
 0003:00000004       __imp_LocalAlloc           00031004     coredll:COREDLL.dll
 0003:00000008       __imp_AllocPhysMem         00031008     coredll:COREDLL.dll
 0003:0000000c       \177COREDLL_NULL_THUNK_DATA 0003100c     coredll:COREDLL.dll
 0003:00000040       OsAxsDataBlock_2           00031040     nkldr:kdinfo.obj
 0003:000000c0       OsAxsHwTrap                000310c0     nkldr:kdinfo.obj
 0003:0000025c       g_pOemGlobal               0003125c     oemmain:oemglobal.obj
 0003:00000260       __security_cookie          00031260     nkstub:nkstub.obj
 0003:00000264       __security_cookie_complement 00031264     nkstub:nkstub.obj
 0003:00000268       dwOEMDrWatsonSize          00031268     oal:init.obj
 0003:00000274       g_oalWakeSource            00031274     oal_power_mx28_fsl_v2_pdk1_9:ioctl.obj
 0003:00000278       initialOALLogZones         00031278     oal_log:debug.obj
 0003:00000280       dpCurSettings              00031280     oal_log:debug.obj
 0003:000006c4       g_oalIoCtlPlatformType     000316c4     oal:ioctl.obj
 0003:000006c8       g_oalIoCtlPlatformOEM      000316c8     oal:ioctl.obj
 0003:000006cc       g_oalIoCtlProcessorVendor  000316cc     oal:ioctl.obj
 0003:000006d0       g_oalIoCtlProcessorName    000316d0     oal:ioctl.obj
 0003:000006d4       g_oalIoCtlProcessorCore    000316d4     oal:ioctl.obj
 0003:000006d8       ?ChipInfo@@3PAU_NandChipInfo@@A 000316d8     nand_common_fsl_v2_pdk1_9:fmd.obj
 0003:00000800       pv_HWregUARTDbg            00031800     oal:init.obj
 0003:00000804       pv_HWregPOWER              00031804     oal:init.obj
 0003:00000808       pv_HWregTimer              00031808     oal:init.obj
 0003:0000080c       pv_HWregRTC                0003180c     oal:init.obj
 0003:00000810       pv_HWregUSBPhy0            00031810     oal:init.obj
 0003:00000814       pv_HWregUSBPhy1            00031814     oal:init.obj
 0003:00000818       pv_HWregDRAM               00031818     oal:init.obj
 0003:0000081c       pv_HWregUSBCTRL0           0003181c     oal:init.obj
 0003:00000820       pv_HWregUSBCTRL1           00031820     oal:init.obj
 0003:00000824       pv_HWregAPBX               00031824     oal:init.obj
 0003:00000828       pv_HWregLRADC              00031828     oal:init.obj
 0003:0000082c       pv_HWregOTP                0003182c     oal:init.obj
 0003:00000830       pv_HWRegPWM                00031830     oal:init.obj
 0003:00000834       pv_HWregLCDIF              00031834     oal:init.obj
 0003:00000838       pv_HWregICOLL              00031838     oal:init.obj
 0003:0000083c       pControlFunc               0003183c     oal:init.obj
 0003:0000085c       g_pProfilerISR             0003185c     oal_intr_mx28_fsl_v2_pdk1_9:intr.obj
 0003:0000122c       bAudioInSoftReset          0003222c     oal_power_mx28_fsl_v2_pdk1_9:off.obj
 0003:00001230       bAudioInClkGate            00032230     oal_power_mx28_fsl_v2_pdk1_9:off.obj
 0003:00001234       bAudioOutSoftReset         00032234     oal_power_mx28_fsl_v2_pdk1_9:off.obj
 0003:00001238       bAudioOutClkGate           00032238     oal_power_mx28_fsl_v2_pdk1_9:off.obj
 0003:0000123c       bPwrDnRightAdc             0003223c     oal_power_mx28_fsl_v2_pdk1_9:off.obj
 0003:00001240       bPwrDnDac                  00032240     oal_power_mx28_fsl_v2_pdk1_9:off.obj
 0003:00001244       bPwrDnAdc                  00032244     oal_power_mx28_fsl_v2_pdk1_9:off.obj
 0003:00001248       bPwrDnHeadphone            00032248     oal_power_mx28_fsl_v2_pdk1_9:off.obj
 0003:00001284       pv_HWregAPBH               00032284     i_ddk_apbhdma_mx28_fsl_v2_pdk1_9:i_ddk_apbhdma.obj
 0003:00001288       pv_HWregPINCTRL            00032288     i_ddk_iomux_mx28_fsl_v2_pdk1_9:i_soc_ddk_iomux.obj
 0003:0000128c       pv_HWregCLKCTRL            0003228c     i_ddk_clk_mx28_fsl_v2_pdk1_9:i_ddk_clk.obj
 0003:00001298       pv_HWregGPMI               00032298     hal_nand_mx28_fsl_v2_pdk1_9:cspnand.obj
 0003:0000129c       pv_HWregDIGCTL             0003229c     hal_nand_mx28_fsl_v2_pdk1_9:cspnand.obj
 0003:000012a0       pv_HWregBCH                000322a0     hal_nand_mx28_fsl_v2_pdk1_9:cspnand.obj
 0003:000012a4       NandMemMapSize             000322a4     hal_nand_mx28_fsl_v2_pdk1_9:dma_memory.obj
 0003:000012b0       ?g_SectorBuf@@3PAEA        000322b0     nandfmd_lib:nandbsp.obj
 0003:00001ab0       ?g_BBTSecondBuf@@3PAEA     00032ab0     nandfmd_lib:nandbsp.obj
 0003:000022b0       ?g_BBTFirstBuf@@3PAEA      000332b0     nandfmd_lib:nandbsp.obj
 0003:00002b08       g_oalIoCtlInstructionSet   00033b08     oal:ioctl.obj
 0003:00002b0c       g_oalIoCtlClockSpeed       00033b0c     oal:ioctl.obj
 0003:00002b2c       ?g_FlashInfoExt@@3U_FlashInfoExt@@A 00033b2c     nand_common_fsl_v2_pdk1_9:fmd.obj
 0003:00002b64       ?g_bInterLeaveMode@@3HA    00033b64     nand_common_fsl_v2_pdk1_9:fmd.obj
 0003:00002b8c       g_pNKGlobal                00033b8c     <common>
 0003:00002ba0       g_oalNfcMutex              00033ba0     <common>
 0003:00002bc0       g_UPID                     00033bc0     <common>
 0003:00002bd0       pv_HWregTIMROT             00033bd0     <common>
 0003:00002be0       g_oalTimer                 00033be0     <common>
 0003:00002c20       g_oalCacheInfo             00033c20     <common>
 0003:00002c70       g_UUID                     00033c70     <common>
 0003:00002c80       g_pDdkClkConfig            00033c80     <common>
 0003:00002ca0       NandMemMap                 00033ca0     <common>
 0003:00002e20       DmaEraseBlockDescriptor    00033e20     <common>
 0003:00002e24       DmaProgramDescriptor       00033e24     <common>
 0003:00002e28       DmaReadDescriptor          00033e28     <common>
 0003:00002e2c       DmaGenericDescriptor       00033e2c     <common>
 0003:00002e40       zNAND_Misc                 00033e40     <common>
 0003:00002e60       g_CSPfi                    00033e60     <common>
 0003:00002e98       pReadIDDecode              00033e98     <common>
 0003:00002ea0       NANDImageCfg               00033ea0     <common>
 0003:00002f20       sectorBuf                  00033f20     <common>
 0003:0000af20       SectorBuffer               0003bf20     <common>

 entry point at        0001:00000000

 Static symbols

 0001:0000a348       ReturnFalse                0001b348 f   oemmain:oemglobal.obj
 0001:0000a350       ReturnSelf                 0001b350 f   oemmain:oemglobal.obj
 0001:0000a354       FakeCalcPage               0001b354 f   oemmain:oemglobal.obj
 0001:0000cef4       SuspendTheSystem           0001def4 f   oal_power_mx28_fsl_v2_pdk1_9:off.obj
 0001:0000e9c8       IsLeapYear                 0001f9c8 f   oal_rtc_mx28_fsl_v2_pdk1_9:rtc.obj
 0001:0000eb7c       ConvertDays                0001fb7c f   oal_rtc_mx28_fsl_v2_pdk1_9:rtc.obj
 0001:0000fd08       ApbhDmaValidChan           00020d08 f   i_ddk_apbhdma_mx28_fsl_v2_pdk1_9:i_ddk_apbhdma.obj
 0001:000136f8       GetGoodPhyBlock            000246f8 f   NandBootBurner:NandBootBurner.obj
 0001:000146fc       NANDBootInit               000256fc f   NandBootBurner:NandBootBurner.obj
 0001:00017074       ?CheckBufferSize@@YAHPBXABIPAI1PBG@Z 00028074 f   oal_ioctl_mx28_fsl_v2_pdk1_9:deviceinfo.obj
 0001:00017120       ?GetBootMeName@@YAHPAXIPAIPAPBG@Z 00028120 f   oal_ioctl_mx28_fsl_v2_pdk1_9:deviceinfo.obj
 0001:00017bc4       ?CalcBlock@@YAKAAK@Z       00028bc4 f   nand_common_fsl_v2_pdk1_9:fmd.obj
 0001:000183f0       ?ReadBlockBadStatus@@YAHKK@Z 000293f0 f   nand_common_fsl_v2_pdk1_9:bbt.obj
 0001:00018534       ?BBT_GetSectorAddr@@YAKK@Z 00029534 f   nand_common_fsl_v2_pdk1_9:bbt.obj
 0001:00018650       ?BBT_EraseOperation@@YAHKK@Z 00029650 f   nand_common_fsl_v2_pdk1_9:bbt.obj
 0001:000186b4       ?ReadBBTSignature@@YAHKK@Z 000296b4 f   nand_common_fsl_v2_pdk1_9:bbt.obj
 0001:00018764       ?WriteBBTSignature@@YAHKK@Z 00029764 f   nand_common_fsl_v2_pdk1_9:bbt.obj
 0001:000187f8       ?WriteBBT@@YAHKK@Z         000297f8 f   nand_common_fsl_v2_pdk1_9:bbt.obj
 0001:00018a7c       ?ReadBBT@@YAHXZ            00029a7c f   nand_common_fsl_v2_pdk1_9:bbt.obj
 0001:000190d0       ?CreateBBT@@YAHXZ          0002a0d0 f   nand_common_fsl_v2_pdk1_9:bbt.obj
