 backlight

 Timestamp is 4f86751e (Thu Apr 12 14:24:30 2012)

 Preferred load address is 10000000

 Start         Length     Name                   Class
 0001:00000000 00000004H .CRT$XCA                CODE
 0001:00000004 00000004H .CRT$XCZ                CODE
 0001:00000008 00000004H .CRT$XIA                CODE
 0001:0000000c 00000004H .CRT$XIZ                CODE
 0001:00000010 00000004H .CRT$XPA                CODE
 0001:00000014 00000004H .CRT$XPZ                CODE
 0001:00000018 00000004H .CRT$XTA                CODE
 0001:0000001c 00000004H .CRT$XTZ                CODE
 0001:00000020 000004deH .rdata                  CODE
 0001:00000500 00000026H .rdata$debug            CODE
 0001:00000528 00001390H .text                   CODE
 0001:000018b8 00000004H .xdata                  CODE
 0001:000018bc 0000003cH .idata$2                CODE
 0001:000018f8 00000014H .idata$3                CODE
 0001:0000190c 00000090H .idata$4                CODE
 0001:0000199c 0000004eH .idata$6                CODE
 0001:000019f0 00000105H .edata                  CODE
 0002:00000000 00000090H .idata$5                DATA
 0002:00000090 00000008H .data                   DATA
 0002:00000098 000000b0H .bss                    DATA
 0003:00000000 00000108H .pdata                  DATA

  Address         Publics by Value              Rva+Base       Lib:Object

 0000:00000000       ___safe_se_handler_table   00000000     <absolute>
 0000:00000000       ___safe_se_handler_count   00000000     <absolute>
 0001:00000000       __xc_a                     10001000     corelib0:crt0init.obj
 0001:00000004       __xc_z                     10001004     corelib0:crt0init.obj
 0001:00000008       __xi_a                     10001008     corelib0:crt0init.obj
 0001:0000000c       __xi_z                     1000100c     corelib0:crt0init.obj
 0001:00000010       __xp_a                     10001010     corelib0:crt0init.obj
 0001:00000014       __xp_z                     10001014     corelib0:crt0init.obj
 0001:00000018       __xt_a                     10001018     corelib0:crt0init.obj
 0001:0000001c       __xt_z                     1000101c     corelib0:crt0init.obj
 0001:0000003c       ??_C@_1DI@LPGLBAPA@?$AA?$DM?$AA?9?$AA?9?$AAB?$AAS?$AAP?$AAB?$AAa?$AAc?$AAk?$AAl?$AAi?$AAg?$AAh?$AAt?$AAI?$AAn?$AAi?$AAt?$AAi?$AAa?$AAl?$AAi?$AAz?$AAe?$AA?$AN?$AA?6?$AA?$AA@ 1000103c     bspbacklight.obj
 0001:00000078       ??_C@_1JI@LDCLDNMI@?$AAD?$AA?3?$AA?2?$AAW?$AAI?$AAN?$AAC?$AAE?$AA6?$AA0?$AA0?$AA?2?$AAP?$AAL?$AAA?$AAT?$AAF?$AAO?$AAR?$AAM?$AA?2?$AAE?$AAM?$AA9?$AA2?$AA8?$AA0?$AA?2?$AAS?$AAR?$AAC?$AA?2@ 10001078     bspbacklight.obj
 0001:00000110       ??_C@_1CI@OHCJFJPM@?$AAE?$AAR?$AAR?$AAO?$AAR?$AA?3?$AA?5?$AA?$CF?$AAs?$AA?5?$AAl?$AAi?$AAn?$AAe?$AA?5?$AA?$CF?$AAd?$AA?3?$AA?5?$AA?$AA@ 10001110     bspbacklight.obj
 0001:00000138       ??_C@_1EE@HAJAPPLI@?$AAB?$AAS?$AAP?$AAB?$AAa?$AAc?$AAk?$AAl?$AAi?$AAg?$AAh?$AAt?$AAI?$AAn?$AAi?$AAt?$AAi?$AAa?$AAl?$AAi?$AAz?$AAe?$AA?3?$AA?5?$AAf?$AAa?$AAi?$AAl?$AAe?$AAd?$AA?$CB?$AA?$AN@ 10001138     bspbacklight.obj
 0001:0000017c       ??_C@_1DI@DAPBODJE@?$AA?9?$AA?9?$AA?$DO?$AAB?$AAS?$AAP?$AAB?$AAa?$AAc?$AAk?$AAl?$AAi?$AAg?$AAh?$AAt?$AAI?$AAn?$AAi?$AAt?$AAi?$AAa?$AAl?$AAi?$AAz?$AAe?$AA?$AN?$AA?6?$AA?$AA@ 1000117c     bspbacklight.obj
 0001:000001b4       ??_C@_1CC@OPDEBLKM@?$AAA?$AAC?$AAB?$AAa?$AAc?$AAk?$AAl?$AAi?$AAg?$AAh?$AAt?$AAL?$AAe?$AAv?$AAe?$AAl?$AA?$AA@ 100011b4     backlight_common_fsl_v2_pdk1_9:backlight.obj
 0001:000001d8       ??_C@_1CG@LFMPNLPM@?$AAB?$AAa?$AAt?$AAt?$AAB?$AAa?$AAc?$AAk?$AAl?$AAi?$AAg?$AAh?$AAt?$AAL?$AAe?$AAv?$AAe?$AAl?$AA?$AA@ 100011d8     backlight_common_fsl_v2_pdk1_9:backlight.obj
 0001:00000200       ??_C@_1CO@MGKPHPG@?$AAC?$AAo?$AAn?$AAt?$AAr?$AAo?$AAl?$AAP?$AAa?$AAn?$AAe?$AAl?$AA?2?$AAB?$AAa?$AAc?$AAk?$AAl?$AAi?$AAg?$AAh?$AAt?$AA?$AA@ 10001200     backlight_common_fsl_v2_pdk1_9:backlight.obj
 0001:00000230       ??_C@_1O@ILKHMLBG@?$AAU?$AAs?$AAe?$AAE?$AAx?$AAt?$AA?$AA@ 10001230     backlight_common_fsl_v2_pdk1_9:backlight.obj
 0001:00000240       ??_C@_1BG@LEIIKALA@?$AAU?$AAs?$AAe?$AAB?$AAa?$AAt?$AAt?$AAe?$AAr?$AAy?$AA?$AA@ 10001240     backlight_common_fsl_v2_pdk1_9:backlight.obj
 0001:00000258       ??_C@_1BE@PJBHBNNG@?$AAA?$AAC?$AAT?$AAi?$AAm?$AAe?$AAo?$AAu?$AAt?$AA?$AA@ 10001258     backlight_common_fsl_v2_pdk1_9:backlight.obj
 0001:0000026c       ??_C@_1BO@PELGLPFE@?$AAB?$AAa?$AAt?$AAt?$AAe?$AAr?$AAy?$AAT?$AAi?$AAm?$AAe?$AAo?$AAu?$AAt?$AA?$AA@ 1000126c     backlight_common_fsl_v2_pdk1_9:backlight.obj
 0001:0000028c       ??_C@_1DA@IKPIDNLP@?$AAB?$AAK?$AAL?$AAC?$AAh?$AAa?$AAn?$AAg?$AAe?$AAI?$AAn?$AAC?$AAo?$AAn?$AAt?$AAr?$AAo?$AAl?$AAP?$AAa?$AAn?$AAe?$AAl?$AA?$AA@ 1000128c     backlight_common_fsl_v2_pdk1_9:backlight.obj
 0001:000002bc       ??_C@_1DE@PFEDGFDL@?$AAB?$AAa?$AAc?$AAk?$AAL?$AAi?$AAg?$AAh?$AAt?$AAL?$AAe?$AAv?$AAe?$AAl?$AAC?$AAh?$AAa?$AAn?$AAg?$AAe?$AAE?$AAv?$AAe?$AAn?$AAt?$AA?$AA@ 100012bc     backlight_common_fsl_v2_pdk1_9:backlight.obj
 0001:000002f0       ??_C@_1EG@KHBDFHDI@?$AAP?$AAo?$AAw?$AAe?$AAr?$AAM?$AAa?$AAn?$AAa?$AAg?$AAe?$AAr?$AA?1?$AAU?$AAs?$AAe?$AAr?$AAA?$AAc?$AAt?$AAi?$AAv?$AAi?$AAt?$AAy?$AA_?$AAI?$AAn?$AAa?$AAc?$AAt?$AAi@ 100012f0     backlight_common_fsl_v2_pdk1_9:backlight.obj
 0001:00000338       ??_C@_1EC@PPGKBJLE@?$AAP?$AAo?$AAw?$AAe?$AAr?$AAM?$AAa?$AAn?$AAa?$AAg?$AAe?$AAr?$AA?1?$AAU?$AAs?$AAe?$AAr?$AAA?$AAc?$AAt?$AAi?$AAv?$AAi?$AAt?$AAy?$AA_?$AAA?$AAc?$AAt?$AAi?$AAv?$AAe@ 10001338     backlight_common_fsl_v2_pdk1_9:backlight.obj
 0001:0000037c       ??_C@_1CK@NJCEAPDJ@?$AAB?$AAa?$AAc?$AAk?$AAL?$AAi?$AAg?$AAh?$AAt?$AAC?$AAh?$AAa?$AAn?$AAg?$AAe?$AAE?$AAv?$AAe?$AAn?$AAt?$AA?$AA@ 1000137c     backlight_common_fsl_v2_pdk1_9:backlight.obj
 0001:000003a8       ??_C@_19DINFBLAK@?$AAN?$AAa?$AAm?$AAe?$AA?$AA@ 100013a8     backlight_common_fsl_v2_pdk1_9:backlight.obj
 0001:000003b4       reg2div                    100013b4     PWM_mx28_fsl_v2_pdk1_9:pwm.obj
 0001:000003c0       ??_C@_1GE@IIFLEMDK@?$AAP?$AAw?$AAm?$AAI?$AAn?$AAi?$AAt?$AAi?$AAa?$AAl?$AAi?$AAz?$AAe?$AA?3?$AA?3?$AAP?$AAW?$AAM?$AAG?$AAe?$AAt?$AAC?$AAh?$AAa?$AAn?$AAn?$AAe?$AAl?$AAP?$AAr?$AAe?$AAs@ 100013c0     PWM_mx28_fsl_v2_pdk1_9:pwm.obj
 0001:00000428       ??_C@_1IG@KEMMPKOG@?$AAD?$AA?3?$AA?2?$AAW?$AAI?$AAN?$AAC?$AAE?$AA6?$AA0?$AA0?$AA?2?$AAP?$AAL?$AAA?$AAT?$AAF?$AAO?$AAR?$AAM?$AA?2?$AAC?$AAO?$AAM?$AAM?$AAO?$AAN?$AA?2?$AAS?$AAR?$AAC?$AA?2@ 10001428     PWM_mx28_fsl_v2_pdk1_9:pwm.obj
 0001:000004b0       ??_C@_1EO@NJNKCGCL@?$AAP?$AAw?$AAm?$AAI?$AAn?$AAi?$AAt?$AAi?$AAa?$AAl?$AAi?$AAz?$AAe?$AA?3?$AA?5?$AA?5?$AAM?$AAm?$AAM?$AAa?$AAp?$AAI?$AAo?$AAS?$AAp?$AAa?$AAc?$AAe?$AA?5?$AAf?$AAa?$AAi@ 100014b0     PWM_mx28_fsl_v2_pdk1_9:pwm.obj
 0001:00000528       ?BSPBacklightInitialize@@YAXXZ 10001528 f   bspbacklight.obj
 0001:000005bc       ?BSPBacklightRelease@@YAXXZ 100015bc f   bspbacklight.obj
 0001:000005c0       ?BSPBacklightSetIntensity@@YAXK@Z 100015c0 f   bspbacklight.obj
 0001:00000610       ?BSPBacklightEnable@@YAXXZ 10001610 f   bspbacklight.obj
 0001:00000614       BKL_Deinit                 10001614 f   backlight_common_fsl_v2_pdk1_9:backlight.obj
 0001:000006c0       BKL_IOControl              100016c0 f   backlight_common_fsl_v2_pdk1_9:backlight.obj
 0001:000008e0       DllEntry                   100018e0 f   backlight_common_fsl_v2_pdk1_9:backlight.obj
 0001:000008e8       BKL_Open                   100018e8 f   backlight_common_fsl_v2_pdk1_9:backlight.obj
 0001:000008ec       BKL_Close                  100018ec f   backlight_common_fsl_v2_pdk1_9:backlight.obj
 0001:000008f4       BKL_PowerDown              100018f4 f   backlight_common_fsl_v2_pdk1_9:backlight.obj
 0001:000008f8       BKL_PowerUp                100018f8 f   backlight_common_fsl_v2_pdk1_9:backlight.obj
 0001:000008fc       BKL_Read                   100018fc f   backlight_common_fsl_v2_pdk1_9:backlight.obj
 0001:00000904       BKL_Write                  10001904 f   backlight_common_fsl_v2_pdk1_9:backlight.obj
 0001:0000090c       BKL_Seek                   1000190c f   backlight_common_fsl_v2_pdk1_9:backlight.obj
 0001:00000b44       ?BKL_EventThread@@YAKPAX@Z 10001b44 f   backlight_common_fsl_v2_pdk1_9:backlight.obj
 0001:00000d98       BKL_Init                   10001d98 f   backlight_common_fsl_v2_pdk1_9:backlight.obj
 0001:0000103c       NKDbgPrintfW               1000203c f   coredll:COREDLL.dll
 0001:0000104c       EventModify                1000204c f   coredll:COREDLL.dll
 0001:0000105c       DeleteCriticalSection      1000205c f   coredll:COREDLL.dll
 0001:0000106c       CloseMsgQueue              1000206c f   coredll:COREDLL.dll
 0001:0000107c       StopPowerNotifications     1000207c f   coredll:COREDLL.dll
 0001:0000108c       CloseHandle                1000208c f   coredll:COREDLL.dll
 0001:0000109c       SetLastError               1000209c f   coredll:COREDLL.dll
 0001:000010ac       LeaveCriticalSection       100020ac f   coredll:COREDLL.dll
 0001:000010bc       EnterCriticalSection       100020bc f   coredll:COREDLL.dll
 0001:000010cc       RegCloseKey                100020cc f   coredll:COREDLL.dll
 0001:000010dc       RegQueryValueExW           100020dc f   coredll:COREDLL.dll
 0001:000010ec       RegOpenKeyExW              100020ec f   coredll:COREDLL.dll
 0001:000010fc       GetSystemPowerStatusEx2    100020fc f   coredll:COREDLL.dll
 0001:0000110c       ReadMsgQueue               1000210c f   coredll:COREDLL.dll
 0001:0000111c       DevicePowerNotify          1000211c f   coredll:COREDLL.dll
 0001:0000112c       WaitForSingleObject        1000212c f   coredll:COREDLL.dll
 0001:0000113c       WaitForMultipleObjects     1000213c f   coredll:COREDLL.dll
 0001:0000114c       CeSetThreadPriority        1000214c f   coredll:COREDLL.dll
 0001:0000115c       CreateThread               1000215c f   coredll:COREDLL.dll
 0001:0000116c       RequestPowerNotifications  1000216c f   coredll:COREDLL.dll
 0001:0000117c       CreateMsgQueue             1000217c f   coredll:COREDLL.dll
 0001:0000118c       CreateEventW               1000218c f   coredll:COREDLL.dll
 0001:0000119c       GetSystemPowerStatusEx     1000219c f   coredll:COREDLL.dll
 0001:000011ac       InitializeCriticalSection  100021ac f   coredll:COREDLL.dll
 0001:000011bc       PwmReset                   100021bc f   PWM_mx28_fsl_v2_pdk1_9:pwm.obj
 0001:00001204       PWMChOutputEnable          10002204 f   PWM_mx28_fsl_v2_pdk1_9:pwm.obj
 0001:00001230       PWMChSetIOMux              10002230 f   PWM_mx28_fsl_v2_pdk1_9:pwm.obj
 0001:0000124c       PwmInitialize              1000224c f   PWM_mx28_fsl_v2_pdk1_9:pwm.obj
 0001:0000132c       PWMChSetConfig             1000232c f   PWM_mx28_fsl_v2_pdk1_9:pwm.obj
 0001:00001484       PWMChSetDutyCycle          10002484 f   PWM_mx28_fsl_v2_pdk1_9:pwm.obj
 0001:00001580       _DllEntryCRTStartup        10002580 f   corelib0:pegdentry.obj
 0001:000015c8       __GSHandlerCheckCommon     100025c8 f   corelib0:gshandler.obj
 0001:00001604       __GSHandlerCheck           10002604 f   corelib0:gshandler.obj
 0001:00001628       __security_init_cookie     10002628 f   corelib0:seccinit.obj
 0001:00001684       __security_check_cookie    10002684 f   corelib0:armsecgs.obj
 0001:00001698       __gsfailure                10002698 f   corelib0:armsecgs.obj
 0001:000017a4       _cexit                     100027a4 f   corelib0:cexit.obj
 0001:000017c0       _initterm                  100027c0 f   corelib0:crt0dat.obj
 0001:000017f4       _cinit                     100027f4 f   corelib0:crt0dat.obj
 0001:00001828       memset                     10002828 f   corelib1:COREDLL.dll
 0001:00001838       __rt_udiv                  10002838 f   corelib1:COREDLL.dll
 0001:00001848       __security_gen_cookie2     10002848 f   corelib1:COREDLL.dll
 0001:00001858       __report_gsfailure         10002858 f   corelib1:COREDLL.dll
 0001:00001868       free                       10002868 f   corelib1:COREDLL.dll
 0001:00001878       TerminateProcess           10002878 f   coredll:COREDLL.dll
 0001:00001888       MmMapIoSpace               10002888 f   ceddk:CEDDK.dll
 0001:00001898       DDKClockSetGatingMode      10002898 f   cspddk:CSPDDK.dll
 0001:000018a8       DDKIomuxSetPinMux          100028a8 f   cspddk:CSPDDK.dll
 0001:000018bc       __IMPORT_DESCRIPTOR_COREDLL 100028bc     coredll:COREDLL.dll
 0001:000018d0       __IMPORT_DESCRIPTOR_CEDDK  100028d0     ceddk:CEDDK.dll
 0001:000018e4       __IMPORT_DESCRIPTOR_CSPDDK 100028e4     cspddk:CSPDDK.dll
 0001:000018f8       __NULL_IMPORT_DESCRIPTOR   100028f8     coredll:COREDLL.dll
 0002:00000000       __imp_MmMapIoSpace         10003000     ceddk:CEDDK.dll
 0002:00000004       \177CEDDK_NULL_THUNK_DATA  10003004     ceddk:CEDDK.dll
 0002:00000008       __imp_CloseMsgQueue        10003008     coredll:COREDLL.dll
 0002:0000000c       __imp_StopPowerNotifications 1000300c     coredll:COREDLL.dll
 0002:00000010       __imp_CloseHandle          10003010     coredll:COREDLL.dll
 0002:00000014       __imp_SetLastError         10003014     coredll:COREDLL.dll
 0002:00000018       __imp_LeaveCriticalSection 10003018     coredll:COREDLL.dll
 0002:0000001c       __imp_EnterCriticalSection 1000301c     coredll:COREDLL.dll
 0002:00000020       __imp_RegCloseKey          10003020     coredll:COREDLL.dll
 0002:00000024       __imp_RegQueryValueExW     10003024     coredll:COREDLL.dll
 0002:00000028       __imp_RegOpenKeyExW        10003028     coredll:COREDLL.dll
 0002:0000002c       __imp_GetSystemPowerStatusEx2 1000302c     coredll:COREDLL.dll
 0002:00000030       __imp_ReadMsgQueue         10003030     coredll:COREDLL.dll
 0002:00000034       __imp_DevicePowerNotify    10003034     coredll:COREDLL.dll
 0002:00000038       __imp_WaitForSingleObject  10003038     coredll:COREDLL.dll
 0002:0000003c       __imp_WaitForMultipleObjects 1000303c     coredll:COREDLL.dll
 0002:00000040       __imp_CeSetThreadPriority  10003040     coredll:COREDLL.dll
 0002:00000044       __imp_DeleteCriticalSection 10003044     coredll:COREDLL.dll
 0002:00000048       __imp_RequestPowerNotifications 10003048     coredll:COREDLL.dll
 0002:0000004c       __imp_CreateMsgQueue       1000304c     coredll:COREDLL.dll
 0002:00000050       __imp_CreateEventW         10003050     coredll:COREDLL.dll
 0002:00000054       __imp_GetSystemPowerStatusEx 10003054     coredll:COREDLL.dll
 0002:00000058       __imp_InitializeCriticalSection 10003058     coredll:COREDLL.dll
 0002:0000005c       __imp_memset               1000305c     corelib1:COREDLL.dll
 0002:00000060       __imp___rt_udiv            10003060     corelib1:COREDLL.dll
 0002:00000064       __imp___security_gen_cookie2 10003064     corelib1:COREDLL.dll
 0002:00000068       __imp___report_gsfailure   10003068     corelib1:COREDLL.dll
 0002:0000006c       __imp_free                 1000306c     corelib1:COREDLL.dll
 0002:00000070       __imp_TerminateProcess     10003070     coredll:COREDLL.dll
 0002:00000074       __imp_EventModify          10003074     coredll:COREDLL.dll
 0002:00000078       __imp_CreateThread         10003078     coredll:COREDLL.dll
 0002:0000007c       __imp_NKDbgPrintfW         1000307c     coredll:COREDLL.dll
 0002:00000080       \177COREDLL_NULL_THUNK_DATA 10003080     coredll:COREDLL.dll
 0002:00000084       __imp_DDKIomuxSetPinMux    10003084     cspddk:CSPDDK.dll
 0002:00000088       __imp_DDKClockSetGatingMode 10003088     cspddk:CSPDDK.dll
 0002:0000008c       \177CSPDDK_NULL_THUNK_DATA 1000308c     cspddk:CSPDDK.dll
 0002:00000090       __security_cookie          10003090     corelib0:seccinit.obj
 0002:00000094       __security_cookie_complement 10003094     corelib0:seccinit.obj
 0002:00000138       pv_HWRegPWM                10003138     PWM_mx28_fsl_v2_pdk1_9:pwm.obj
 0002:0000013c       _exitflag                  1000313c     corelib0:cexit.obj
 0002:00000140       __onexitend                10003140     <common>
 0002:00000144       __onexitbegin              10003144     <common>

 entry point at        0001:00001580

 Static symbols

 0001:00000914       ?GetBacklightLevelSettings@@YAXPAU_bklSettings@@@Z 10001914 f   backlight_common_fsl_v2_pdk1_9:backlight.obj
 0001:000009f0       ?GetBacklightTimeoutSettings@@YAXPAU_bklSettings@@@Z 100019f0 f   backlight_common_fsl_v2_pdk1_9:backlight.obj
 0001:000016dc       doexit                     100026dc f   corelib0:cexit.obj
