 hcd_hsh1

 Timestamp is 4f869dc1 (Thu Apr 12 17:17:53 2012)

 Preferred load address is 10000000

 Start         Length     Name                   Class
 0001:00000000 00000004H .CRT$XCA                CODE
 0001:00000004 00000004H .CRT$XCZ                CODE
 0001:00000008 00000004H .CRT$XIA                CODE
 0001:0000000c 00000004H .CRT$XIZ                CODE
 0001:00000010 00000004H .CRT$XPA                CODE
 0001:00000014 00000004H .CRT$XPZ                CODE
 0001:00000018 00000004H .CRT$XTA                CODE
 0001:0000001c 00000004H .CRT$XTZ                CODE
 0001:00000020 0000133eH .rdata                  CODE
 0001:00001360 00000025H .rdata$debug            CODE
 0001:00001388 00011958H .text                   CODE
 0001:00012ce0 00000184H .xdata                  CODE
 0001:00012e64 0000003cH .idata$2                CODE
 0001:00012ea0 00000014H .idata$3                CODE
 0001:00012eb4 00000140H .idata$4                CODE
 0001:00012ff4 00000094H .idata$6                CODE
 0001:00013090 00000100H .edata                  CODE
 0002:00000000 00000140H .idata$5                DATA
 0002:00000140 00000114H .data                   DATA
 0002:00000260 00000090H .bss                    DATA
 0003:00000000 00000dd0H .pdata                  DATA

  Address         Publics by Value              Rva+Base       Lib:Object

 0000:00000000       ___safe_se_handler_count   00000000     <absolute>
 0000:00000000       ___safe_se_handler_table   00000000     <absolute>
 0001:00000000       __xc_a                     10001000     corelib0:crt0init.obj
 0001:00000004       __xc_z                     10001004     corelib0:crt0init.obj
 0001:00000008       __xi_a                     10001008     corelib0:crt0init.obj
 0001:0000000c       __xi_z                     1000100c     corelib0:crt0init.obj
 0001:00000010       __xp_a                     10001010     corelib0:crt0init.obj
 0001:00000014       __xp_z                     10001014     corelib0:crt0init.obj
 0001:00000018       __xt_a                     10001018     corelib0:crt0init.obj
 0001:0000001c       __xt_z                     1000101c     corelib0:crt0init.obj
 0001:00000160       ??_C@_1IA@ECOMNKDK@?$AAI?$AAn?$AAi?$AAt?$AAi?$AAa?$AAl?$AAi?$AAz?$AAe?$AAT?$AAr?$AAa?$AAn?$AAs?$AAc?$AAe?$AAi?$AAv?$AAe?$AAr?$AA?3?$AA?3?$AAM?$AAm?$AAM?$AAa?$AAp?$AAI?$AAo?$AAS?$AAp@ 10001160     i_usbclock.obj
 0001:000001e0       ??_C@_1FC@NEMMIEIK@?$AAF?$AAa?$AAi?$AAl?$AAu?$AAr?$AAe?$AA?5?$AAt?$AAo?$AA?5?$AAC?$AAr?$AAe?$AAa?$AAt?$AAe?$AA?5?$AAF?$AAi?$AAl?$AAe?$AA?5?$AAM?$AAa?$AAp?$AAp?$AAi?$AAn?$AAg?$AA?5?$AAf@ 100011e0     i_usbclock.obj
 0001:00000234       ??_C@_1CC@BJPGGDNC@?$AAU?$AAS?$AAB?$AA_?$AAC?$AAL?$AAO?$AAC?$AAK?$AA_?$AAG?$AAA?$AAT?$AAI?$AAN?$AAG?$AA?$AA@ 10001234     i_usbclock.obj
 0001:00000258       ??_C@_1CE@DCPIDLMJ@?$AAH?$AA1?$AAH?$AAC?$AAl?$AAo?$AAc?$AAk?$AAO?$AAp?$AAe?$AAn?$AAS?$AAt?$AAa?$AAt?$AAe?$AA?$AA@ 10001258     i_usbclock.obj
 0001:0000027c       ??_C@_1CE@FOPGHOEF@?$AAO?$AAT?$AAG?$AAC?$AAl?$AAo?$AAc?$AAk?$AAO?$AAp?$AAe?$AAn?$AAS?$AAt?$AAa?$AAt?$AAe?$AA?$AA@ 1000127c     i_usbclock.obj
 0001:00000330       ??_C@_1HI@DCBDCBBF@?$AAB?$AAS?$AAP?$AAU?$AAs?$AAb?$AAP?$AAh?$AAy?$AAS?$AAt?$AAa?$AAr?$AAt?$AAU?$AAp?$AA?3?$AA?3?$AAM?$AAm?$AAM?$AAa?$AAp?$AAI?$AAo?$AAS?$AAp?$AAa?$AAc?$AAe?$AA?5?$AAf@ 10001330     i_usbutils.obj
 0001:000003a8       ??_C@_1IK@PCKHGMEM@?$AAB?$AAS?$AAP?$AAU?$AAs?$AAb?$AAP?$AAh?$AAy?$AAE?$AAn?$AAt?$AAe?$AAr?$AAL?$AAo?$AAw?$AAP?$AAo?$AAw?$AAe?$AAr?$AAM?$AAo?$AAd?$AAe?$AA?5?$AAM?$AAm?$AAM?$AAa?$AAp@ 100013a8     i_usbutils.obj
 0001:00000438       ??_C@_1IK@DOANGMNC@?$AAB?$AAS?$AAP?$AAU?$AAs?$AAb?$AAP?$AAh?$AAy?$AAE?$AAn?$AAt?$AAe?$AAr?$AAL?$AAo?$AAw?$AAP?$AAo?$AAw?$AAe?$AAr?$AAM?$AAo?$AAd?$AAe?$AA?5?$AAM?$AAm?$AAM?$AAa?$AAp@ 10001438     i_usbutils.obj
 0001:000004c8       ??_C@_1HO@MFBKDDCJ@?$AAB?$AAS?$AAP?$AAH?$AAo?$AAs?$AAt?$AAD?$AAi?$AAs?$AAc?$AAo?$AAn?$AAD?$AAe?$AAt?$AAe?$AAc?$AAt?$AA?3?$AA?3?$AAM?$AAm?$AAM?$AAa?$AAp?$AAI?$AAo?$AAS?$AAp?$AAa?$AAc@ 100014c8     i_usbutils.obj
 0001:00000548       ??_C@_1HO@JLADDLH@?$AAB?$AAS?$AAP?$AAH?$AAo?$AAs?$AAt?$AAD?$AAi?$AAs?$AAc?$AAo?$AAn?$AAD?$AAe?$AAt?$AAe?$AAc?$AAt?$AA?3?$AA?3?$AAM?$AAm?$AAM?$AAa?$AAp?$AAI?$AAo?$AAS?$AAp?$AAa?$AAc@ 10001548     i_usbutils.obj
 0001:000005c8       ??_C@_1IA@GCNDDNEO@?$AAB?$AAS?$AAP?$AAU?$AAs?$AAb?$AAh?$AAP?$AAu?$AAt?$AAP?$AAh?$AAy?$AAS?$AAu?$AAs?$AAp?$AAe?$AAn?$AAd?$AA?3?$AA?3?$AAM?$AAm?$AAM?$AAa?$AAp?$AAI?$AAo?$AAS?$AAp?$AAa@ 100015c8     i_usbutils.obj
 0001:00000648       ??_C@_1IA@KOHJDNNA@?$AAB?$AAS?$AAP?$AAU?$AAs?$AAb?$AAh?$AAP?$AAu?$AAt?$AAP?$AAh?$AAy?$AAS?$AAu?$AAs?$AAp?$AAe?$AAn?$AAd?$AA?3?$AA?3?$AAM?$AAm?$AAM?$AAa?$AAp?$AAI?$AAo?$AAS?$AAp?$AAa@ 10001648     i_usbutils.obj
 0001:000006c8       ??_C@_1IC@EJJHEHII@?$AAB?$AAS?$AAP?$AAU?$AAs?$AAb?$AAh?$AAC?$AAh?$AAe?$AAc?$AAk?$AAP?$AAh?$AAy?$AAR?$AAe?$AAs?$AAu?$AAm?$AAe?$AA?3?$AA?3?$AAM?$AAm?$AAM?$AAa?$AAp?$AAI?$AAo?$AAS?$AAp@ 100016c8     i_usbutils.obj
 0001:00000750       ??_C@_1IC@IFDNEHBG@?$AAB?$AAS?$AAP?$AAU?$AAs?$AAb?$AAh?$AAC?$AAh?$AAe?$AAc?$AAk?$AAP?$AAh?$AAy?$AAR?$AAe?$AAs?$AAu?$AAm?$AAe?$AA?3?$AA?3?$AAM?$AAm?$AAM?$AAa?$AAp?$AAI?$AAo?$AAS?$AAp@ 10001750     i_usbutils.obj
 0001:000007d4       ??_C@_1BI@BHLBGEOK@?$AAP?$AAr?$AAi?$AAo?$AAr?$AAi?$AAt?$AAy?$AA2?$AA5?$AA6?$AA?$AA@ 100017d4     usbh_usb2com_common_fsl_v2_pdk1_9:hcddrv.obj
 0001:000007ec       ??_C@_1DG@INPFIHHA@?$AAH?$AAc?$AAd?$AAM?$AAd?$AAd?$AA_?$AAS?$AAe?$AAt?$AAS?$AAu?$AAb?$AAH?$AAu?$AAb?$AAT?$AAe?$AAs?$AAt?$AAM?$AAo?$AAd?$AAe?$AA?$AN?$AA?6?$AA?$AA@ 100017ec     usbh_usb2com_common_fsl_v2_pdk1_9:hcddrv.obj
 0001:00000824       ??_C@_17KACEIPNC@?$AAK?$AAe?$AAy?$AA?$AA@ 10001824     usbh_usb2com_common_fsl_v2_pdk1_9:hcddrv.obj
 0001:00000830       ??_7CHcd@@6B@              10001830     usbh_usb2com_common_fsl_v2_pdk1_9:hcd.obj
 0001:000008a4       ??_C@_1CA@GOGEMIHH@?$AAW?$AAa?$AAi?$AAt?$AAF?$AAo?$AAr?$AAA?$AAP?$AAI?$AAR?$AAe?$AAa?$AAd?$AAy?$AA?$AA@ 100018a4     usbh_usb2com_common_fsl_v2_pdk1_9:cdevice.obj
 0001:000008c4       ??_C@_1BM@LLINKHBA@?$AAk?$AA?4?$AAc?$AAo?$AAr?$AAe?$AAd?$AAl?$AAl?$AA?4?$AAd?$AAl?$AAl?$AA?$AA@ 100018c4     usbh_usb2com_common_fsl_v2_pdk1_9:cdevice.obj
 0001:000008e0       ??_C@_1BO@KLPJMMP@?$AAC?$AAe?$AAC?$AAa?$AAl?$AAl?$AAU?$AAs?$AAe?$AAr?$AAP?$AAr?$AAo?$AAc?$AA?$AA@ 100018e0     usbh_usb2com_common_fsl_v2_pdk1_9:cdevice.obj
 0001:00000900       ??_7CDeviceGlobal@@6B@     10001900     usbh_usb2com_common_fsl_v2_pdk1_9:cdevice.obj
 0001:00000910       ??_C@_1BE@NANPENDH@?$AAH?$AAc?$AAd?$AAA?$AAt?$AAt?$AAa?$AAc?$AAh?$AA?$AA@ 10001910     usbh_usb2com_common_fsl_v2_pdk1_9:cdevice.obj
 0001:00000924       ??_C@_1CE@MBINLHH@?$AAH?$AAc?$AAd?$AAD?$AAe?$AAv?$AAi?$AAc?$AAe?$AAA?$AAt?$AAt?$AAa?$AAc?$AAh?$AAe?$AAd?$AA?$AA@ 10001924     usbh_usb2com_common_fsl_v2_pdk1_9:cdevice.obj
 0001:00000948       ??_C@_1CE@KAKNBFJP@?$AAH?$AAc?$AAd?$AAD?$AAe?$AAv?$AAi?$AAc?$AAe?$AAD?$AAe?$AAt?$AAa?$AAc?$AAh?$AAe?$AAd?$AA?$AA@ 10001948     usbh_usb2com_common_fsl_v2_pdk1_9:cdevice.obj
 0001:0000096c       ??_C@_1CO@MCCAIHAO@?$AAH?$AAc?$AAd?$AAS?$AAe?$AAl?$AAe?$AAc?$AAt?$AAC?$AAo?$AAn?$AAf?$AAi?$AAg?$AAu?$AAr?$AAa?$AAt?$AAi?$AAo?$AAn?$AA?$AA@ 1000196c     usbh_usb2com_common_fsl_v2_pdk1_9:cdevice.obj
 0001:0000099c       ??_C@_1BC@MPAIGMIO@?$AAU?$AAS?$AAB?$AAD?$AA?4?$AAD?$AAL?$AAL?$AA?$AA@ 1000199c     usbh_usb2com_common_fsl_v2_pdk1_9:cdevice.obj
 0001:000009b0       ??_C@_1BE@MDMBICMJ@?$AAH?$AAc?$AAd?$AAD?$AAe?$AAt?$AAa?$AAc?$AAh?$AA?$AA@ 100019b0     usbh_usb2com_common_fsl_v2_pdk1_9:cdevice.obj
 0001:000009c4       ??_7CDevice@@6B@           100019c4     usbh_usb2com_common_fsl_v2_pdk1_9:cdevice.obj
 0001:000009fc       ??_C@_1BK@GALBKKNF@?$AAN?$AAe?$AAt?$AAM?$AAs?$AAg?$AAB?$AAo?$AAx?$AAE?$AAx?$AAt?$AA?$AA@ 100019fc     usbh_usb2com_common_fsl_v2_pdk1_9:cdevice.obj
 0001:00000a18       ??_C@_1BE@BOHEBICI@?$AAn?$AAe?$AAt?$AAu?$AAi?$AA?4?$AAd?$AAl?$AAl?$AA?$AA@ 10001a18     usbh_usb2com_common_fsl_v2_pdk1_9:cdevice.obj
 0001:00000a30       ??_C@_1GE@CBKPHLEP@?$AA?7?$AAU?$AAS?$AAB?$AAH?$AAo?$AAs?$AAt?$AA?5?$AA?3?$AA?5?$AAD?$AAe?$AAt?$AAa?$AAc?$AAh?$AA?5?$AAH?$AAu?$AAb?$AA?5?$AA?$FL?$AAa?$AAd?$AAd?$AAr?$AAe?$AAs?$AAs?$AA?$CI?$AA?$CF@ 10001a30     usbh_usb2com_common_fsl_v2_pdk1_9:cdevice.obj
 0001:00000a98       ??_C@_1GC@COFJGCOD@?$AA?7?$AAU?$AAS?$AAB?$AAH?$AAo?$AAs?$AAt?$AA?5?$AA?3?$AA?5?$AAH?$AAu?$AAb?$AA?5?$AA?$FL?$AAa?$AAd?$AAd?$AAr?$AAe?$AAs?$AAs?$AA?$CI?$AA?$CF?$AAd?$AA?$CJ?$AA?5?$AA?1?$AA?5?$AAl?$AAa@ 10001a98     usbh_usb2com_common_fsl_v2_pdk1_9:cdevice.obj
 0001:00000afc       ??_C@_1O@BAAIDILM@?$AAR?$AAE?$AAS?$AAU?$AAM?$AAE?$AA?$AA@ 10001afc     usbh_usb2com_common_fsl_v2_pdk1_9:cdevice.obj
 0001:00000b0c       ??_C@_1BA@ODNFALIH@?$AAS?$AAU?$AAS?$AAP?$AAE?$AAN?$AAD?$AA?$AA@ 10001b0c     usbh_usb2com_common_fsl_v2_pdk1_9:cdevice.obj
 0001:00000b20       ??_C@_1GO@MODMIGEA@?$AAC?$AAE?$AAx?$AAt?$AAe?$AAr?$AAn?$AAa?$AAl?$AAH?$AAu?$AAb?$AA?3?$AA?3?$AAS?$AAe?$AAt?$AAO?$AAr?$AAC?$AAl?$AAe?$AAa?$AAr?$AAF?$AAe?$AAa?$AAt?$AAu?$AAr?$AAe?$AA?5@ 10001b20     usbh_usb2com_common_fsl_v2_pdk1_9:cdevice.obj
 0001:00000b90       ??_C@_1HA@HJIFJBA@?$AA?7?$AAU?$AAS?$AAB?$AAH?$AAo?$AAs?$AAt?$AA?5?$AA?3?$AA?5?$AAD?$AAe?$AAt?$AAa?$AAc?$AAh?$AA?5?$AAF?$AAu?$AAn?$AAc?$AAt?$AAi?$AAo?$AAn?$AA?5?$AA?$FL?$AAa?$AAd?$AAd?$AAr@ 10001b90     usbh_usb2com_common_fsl_v2_pdk1_9:cdevice.obj
 0001:00000c00       ??_C@_1BE@KCBNNJPA@?$AAU?$AAS?$AAB?$AAD?$AAe?$AAt?$AAa?$AAc?$AAh?$AA?$AA@ 10001c00     usbh_usb2com_common_fsl_v2_pdk1_9:cdevice.obj
 0001:00000c18       ??_7CHub@@6B@              10001c18     usbh_usb2com_common_fsl_v2_pdk1_9:cdevice.obj
 0001:00000c78       ??_7CRootHub@@6B@          10001c78     usbh_usb2com_common_fsl_v2_pdk1_9:cdevice.obj
 0001:00000cd8       ??_7CExternalHub@@6B@      10001cd8     usbh_usb2com_common_fsl_v2_pdk1_9:cdevice.obj
 0001:00000d38       ??_7CFunction@@6B@         10001d38     usbh_usb2com_common_fsl_v2_pdk1_9:cdevice.obj
 0001:00000d70       ??_C@_1GI@IAHECEM@?$AA?7?$AAU?$AAs?$AAb?$AAH?$AAo?$AAs?$AAt?$AA?5?$AA?3?$AA?5?$AAN?$AAe?$AAw?$AA?5?$AAF?$AAu?$AAn?$AAc?$AAt?$AAi?$AAo?$AAn?$AA?5?$AA?$FL?$AAa?$AAd?$AAd?$AAr?$AAe?$AAs?$AAs@ 10001d70     usbh_usb2com_common_fsl_v2_pdk1_9:cdevice.obj
 0001:00000dd8       ??_C@_1FO@JFMBDOOA@?$AA?7?$AAU?$AAs?$AAb?$AAH?$AAo?$AAs?$AAt?$AA?5?$AA?3?$AA?5?$AAN?$AAe?$AAw?$AA?5?$AAH?$AAu?$AAb?$AA?5?$AA?$FL?$AAa?$AAd?$AAd?$AAr?$AAe?$AAs?$AAs?$AA?$CI?$AA?$CF?$AAd?$AA?$CJ?$AA?5@ 10001dd8     usbh_usb2com_common_fsl_v2_pdk1_9:cdevice.obj
 0001:00000e38       ??_C@_1HE@EAEFIBJD@?$AAE?$AAx?$AAc?$AAe?$AAe?$AAd?$AA?5?$AAp?$AAo?$AAw?$AAe?$AAr?$AA?5?$AAl?$AAi?$AAm?$AAi?$AAt?$AAa?$AAt?$AAi?$AAo?$AAn?$AA?0?$AA?5?$AAU?$AAS?$AAB?$AA?5?$AAd?$AAe?$AAv@ 10001e38     usbh_usb2com_common_fsl_v2_pdk1_9:cdevice.obj
 0001:00000eb0       ??_C@_1GK@IHAKGPKC@?$AAT?$AAo?$AAo?$AA?5?$AAm?$AAa?$AAn?$AAy?$AA?5?$AAh?$AAu?$AAb?$AA?5?$AAt?$AAi?$AAe?$AAr?$AAs?$AA?0?$AA?5?$AAU?$AAS?$AAB?$AA?5?$AAd?$AAe?$AAv?$AAi?$AAc?$AAe?$AA?5?$AAc@ 10001eb0     usbh_usb2com_common_fsl_v2_pdk1_9:cdevice.obj
 0001:00000f20       ??_7CEhcd@@6B@             10001f20     usbh_ehcdmdd_common_fsl_v2_pdk1_9:cehcd.obj
 0001:00000f9c       ??_7CQTransfer@@6B@        10001f9c     usbh_ehcdmdd_common_fsl_v2_pdk1_9:cpipe.obj
 0001:00000fa8       ??_7CPipeAbs@@6B@          10001fa8     usbh_ehcdmdd_common_fsl_v2_pdk1_9:cpipe.obj
 0001:00000fcc       ??_7CPipe@@6B@             10001fcc     usbh_ehcdmdd_common_fsl_v2_pdk1_9:cpipe.obj
 0001:00001008       ??_7CQueuedPipe@@6B@       10002008     usbh_ehcdmdd_common_fsl_v2_pdk1_9:cpipe.obj
 0001:00001048       ??_7CBulkPipe@@6B@         10002048     usbh_ehcdmdd_common_fsl_v2_pdk1_9:cpipe.obj
 0001:00001088       ??_C@_19PBJLGAMD@?$AAB?$AAu?$AAl?$AAk?$AA?$AA@ 10002088     usbh_ehcdmdd_common_fsl_v2_pdk1_9:cpipe.obj
 0001:00001098       ??_7CControlPipe@@6B@      10002098     usbh_ehcdmdd_common_fsl_v2_pdk1_9:cpipe.obj
 0001:000010d8       ??_C@_1BA@JGFNDEFA@?$AAC?$AAo?$AAn?$AAt?$AAr?$AAo?$AAl?$AA?$AA@ 100020d8     usbh_ehcdmdd_common_fsl_v2_pdk1_9:cpipe.obj
 0001:000010e8       ??_7CInterruptPipe@@6B@    100020e8     usbh_ehcdmdd_common_fsl_v2_pdk1_9:cpipe.obj
 0001:00001128       ??_C@_1BE@PBKDACKD@?$AAI?$AAn?$AAt?$AAe?$AAr?$AAr?$AAu?$AAp?$AAt?$AA?$AA@ 10002128     usbh_ehcdmdd_common_fsl_v2_pdk1_9:cpipe.obj
 0001:0000113c       ??_7CIsochronousPipe@@6B@  1000213c     usbh_ehcdmdd_common_fsl_v2_pdk1_9:cpipe.obj
 0001:00001174       ??_C@_1BI@FKFHNGHF@?$AAI?$AAs?$AAo?$AAc?$AAh?$AAr?$AAo?$AAn?$AAo?$AAu?$AAs?$AA?$AA@ 10002174     usbh_ehcdmdd_common_fsl_v2_pdk1_9:cpipe.obj
 0001:00001194       ??_7CDummyPipe@@6B@        10002194     usbh_ehcdmdd_common_fsl_v2_pdk1_9:chw.obj
 0001:000011cc       ??_C@_1M@EOJMLNDL@?$AAD?$AAu?$AAm?$AAm?$AAy?$AA?$AA@ 100021cc     usbh_ehcdmdd_common_fsl_v2_pdk1_9:chw.obj
 0001:000011d8       ??_C@_1BM@CBMLCADC@?$AAI?$AAn?$AAt?$AAT?$AAh?$AAr?$AAe?$AAs?$AAh?$AAC?$AAt?$AAr?$AAl?$AA?$AA@ 100021d8     usbh_ehcdmdd_common_fsl_v2_pdk1_9:chw.obj
 0001:000011f8       ??_7CHW@@6B@               100021f8     usbh_ehcdmdd_common_fsl_v2_pdk1_9:chw.obj
 0001:00001274       ??_C@_1BA@MLDLNLBG@?$AAU?$AAS?$AAB?$AAH?$AAo?$AAs?$AAt?$AA?$AA@ 10002274     usbh_ehcdmdd_common_fsl_v2_pdk1_9:chw.obj
 0001:00001284       ??_C@_1BA@JAHEEJIA@?$AAU?$AAS?$AAB?$AAX?$AAC?$AAV?$AAR?$AA?$AA@ 10002284     usbh_ehcdmdd_common_fsl_v2_pdk1_9:chw.obj
 0001:00001294       ??_7CTransfer@@6B@         10002294     usbh_ehcdmdd_common_fsl_v2_pdk1_9:trans.obj
 0001:000012a0       ??_7CIsochTransfer@@6B@    100022a0     usbh_ehcdmdd_common_fsl_v2_pdk1_9:trans.obj
 0001:000012bc       ??_7CITransfer@@6B@        100022bc     usbh_ehcdmdd_common_fsl_v2_pdk1_9:trans.obj
 0001:000012d8       ??_7CSITransfer@@6B@       100022d8     usbh_ehcdmdd_common_fsl_v2_pdk1_9:trans.obj
 0001:000012f4       ??_C@_1CC@NPEFILDH@?$AAP?$AAh?$AAy?$AAs?$AAi?$AAc?$AAa?$AAl?$AAP?$AAa?$AAg?$AAe?$AAS?$AAi?$AAz?$AAe?$AA?$AA@ 100022f4     usbh_ehcdpdd_common_fsl_v2_pdk1_9:system.obj
 0001:00001318       ??_C@_1BM@KKKMKIHE@?$AAH?$AAc?$AAd?$AAC?$AAa?$AAp?$AAa?$AAb?$AAi?$AAl?$AAi?$AAt?$AAy?$AA?$AA@ 10002318     usbh_ehcdpdd_common_fsl_v2_pdk1_9:system.obj
 0001:00001334       ??_C@_1BC@GDFGLIEL@?$AAO?$AAT?$AAG?$AAG?$AAr?$AAo?$AAu?$AAp?$AA?$AA@ 10002334     usbh_ehcdpdd_common_fsl_v2_pdk1_9:system.obj
 0001:00001348       ??_C@_1BG@HHFAGDDC@?$AAO?$AAT?$AAG?$AAS?$AAu?$AAp?$AAp?$AAo?$AAr?$AAt?$AA?$AA@ 10002348     usbh_ehcdpdd_common_fsl_v2_pdk1_9:system.obj
 0001:00001388       SetPHYPowerMgmt            10002388 f   i_hwinit.obj
 0001:0000138c       gfnGetOTGGroup             1000238c f   i_hwinit.obj
 0001:00001398       gfnIsOTGSupport            10002398 f   i_hwinit.obj
 0001:000013a8       BSPUsbhCheckConfigPower    100023a8 f   i_hwinit.obj
 0001:000013bc       BSPUsbCheckWakeUp          100023bc f   i_hwinit.obj
 0001:000013c4       BSPUsbHostLowPowerModeEnable 100023c4 f   i_hwinit.obj
 0001:000013cc       BSPNeedCloseVBus           100023cc f   i_hwinit.obj
 0001:000013d4       IsLowPowerSameAsSuspend    100023d4 f   i_hwinit.obj
 0001:000013dc       BSPGetUSBControllerType    100023dc f   i_hwinit.obj
 0001:000014e8       BSPUsbSetWakeUp            100024e8 f   i_hwinit.obj
 0001:00001558       BSPUSBHostVbusControl      10002558 f   i_hwinit.obj
 0001:00001594       InitializeTransceiver      10002594 f   i_hwinit.obj
 0001:000018c0       USBClockGatingLock         100028c0 f   i_usbclock.obj
 0001:000018fc       BSPUSBClockCreateFileMapping 100028fc f   i_usbclock.obj
 0001:000019c4       BSPUSBClockSwitch          100029c4 f   i_usbclock.obj
 0001:00001a24       USBClockInit               10002a24 f   i_usbclock.obj
 0001:00001aa8       PowerDownSchemeExist       10002aa8 f   i_usbutils.obj
 0001:00001ab0       BSPUsbConfigurePhyWakeup   10002ab0 f   i_usbutils.obj
 0001:00001d9c       BSPUsbPhyEnterLowPowerMode 10002d9c f   i_usbutils.obj
 0001:00001e7c       BSPUsbSetBusConfig         10002e7c f   i_usbutils.obj
 0001:00001e88       BSPUSBInterruptControl     10002e88 f   i_usbutils.obj
 0001:00001ed0       BSPUsbPhyStartUp           10002ed0 f   i_usbutils.obj
 0001:00002004       BSPUsbPhyExit              10003004 f   i_usbutils.obj
 0001:00002008       BSPUSBSwitchModulePower    10003008 f   i_usbutils.obj
 0001:0000200c       BSPHostDisconDetect        1000300c f   i_usbutils.obj
 0001:00002110       BSPUsbhPutPhySuspend       10003110 f   i_usbutils.obj
 0001:00002288       BSPUsbhCheckPhyResume      10003288 f   i_usbutils.obj
 0001:000023b0       IsResetNeed                100033b0 f   i_usbutils.obj
 0001:000023b8       DllMain                    100033b8 f   usbh_usb2com_common_fsl_v2_pdk1_9:hcddrv.obj
 0001:00002414       HcdGetFrameNumber          10003414 f   usbh_usb2com_common_fsl_v2_pdk1_9:hcddrv.obj
 0001:00002430       HcdGetFrameLength          10003430 f   usbh_usb2com_common_fsl_v2_pdk1_9:hcddrv.obj
 0001:0000244c       HcdSetFrameLength          1000344c f   usbh_usb2com_common_fsl_v2_pdk1_9:hcddrv.obj
 0001:00002468       HcdStopAdjustingFrame      10003468 f   usbh_usb2com_common_fsl_v2_pdk1_9:hcddrv.obj
 0001:00002484       HcdOpenPipe                10003484 f   usbh_usb2com_common_fsl_v2_pdk1_9:hcddrv.obj
 0001:00002494       HcdClosePipe               10003494 f   usbh_usb2com_common_fsl_v2_pdk1_9:hcddrv.obj
 0001:000024a4       HcdResetPipe               100034a4 f   usbh_usb2com_common_fsl_v2_pdk1_9:hcddrv.obj
 0001:000024b4       HcdIsPipeHalted            100034b4 f   usbh_usb2com_common_fsl_v2_pdk1_9:hcddrv.obj
 0001:000024c4       HcdIssueTransfer           100034c4 f   usbh_usb2com_common_fsl_v2_pdk1_9:hcddrv.obj
 0001:00002574       HcdAbortTransfer           10003574 f   usbh_usb2com_common_fsl_v2_pdk1_9:hcddrv.obj
 0001:0000259c       HcdDisableDevice           1000359c f   usbh_usb2com_common_fsl_v2_pdk1_9:hcddrv.obj
 0001:000025b8       HcdSuspendResume           100035b8 f   usbh_usb2com_common_fsl_v2_pdk1_9:hcddrv.obj
 0001:000025d4       HcdMdd_CreateHcdObject_Customized 100035d4 f   usbh_usb2com_common_fsl_v2_pdk1_9:hcddrv.obj
 0001:00002640       HcdMdd_DestroyHcdObject    10003640 f   usbh_usb2com_common_fsl_v2_pdk1_9:hcddrv.obj
 0001:00002668       HcdMdd_DestroyMemoryObject 10003668 f   usbh_usb2com_common_fsl_v2_pdk1_9:hcddrv.obj
 0001:00002690       HcdMdd_PowerUp             10003690 f   usbh_usb2com_common_fsl_v2_pdk1_9:hcddrv.obj
 0001:000026b4       HcdMdd_PowerDown           100036b4 f   usbh_usb2com_common_fsl_v2_pdk1_9:hcddrv.obj
 0001:000026d8       HcdMdd_SetCapability       100036d8 f   usbh_usb2com_common_fsl_v2_pdk1_9:hcddrv.obj
 0001:000026f4       HcdMdd_SetSubHubTestMode   100036f4 f   usbh_usb2com_common_fsl_v2_pdk1_9:hcddrv.obj
 0001:00002758       HCD_Init                   10003758 f   usbh_usb2com_common_fsl_v2_pdk1_9:hcddrv.obj
 0001:0000289c       HCD_PowerUp                1000389c f   usbh_usb2com_common_fsl_v2_pdk1_9:hcddrv.obj
 0001:000028ac       HCD_PowerDown              100038ac f   usbh_usb2com_common_fsl_v2_pdk1_9:hcddrv.obj
 0001:000028bc       HCD_Deinit                 100038bc f   usbh_usb2com_common_fsl_v2_pdk1_9:hcddrv.obj
 0001:000028cc       HCD_Open                   100038cc f   usbh_usb2com_common_fsl_v2_pdk1_9:hcddrv.obj
 0001:000028dc       HCD_Close                  100038dc f   usbh_usb2com_common_fsl_v2_pdk1_9:hcddrv.obj
 0001:000028ec       HCD_Read                   100038ec f   usbh_usb2com_common_fsl_v2_pdk1_9:hcddrv.obj
 0001:000028fc       HCD_Write                  100038fc f   usbh_usb2com_common_fsl_v2_pdk1_9:hcddrv.obj
 0001:0000290c       HCD_Seek                   1000390c f   usbh_usb2com_common_fsl_v2_pdk1_9:hcddrv.obj
 0001:0000291c       HCD_IOControl              1000391c f   usbh_usb2com_common_fsl_v2_pdk1_9:hcddrv.obj
 0001:0000294c       HcdMdd_CreateMemoryObject  1000394c f   usbh_usb2com_common_fsl_v2_pdk1_9:hcddrv.obj
 0001:000029cc       ??0CHcd@@QAA@XZ            100039cc f   usbh_usb2com_common_fsl_v2_pdk1_9:hcd.obj
 0001:00002a04       ?WaitForPortStatusChange@CHcd@@UAAHPAX@Z 10003a04 f i usbh_usb2com_common_fsl_v2_pdk1_9:hcd.obj
 0001:00002a0c       ?SuspendHC@CHcd@@UAAHXZ    10003a0c f i usbh_usb2com_common_fsl_v2_pdk1_9:hcd.obj
 0001:00002a14       ?ResumeNotification@CHcd@@MAAHXZ 10003a14 f i usbh_usb2com_common_fsl_v2_pdk1_9:hcd.obj
 0001:00002a64       ??1CHcd@@UAA@XZ            10003a64 f   usbh_usb2com_common_fsl_v2_pdk1_9:hcd.obj
 0001:00002ae4       ?SetRootHub@CHcd@@QAAPAVCRootHub@@PAV2@@Z 10003ae4 f   usbh_usb2com_common_fsl_v2_pdk1_9:hcd.obj
 0001:00002b14       ?OpenPipe@CHcd@@QAAHIPBU_USB_ENDPOINT_DESCRIPTOR@@PAI@Z 10003b14 f   usbh_usb2com_common_fsl_v2_pdk1_9:hcd.obj
 0001:00002ba4       ?ClosePipe@CHcd@@QAAHII@Z  10003ba4 f   usbh_usb2com_common_fsl_v2_pdk1_9:hcd.obj
 0001:00002c04       ?IssueTransfer@CHcd@@QAAHIIP6AKPAX@Z0KPBXKKPBKK0K2PAK4PAH44@Z 10003c04 f   usbh_usb2com_common_fsl_v2_pdk1_9:hcd.obj
 0001:00002d00       ?AbortTransfer@CHcd@@QAAHIIP6AKPAX@Z0PBX@Z 10003d00 f   usbh_usb2com_common_fsl_v2_pdk1_9:hcd.obj
 0001:00002d80       ?IsPipeHalted@CHcd@@QAAHIIPAH@Z 10003d80 f   usbh_usb2com_common_fsl_v2_pdk1_9:hcd.obj
 0001:00002df0       ?ResetPipe@CHcd@@QAAHII@Z  10003df0 f   usbh_usb2com_common_fsl_v2_pdk1_9:hcd.obj
 0001:00002e50       ?DisableDevice@CHcd@@UAAHIH@Z 10003e50 f   usbh_usb2com_common_fsl_v2_pdk1_9:hcd.obj
 0001:00002eb0       ?SuspendResume@CHcd@@UAAHIH@Z 10003eb0 f   usbh_usb2com_common_fsl_v2_pdk1_9:hcd.obj
 0001:00002f10       ??_GCHcd@@UAAPAXI@Z        10003f10 f i usbh_usb2com_common_fsl_v2_pdk1_9:hcd.obj
 0001:00002f10       ??_ECHcd@@UAAPAXI@Z        10003f10 f i usbh_usb2com_common_fsl_v2_pdk1_9:hcd.obj
 0001:00002f38       ?CreateNewNode@CPhysMem@@AAAPAUtMEMLIST@@KKK@Z 10003f38 f   usbh_usb2com_common_fsl_v2_pdk1_9:cphysmem.obj
 0001:00002fb8       ?FindFreeBlock@CPhysMem@@AAAPAUtMEMLIST@@KH@Z 10003fb8 f   usbh_usb2com_common_fsl_v2_pdk1_9:cphysmem.obj
 0001:0000302c       ?AddNodeToFreeList@CPhysMem@@AAAHPAUtMEMLIST@@H@Z 1000402c f   usbh_usb2com_common_fsl_v2_pdk1_9:cphysmem.obj
 0001:000031c4       ?FreeList@CPhysMem@@AAAHPAPAUtMEMLIST@@@Z 100041c4 f   usbh_usb2com_common_fsl_v2_pdk1_9:cphysmem.obj
 0001:00003214       ?AllocateSpecialMemory@CPhysMem@@QAAHKQAPAE@Z 10004214 f   usbh_usb2com_common_fsl_v2_pdk1_9:cphysmem.obj
 0001:00003234       ?FreeSpecialMemory@CPhysMem@@QAAXQAE@Z 10004234 f   usbh_usb2com_common_fsl_v2_pdk1_9:cphysmem.obj
 0001:00003240       ?AllocateMemory@CPhysMem@@QAAHKQAPAEKPAH@Z 10004240 f   usbh_usb2com_common_fsl_v2_pdk1_9:cphysmem.obj
 0001:000033ac       ?FreeMemory@CPhysMem@@QAAXQAEKK@Z 100043ac f   usbh_usb2com_common_fsl_v2_pdk1_9:cphysmem.obj
 0001:00003494       ?ReInit@CPhysMem@@QAAXXZ   10004494 f   usbh_usb2com_common_fsl_v2_pdk1_9:cphysmem.obj
 0001:00003638       ??1CPhysMem@@QAA@XZ        10004638 f   usbh_usb2com_common_fsl_v2_pdk1_9:cphysmem.obj
 0001:000036a4       ??0CPhysMem@@QAA@KKPAE0@Z  100046a4 f   usbh_usb2com_common_fsl_v2_pdk1_9:cphysmem.obj
 0001:00003814       ?WaitForAPIReadyWrapper@@YAKKK@Z 10004814 f i usbh_usb2com_common_fsl_v2_pdk1_9:cdevice.obj
 0001:00003888       ?CeCallUserProcWrapper@@YAHPBG0PAXK1KPAK@Z 10004888 f i usbh_usb2com_common_fsl_v2_pdk1_9:cdevice.obj
 0001:0000392c       ??0CDeviceGlobal@@QAA@XZ   1000492c f   usbh_usb2com_common_fsl_v2_pdk1_9:cdevice.obj
 0001:00003990       ?Initialize@CDeviceGlobal@@QAAHPAX@Z 10004990 f   usbh_usb2com_common_fsl_v2_pdk1_9:cdevice.obj
 0001:00003a7c       ?DeInitialize@CDeviceGlobal@@UAAXXZ 10004a7c f   usbh_usb2com_common_fsl_v2_pdk1_9:cdevice.obj
 0001:00003af4       ?ReserveAddress@CDeviceGlobal@@QAAHAAE@Z 10004af4 f   usbh_usb2com_common_fsl_v2_pdk1_9:cdevice.obj
 0001:00003b7c       ?FreeAddress@CDeviceGlobal@@QAAXE@Z 10004b7c f   usbh_usb2com_common_fsl_v2_pdk1_9:cdevice.obj
 0001:00003bc0       ?TransferDoneCallbackSetEvent@CDevice@@KAKPAX@Z 10004bc0 f   usbh_usb2com_common_fsl_v2_pdk1_9:cdevice.obj
 0001:00003bd8       ??0CDevice@@QAA@EABU_USB_DEVICE_INFO@@HHEQAVCDeviceGlobal@@QAVCHub@@E@Z 10004bd8 f   usbh_usb2com_common_fsl_v2_pdk1_9:cdevice.obj
 0001:00003c5c       ?ResumeNotification@CDevice@@UAAHXZ 10004c5c f i usbh_usb2com_common_fsl_v2_pdk1_9:cdevice.obj
 0001:00003c64       ?GetUSB2TT@CDevice@@UAAPAVCHub@@PAE0@Z 10004c64 f   usbh_usb2com_common_fsl_v2_pdk1_9:cdevice.obj
 0001:00003cd4       ?DeleteUsbConfigurationStructure@CDevice@@QBAXAAU_NON_CONST_USB_CONFIGURATION@@@Z 10004cd4 f   usbh_usb2com_common_fsl_v2_pdk1_9:cdevice.obj
 0001:00003d84       ?AllocatePipeArray@CDevice@@IAAHXZ 10004d84 f   usbh_usb2com_common_fsl_v2_pdk1_9:cdevice.obj
 0001:00003e50       ?SubHubTestModeEnable@CHub@@UAAHGG@Z 10004e50 f   usbh_usb2com_common_fsl_v2_pdk1_9:cdevice.obj
 0001:00003e58       ?DisableDevice@CDevice@@UAA?AW4HCD_REQUEST_STATUS@@IH@Z 10004e58 f   usbh_usb2com_common_fsl_v2_pdk1_9:cdevice.obj
 0001:00003e90       ?SuspendResume@CDevice@@UAA?AW4HCD_REQUEST_STATUS@@IH@Z 10004e90 f   usbh_usb2com_common_fsl_v2_pdk1_9:cdevice.obj
 0001:00003ef8       ?MessageBoxSpecial@CHub@@QAAHPAUHWND__@@PBGI@Z 10004ef8 f   usbh_usb2com_common_fsl_v2_pdk1_9:cdevice.obj
 0001:00003fc8       ?GetDescriptor@CHub@@IAAHQAVCPipeAbs@@EEEGPAX@Z 10004fc8 f   usbh_usb2com_common_fsl_v2_pdk1_9:cdevice.obj
 0001:00004158       ?DetachDownstreamDeviceThread@CHub@@IAAKXZ 10005158 f   usbh_usb2com_common_fsl_v2_pdk1_9:cdevice.obj
 0001:000041bc       ?AllocateDeviceArray@CHub@@IAAHXZ 100051bc f   usbh_usb2com_common_fsl_v2_pdk1_9:cdevice.obj
 0001:00004294       ?HandleDetach@CHub@@UAAXXZ 10005294 f   usbh_usb2com_common_fsl_v2_pdk1_9:cdevice.obj
 0001:00004424       ?OpenPipe@CHub@@UAA?AW4HCD_REQUEST_STATUS@@IQBU_USB_ENDPOINT_DESCRIPTOR@@QAI@Z 10005424 f   usbh_usb2com_common_fsl_v2_pdk1_9:cdevice.obj
 0001:000044b8       ?ClosePipe@CHub@@UAA?AW4HCD_REQUEST_STATUS@@II@Z 100054b8 f   usbh_usb2com_common_fsl_v2_pdk1_9:cdevice.obj
 0001:00004544       ?IssueTransfer@CHub@@UAA?AW4HCD_REQUEST_STATUS@@IIQ6AKPAX@ZQAXKQBXKKQBKK2K3QAK5QAH55@Z 10005544 f   usbh_usb2com_common_fsl_v2_pdk1_9:cdevice.obj
 0001:0000465c       ?AbortTransfer@CHub@@UAA?AW4HCD_REQUEST_STATUS@@IIQ6AKPAX@ZQAXQBX@Z 1000565c f   usbh_usb2com_common_fsl_v2_pdk1_9:cdevice.obj
 0001:00004708       ?IsPipeHalted@CHub@@UAA?AW4HCD_REQUEST_STATUS@@IIQAH@Z 10005708 f   usbh_usb2com_common_fsl_v2_pdk1_9:cdevice.obj
 0001:0000479c       ?ResetPipe@CHub@@UAA?AW4HCD_REQUEST_STATUS@@II@Z 1000579c f   usbh_usb2com_common_fsl_v2_pdk1_9:cdevice.obj
 0001:00004828       ?DisableDevice@CHub@@UAA?AW4HCD_REQUEST_STATUS@@IH@Z 10005828 f   usbh_usb2com_common_fsl_v2_pdk1_9:cdevice.obj
 0001:00004878       ?SuspendResume@CHub@@UAA?AW4HCD_REQUEST_STATUS@@IH@Z 10005878 f   usbh_usb2com_common_fsl_v2_pdk1_9:cdevice.obj
 0001:00004918       ?SuspendResumeOffStreamDevice@CHub@@UAAHIH@Z 10005918 f   usbh_usb2com_common_fsl_v2_pdk1_9:cdevice.obj
 0001:00004a74       ?PowerAllHubPorts@CRootHub@@EAAHXZ 10005a74 f   usbh_usb2com_common_fsl_v2_pdk1_9:cdevice.obj
 0001:00004a7c       ?WaitForPortStatusChange@CRootHub@@EAAHAAEAAU_USB_HUB_AND_PORT_STATUS@@PAK@Z 10005a7c f   usbh_usb2com_common_fsl_v2_pdk1_9:cdevice.obj
 0001:00004d30       ?GetStatus@CRootHub@@EAAHEAAU_USB_HUB_AND_PORT_STATUS@@PAK@Z 10005d30 f   usbh_usb2com_common_fsl_v2_pdk1_9:cdevice.obj
 0001:00004d50       ?ResetAndEnablePort@CRootHub@@EAAHE@Z 10005d50 f   usbh_usb2com_common_fsl_v2_pdk1_9:cdevice.obj
 0001:00004d70       ?DisablePort@CRootHub@@EAAXE@Z 10005d70 f   usbh_usb2com_common_fsl_v2_pdk1_9:cdevice.obj
 0001:00004d90       ?SetOrClearFeature@CRootHub@@EAAHGEG@Z 10005d90 f   usbh_usb2com_common_fsl_v2_pdk1_9:cdevice.obj
 0001:00004db4       ?SetOrClearRemoteWakup@CRootHub@@EAAHH@Z 10005db4 f   usbh_usb2com_common_fsl_v2_pdk1_9:cdevice.obj
 0001:00004dbc       ?SubHubTestModeEnable@CRootHub@@UAAHGG@Z 10005dbc f   usbh_usb2com_common_fsl_v2_pdk1_9:cdevice.obj
 0001:00004eb4       ?SubHubTestModeEnable@CExternalHub@@UAAHGG@Z 10005eb4 f   usbh_usb2com_common_fsl_v2_pdk1_9:cdevice.obj
 0001:00005070       ?PowerAllHubPorts@CExternalHub@@EAAHXZ 10006070 f   usbh_usb2com_common_fsl_v2_pdk1_9:cdevice.obj
 0001:00005154       ?GetStatusChangeBitmap@CExternalHub@@AAAHAAK@Z 10006154 f   usbh_usb2com_common_fsl_v2_pdk1_9:cdevice.obj
 0001:000052c8       ?WaitForPortStatusChange@CExternalHub@@EAAHAAEAAU_USB_HUB_AND_PORT_STATUS@@PAK@Z 100062c8 f   usbh_usb2com_common_fsl_v2_pdk1_9:cdevice.obj
 0001:000053f8       ?GetStatus@CExternalHub@@EAAHEAAU_USB_HUB_AND_PORT_STATUS@@PAK@Z 100063f8 f   usbh_usb2com_common_fsl_v2_pdk1_9:cdevice.obj
 0001:00005550       ?ResetAndEnablePort@CExternalHub@@EAAHE@Z 10006550 f   usbh_usb2com_common_fsl_v2_pdk1_9:cdevice.obj
 0001:0000568c       ?DisablePort@CExternalHub@@EAAXE@Z 1000668c f   usbh_usb2com_common_fsl_v2_pdk1_9:cdevice.obj
 0001:000056c4       ?SetOrClearFeature@CExternalHub@@EAAHGEG@Z 100066c4 f   usbh_usb2com_common_fsl_v2_pdk1_9:cdevice.obj
 0001:00005818       ?SetOrClearRemoteWakup@CExternalHub@@EAAHH@Z 10006818 f   usbh_usb2com_common_fsl_v2_pdk1_9:cdevice.obj
 0001:0000596c       ?EnterOperationalState@CFunction@@UAAHQAVCPipeAbs@@@Z 1000696c f   usbh_usb2com_common_fsl_v2_pdk1_9:cdevice.obj
 0001:00005a78       ?OpenPipe@CFunction@@UAA?AW4HCD_REQUEST_STATUS@@IQBU_USB_ENDPOINT_DESCRIPTOR@@QAI@Z 10006a78 f   usbh_usb2com_common_fsl_v2_pdk1_9:cdevice.obj
 0001:00005d70       ?ClosePipe@CFunction@@UAA?AW4HCD_REQUEST_STATUS@@II@Z 10006d70 f   usbh_usb2com_common_fsl_v2_pdk1_9:cdevice.obj
 0001:00005e10       ?IssueTransfer@CFunction@@UAA?AW4HCD_REQUEST_STATUS@@IIQ6AKPAX@ZQAXKQBXKKQBKK2K3QAK5QAH55@Z 10006e10 f   usbh_usb2com_common_fsl_v2_pdk1_9:cdevice.obj
 0001:00005f34       ?AbortTransfer@CFunction@@UAA?AW4HCD_REQUEST_STATUS@@IIQ6AKPAX@ZQAXQBX@Z 10006f34 f   usbh_usb2com_common_fsl_v2_pdk1_9:cdevice.obj
 0001:00005fb8       ?IsPipeHalted@CFunction@@UAA?AW4HCD_REQUEST_STATUS@@IIQAH@Z 10006fb8 f   usbh_usb2com_common_fsl_v2_pdk1_9:cdevice.obj
 0001:00006048       ?HandleDetach@CFunction@@EAAXXZ 10007048 f   usbh_usb2com_common_fsl_v2_pdk1_9:cdevice.obj
 0001:000061ec       ?SetOrClearFeature@CFunction@@AAAHEGEG@Z 100071ec f   usbh_usb2com_common_fsl_v2_pdk1_9:cdevice.obj
 0001:0000631c       ??1CDeviceGlobal@@UAA@XZ   1000731c f   usbh_usb2com_common_fsl_v2_pdk1_9:cdevice.obj
 0001:00006354       ??1CDevice@@UAA@XZ         10007354 f   usbh_usb2com_common_fsl_v2_pdk1_9:cdevice.obj
 0001:000063ec       ?CreateUsbConfigurationStructure@CDevice@@QBAHAAU_NON_CONST_USB_CONFIGURATION@@QAEI@Z 100073ec f   usbh_usb2com_common_fsl_v2_pdk1_9:cdevice.obj
 0001:00006768       ??0CHub@@QAA@EABU_USB_DEVICE_INFO@@HHEABU_USB_HUB_DESCRIPTOR@@QAVCHcd@@QAV0@E@Z 10007768 f   usbh_usb2com_common_fsl_v2_pdk1_9:cdevice.obj
 0001:00006898       ?ResumeNotification@CHub@@UAAHXZ 10007898 f i usbh_usb2com_common_fsl_v2_pdk1_9:cdevice.obj
 0001:000068bc       ??1CHub@@UAA@XZ            100078bc f   usbh_usb2com_common_fsl_v2_pdk1_9:cdevice.obj
 0001:0000694c       ?DetachDownstreamDeviceThreadStub@CHub@@KAKPAX@Z 1000794c f   usbh_usb2com_common_fsl_v2_pdk1_9:cdevice.obj
 0001:0000695c       ?DetachDevice@CHub@@IAAXE@Z 1000795c f   usbh_usb2com_common_fsl_v2_pdk1_9:cdevice.obj
 0001:00006ad4       ??0CRootHub@@QAA@ABU_USB_DEVICE_INFO@@HHABU_USB_HUB_DESCRIPTOR@@QAVCHcd@@@Z 10007ad4 f   usbh_usb2com_common_fsl_v2_pdk1_9:cdevice.obj
 0001:00006b34       ?GetDeviceTypeInt@CRootHub@@EBA?BKXZ 10007b34 f i usbh_usb2com_common_fsl_v2_pdk1_9:cdevice.obj
 0001:00006b3c       ??0CExternalHub@@QAA@EABU_USB_DEVICE_INFO@@HHEABU_USB_HUB_DESCRIPTOR@@QAVCHcd@@QAVCHub@@E@Z 10007b3c f   usbh_usb2com_common_fsl_v2_pdk1_9:cdevice.obj
 0001:00006b98       ?GetDeviceTypeInt@CExternalHub@@EBA?BKXZ 10007b98 f i usbh_usb2com_common_fsl_v2_pdk1_9:cdevice.obj
 0001:00006ba0       ??0CFunction@@QAA@EABU_USB_DEVICE_INFO@@HHEQAVCHcd@@QAVCHub@@E@Z 10007ba0 f   usbh_usb2com_common_fsl_v2_pdk1_9:cdevice.obj
 0001:00006c08       ?GetDeviceTypeInt@CFunction@@EBA?BKXZ 10007c08 f i usbh_usb2com_common_fsl_v2_pdk1_9:cdevice.obj
 0001:00006c10       ?ResetPipe@CFunction@@UAA?AW4HCD_REQUEST_STATUS@@II@Z 10007c10 f   usbh_usb2com_common_fsl_v2_pdk1_9:cdevice.obj
 0001:00006cc8       ??_ECDeviceGlobal@@UAAPAXI@Z 10007cc8 f i usbh_usb2com_common_fsl_v2_pdk1_9:cdevice.obj
 0001:00006cc8       ??_GCDeviceGlobal@@UAAPAXI@Z 10007cc8 f i usbh_usb2com_common_fsl_v2_pdk1_9:cdevice.obj
 0001:00006cf0       ??_ECDevice@@UAAPAXI@Z     10007cf0 f i usbh_usb2com_common_fsl_v2_pdk1_9:cdevice.obj
 0001:00006cf0       ??_GCDevice@@UAAPAXI@Z     10007cf0 f i usbh_usb2com_common_fsl_v2_pdk1_9:cdevice.obj
 0001:00006d18       ??_GCHub@@UAAPAXI@Z        10007d18 f i usbh_usb2com_common_fsl_v2_pdk1_9:cdevice.obj
 0001:00006d18       ??_ECHub@@UAAPAXI@Z        10007d18 f i usbh_usb2com_common_fsl_v2_pdk1_9:cdevice.obj
 0001:00006d48       ?AttachDevice@CHub@@IAAXEHH@Z 10007d48 f   usbh_usb2com_common_fsl_v2_pdk1_9:cdevice.obj
 0001:00007a84       ?DisableOffStreamDevice@CHub@@UAAHIH@Z 10008a84 f   usbh_usb2com_common_fsl_v2_pdk1_9:cdevice.obj
 0001:00007b68       ??_ECRootHub@@UAAPAXI@Z    10008b68 f i usbh_usb2com_common_fsl_v2_pdk1_9:cdevice.obj
 0001:00007b68       ??_GCRootHub@@UAAPAXI@Z    10008b68 f i usbh_usb2com_common_fsl_v2_pdk1_9:cdevice.obj
 0001:00007b9c       ??_ECExternalHub@@UAAPAXI@Z 10008b9c f i usbh_usb2com_common_fsl_v2_pdk1_9:cdevice.obj
 0001:00007b9c       ??_GCExternalHub@@UAAPAXI@Z 10008b9c f i usbh_usb2com_common_fsl_v2_pdk1_9:cdevice.obj
 0001:00007bd0       ??_GCFunction@@UAAPAXI@Z   10008bd0 f i usbh_usb2com_common_fsl_v2_pdk1_9:cdevice.obj
 0001:00007bd0       ??_ECFunction@@UAAPAXI@Z   10008bd0 f i usbh_usb2com_common_fsl_v2_pdk1_9:cdevice.obj
 0001:00007c04       ?HubStatusChangeThread@CHub@@AAAKXZ 10008c04 f   usbh_usb2com_common_fsl_v2_pdk1_9:cdevice.obj
 0001:000081b8       ?HubStatusChangeThreadStub@CHub@@KAKPAX@Z 100091b8 f   usbh_usb2com_common_fsl_v2_pdk1_9:cdevice.obj
 0001:000081c8       ?EnterOperationalState@CRootHub@@UAAHQAVCPipeAbs@@@Z 100091c8 f   usbh_usb2com_common_fsl_v2_pdk1_9:cdevice.obj
 0001:0000828c       ?EnterOperationalState@CExternalHub@@UAAHQAVCPipeAbs@@@Z 1000928c f   usbh_usb2com_common_fsl_v2_pdk1_9:cdevice.obj
 0001:00008444       ?EnterCritSec_Ex@CritSec_Ex@@QAA?AW4e_CritSec_Status@@K@Z 10009444 f   usbh_usb2com_common_fsl_v2_pdk1_9:sync.obj
 0001:00008568       ?LeaveCritSec_Ex@CritSec_Ex@@QAAXXZ 10009568 f   usbh_usb2com_common_fsl_v2_pdk1_9:sync.obj
 0001:000085a8       ?Initialize@CritSec_Ex@@QAAXXZ 100095a8 f   usbh_usb2com_common_fsl_v2_pdk1_9:sync.obj
 0001:000085dc       ?PrepareDeleteCritSec_Ex@CritSec_Ex@@QAAXXZ 100095dc f   usbh_usb2com_common_fsl_v2_pdk1_9:sync.obj
 0001:0000862c       ??1CritSec_Ex@@QAA@XZ      1000962c f   usbh_usb2com_common_fsl_v2_pdk1_9:sync.obj
 0001:00008698       ??0Countdown@@QAA@K@Z      10009698 f   usbh_usb2com_common_fsl_v2_pdk1_9:sync.obj
 0001:000086e4       ?IncrCountdown@Countdown@@QAAHXZ 100096e4 f   usbh_usb2com_common_fsl_v2_pdk1_9:sync.obj
 0001:00008734       ?DecrCountdown@Countdown@@QAAXXZ 10009734 f   usbh_usb2com_common_fsl_v2_pdk1_9:sync.obj
 0001:00008768       ?WaitForCountdown@Countdown@@QAAXH@Z 10009768 f   usbh_usb2com_common_fsl_v2_pdk1_9:sync.obj
 0001:000087a0       ??1Countdown@@QAA@XZ       100097a0 f   usbh_usb2com_common_fsl_v2_pdk1_9:sync.obj
 0001:000087c8       ??0CritSec_Ex@@QAA@XZ      100097c8 f   usbh_usb2com_common_fsl_v2_pdk1_9:sync.obj
 0001:0000881c       ??0CEhcd@@QAA@PAXPAVCPhysMem@@PBGRAEKK@Z 1000981c f   usbh_ehcdmdd_common_fsl_v2_pdk1_9:cehcd.obj
 0001:00008880       ?SignalCheckForDoneTransfers@CHW@@UAAXXZ 10009880 f i usbh_ehcdmdd_common_fsl_v2_pdk1_9:cehcd.obj
 0001:00008894       ?GetForceReAttach@CHW@@UAAKXZ 10009894 f i usbh_ehcdmdd_common_fsl_v2_pdk1_9:cehcd.obj
 0001:0000889c       ?SetForceReAttach@CHW@@UAAXK@Z 1000989c f i usbh_ehcdmdd_common_fsl_v2_pdk1_9:cehcd.obj
 0001:000088a4       ?GetBaseMem@CHW@@UAAPAEXZ  100098a4 f i usbh_ehcdmdd_common_fsl_v2_pdk1_9:cehcd.obj
 0001:000088b4       ?GetCapability@CHW@@UAAKXZ 100098b4 f i usbh_ehcdmdd_common_fsl_v2_pdk1_9:cehcd.obj
 0001:000088bc       ?SignalHubStatusChange@CHW@@UAAXXZ 100098bc f i usbh_ehcdmdd_common_fsl_v2_pdk1_9:cehcd.obj
 0001:000088dc       ?AddedTt@CEhcd@@UAAHEE@Z   100098dc f i usbh_ehcdmdd_common_fsl_v2_pdk1_9:cehcd.obj
 0001:000088f0       ?DeleteTt@CEhcd@@UAAHEE@Z  100098f0 f i usbh_ehcdmdd_common_fsl_v2_pdk1_9:cehcd.obj
 0001:00008904       ??1CEhcd@@UAA@XZ           10009904 f   usbh_ehcdmdd_common_fsl_v2_pdk1_9:cehcd.obj
 0001:00008974       ?DeviceDeInitialize@CEhcd@@UAAXXZ 10009974 f   usbh_ehcdmdd_common_fsl_v2_pdk1_9:cehcd.obj
 0001:000089e0       ?DeviceInitialize@CEhcd@@UAAHXZ 100099e0 f   usbh_ehcdmdd_common_fsl_v2_pdk1_9:cehcd.obj
 0001:00008b68       ?CreateHCDObject@@YAPAVCHcd@@PAXPAVCPhysMem@@KPBGRAEK@Z 10009b68 f   usbh_ehcdmdd_common_fsl_v2_pdk1_9:cehcd.obj
 0001:00008bc8       ??_GCEhcd@@UAAPAXI@Z       10009bc8 f i usbh_ehcdmdd_common_fsl_v2_pdk1_9:cehcd.obj
 0001:00008bc8       ??_ECEhcd@@UAAPAXI@Z       10009bc8 f i usbh_ehcdmdd_common_fsl_v2_pdk1_9:cehcd.obj
 0001:00008bf0       ??0CQTransfer@@QAA@QAVCPipe@@QAVCPhysMem@@PAUSTRANSFER@@@Z 10009bf0 f i usbh_ehcdmdd_common_fsl_v2_pdk1_9:cpipe.obj
 0001:00008c1c       ??_ECQTransfer@@UAAPAXI@Z  10009c1c f i usbh_ehcdmdd_common_fsl_v2_pdk1_9:cpipe.obj
 0001:00008c1c       ??_GCQTransfer@@UAAPAXI@Z  10009c1c f i usbh_ehcdmdd_common_fsl_v2_pdk1_9:cpipe.obj
 0001:00008c44       ?ChangeMaxPacketSize@CPipeAbs@@UAAXG@Z 10009c44 f i usbh_ehcdmdd_common_fsl_v2_pdk1_9:cpipe.obj
 0001:00008c48       ??_GCPipeAbs@@UAAPAXI@Z    10009c48 f i usbh_ehcdmdd_common_fsl_v2_pdk1_9:cpipe.obj
 0001:00008c48       ??_ECPipeAbs@@UAAPAXI@Z    10009c48 f i usbh_ehcdmdd_common_fsl_v2_pdk1_9:cpipe.obj
 0001:00008c70       ??0CPipe@@QAA@QBU_USB_ENDPOINT_DESCRIPTOR@@HHEEEQAVCEhcd@@@Z 10009c70 f   usbh_ehcdmdd_common_fsl_v2_pdk1_9:cpipe.obj
 0001:00008d08       ??1CPipe@@UAA@XZ           10009d08 f   usbh_ehcdmdd_common_fsl_v2_pdk1_9:cpipe.obj
 0001:00008d34       ?GetCPhysMem@CPipe@@UAAPAVCPhysMem@@XZ 10009d34 f   usbh_ehcdmdd_common_fsl_v2_pdk1_9:cpipe.obj
 0001:00008d40       ?IsPipeHalted@CPipe@@UAA?AW4HCD_REQUEST_STATUS@@QAH@Z 10009d40 f   usbh_ehcdmdd_common_fsl_v2_pdk1_9:cpipe.obj
 0001:00008d74       ?ClearHaltedFlag@CPipe@@UAAXXZ 10009d74 f   usbh_ehcdmdd_common_fsl_v2_pdk1_9:cpipe.obj
 0001:00008d9c       ??0CQueuedPipe@@QAA@QBU_USB_ENDPOINT_DESCRIPTOR@@HHEEEQAVCEhcd@@@Z 10009d9c f   usbh_ehcdmdd_common_fsl_v2_pdk1_9:cpipe.obj
 0001:00008df8       ??1CQueuedPipe@@UAA@XZ     10009df8 f   usbh_ehcdmdd_common_fsl_v2_pdk1_9:cpipe.obj
 0001:00008e48       ?ClearHaltedFlag@CQueuedPipe@@UAAXXZ 10009e48 f   usbh_ehcdmdd_common_fsl_v2_pdk1_9:cpipe.obj
 0001:00008e88       ?IssueTransfer@CQueuedPipe@@UAA?AW4HCD_REQUEST_STATUS@@EQ6AKPAX@ZQAXKQBXKKQBKK2K3QAK5QAH55@Z 10009e88 f   usbh_ehcdmdd_common_fsl_v2_pdk1_9:cpipe.obj
 0001:000090b0       ??0CBulkPipe@@QAA@QBU_USB_ENDPOINT_DESCRIPTOR@@HHEEEQAVCEhcd@@@Z 1000a0b0 f   usbh_ehcdmdd_common_fsl_v2_pdk1_9:cpipe.obj
 0001:000090fc       ?GetPipeType@CBulkPipe@@UBAPBGXZ 1000a0fc f i usbh_ehcdmdd_common_fsl_v2_pdk1_9:cpipe.obj
 0001:00009108       ?RemoveQHeadFromQueue@CBulkPipe@@MAAHXZ 1000a108 f   usbh_ehcdmdd_common_fsl_v2_pdk1_9:cpipe.obj
 0001:00009130       ?InsertQHeadToQueue@CBulkPipe@@MAAHXZ 1000a130 f   usbh_ehcdmdd_common_fsl_v2_pdk1_9:cpipe.obj
 0001:0000915c       ?AreTransferParametersValid@CBulkPipe@@EBAHPBUSTRANSFER@@@Z 1000a15c f   usbh_ehcdmdd_common_fsl_v2_pdk1_9:cpipe.obj
 0001:000091c8       ??0CControlPipe@@QAA@QBU_USB_ENDPOINT_DESCRIPTOR@@HHEEEQAVCEhcd@@@Z 1000a1c8 f   usbh_ehcdmdd_common_fsl_v2_pdk1_9:cpipe.obj
 0001:00009214       ?GetPipeType@CControlPipe@@UBAPBGXZ 1000a214 f i usbh_ehcdmdd_common_fsl_v2_pdk1_9:cpipe.obj
 0001:00009220       ?RemoveQHeadFromQueue@CControlPipe@@MAAHXZ 1000a220 f   usbh_ehcdmdd_common_fsl_v2_pdk1_9:cpipe.obj
 0001:00009248       ?InsertQHeadToQueue@CControlPipe@@MAAHXZ 1000a248 f   usbh_ehcdmdd_common_fsl_v2_pdk1_9:cpipe.obj
 0001:00009274       ?AreTransferParametersValid@CControlPipe@@EBAHPBUSTRANSFER@@@Z 1000a274 f   usbh_ehcdmdd_common_fsl_v2_pdk1_9:cpipe.obj
 0001:00009318       ??0CInterruptPipe@@QAA@QBU_USB_ENDPOINT_DESCRIPTOR@@HHEEEQAVCEhcd@@@Z 1000a318 f   usbh_ehcdmdd_common_fsl_v2_pdk1_9:cpipe.obj
 0001:000094c8       ?GetPipeType@CInterruptPipe@@UBAPBGXZ 1000a4c8 f i usbh_ehcdmdd_common_fsl_v2_pdk1_9:cpipe.obj
 0001:000094d8       ?RemoveQHeadFromQueue@CInterruptPipe@@MAAHXZ 1000a4d8 f i usbh_ehcdmdd_common_fsl_v2_pdk1_9:cpipe.obj
 0001:000094e0       ?InsertQHeadToQueue@CInterruptPipe@@MAAHXZ 1000a4e0 f i usbh_ehcdmdd_common_fsl_v2_pdk1_9:cpipe.obj
 0001:000094e8       ?AreTransferParametersValid@CInterruptPipe@@EBAHPBUSTRANSFER@@@Z 1000a4e8 f   usbh_ehcdmdd_common_fsl_v2_pdk1_9:cpipe.obj
 0001:00009554       ??0CIsochronousPipe@@QAA@QBU_USB_ENDPOINT_DESCRIPTOR@@HHEEEQAVCEhcd@@@Z 1000a554 f   usbh_ehcdmdd_common_fsl_v2_pdk1_9:cpipe.obj
 0001:00009820       ?GetPipeType@CIsochronousPipe@@UBAPBGXZ 1000a820 f i usbh_ehcdmdd_common_fsl_v2_pdk1_9:cpipe.obj
 0001:00009830       ?StopTransfers@CIsochronousPipe@@UAAXXZ 1000a830 f i usbh_ehcdmdd_common_fsl_v2_pdk1_9:cpipe.obj
 0001:00009834       ?AllocateCITD@CIsochronousPipe@@QAAPAVCITD@@PAVCITransfer@@@Z 1000a834 f   usbh_ehcdmdd_common_fsl_v2_pdk1_9:cpipe.obj
 0001:000098b4       ?AllocateCSITD@CIsochronousPipe@@QAAPAVCSITD@@PAVCSITransfer@@PAV2@@Z 1000a8b4 f   usbh_ehcdmdd_common_fsl_v2_pdk1_9:cpipe.obj
 0001:0000993c       ?OpenPipe@CIsochronousPipe@@UAA?AW4HCD_REQUEST_STATUS@@XZ 1000a93c f   usbh_ehcdmdd_common_fsl_v2_pdk1_9:cpipe.obj
 0001:000099b4       ?ClosePipe@CIsochronousPipe@@UAA?AW4HCD_REQUEST_STATUS@@XZ 1000a9b4 f   usbh_ehcdmdd_common_fsl_v2_pdk1_9:cpipe.obj
 0001:00009a3c       ?AbortTransfer@CIsochronousPipe@@UAA?AW4HCD_REQUEST_STATUS@@Q6AKPAX@ZQAXPBX@Z 1000aa3c f   usbh_ehcdmdd_common_fsl_v2_pdk1_9:cpipe.obj
 0001:00009b5c       ?IssueTransfer@CIsochronousPipe@@UAA?AW4HCD_REQUEST_STATUS@@EQ6AKPAX@ZQAXKQBXKKQBKK2K3QAK5QAH55@Z 1000ab5c f   usbh_ehcdmdd_common_fsl_v2_pdk1_9:cpipe.obj
 0001:00009e84       ?ScheduleTransfer@CIsochronousPipe@@UAA?AW4HCD_REQUEST_STATUS@@XZ 1000ae84 f   usbh_ehcdmdd_common_fsl_v2_pdk1_9:cpipe.obj
 0001:00009f00       ?CheckForDoneTransfers@CIsochronousPipe@@UAAHXZ 1000af00 f   usbh_ehcdmdd_common_fsl_v2_pdk1_9:cpipe.obj
 0001:0000a004       ?AreTransferParametersValid@CIsochronousPipe@@EBAHPBUSTRANSFER@@@Z 1000b004 f   usbh_ehcdmdd_common_fsl_v2_pdk1_9:cpipe.obj
 0001:0000a144       ?CreateBulkPipe@@YAPAVCPipeAbs@@QBU_USB_ENDPOINT_DESCRIPTOR@@HHEEEQAVCHcd@@@Z 1000b144 f   usbh_ehcdmdd_common_fsl_v2_pdk1_9:cpipe.obj
 0001:0000a1ac       ?CreateControlPipe@@YAPAVCPipeAbs@@QBU_USB_ENDPOINT_DESCRIPTOR@@HHEEEQAVCHcd@@@Z 1000b1ac f   usbh_ehcdmdd_common_fsl_v2_pdk1_9:cpipe.obj
 0001:0000a214       ?CreateInterruptPipe@@YAPAVCPipeAbs@@QBU_USB_ENDPOINT_DESCRIPTOR@@HHEEEQAVCHcd@@@Z 1000b214 f   usbh_ehcdmdd_common_fsl_v2_pdk1_9:cpipe.obj
 0001:0000a27c       ?CreateIsochronousPipe@@YAPAVCPipeAbs@@QBU_USB_ENDPOINT_DESCRIPTOR@@HHEEEQAVCHcd@@@Z 1000b27c f   usbh_ehcdmdd_common_fsl_v2_pdk1_9:cpipe.obj
 0001:0000a2e4       ??_ECPipe@@UAAPAXI@Z       1000b2e4 f i usbh_ehcdmdd_common_fsl_v2_pdk1_9:cpipe.obj
 0001:0000a2e4       ??_GCPipe@@UAAPAXI@Z       1000b2e4 f i usbh_ehcdmdd_common_fsl_v2_pdk1_9:cpipe.obj
 0001:0000a324       ??_GCQueuedPipe@@UAAPAXI@Z 1000b324 f i usbh_ehcdmdd_common_fsl_v2_pdk1_9:cpipe.obj
 0001:0000a324       ??_ECQueuedPipe@@UAAPAXI@Z 1000b324 f i usbh_ehcdmdd_common_fsl_v2_pdk1_9:cpipe.obj
 0001:0000a354       ?AbortTransfer@CQueuedPipe@@UAA?AW4HCD_REQUEST_STATUS@@Q6AKPAX@ZQAXPBX@Z 1000b354 f   usbh_ehcdmdd_common_fsl_v2_pdk1_9:cpipe.obj
 0001:0000a540       ?AbortQueue@CQueuedPipe@@IAAXXZ 1000b540 f   usbh_ehcdmdd_common_fsl_v2_pdk1_9:cpipe.obj
 0001:0000a664       ?StopTransfers@CQueuedPipe@@UAAXXZ 1000b664 f   usbh_ehcdmdd_common_fsl_v2_pdk1_9:cpipe.obj
 0001:0000a67c       ?ScheduleTransfer@CQueuedPipe@@UAA?AW4HCD_REQUEST_STATUS@@XZ 1000b67c f   usbh_ehcdmdd_common_fsl_v2_pdk1_9:cpipe.obj
 0001:0000a740       ?CheckForDoneTransfers@CQueuedPipe@@UAAHXZ 1000b740 f   usbh_ehcdmdd_common_fsl_v2_pdk1_9:cpipe.obj
 0001:0000a850       ?OpenPipe@CBulkPipe@@UAA?AW4HCD_REQUEST_STATUS@@XZ 1000b850 f   usbh_ehcdmdd_common_fsl_v2_pdk1_9:cpipe.obj
 0001:0000a918       ?ClosePipe@CBulkPipe@@UAA?AW4HCD_REQUEST_STATUS@@XZ 1000b918 f   usbh_ehcdmdd_common_fsl_v2_pdk1_9:cpipe.obj
 0001:0000a994       ?OpenPipe@CControlPipe@@UAA?AW4HCD_REQUEST_STATUS@@XZ 1000b994 f   usbh_ehcdmdd_common_fsl_v2_pdk1_9:cpipe.obj
 0001:0000aa74       ?ClosePipe@CControlPipe@@UAA?AW4HCD_REQUEST_STATUS@@XZ 1000ba74 f   usbh_ehcdmdd_common_fsl_v2_pdk1_9:cpipe.obj
 0001:0000aaf0       ?IssueTransfer@CControlPipe@@UAA?AW4HCD_REQUEST_STATUS@@EQ6AKPAX@ZQAXKQBXKKQBKK2K3QAK5QAH55@Z 1000baf0 f   usbh_ehcdmdd_common_fsl_v2_pdk1_9:cpipe.obj
 0001:0000ac14       ?ChangeMaxPacketSize@CControlPipe@@UAAXG@Z 1000bc14 f   usbh_ehcdmdd_common_fsl_v2_pdk1_9:cpipe.obj
 0001:0000aca8       ?OpenPipe@CInterruptPipe@@UAA?AW4HCD_REQUEST_STATUS@@XZ 1000bca8 f   usbh_ehcdmdd_common_fsl_v2_pdk1_9:cpipe.obj
 0001:0000adcc       ?ClosePipe@CInterruptPipe@@UAA?AW4HCD_REQUEST_STATUS@@XZ 1000bdcc f   usbh_ehcdmdd_common_fsl_v2_pdk1_9:cpipe.obj
 0001:0000ae4c       ?FreeCITD@CIsochronousPipe@@QAAXPAVCITD@@@Z 1000be4c f   usbh_ehcdmdd_common_fsl_v2_pdk1_9:cpipe.obj
 0001:0000ae9c       ?FreeCSITD@CIsochronousPipe@@QAAXPAVCSITD@@@Z 1000be9c f   usbh_ehcdmdd_common_fsl_v2_pdk1_9:cpipe.obj
 0001:0000aeec       ??1CInterruptPipe@@UAA@XZ  1000beec f   usbh_ehcdmdd_common_fsl_v2_pdk1_9:cpipe.obj
 0001:0000af38       ??1CIsochronousPipe@@UAA@XZ 1000bf38 f   usbh_ehcdmdd_common_fsl_v2_pdk1_9:cpipe.obj
 0001:0000b058       ??_ECBulkPipe@@UAAPAXI@Z   1000c058 f i usbh_ehcdmdd_common_fsl_v2_pdk1_9:cpipe.obj
 0001:0000b058       ??_GCBulkPipe@@UAAPAXI@Z   1000c058 f i usbh_ehcdmdd_common_fsl_v2_pdk1_9:cpipe.obj
 0001:0000b094       ??_ECControlPipe@@UAAPAXI@Z 1000c094 f i usbh_ehcdmdd_common_fsl_v2_pdk1_9:cpipe.obj
 0001:0000b094       ??_GCControlPipe@@UAAPAXI@Z 1000c094 f i usbh_ehcdmdd_common_fsl_v2_pdk1_9:cpipe.obj
 0001:0000b0d0       ??_ECInterruptPipe@@UAAPAXI@Z 1000c0d0 f i usbh_ehcdmdd_common_fsl_v2_pdk1_9:cpipe.obj
 0001:0000b0d0       ??_GCInterruptPipe@@UAAPAXI@Z 1000c0d0 f i usbh_ehcdmdd_common_fsl_v2_pdk1_9:cpipe.obj
 0001:0000b0f8       ??_GCIsochronousPipe@@UAAPAXI@Z 1000c0f8 f i usbh_ehcdmdd_common_fsl_v2_pdk1_9:cpipe.obj
 0001:0000b0f8       ??_ECIsochronousPipe@@UAAPAXI@Z 1000c0f8 f i usbh_ehcdmdd_common_fsl_v2_pdk1_9:cpipe.obj
 0001:0000b120       ??0TransactionTrasnlate@@QAA@EEPAV0@@Z 1000c120 f   usbh_ehcdmdd_common_fsl_v2_pdk1_9:usb2lib.obj
 0001:0000b160       ??1TransactionTrasnlate@@QAA@XZ 1000c160 f   usbh_ehcdmdd_common_fsl_v2_pdk1_9:usb2lib.obj
 0001:0000b198       ?FindBestTimeSlot@TransactionTrasnlate@@AAAHGGPAU_ENDPOINTBUGETLIST@@PAK@Z 1000c198 f   usbh_ehcdmdd_common_fsl_v2_pdk1_9:usb2lib.obj
 0001:0000b1ec       ?InsertEp@TransactionTrasnlate@@AAAHKPAU_EndpointBuget@@@Z 1000c1ec f   usbh_ehcdmdd_common_fsl_v2_pdk1_9:usb2lib.obj
 0001:0000b2d0       ?RemoveEp@TransactionTrasnlate@@AAAHKPAU_EndpointBuget@@@Z 1000c2d0 f   usbh_ehcdmdd_common_fsl_v2_pdk1_9:usb2lib.obj
 0001:0000b380       ??0USB2lib@@QAA@XZ         1000c380 f   usbh_ehcdmdd_common_fsl_v2_pdk1_9:usb2lib.obj
 0001:0000b3e0       ?DeleteTt@USB2lib@@QAAHEE@Z 1000c3e0 f   usbh_ehcdmdd_common_fsl_v2_pdk1_9:usb2lib.obj
 0001:0000b470       ?GetTT@USB2lib@@QAAPAVTransactionTrasnlate@@EE@Z 1000c470 f   usbh_ehcdmdd_common_fsl_v2_pdk1_9:usb2lib.obj
 0001:0000b4c4       ?Compute_nonsplit_overhead@USB2lib@@AAAHPAU_EndpointBuget@@@Z 1000c4c4 f   usbh_ehcdmdd_common_fsl_v2_pdk1_9:usb2lib.obj
 0001:0000b534       ?ConvertBtoHFrame@USB2lib@@AAAXEEPAE0@Z 1000c534 f   usbh_ehcdmdd_common_fsl_v2_pdk1_9:usb2lib.obj
 0001:0000b578       ?AddedEp@TransactionTrasnlate@@QAAHPAU_EndpointBuget@@@Z 1000c578 f   usbh_ehcdmdd_common_fsl_v2_pdk1_9:usb2lib.obj
 0001:0000b798       ?DeletedEp@TransactionTrasnlate@@QAAHPAU_EndpointBuget@@@Z 1000c798 f   usbh_ehcdmdd_common_fsl_v2_pdk1_9:usb2lib.obj
 0001:0000b810       ??1USB2lib@@QAA@XZ         1000c810 f   usbh_ehcdmdd_common_fsl_v2_pdk1_9:usb2lib.obj
 0001:0000b860       ?AddedTt@USB2lib@@QAAHEE@Z 1000c860 f   usbh_ehcdmdd_common_fsl_v2_pdk1_9:usb2lib.obj
 0001:0000b8dc       ?AllocUsb2BusTime@USB2lib@@QAAHEEPAU_EndpointBuget@@@Z 1000c8dc f   usbh_ehcdmdd_common_fsl_v2_pdk1_9:usb2lib.obj
 0001:0000bbac       ?FreeUsb2BusTime@USB2lib@@QAAXEEPAU_EndpointBuget@@@Z 1000cbac f   usbh_ehcdmdd_common_fsl_v2_pdk1_9:usb2lib.obj
 0001:0000bc64       ?GetSMASK@USB2lib@@QAAEPAU_EndpointBuget@@@Z 1000cc64 f   usbh_ehcdmdd_common_fsl_v2_pdk1_9:usb2lib.obj
 0001:0000bce4       ?GetCMASK@USB2lib@@QAAEPAU_EndpointBuget@@@Z 1000cce4 f   usbh_ehcdmdd_common_fsl_v2_pdk1_9:usb2lib.obj
 0001:0000bdd8       ?SetLinkValid@CNextLinkPointer@@QAAHH@Z 1000cdd8 f i usbh_ehcdmdd_common_fsl_v2_pdk1_9:chw.obj
 0001:0000be18       ?SetNextPointer@CNextLinkPointer@@QAAHKW4NEXTLINKTYPE@@H@Z 1000ce18 f i usbh_ehcdmdd_common_fsl_v2_pdk1_9:chw.obj
 0001:0000be88       ??0CRegistryEdit@@QAA@PAUHKEY__@@PBG@Z 1000ce88 f i usbh_ehcdmdd_common_fsl_v2_pdk1_9:chw.obj
 0001:0000bed8       ?GetRegValue@CRegistryEdit@@QAAHPBGPAEK@Z 1000ced8 f i usbh_ehcdmdd_common_fsl_v2_pdk1_9:chw.obj
 0001:0000bf28       ??0CDummyPipe@@QAA@QAVCPhysMem@@@Z 1000cf28 f   usbh_ehcdmdd_common_fsl_v2_pdk1_9:chw.obj
 0001:0000bf8c       ?IssueTransfer@CDummyPipe@@UAA?AW4HCD_REQUEST_STATUS@@EQ6AKPAX@ZQAXKQBXKKQBKK2K3QAK5QAH55@Z 1000cf8c f i usbh_ehcdmdd_common_fsl_v2_pdk1_9:chw.obj
 0001:0000bf94       ?OpenPipe@CDummyPipe@@UAA?AW4HCD_REQUEST_STATUS@@XZ 1000cf94 f i usbh_ehcdmdd_common_fsl_v2_pdk1_9:chw.obj
 0001:0000bf9c       ?ClosePipe@CDummyPipe@@UAA?AW4HCD_REQUEST_STATUS@@XZ 1000cf9c f i usbh_ehcdmdd_common_fsl_v2_pdk1_9:chw.obj
 0001:0000bfa4       ?IsPipeHalted@CDummyPipe@@UAA?AW4HCD_REQUEST_STATUS@@QAH@Z 1000cfa4 f i usbh_ehcdmdd_common_fsl_v2_pdk1_9:chw.obj
 0001:0000bfac       ?ClearHaltedFlag@CDummyPipe@@UAAXXZ 1000cfac f i usbh_ehcdmdd_common_fsl_v2_pdk1_9:chw.obj
 0001:0000bfb0       ?StopTransfers@CDummyPipe@@UAAXXZ 1000cfb0 f i usbh_ehcdmdd_common_fsl_v2_pdk1_9:chw.obj
 0001:0000bfb4       ?AbortTransfer@CDummyPipe@@UAA?AW4HCD_REQUEST_STATUS@@Q6AKPAX@ZQAXPBX@Z 1000cfb4 f i usbh_ehcdmdd_common_fsl_v2_pdk1_9:chw.obj
 0001:0000bfbc       ?GetCPhysMem@CDummyPipe@@UAAPAVCPhysMem@@XZ 1000cfbc f i usbh_ehcdmdd_common_fsl_v2_pdk1_9:chw.obj
 0001:0000bfc4       ?ScheduleTransfer@CDummyPipe@@EAA?AW4HCD_REQUEST_STATUS@@XZ 1000cfc4 f i usbh_ehcdmdd_common_fsl_v2_pdk1_9:chw.obj
 0001:0000bfcc       ?GetPipeType@CDummyPipe@@MBAPBGXZ 1000cfcc f i usbh_ehcdmdd_common_fsl_v2_pdk1_9:chw.obj
 0001:0000bfdc       ?AreTransferParametersValid@CDummyPipe@@MBAHPBUSTRANSFER@@@Z 1000cfdc f i usbh_ehcdmdd_common_fsl_v2_pdk1_9:chw.obj
 0001:0000bfe4       ?CheckForDoneTransfers@CDummyPipe@@MAAHXZ 1000cfe4 f i usbh_ehcdmdd_common_fsl_v2_pdk1_9:chw.obj
 0001:0000bfec       ??_GCDummyPipe@@UAAPAXI@Z  1000cfec f i usbh_ehcdmdd_common_fsl_v2_pdk1_9:chw.obj
 0001:0000bfec       ??_ECDummyPipe@@UAAPAXI@Z  1000cfec f i usbh_ehcdmdd_common_fsl_v2_pdk1_9:chw.obj
 0001:0000c020       ??0CPeriodicMgr@@QAA@QAVCPhysMem@@K@Z 1000d020 f   usbh_ehcdmdd_common_fsl_v2_pdk1_9:chw.obj
 0001:0000c0ac       ?QueueITD@CPeriodicMgr@@QAAHPAVCITD@@K@Z 1000d0ac f   usbh_ehcdmdd_common_fsl_v2_pdk1_9:chw.obj
 0001:0000c148       ?DeQueueTD@CPeriodicMgr@@QAAHKK@Z 1000d148 f   usbh_ehcdmdd_common_fsl_v2_pdk1_9:chw.obj
 0001:0000c24c       ??0CAsyncMgr@@QAA@QAVCPhysMem@@@Z 1000d24c f   usbh_ehcdmdd_common_fsl_v2_pdk1_9:chw.obj
 0001:0000c298       ?DeInit@CAsyncMgr@@QAAXXZ  1000d298 f   usbh_ehcdmdd_common_fsl_v2_pdk1_9:chw.obj
 0001:0000c2dc       ?SignalCheckForDoneTransfers@CBusyPipeList@@QAAXXZ 1000d2dc f   usbh_ehcdmdd_common_fsl_v2_pdk1_9:chw.obj
 0001:0000c2f4       ?CheckForDoneTransfersThread@CBusyPipeList@@AAAKXZ 1000d2f4 f   usbh_ehcdmdd_common_fsl_v2_pdk1_9:chw.obj
 0001:0000c36c       ?AddToBusyPipeList@CBusyPipeList@@QAAHQAVCPipe@@H@Z 1000d36c f   usbh_ehcdmdd_common_fsl_v2_pdk1_9:chw.obj
 0001:0000c3f0       ?RemoveFromBusyPipeList@CBusyPipeList@@QAAXQAVCPipe@@@Z 1000d3f0 f   usbh_ehcdmdd_common_fsl_v2_pdk1_9:chw.obj
 0001:0000c458       ?EnableAsyncSchedule@CHW@@QAAHXZ 1000d458 f   usbh_ehcdmdd_common_fsl_v2_pdk1_9:chw.obj
 0001:0000c530       ?PowerOnAllPorts@CHW@@QAAHXZ 1000d530 f   usbh_ehcdmdd_common_fsl_v2_pdk1_9:chw.obj
 0001:0000c5dc       ?EnterOperationalState@CHW@@QAAXXZ 1000d5dc f   usbh_ehcdmdd_common_fsl_v2_pdk1_9:chw.obj
 0001:0000c6d0       ?RunStopUSBController@CHW@@QAAXH@Z 1000d6d0 f   usbh_ehcdmdd_common_fsl_v2_pdk1_9:chw.obj
 0001:0000c7dc       ?StartHostController@CHW@@QAAXXZ 1000d7dc f   usbh_ehcdmdd_common_fsl_v2_pdk1_9:chw.obj
 0001:0000c8f4       ?StopHostController@CHW@@QAAXXZ 1000d8f4 f   usbh_ehcdmdd_common_fsl_v2_pdk1_9:chw.obj
 0001:0000c9b0       ?AsyncBell@CHW@@QAAHXZ     1000d9b0 f   usbh_ehcdmdd_common_fsl_v2_pdk1_9:chw.obj
 0001:0000ca2c       ?PeriodQueueITD@CHW@@QAAHPAVCITD@@K@Z 1000da2c f   usbh_ehcdmdd_common_fsl_v2_pdk1_9:chw.obj
 0001:0000ca78       ?PeriodDeQueueTD@CHW@@QAAHKK@Z 1000da78 f   usbh_ehcdmdd_common_fsl_v2_pdk1_9:chw.obj
 0001:0000cadc       ?CeResumeThread@CHW@@AAAKXZ 1000dadc f   usbh_ehcdmdd_common_fsl_v2_pdk1_9:chw.obj
 0001:0000cb8c       ?UpdateFrameCounter@CHW@@AAAXXZ 1000db8c f   usbh_ehcdmdd_common_fsl_v2_pdk1_9:chw.obj
 0001:0000cbf0       ?GetFrameNumber@CHW@@UAAHPAK@Z 1000dbf0 f   usbh_ehcdmdd_common_fsl_v2_pdk1_9:chw.obj
 0001:0000cc38       ?GetFrameLength@CHW@@UAAHPAG@Z 1000dc38 f   usbh_ehcdmdd_common_fsl_v2_pdk1_9:chw.obj
 0001:0000cc4c       ?SetFrameLength@CHW@@UAAHPAXG@Z 1000dc4c f   usbh_ehcdmdd_common_fsl_v2_pdk1_9:chw.obj
 0001:0000cc54       ?StopAdjustingFrame@CHW@@UAAHXZ 1000dc54 f   usbh_ehcdmdd_common_fsl_v2_pdk1_9:chw.obj
 0001:0000cc5c       ?DidPortStatusChange@CHW@@UAAHE@Z 1000dc5c f   usbh_ehcdmdd_common_fsl_v2_pdk1_9:chw.obj
 0001:0000cdd8       ?GetPortStatus@CHW@@UAAHEAAU_USB_HUB_AND_PORT_STATUS@@PAK@Z 1000ddd8 f   usbh_ehcdmdd_common_fsl_v2_pdk1_9:chw.obj
 0001:0000cfcc       ?RootHubFeature@CHW@@UAAHEEG@Z 1000dfcc f   usbh_ehcdmdd_common_fsl_v2_pdk1_9:chw.obj
 0001:0000d144       ?ResetAndEnablePort@CHW@@UAAHE@Z 1000e144 f   usbh_ehcdmdd_common_fsl_v2_pdk1_9:chw.obj
 0001:0000d374       ?DisablePort@CHW@@UAAXE@Z  1000e374 f   usbh_ehcdmdd_common_fsl_v2_pdk1_9:chw.obj
 0001:0000d414       ?WaitForPortStatusChange@CHW@@UAAHPAX@Z 1000e414 f   usbh_ehcdmdd_common_fsl_v2_pdk1_9:chw.obj
 0001:0000d47c       ?SetCapability@CHW@@UAAKK@Z 1000e47c f   usbh_ehcdmdd_common_fsl_v2_pdk1_9:chw.obj
 0001:0000d490       ?IsOTGHostDevice@CHW@@UAAHXZ 1000e490 f   usbh_ehcdmdd_common_fsl_v2_pdk1_9:chw.obj
 0001:0000d4c4       ?WakeUpSysIntr@CHW@@UAAXXZ 1000e4c4 f   usbh_ehcdmdd_common_fsl_v2_pdk1_9:chw.obj
 0001:0000d4d8       ?Init@CPeriodicMgr@@QAAHXZ 1000e4d8 f   usbh_ehcdmdd_common_fsl_v2_pdk1_9:chw.obj
 0001:0000d6c0       ?DeInit@CPeriodicMgr@@QAAXXZ 1000e6c0 f   usbh_ehcdmdd_common_fsl_v2_pdk1_9:chw.obj
 0001:0000d738       ?QueueSITD@CPeriodicMgr@@QAAHPAVCSITD@@K@Z 1000e738 f   usbh_ehcdmdd_common_fsl_v2_pdk1_9:chw.obj
 0001:0000d7d4       ?QueueQHead@CPeriodicMgr@@QAAPAVCQH@@PAV2@EEH@Z 1000e7d4 f   usbh_ehcdmdd_common_fsl_v2_pdk1_9:chw.obj
 0001:0000d990       ?DequeueQHead@CPeriodicMgr@@QAAHPAVCQH@@@Z 1000e990 f   usbh_ehcdmdd_common_fsl_v2_pdk1_9:chw.obj
 0001:0000daa8       ?Init@CAsyncMgr@@QAAHXZ    1000eaa8 f   usbh_ehcdmdd_common_fsl_v2_pdk1_9:chw.obj
 0001:0000db3c       ?QueueQH@CAsyncMgr@@QAAPAVCQH@@PAV2@@Z 1000eb3c f   usbh_ehcdmdd_common_fsl_v2_pdk1_9:chw.obj
 0001:0000dbf4       ?DequeueQHead@CAsyncMgr@@QAAHPAVCQH@@@Z 1000ebf4 f   usbh_ehcdmdd_common_fsl_v2_pdk1_9:chw.obj
 0001:0000dcf8       ?DeInit@CBusyPipeList@@QAAXXZ 1000ecf8 f   usbh_ehcdmdd_common_fsl_v2_pdk1_9:chw.obj
 0001:0000dd70       ?CheckForDoneTransfersThreadStub@CBusyPipeList@@CAKPAX@Z 1000ed70 f   usbh_ehcdmdd_common_fsl_v2_pdk1_9:chw.obj
 0001:0000dd80       ?ConfigureHS@CHW@@QAAHXZ   1000ed80 f   usbh_ehcdmdd_common_fsl_v2_pdk1_9:chw.obj
 0001:0000e034       ?DeInitialize@CHW@@UAAXXZ  1000f034 f   usbh_ehcdmdd_common_fsl_v2_pdk1_9:chw.obj
 0001:0000e154       ?AsyncDequeueQH@CHW@@QAAHPAVCQH@@@Z 1000f154 f   usbh_ehcdmdd_common_fsl_v2_pdk1_9:chw.obj
 0001:0000e17c       ?PeriodQueueSITD@CHW@@QAAHPAVCSITD@@K@Z 1000f17c f   usbh_ehcdmdd_common_fsl_v2_pdk1_9:chw.obj
 0001:0000e1c8       ?CeResumeThreadStub@CHW@@CAKPAX@Z 1000f1c8 f   usbh_ehcdmdd_common_fsl_v2_pdk1_9:chw.obj
 0001:0000e1d8       ?EnterLowPowerMode@CHW@@QAAXXZ 1000f1d8 f   usbh_ehcdmdd_common_fsl_v2_pdk1_9:chw.obj
 0001:0000e3b4       ?PowerMgmtCallback@CHW@@UAAXH@Z 1000f3b4 f   usbh_ehcdmdd_common_fsl_v2_pdk1_9:chw.obj
 0001:0000e6d0       ??1CPeriodicMgr@@QAA@XZ    1000f6d0 f   usbh_ehcdmdd_common_fsl_v2_pdk1_9:chw.obj
 0001:0000e708       ?Init@CBusyPipeList@@QAAHXZ 1000f708 f   usbh_ehcdmdd_common_fsl_v2_pdk1_9:chw.obj
 0001:0000e794       ??0CHW@@QAA@SAEKKQAVCPhysMem@@PAXPBG@Z 1000f794 f   usbh_ehcdmdd_common_fsl_v2_pdk1_9:chw.obj
 0001:0000e8f0       ??1CHW@@UAA@XZ             1000f8f0 f   usbh_ehcdmdd_common_fsl_v2_pdk1_9:chw.obj
 0001:0000e9b4       ?UsbInterruptThread@CHW@@AAAKXZ 1000f9b4 f   usbh_ehcdmdd_common_fsl_v2_pdk1_9:chw.obj
 0001:0000f454       ??_GCHW@@UAAPAXI@Z         10010454 f i usbh_ehcdmdd_common_fsl_v2_pdk1_9:chw.obj
 0001:0000f454       ??_ECHW@@UAAPAXI@Z         10010454 f i usbh_ehcdmdd_common_fsl_v2_pdk1_9:chw.obj
 0001:0000f47c       ?UsbInterruptThreadStub@CHW@@CAKPAX@Z 1001047c f   usbh_ehcdmdd_common_fsl_v2_pdk1_9:chw.obj
 0001:0000f498       ?Initialize@CHW@@UAAHXZ    10010498 f   usbh_ehcdmdd_common_fsl_v2_pdk1_9:chw.obj
 0001:0000f5fc       ??0CTransfer@@QAA@QAVCPipe@@QAVCPhysMem@@PAUSTRANSFER@@@Z 100105fc f   usbh_ehcdmdd_common_fsl_v2_pdk1_9:trans.obj
 0001:0000f66c       ??1CTransfer@@UAA@XZ       1001066c f   usbh_ehcdmdd_common_fsl_v2_pdk1_9:trans.obj
 0001:0000f6c0       ?Init@CTransfer@@UAAHXZ    100106c0 f   usbh_ehcdmdd_common_fsl_v2_pdk1_9:trans.obj
 0001:0000f834       ??0CIsochTransfer@@QAA@QAVCIsochronousPipe@@QAVCEhcd@@PAUSTRANSFER@@@Z 10010834 f   usbh_ehcdmdd_common_fsl_v2_pdk1_9:trans.obj
 0001:0000f88c       ?ArmTD@CITransfer@@QAAHXZ  1001088c f   usbh_ehcdmdd_common_fsl_v2_pdk1_9:trans.obj
 0001:0000fa80       ?AddTransfer@CITransfer@@UAAHXZ 10010a80 f   usbh_ehcdmdd_common_fsl_v2_pdk1_9:trans.obj
 0001:0000fb44       ?ScheduleTD@CITransfer@@UAAHKK@Z 10010b44 f   usbh_ehcdmdd_common_fsl_v2_pdk1_9:trans.obj
 0001:0000fc10       ?IsTransferDone@CITransfer@@UAAHKK@Z 10010c10 f   usbh_ehcdmdd_common_fsl_v2_pdk1_9:trans.obj
 0001:0000fe34       ?AbortTransfer@CITransfer@@UAAHXZ 10010e34 f   usbh_ehcdmdd_common_fsl_v2_pdk1_9:trans.obj
 0001:0000ffa0       ?DoneTransfer@CITransfer@@UAAHKK@Z 10010fa0 f   usbh_ehcdmdd_common_fsl_v2_pdk1_9:trans.obj
 0001:000100b0       ?DoneTransfer@CSITransfer@@UAAHKK@Z 100110b0 f   usbh_ehcdmdd_common_fsl_v2_pdk1_9:trans.obj
 0001:000101c0       ??_GCIsochTransfer@@UAAPAXI@Z 100111c0 f i usbh_ehcdmdd_common_fsl_v2_pdk1_9:trans.obj
 0001:000101c0       ??_ECIsochTransfer@@UAAPAXI@Z 100111c0 f i usbh_ehcdmdd_common_fsl_v2_pdk1_9:trans.obj
 0001:000101f4       ??_GCTransfer@@UAAPAXI@Z   100111f4 f i usbh_ehcdmdd_common_fsl_v2_pdk1_9:trans.obj
 0001:000101f4       ??_ECTransfer@@UAAPAXI@Z   100111f4 f i usbh_ehcdmdd_common_fsl_v2_pdk1_9:trans.obj
 0001:0001021c       ?AddTransfer@CQTransfer@@UAAHXZ 1001121c f   usbh_ehcdmdd_common_fsl_v2_pdk1_9:trans.obj
 0001:00010658       ?AbortTransfer@CQTransfer@@QAAHXZ 10011658 f   usbh_ehcdmdd_common_fsl_v2_pdk1_9:trans.obj
 0001:000106a0       ?IsTransferDone@CQTransfer@@QAAHXZ 100116a0 f   usbh_ehcdmdd_common_fsl_v2_pdk1_9:trans.obj
 0001:00010700       ??0CITransfer@@QAA@QAVCIsochronousPipe@@QAVCEhcd@@PAUSTRANSFER@@@Z 10011700 f   usbh_ehcdmdd_common_fsl_v2_pdk1_9:trans.obj
 0001:0001072c       ??1CITransfer@@UAA@XZ      1001172c f   usbh_ehcdmdd_common_fsl_v2_pdk1_9:trans.obj
 0001:000107cc       ??0CSITransfer@@QAA@QAVCIsochronousPipe@@QAVCEhcd@@PAUSTRANSFER@@@Z 100117cc f   usbh_ehcdmdd_common_fsl_v2_pdk1_9:trans.obj
 0001:000107f8       ?ArmTD@CSITransfer@@QAAHXZ 100117f8 f   usbh_ehcdmdd_common_fsl_v2_pdk1_9:trans.obj
 0001:00010908       ?AddTransfer@CSITransfer@@UAAHXZ 10011908 f   usbh_ehcdmdd_common_fsl_v2_pdk1_9:trans.obj
 0001:000109b4       ?ScheduleTD@CSITransfer@@UAAHKK@Z 100119b4 f   usbh_ehcdmdd_common_fsl_v2_pdk1_9:trans.obj
 0001:00010a80       ?IsTransferDone@CSITransfer@@UAAHKK@Z 10011a80 f   usbh_ehcdmdd_common_fsl_v2_pdk1_9:trans.obj
 0001:00010cb4       ?AbortTransfer@CSITransfer@@UAAHXZ 10011cb4 f   usbh_ehcdmdd_common_fsl_v2_pdk1_9:trans.obj
 0001:00010e00       ??1CQTransfer@@UAA@XZ      10011e00 f   usbh_ehcdmdd_common_fsl_v2_pdk1_9:trans.obj
 0001:00010e60       ?DoneTransfer@CQTransfer@@QAAHXZ 10011e60 f   usbh_ehcdmdd_common_fsl_v2_pdk1_9:trans.obj
 0001:00010ff4       ??_ECITransfer@@UAAPAXI@Z  10011ff4 f i usbh_ehcdmdd_common_fsl_v2_pdk1_9:trans.obj
 0001:00010ff4       ??_GCITransfer@@UAAPAXI@Z  10011ff4 f i usbh_ehcdmdd_common_fsl_v2_pdk1_9:trans.obj
 0001:0001101c       ??1CSITransfer@@UAA@XZ     1001201c f   usbh_ehcdmdd_common_fsl_v2_pdk1_9:trans.obj
 0001:000110bc       ??_GCSITransfer@@UAAPAXI@Z 100120bc f i usbh_ehcdmdd_common_fsl_v2_pdk1_9:trans.obj
 0001:000110bc       ??_ECSITransfer@@UAAPAXI@Z 100120bc f i usbh_ehcdmdd_common_fsl_v2_pdk1_9:trans.obj
 0001:000110e4       ??2CNextLinkPointer@@SAPAXIQAVCPhysMem@@@Z 100120e4 f   usbh_ehcdmdd_common_fsl_v2_pdk1_9:ctd.obj
 0001:00011180       ??3CNextLinkPointer@@SAXPAX@Z 10012180 f   usbh_ehcdmdd_common_fsl_v2_pdk1_9:ctd.obj
 0001:00011184       ??0CITD@@QAA@PAVCITransfer@@@Z 10012184 f   usbh_ehcdmdd_common_fsl_v2_pdk1_9:ctd.obj
 0001:00011210       ?ReInit@CITD@@QAAXPAVCITransfer@@@Z 10012210 f   usbh_ehcdmdd_common_fsl_v2_pdk1_9:ctd.obj
 0001:0001128c       ?SetIOC@CITD@@QAAXH@Z      1001228c f   usbh_ehcdmdd_common_fsl_v2_pdk1_9:ctd.obj
 0001:00011318       ?IssueTransfer@CITD@@QAAKKPAK0HH@Z 10012318 f   usbh_ehcdmdd_common_fsl_v2_pdk1_9:ctd.obj
 0001:0001159c       ??0CSITD@@QAA@PAVCSITransfer@@PAV0@@Z 1001259c f   usbh_ehcdmdd_common_fsl_v2_pdk1_9:ctd.obj
 0001:00011664       ?ReInit@CSITD@@QAAXPAVCSITransfer@@PAV1@@Z 10012664 f   usbh_ehcdmdd_common_fsl_v2_pdk1_9:ctd.obj
 0001:0001171c       ??0CQTD@@QAA@PAVCQTransfer@@PAVCQH@@@Z 1001271c f   usbh_ehcdmdd_common_fsl_v2_pdk1_9:ctd.obj
 0001:000117b4       ?IssueTransfer@CQTD@@QAAKKHKPAUPhysBufferArray@@H@Z 100127b4 f   usbh_ehcdmdd_common_fsl_v2_pdk1_9:ctd.obj
 0001:0001195c       ??0CQH@@QAA@PAVCPipe@@@Z   1001295c f   usbh_ehcdmdd_common_fsl_v2_pdk1_9:ctd.obj
 0001:00011b54       ?IssueTransfer@CSITD@@QAAKKKKHH@Z 10012b54 f   usbh_ehcdmdd_common_fsl_v2_pdk1_9:ctd.obj
 0001:00011d7c       ?QueueNextTD@CQTD@@QAAPAV1@PAV1@@Z 10012d7c f   usbh_ehcdmdd_common_fsl_v2_pdk1_9:ctd.obj
 0001:00011da4       ?QueueTD@CQH@@QAAHPAVCQTD@@@Z 10012da4 f   usbh_ehcdmdd_common_fsl_v2_pdk1_9:ctd.obj
 0001:00011df8       HcdPdd_DllMain             10012df8 f   usbh_ehcdpdd_common_fsl_v2_pdk1_9:system.obj
 0001:00011e00       ConfigureEHCICard          10012e00 f   usbh_ehcdpdd_common_fsl_v2_pdk1_9:system.obj
 0001:00012288       HcdPdd_Init                10013288 f   usbh_ehcdpdd_common_fsl_v2_pdk1_9:system.obj
 0001:00012310       HcdPdd_CheckConfigPower    10013310 f   usbh_ehcdpdd_common_fsl_v2_pdk1_9:system.obj
 0001:00012320       HcdPdd_PowerUp             10013320 f   usbh_ehcdpdd_common_fsl_v2_pdk1_9:system.obj
 0001:00012334       HcdPdd_PowerDown           10013334 f   usbh_ehcdpdd_common_fsl_v2_pdk1_9:system.obj
 0001:00012348       HcdPdd_Deinit              10013348 f   usbh_ehcdpdd_common_fsl_v2_pdk1_9:system.obj
 0001:0001240c       HcdPdd_Open                1001340c f   usbh_ehcdpdd_common_fsl_v2_pdk1_9:system.obj
 0001:00012410       HcdPdd_Close               10013410 f   usbh_ehcdpdd_common_fsl_v2_pdk1_9:system.obj
 0001:00012418       HcdPdd_Read                10013418 f   usbh_ehcdpdd_common_fsl_v2_pdk1_9:system.obj
 0001:00012420       HcdPdd_Write               10013420 f   usbh_ehcdpdd_common_fsl_v2_pdk1_9:system.obj
 0001:00012428       HcdPdd_Seek                10013428 f   usbh_ehcdpdd_common_fsl_v2_pdk1_9:system.obj
 0001:00012430       HcdPdd_IOControl           10013430 f   usbh_ehcdpdd_common_fsl_v2_pdk1_9:system.obj
 0001:00012478       HcdPdd_InitiatePowerUp     10013478 f   usbh_ehcdpdd_common_fsl_v2_pdk1_9:system.obj
 0001:0001247c       KernelIoControl            1001347c f   coredll:COREDLL.dll
 0001:0001248c       Sleep                      1001348c f   coredll:COREDLL.dll
 0001:0001249c       StringCchCopyW             1001349c f   coredll:COREDLL.dll
 0001:000124ac       EventModify                100134ac f   coredll:COREDLL.dll
 0001:000124bc       WaitForSingleObject        100134bc f   coredll:COREDLL.dll
 0001:000124cc       NKDbgPrintfW               100134cc f   coredll:COREDLL.dll
 0001:000124dc       InterlockedCompareExchange 100134dc f   coredll:COREDLL.dll
 0001:000124ec       MapViewOfFile              100134ec f   coredll:COREDLL.dll
 0001:000124fc       GetLastError               100134fc f   coredll:COREDLL.dll
 0001:0001250c       CreateFileMappingW         1001350c f   coredll:COREDLL.dll
 0001:0001251c       CloseHandle                1001351c f   coredll:COREDLL.dll
 0001:0001252c       CreateEventW               1001352c f   coredll:COREDLL.dll
 0001:0001253c       DeleteCriticalSection      1001353c f   coredll:COREDLL.dll
 0001:0001254c       InitializeCriticalSection  1001354c f   coredll:COREDLL.dll
 0001:0001255c       DisableThreadLibraryCalls  1001355c f   coredll:COREDLL.dll
 0001:0001256c       RegCloseKey                1001356c f   coredll:COREDLL.dll
 0001:0001257c       RegQueryValueExW           1001357c f   coredll:COREDLL.dll
 0001:0001258c       OpenDeviceKey              1001358c f   coredll:COREDLL.dll
 0001:0001259c       LeaveCriticalSection       1001359c f   coredll:COREDLL.dll
 0001:000125ac       EnterCriticalSection       100135ac f   coredll:COREDLL.dll
 0001:000125bc       RegOpenKeyExW              100135bc f   coredll:COREDLL.dll
 0001:000125cc       LocalAlloc                 100135cc f   coredll:COREDLL.dll
 0001:000125dc       LocalFree                  100135dc f   coredll:COREDLL.dll
 0001:000125ec       FreePhysMem                100135ec f   coredll:COREDLL.dll
 0001:000125fc       AllocPhysMem               100135fc f   coredll:COREDLL.dll
 0001:0001260c       SetLastError               1001360c f   coredll:COREDLL.dll
 0001:0001261c       FreeLibrary                1001361c f   coredll:COREDLL.dll
 0001:0001262c       GetProcAddressW            1001362c f   coredll:COREDLL.dll
 0001:0001263c       LoadLibraryW               1001363c f   coredll:COREDLL.dll
 0001:0001264c       LoadDriver                 1001364c f   coredll:COREDLL.dll
 0001:0001265c       StringCchCatW              1001365c f   coredll:COREDLL.dll
 0001:0001266c       CeGetThreadPriority        1001366c f   coredll:COREDLL.dll
 0001:0001267c       CeSetThreadPriority        1001367c f   coredll:COREDLL.dll
 0001:0001268c       CreateThread               1001368c f   coredll:COREDLL.dll
 0001:0001269c       __GetUserKData             1001369c f   coredll:COREDLL.dll
 0001:000126ac       GetTickCount               100136ac f   coredll:COREDLL.dll
 0001:000126bc       RaiseException             100136bc f   coredll:COREDLL.dll
 0001:000126cc       WaitForMultipleObjects     100136cc f   coredll:COREDLL.dll
 0001:000126dc       SetInterruptEvent          100136dc f   coredll:COREDLL.dll
 0001:000126ec       TerminateThread            100136ec f   coredll:COREDLL.dll
 0001:000126fc       InterruptDisable           100136fc f   coredll:COREDLL.dll
 0001:0001270c       InterruptInitialize        1001370c f   coredll:COREDLL.dll
 0001:0001271c       InterruptDone              1001371c f   coredll:COREDLL.dll
 0001:0001272c       ExitThread                 1001372c f   coredll:COREDLL.dll
 0001:0001273c       FreeIntChainHandler        1001373c f   coredll:COREDLL.dll
 0001:0001274c       StringCchCopyNW            1001374c f   coredll:COREDLL.dll
 0001:0001275c       DDKReg_GetIsrInfo          1001375c f   coredll:COREDLL.dll
 0001:0001276c       DDKReg_GetWindowInfo       1001376c f   coredll:COREDLL.dll
 0001:0001277c       StallExecution             1001377c f   ceddk:CEDDK.dll
 0001:0001278c       MmUnmapIoSpace             1001378c f   ceddk:CEDDK.dll
 0001:0001279c       MmMapIoSpace               1001379c f   ceddk:CEDDK.dll
 0001:000127ac       BusTransBusAddrToVirtual   100137ac f   ceddk:CEDDK.dll
 0001:000127bc       HalFreeCommonBuffer        100137bc f   ceddk:CEDDK.dll
 0001:000127cc       HalAllocateCommonBuffer    100137cc f   ceddk:CEDDK.dll
 0001:000127dc       CloseBusAccessHandle       100137dc f   ceddk:CEDDK.dll
 0001:000127ec       CreateBusAccessHandle      100137ec f   ceddk:CEDDK.dll
 0001:000127fc       DDKGpioWriteDataPin        100137fc f   cspddk:CSPDDK.dll
 0001:0001280c       DDKGpioEnableDataPin       1001380c f   cspddk:CSPDDK.dll
 0001:0001281c       DDKIomuxSetPinMux          1001381c f   cspddk:CSPDDK.dll
 0001:0001282c       DDKClockSetGatingMode      1001382c f   cspddk:CSPDDK.dll
 0001:0001283c       DDKClockGetGatingMode      1001383c f   cspddk:CSPDDK.dll
 0001:00012950       _DllMainCRTStartup         10013950 f   corelib0:pegdmain.obj
 0001:00012980       __GSHandlerCheckCommon     10013980 f   corelib0:gshandler.obj
 0001:000129bc       __GSHandlerCheck           100139bc f   corelib0:gshandler.obj
 0001:000129e0       __security_init_cookie     100139e0 f   corelib0:seccinit.obj
 0001:00012a3c       __security_check_cookie    10013a3c f   corelib0:armsecgs.obj
 0001:00012a50       __gsfailure                10013a50 f   corelib0:armsecgs.obj
 0001:00012b5c       _cexit                     10013b5c f   corelib0:cexit.obj
 0001:00012b78       _initterm                  10013b78 f   corelib0:crt0dat.obj
 0001:00012bac       _cinit                     10013bac f   corelib0:crt0dat.obj
 0001:00012be0       ??3@YAXPAX@Z               10013be0 f   corelib1:COREDLL.dll
 0001:00012bf0       ??2@YAPAXI@Z               10013bf0 f   corelib1:COREDLL.dll
 0001:00012c00       _purecall                  10013c00 f   corelib1:COREDLL.dll
 0001:00012c10       memset                     10013c10 f   corelib1:COREDLL.dll
 0001:00012c20       memcpy                     10013c20 f   corelib1:COREDLL.dll
 0001:00012c30       wcslen                     10013c30 f   corelib1:COREDLL.dll
 0001:00012c40       memcmp                     10013c40 f   corelib1:COREDLL.dll
 0001:00012c50       __C_specific_handler       10013c50 f   corelib1:COREDLL.dll
 0001:00012c60       __rt_sdiv                  10013c60 f   corelib1:COREDLL.dll
 0001:00012c70       __rt_udiv                  10013c70 f   corelib1:COREDLL.dll
 0001:00012c80       free                       10013c80 f   corelib1:COREDLL.dll
 0001:00012c90       malloc                     10013c90 f   corelib1:COREDLL.dll
 0001:00012ca0       _XcptFilter                10013ca0 f   corelib1:COREDLL.dll
 0001:00012cb0       __security_gen_cookie2     10013cb0 f   corelib1:COREDLL.dll
 0001:00012cc0       __report_gsfailure         10013cc0 f   corelib1:COREDLL.dll
 0001:00012cd0       TerminateProcess           10013cd0 f   coredll:COREDLL.dll
 0001:00012e64       __IMPORT_DESCRIPTOR_COREDLL 10013e64     coredll:COREDLL.dll
 0001:00012e78       __IMPORT_DESCRIPTOR_CEDDK  10013e78     ceddk:CEDDK.dll
 0001:00012e8c       __IMPORT_DESCRIPTOR_CSPDDK 10013e8c     cspddk:CSPDDK.dll
 0001:00012ea0       __NULL_IMPORT_DESCRIPTOR   10013ea0     coredll:COREDLL.dll
 0002:00000000       __imp_CloseBusAccessHandle 10015000     ceddk:CEDDK.dll
 0002:00000004       __imp_HalAllocateCommonBuffer 10015004     ceddk:CEDDK.dll
 0002:00000008       __imp_HalFreeCommonBuffer  10015008     ceddk:CEDDK.dll
 0002:0000000c       __imp_BusTransBusAddrToVirtual 1001500c     ceddk:CEDDK.dll
 0002:00000010       __imp_MmMapIoSpace         10015010     ceddk:CEDDK.dll
 0002:00000014       __imp_MmUnmapIoSpace       10015014     ceddk:CEDDK.dll
 0002:00000018       __imp_StallExecution       10015018     ceddk:CEDDK.dll
 0002:0000001c       __imp_CreateBusAccessHandle 1001501c     ceddk:CEDDK.dll
 0002:00000020       \177CEDDK_NULL_THUNK_DATA  10015020     ceddk:CEDDK.dll
 0002:00000024       __imp_CreateFileMappingW   10015024     coredll:COREDLL.dll
 0002:00000028       __imp_CloseHandle          10015028     coredll:COREDLL.dll
 0002:0000002c       __imp_CreateEventW         1001502c     coredll:COREDLL.dll
 0002:00000030       __imp_DeleteCriticalSection 10015030     coredll:COREDLL.dll
 0002:00000034       __imp_InitializeCriticalSection 10015034     coredll:COREDLL.dll
 0002:00000038       __imp_DisableThreadLibraryCalls 10015038     coredll:COREDLL.dll
 0002:0000003c       __imp_RegCloseKey          1001503c     coredll:COREDLL.dll
 0002:00000040       __imp_RegQueryValueExW     10015040     coredll:COREDLL.dll
 0002:00000044       __imp_OpenDeviceKey        10015044     coredll:COREDLL.dll
 0002:00000048       __imp_LeaveCriticalSection 10015048     coredll:COREDLL.dll
 0002:0000004c       __imp_EnterCriticalSection 1001504c     coredll:COREDLL.dll
 0002:00000050       __imp_RegOpenKeyExW        10015050     coredll:COREDLL.dll
 0002:00000054       __imp_LocalAlloc           10015054     coredll:COREDLL.dll
 0002:00000058       __imp_LocalFree            10015058     coredll:COREDLL.dll
 0002:0000005c       __imp_FreePhysMem          1001505c     coredll:COREDLL.dll
 0002:00000060       __imp_AllocPhysMem         10015060     coredll:COREDLL.dll
 0002:00000064       __imp_SetLastError         10015064     coredll:COREDLL.dll
 0002:00000068       __imp_FreeLibrary          10015068     coredll:COREDLL.dll
 0002:0000006c       __imp_GetProcAddressW      1001506c     coredll:COREDLL.dll
 0002:00000070       __imp_GetLastError         10015070     coredll:COREDLL.dll
 0002:00000074       __imp_LoadDriver           10015074     coredll:COREDLL.dll
 0002:00000078       __imp_StringCchCatW        10015078     coredll:COREDLL.dll
 0002:0000007c       __imp_CeGetThreadPriority  1001507c     coredll:COREDLL.dll
 0002:00000080       __imp_CeSetThreadPriority  10015080     coredll:COREDLL.dll
 0002:00000084       __imp_CreateThread         10015084     coredll:COREDLL.dll
 0002:00000088       __imp___GetUserKData       10015088     coredll:COREDLL.dll
 0002:0000008c       __imp_GetTickCount         1001508c     coredll:COREDLL.dll
 0002:00000090       __imp_RaiseException       10015090     coredll:COREDLL.dll
 0002:00000094       __imp_WaitForMultipleObjects 10015094     coredll:COREDLL.dll
 0002:00000098       __imp_SetInterruptEvent    10015098     coredll:COREDLL.dll
 0002:0000009c       __imp_TerminateThread      1001509c     coredll:COREDLL.dll
 0002:000000a0       __imp_InterruptDisable     100150a0     coredll:COREDLL.dll
 0002:000000a4       __imp_InterruptInitialize  100150a4     coredll:COREDLL.dll
 0002:000000a8       __imp_InterruptDone        100150a8     coredll:COREDLL.dll
 0002:000000ac       __imp_ExitThread           100150ac     coredll:COREDLL.dll
 0002:000000b0       __imp_FreeIntChainHandler  100150b0     coredll:COREDLL.dll
 0002:000000b4       __imp_StringCchCopyNW      100150b4     coredll:COREDLL.dll
 0002:000000b8       __imp_DDKReg_GetIsrInfo    100150b8     coredll:COREDLL.dll
 0002:000000bc       __imp_DDKReg_GetWindowInfo 100150bc     coredll:COREDLL.dll
 0002:000000c0       __imp_MapViewOfFile        100150c0     coredll:COREDLL.dll
 0002:000000c4       __imp_InterlockedCompareExchange 100150c4     coredll:COREDLL.dll
 0002:000000c8       __imp_NKDbgPrintfW         100150c8     coredll:COREDLL.dll
 0002:000000cc       __imp_WaitForSingleObject  100150cc     coredll:COREDLL.dll
 0002:000000d0       __imp_EventModify          100150d0     coredll:COREDLL.dll
 0002:000000d4       __imp_StringCchCopyW       100150d4     coredll:COREDLL.dll
 0002:000000d8       __imp_Sleep                100150d8     coredll:COREDLL.dll
 0002:000000dc       __imp_LoadLibraryW         100150dc     coredll:COREDLL.dll
 0002:000000e0       __imp_KernelIoControl      100150e0     coredll:COREDLL.dll
 0002:000000e4       __imp___report_gsfailure   100150e4     corelib1:COREDLL.dll
 0002:000000e8       __imp___security_gen_cookie2 100150e8     corelib1:COREDLL.dll
 0002:000000ec       __imp__XcptFilter          100150ec     corelib1:COREDLL.dll
 0002:000000f0       __imp_malloc               100150f0     corelib1:COREDLL.dll
 0002:000000f4       __imp_??3@YAXPAX@Z         100150f4     corelib1:COREDLL.dll
 0002:000000f8       __imp_??2@YAPAXI@Z         100150f8     corelib1:COREDLL.dll
 0002:000000fc       __imp__purecall            100150fc     corelib1:COREDLL.dll
 0002:00000100       __imp_memset               10015100     corelib1:COREDLL.dll
 0002:00000104       __imp_memcpy               10015104     corelib1:COREDLL.dll
 0002:00000108       __imp_wcslen               10015108     corelib1:COREDLL.dll
 0002:0000010c       __imp_memcmp               1001510c     corelib1:COREDLL.dll
 0002:00000110       __imp___C_specific_handler 10015110     corelib1:COREDLL.dll
 0002:00000114       __imp___rt_sdiv            10015114     corelib1:COREDLL.dll
 0002:00000118       __imp___rt_udiv            10015118     corelib1:COREDLL.dll
 0002:0000011c       __imp_free                 1001511c     corelib1:COREDLL.dll
 0002:00000120       __imp_TerminateProcess     10015120     coredll:COREDLL.dll
 0002:00000124       \177COREDLL_NULL_THUNK_DATA 10015124     coredll:COREDLL.dll
 0002:00000128       __imp_DDKClockSetGatingMode 10015128     cspddk:CSPDDK.dll
 0002:0000012c       __imp_DDKIomuxSetPinMux    1001512c     cspddk:CSPDDK.dll
 0002:00000130       __imp_DDKGpioEnableDataPin 10015130     cspddk:CSPDDK.dll
 0002:00000134       __imp_DDKGpioWriteDataPin  10015134     cspddk:CSPDDK.dll
 0002:00000138       __imp_DDKClockGetGatingMode 10015138     cspddk:CSPDDK.dll
 0002:0000013c       \177CSPDDK_NULL_THUNK_DATA 1001513c     cspddk:CSPDDK.dll
 0002:00000140       ?gc_HcdFuncs@@3U_HCD_FUNCS@@A 10015140     usbh_usb2com_common_fsl_v2_pdk1_9:hcddrv.obj
 0002:00000178       ?cszPipeType@?1??GetPipeType@CInterruptPipe@@UBAPBGXZ@4PBGB 10015178     usbh_ehcdmdd_common_fsl_v2_pdk1_9:cpipe.obj
 0002:0000017c       ?cszPipeType@?1??GetPipeType@CIsochronousPipe@@UBAPBGXZ@4PBGB 1001517c     usbh_ehcdmdd_common_fsl_v2_pdk1_9:cpipe.obj
 0002:00000180       ?CMASKS@USB2lib@@0PAEA     10015180     usbh_ehcdmdd_common_fsl_v2_pdk1_9:usb2lib.obj
 0002:00000188       ?periodTable@CPeriodicMgr@@0PAU_PERIOD_TABLE@@A 10015188     usbh_ehcdmdd_common_fsl_v2_pdk1_9:chw.obj
 0002:00000248       ?cszPipeType@?1??GetPipeType@CDummyPipe@@MBAPBGXZ@4PBGB 10015248     usbh_ehcdmdd_common_fsl_v2_pdk1_9:chw.obj
 0002:0000024c       __security_cookie          1001524c     corelib0:seccinit.obj
 0002:00000250       __security_cookie_complement 10015250     corelib0:seccinit.obj
 0002:00000260       m_hUSBClockGatingHandle    10015260     i_usbclock.obj
 0002:00000264       pUSBClkGating              10015264     i_usbclock.obj
 0002:00000270       g_IstThreadPriority        10015270     usbh_usb2com_common_fsl_v2_pdk1_9:hcddrv.obj
 0002:00000274       ?g_CSection@@3UCRITICAL_SECTION@@A 10015274     usbh_usb2com_common_fsl_v2_pdk1_9:hcddrv.obj
 0002:00000288       g_dwContext                10015288     usbh_usb2com_common_fsl_v2_pdk1_9:hcddrv.obj
 0002:0000028c       ?ghDetach@@3PAXA           1001528c     usbh_usb2com_common_fsl_v2_pdk1_9:cdevice.obj
 0002:00000294       ?m_dwGlobalTransferID@CTransfer@@1KA 10015294     usbh_ehcdmdd_common_fsl_v2_pdk1_9:trans.obj
 0002:00000298       _exitflag                  10015298     corelib0:cexit.obj
 0002:0000029a       gSel                       1001529a     <common>
 0002:000002a0       gszOTGGroup                100152a0     <common>
 0002:000002dc       gRegs                      100152dc     <common>
 0002:000002e0       gdwOTGSupport              100152e0     <common>
 0002:000002e4       __onexitend                100152e4     <common>
 0002:000002e8       __onexitbegin              100152e8     <common>
 0002:000002ec       _pRawDllMain               100152ec     <common>

 entry point at        0001:00012950

 Static symbols

 0001:000013e4       ConfigEHCI                 100023e4 f   i_hwinit.obj
 0001:000016d0       USBClockSet                100026d0 f   i_usbclock.obj
 0001:00011e64       InitializeEHCI             10012e64 f   usbh_ehcdpdd_common_fsl_v2_pdk1_9:system.obj
 0001:00012854       _DllMainCRTStartupHelper   10013854 f   corelib0:pegdmain.obj
 0001:00012a94       doexit                     10013a94 f   corelib0:cexit.obj
