 nanddisk

 Timestamp is 4f86a0d5 (Thu Apr 12 17:31:01 2012)

 Preferred load address is 10000000

 Start         Length     Name                   Class
 0001:00000000 00000004H .CRT$XCA                CODE
 0001:00000004 00000004H .CRT$XCZ                CODE
 0001:00000008 00000004H .CRT$XIA                CODE
 0001:0000000c 00000004H .CRT$XIZ                CODE
 0001:00000010 00000004H .CRT$XPA                CODE
 0001:00000014 00000004H .CRT$XPZ                CODE
 0001:00000018 00000004H .CRT$XTA                CODE
 0001:0000001c 00000004H .CRT$XTZ                CODE
 0001:00000020 00000816H .rdata                  CODE
 0001:00000838 00000025H .rdata$debug            CODE
 0001:00000860 00001634H .text                   CODE
 0001:00001e94 00000040H .xdata                  CODE
 0001:00001ed4 00000014H .idata$2                CODE
 0001:00001ee8 00000014H .idata$3                CODE
 0001:00001efc 00000074H .idata$4                CODE
 0001:00001f70 0000000cH .idata$6                CODE
 0001:00001f80 00000104H .edata                  CODE
 0002:00000000 00000074H .idata$5                DATA
 0002:00000074 00000008H .data                   DATA
 0002:00000080 00002840H .bss                    DATA
 0003:00000000 00000108H .pdata                  DATA

  Address         Publics by Value              Rva+Base       Lib:Object

 0000:00000000       ___safe_se_handler_count   00000000     <absolute>
 0000:00000000       ___safe_se_handler_table   00000000     <absolute>
 0001:00000000       __xc_a                     10001000     corelib0:crt0init.obj
 0001:00000004       __xc_z                     10001004     corelib0:crt0init.obj
 0001:00000008       __xi_a                     10001008     corelib0:crt0init.obj
 0001:0000000c       __xi_z                     1000100c     corelib0:crt0init.obj
 0001:00000010       __xp_a                     10001010     corelib0:crt0init.obj
 0001:00000014       __xp_z                     10001014     corelib0:crt0init.obj
 0001:00000018       __xt_a                     10001018     corelib0:crt0init.obj
 0001:0000001c       __xt_z                     1000101c     corelib0:crt0init.obj
 0001:00000190       ??_C@_1DK@FCEOHMPH@?$AAB?$AAl?$AAo?$AAc?$AAk?$AA?5?$AA0?$AAx?$AA?$CF?$AAx?$AA?5?$AAs?$AAt?$AAa?$AAt?$AAu?$AAs?$AA?5?$AAi?$AAs?$AA?5?$AA0?$AAx?$AA?$CF?$AAx?$AA?4?$AA?$AN?$AA?6?$AA?$AA@ 10001190     system.obj
 0001:000001d0       ??_C@_1FO@FNGEIPNE@?$AAN?$AAA?$AAN?$AAD?$AA_?$AAG?$AAe?$AAt?$AAB?$AAl?$AAo?$AAc?$AAk?$AAS?$AAt?$AAa?$AAt?$AAu?$AAs?$AA?$CI?$AA?$CJ?$AA?3?$AA?3?$AAg?$AA_?$AAp?$AAF?$AAl?$AAa?$AAs?$AAh?$AAI@ 100011d0     system.obj
 0001:00000230       ??_C@_1EI@LLPPBECF@?$AAN?$AAA?$AAN?$AAD?$AAD?$AAi?$AAs?$AAk?$AA?3?$AA?5?$AAg?$AA_?$AAd?$AAw?$AAA?$AAc?$AAt?$AAu?$AAa?$AAl?$AAN?$AAu?$AAm?$AAB?$AAl?$AAo?$AAc?$AAk?$AA?5?$AA?$DN?$AA?5?$AA?$CF@ 10001230     system.obj
 0001:00000278       ??_C@_1HK@NPFFBKEC@?$AAN?$AAA?$AAN?$AAD?$AAD?$AAi?$AAs?$AAk?$AA?3?$AA?5?$AAR?$AAe?$AAg?$AAi?$AAs?$AAt?$AAr?$AAy?$AA?5?$AAb?$AAl?$AAo?$AAc?$AAk?$AA?5?$AAs?$AAt?$AAa?$AAt?$AAu?$AAs?$AA?5@ 10001278     system.obj
 0001:000002f8       ??_C@_1LA@JPDFKNEJ@?$AAN?$AAA?$AAN?$AAD?$AAD?$AAi?$AAs?$AAk?$AA?3?$AA?3?$AAM?$AAB?$AAR?$AA?5?$AA?$DN?$AA?$DO?$AA?5?$AAd?$AA_?$AAS?$AAt?$AAa?$AAr?$AAt?$AAB?$AAl?$AAo?$AAc?$AAk?$AA?5?$AA?$DN?$AA?5@ 100012f8     system.obj
 0001:000003a8       ??_C@_1EA@FENMNPGP@?$AAN?$AAA?$AAN?$AAD?$AAD?$AAi?$AAs?$AAk?$AA?3?$AA?5?$AAF?$AAa?$AAi?$AAl?$AAe?$AAd?$AA?5?$AAt?$AAo?$AA?5?$AAf?$AAi?$AAn?$AAd?$AA?5?$AAM?$AAB?$AAR?$AA?4?$AA?$AN?$AA?6?$AA?$AA@ 100013a8     system.obj
 0001:000003e8       ??_C@_17KACEIPNC@?$AAK?$AAe?$AAy?$AA?$AA@ 100013e8     system.obj
 0001:000003f0       ??_C@_1BA@OKEJPPOI@?$AAP?$AAr?$AAo?$AAf?$AAi?$AAl?$AAe?$AA?$AA@ 100013f0     system.obj
 0001:00000400       ??_C@_1BA@GHOECOCL@?$AAD?$AAe?$AAf?$AAa?$AAu?$AAl?$AAt?$AA?$AA@ 10001400     system.obj
 0001:00000410       ??_C@_1O@MLIMHFEH@?$AAF?$AAo?$AAl?$AAd?$AAe?$AAr?$AA?$AA@ 10001410     system.obj
 0001:00000420       ??_C@_1GO@JFPLONJB@?$AAN?$AAA?$AAN?$AAD?$AAD?$AAI?$AAS?$AAK?$AA?3?$AAD?$AAo?$AAD?$AAi?$AAs?$AAk?$AAI?$AAO?$AA?5?$AA?9?$AA?5?$AAc?$AAa?$AAn?$AA?5?$AAn?$AAo?$AAt?$AA?5?$AAf?$AAi?$AAn?$AAd@ 10001420     system.obj
 0001:00000490       ??_C@_1EI@OBKNHKHK@?$AAN?$AAA?$AAN?$AAD?$AAD?$AAI?$AAS?$AAK?$AA?3?$AA?5?$AAD?$AAS?$AAK?$AA_?$AAI?$AAn?$AAi?$AAt?$AA?5?$AAr?$AAe?$AAt?$AAu?$AAr?$AAn?$AAi?$AAn?$AAg?$AA?5?$AA0?$AAx?$AA?$CF@ 10001490     system.obj
 0001:000004d8       ??_C@_1HM@PICKMALF@?$AAN?$AAA?$AAN?$AAD?$AAD?$AAI?$AAS?$AAK?$AA?3?$AA?5?$AAd?$AAi?$AA_?$AAt?$AAo?$AAt?$AAa?$AAl?$AA_?$AAs?$AAe?$AAc?$AAt?$AAo?$AAr?$AAs?$AA?5?$AA?$DN?$AA?5?$AA0?$AAx?$AA?$CF@ 100014d8     system.obj
 0001:00000558       ??_C@_1FK@KIJIDJDI@?$AAN?$AAA?$AAN?$AAD?$AAD?$AAI?$AAS?$AAK?$AA?3?$AA?5?$AAG?$AAe?$AAt?$AAN?$AAa?$AAn?$AAd?$AAD?$AAi?$AAs?$AAk?$AAI?$AAn?$AAf?$AAo?$AA?$CI?$AAp?$AAD?$AAi?$AAs?$AAk?$AA?$CJ@ 10001558     system.obj
 0001:000005b8       ??_C@_1FA@IEGHMNCG@?$AAN?$AAA?$AAN?$AAD?$AAD?$AAI?$AAS?$AAK?$AA?3?$AA?5?$AAL?$AAo?$AAc?$AAa?$AAl?$AAA?$AAl?$AAl?$AAo?$AAc?$AA?$CI?$AAP?$AAD?$AAI?$AAS?$AAK?$AA?$CJ?$AA?5?$AAf?$AAa?$AAi?$AAl@ 100015b8     system.obj
 0001:00000608       ??_C@_1FA@NOGMPEMC@?$AAN?$AAA?$AAN?$AAD?$AAD?$AAI?$AAS?$AAK?$AA?3?$AAG?$AAe?$AAt?$AA?5?$AAN?$AAa?$AAn?$AAd?$AAF?$AAl?$AAa?$AAs?$AAh?$AA?5?$AAI?$AAn?$AAf?$AAo?$AA?5?$AAF?$AAa?$AAi?$AAl@ 10001608     system.obj
 0001:00000658       ??_C@_1FI@MAKHMMP@?$AAN?$AAA?$AAN?$AAD?$AAD?$AAI?$AAS?$AAK?$AA?3?$AAL?$AAo?$AAc?$AAa?$AAl?$AAA?$AAl?$AAl?$AAo?$AAc?$AA?$CI?$AAF?$AAl?$AAa?$AAs?$AAh?$AAI?$AAn?$AAf?$AAo?$AA?$CJ?$AA?5?$AAF@ 10001658     system.obj
 0001:000006b0       ??_C@_1IM@CAPFBFPI@?$AAN?$AAA?$AAN?$AAD?$AAD?$AAI?$AAS?$AAK?$AA?3?$AAI?$AAO?$AAC?$AAT?$AAL?$AA_?$AAH?$AAA?$AAL?$AA_?$AAN?$AAA?$AAN?$AAD?$AAF?$AAM?$AAD?$AA_?$AAA?$AAC?$AAC?$AAE?$AAS@ 100016b0     system.obj
 0001:0000073c       ??_C@_1DK@KCKOEAAG@?$AAN?$AAA?$AAN?$AAD?$AAD?$AAI?$AAS?$AAK?$AA?3?$AA?5?$AAD?$AAS?$AAK?$AA_?$AAI?$AAn?$AAi?$AAt?$AA?5?$AAe?$AAn?$AAt?$AAe?$AAr?$AAe?$AAd?$AA?$AN?$AA?6?$AA?$AA@ 1000173c     system.obj
 0001:00000778       ??_C@_1GE@KPEKBELO@?$AAN?$AAA?$AAN?$AAD?$AAD?$AAI?$AAS?$AAK?$AA?3?$AA?5?$AAD?$AAS?$AAK?$AA_?$AAO?$AAp?$AAe?$AAn?$AA?5?$AA?9?$AA?5?$AAP?$AAa?$AAs?$AAs?$AAe?$AAd?$AA?5?$AAi?$AAn?$AAv?$AAa@ 10001778     system.obj
 0001:000007e0       ??_C@_1FG@PDGDEKE@?$AAN?$AAa?$AAn?$AAd?$AAD?$AAi?$AAs?$AAk?$AA?9?$AA?$DO?$AAD?$AAS?$AAK?$AA_?$AAI?$AAO?$AAC?$AAo?$AAn?$AAt?$AAr?$AAo?$AAl?$AA?5?$AA?$CI?$AAG?$AAe?$AAt?$AAS?$AAe?$AAc?$AAt@ 100017e0     system.obj
 0001:00000918       GetNextGoodBlock           10001918 f   system.obj
 0001:0000096c       GetPhyBlkAddr              1000196c f   system.obj
 0001:00000d18       GetDeviceInfo              10001d18 f   system.obj
 0001:000011e4       DSK_Init                   100021e4 f   system.obj
 0001:000014bc       DSK_Close                  100024bc f   system.obj
 0001:000014dc       DSK_Deinit                 100024dc f   system.obj
 0001:000015ac       DSK_Open                   100025ac f   system.obj
 0001:000015dc       DSK_IOControl              100025dc f   system.obj
 0001:00001908       DSK_Read                   10002908 f   system.obj
 0001:00001910       DSK_Write                  10002910 f   system.obj
 0001:00001918       DSK_Seek                   10002918 f   system.obj
 0001:00001920       DSK_PowerUp                10002920 f   system.obj
 0001:00001924       DSK_PowerDown              10002924 f   system.obj
 0001:00001928       KernelIoControl            10002928 f   coredll:COREDLL.dll
 0001:00001938       NKDbgPrintfW               10002938 f   coredll:COREDLL.dll
 0001:00001948       LeaveCriticalSection       10002948 f   coredll:COREDLL.dll
 0001:00001958       EnterCriticalSection       10002958 f   coredll:COREDLL.dll
 0001:00001968       InitializeCriticalSection  10002968 f   coredll:COREDLL.dll
 0001:00001978       LocalAlloc                 10002978 f   coredll:COREDLL.dll
 0001:00001988       RegCloseKey                10002988 f   coredll:COREDLL.dll
 0001:00001998       RegQueryValueExW           10002998 f   coredll:COREDLL.dll
 0001:000019a8       RegOpenKeyExW              100029a8 f   coredll:COREDLL.dll
 0001:000019b8       SetLastError               100029b8 f   coredll:COREDLL.dll
 0001:000019c8       LocalFree                  100029c8 f   coredll:COREDLL.dll
 0001:000019d8       DeleteCriticalSection      100029d8 f   coredll:COREDLL.dll
 0001:000019e8       Sleep                      100029e8 f   coredll:COREDLL.dll
 0001:000019f8       CeCloseCallerBuffer        100029f8 f   coredll:COREDLL.dll
 0001:00001a08       CeOpenCallerBuffer         10002a08 f   coredll:COREDLL.dll
 0001:00001a18       DisableThreadLibraryCalls  10002a18 f   coredll:COREDLL.dll
 0001:00001a28       GetLastError               10002a28 f   coredll:COREDLL.dll
 0001:00001a38       DllMain                    10002a38 f   corelib0:dllmain.obj
 0001:00001b54       _DllMainCRTStartup         10002b54 f   corelib0:pegdmain.obj
 0001:00001b84       __GSHandlerCheckCommon     10002b84 f   corelib0:gshandler.obj
 0001:00001bc0       __GSHandlerCheck           10002bc0 f   corelib0:gshandler.obj
 0001:00001be4       __security_init_cookie     10002be4 f   corelib0:seccinit.obj
 0001:00001c40       __security_check_cookie    10002c40 f   corelib0:armsecgs.obj
 0001:00001c54       __gsfailure                10002c54 f   corelib0:armsecgs.obj
 0001:00001d60       _cexit                     10002d60 f   corelib0:cexit.obj
 0001:00001d7c       _initterm                  10002d7c f   corelib0:crt0dat.obj
 0001:00001db0       _cinit                     10002db0 f   corelib0:crt0dat.obj
 0001:00001de4       __rt_udiv                  10002de4 f   corelib1:COREDLL.dll
 0001:00001df4       memcpy                     10002df4 f   corelib1:COREDLL.dll
 0001:00001e04       __C_specific_handler       10002e04 f   corelib1:COREDLL.dll
 0001:00001e14       wcsncpy                    10002e14 f   corelib1:COREDLL.dll
 0001:00001e24       wcscpy                     10002e24 f   corelib1:COREDLL.dll
 0001:00001e34       wcslen                     10002e34 f   corelib1:COREDLL.dll
 0001:00001e44       _XcptFilter                10002e44 f   corelib1:COREDLL.dll
 0001:00001e54       __security_gen_cookie2     10002e54 f   corelib1:COREDLL.dll
 0001:00001e64       __report_gsfailure         10002e64 f   corelib1:COREDLL.dll
 0001:00001e74       free                       10002e74 f   corelib1:COREDLL.dll
 0001:00001e84       TerminateProcess           10002e84 f   coredll:COREDLL.dll
 0001:00001ed4       __IMPORT_DESCRIPTOR_COREDLL 10002ed4     coredll:COREDLL.dll
 0001:00001ee8       __NULL_IMPORT_DESCRIPTOR   10002ee8     coredll:COREDLL.dll
 0002:00000000       __imp_KernelIoControl      10004000     coredll:COREDLL.dll
 0002:00000004       __imp_NKDbgPrintfW         10004004     coredll:COREDLL.dll
 0002:00000008       __imp_LeaveCriticalSection 10004008     coredll:COREDLL.dll
 0002:0000000c       __imp_EnterCriticalSection 1000400c     coredll:COREDLL.dll
 0002:00000010       __imp_InitializeCriticalSection 10004010     coredll:COREDLL.dll
 0002:00000014       __imp_LocalAlloc           10004014     coredll:COREDLL.dll
 0002:00000018       __imp_RegCloseKey          10004018     coredll:COREDLL.dll
 0002:0000001c       __imp_RegQueryValueExW     1000401c     coredll:COREDLL.dll
 0002:00000020       __imp_RegOpenKeyExW        10004020     coredll:COREDLL.dll
 0002:00000024       __imp_SetLastError         10004024     coredll:COREDLL.dll
 0002:00000028       __imp_LocalFree            10004028     coredll:COREDLL.dll
 0002:0000002c       __imp_DeleteCriticalSection 1000402c     coredll:COREDLL.dll
 0002:00000030       __imp_Sleep                10004030     coredll:COREDLL.dll
 0002:00000034       __imp_CeCloseCallerBuffer  10004034     coredll:COREDLL.dll
 0002:00000038       __imp_CeOpenCallerBuffer   10004038     coredll:COREDLL.dll
 0002:0000003c       __imp_DisableThreadLibraryCalls 1000403c     coredll:COREDLL.dll
 0002:00000040       __imp_GetLastError         10004040     coredll:COREDLL.dll
 0002:00000044       __imp___rt_udiv            10004044     corelib1:COREDLL.dll
 0002:00000048       __imp_memcpy               10004048     corelib1:COREDLL.dll
 0002:0000004c       __imp___C_specific_handler 1000404c     corelib1:COREDLL.dll
 0002:00000050       __imp_wcsncpy              10004050     corelib1:COREDLL.dll
 0002:00000054       __imp_wcscpy               10004054     corelib1:COREDLL.dll
 0002:00000058       __imp_wcslen               10004058     corelib1:COREDLL.dll
 0002:0000005c       __imp__XcptFilter          1000405c     corelib1:COREDLL.dll
 0002:00000060       __imp___security_gen_cookie2 10004060     corelib1:COREDLL.dll
 0002:00000064       __imp___report_gsfailure   10004064     corelib1:COREDLL.dll
 0002:00000068       __imp_free                 10004068     corelib1:COREDLL.dll
 0002:0000006c       __imp_TerminateProcess     1000406c     coredll:COREDLL.dll
 0002:00000070       \177COREDLL_NULL_THUNK_DATA 10004070     coredll:COREDLL.dll
 0002:00000074       __security_cookie          10004074     corelib0:seccinit.obj
 0002:00000078       __security_cookie_complement 10004078     corelib0:seccinit.obj
 0002:00002888       _exitflag                  10006888     corelib0:cexit.obj
 0002:0000288c       v_DiskList                 1000688c     <common>
 0002:000028a0       v_DiskCrit                 100068a0     <common>
 0002:000028b4       __onexitend                100068b4     <common>
 0002:000028b8       __onexitbegin              100068b8     <common>
 0002:000028bc       _pRawDllMain               100068bc     <common>

 entry point at        0001:00001b54

 Static symbols

 0001:00000860       NAND_GetBlockStatus        10001860 f   system.obj
 0001:000009e0       IsValidMbr                 100019e0 f   system.obj
 0001:00000b18       GetNandDiskInfo            10001b18 f   system.obj
 0001:00000be0       IsValidDisk                10001be0 f   system.obj
 0001:00000c3c       OpenDriverKey              10001c3c f   system.obj
 0001:00000e04       DoDiskIO                   10001e04 f   system.obj
 0001:00001a58       _DllMainCRTStartupHelper   10002a58 f   corelib0:pegdmain.obj
 0001:00001c98       doexit                     10002c98 f   corelib0:cexit.obj
